******************************************************************************
             TMS320C2000 Linker PC v18.1.1                     
******************************************************************************
>> Linked Tue Mar 19 10:58:37 2019

OUTPUT FILE NAME:   <blink_cpu01.out>
ENTRY POINT SYMBOL: "_c_int00"  address: 00089bf9


MEMORY CONFIGURATION

         name            origin    length      used     unused   attr    fill
----------------------  --------  ---------  --------  --------  ----  --------
PAGE 0:
  D01SARAM              0000b000   00001000  00000027  00000fd9  RWIX
  BEGIN                 00080000   00000002  00000002  00000000  RWIX
  FLASHA                00080002   00001ffe  00001f70  0000008e  RWIX
  FLASHB                00082000   00002000  00000444  00001bbc  RWIX
  FLASHC                00084000   00002000  00000000  00002000  RWIX
  FLASHD                00086000   00002000  00000000  00002000  RWIX
  FLASHE                00088000   00008000  00002e39  000051c7  RWIX
  FLASHF                00090000   00008000  00000000  00008000  RWIX
  FLASHG                00098000   00008000  00000000  00008000  RWIX
  FLASHH                000a0000   00008000  00000000  00008000  RWIX
  FLASHI                000a8000   00008000  00000000  00008000  RWIX
  FLASHJ                000b0000   00008000  00000000  00008000  RWIX
  FLASHK                000b8000   00002000  00000000  00002000  RWIX
  FLASHL                000ba000   00002000  00000000  00002000  RWIX
  FLASHM                000bc000   00002000  00000000  00002000  RWIX
  FLASHN                000be000   00002000  00000000  00002000  RWIX
  RESET                 003fffc0   00000002  00000000  00000002  RWIX

PAGE 1:
  BOOT_RSVD             00000002   00000120  00000000  00000120  RWIX
  M1SARAM               00000400   00000400  00000400  00000000  RWIX
  ADCA_RESULT           00000b00   00000020  00000018  00000008  RWIX
  ADCB_RESULT           00000b20   00000020  00000018  00000008  RWIX
  ADCC_RESULT           00000b40   00000020  00000018  00000008  RWIX
  ADCD_RESULT           00000b60   00000020  00000018  00000008  RWIX
  CPU_TIMER0            00000c00   00000008  00000008  00000000  RWIX
  CPU_TIMER1            00000c08   00000008  00000008  00000000  RWIX
  CPU_TIMER2            00000c10   00000008  00000008  00000000  RWIX
  PIE_CTRL              00000ce0   00000020  0000001a  00000006  RWIX
  DMA                   00001000   00000200  000000e0  00000120  RWIX
  CLA1                  00001400   00000040  00000040  00000000  RWIX
  EPWM1                 00004000   00000100  00000100  00000000  RWIX
  EPWM2                 00004100   00000100  00000100  00000000  RWIX
  EPWM3                 00004200   00000100  00000100  00000000  RWIX
  EPWM4                 00004300   00000100  00000100  00000000  RWIX
  EPWM5                 00004400   00000100  00000100  00000000  RWIX
  EPWM6                 00004500   00000100  00000100  00000000  RWIX
  EPWM7                 00004600   00000100  00000100  00000000  RWIX
  EPWM8                 00004700   00000100  00000100  00000000  RWIX
  EPWM9                 00004800   00000100  00000100  00000000  RWIX
  EPWM10                00004900   00000100  00000100  00000000  RWIX
  EPWM11                00004a00   00000100  00000100  00000000  RWIX
  EPWM12                00004b00   00000100  00000100  00000000  RWIX
  ECAP1                 00005000   00000020  00000020  00000000  RWIX
  ECAP2                 00005020   00000020  00000020  00000000  RWIX
  ECAP3                 00005040   00000020  00000020  00000000  RWIX
  ECAP4                 00005060   00000020  00000020  00000000  RWIX
  ECAP5                 00005080   00000020  00000020  00000000  RWIX
  ECAP6                 000050a0   00000020  00000020  00000000  RWIX
  EQEP1                 00005100   00000040  00000022  0000001e  RWIX
  EQEP2                 00005140   00000040  00000022  0000001e  RWIX
  EQEP3                 00005180   00000040  00000022  0000001e  RWIX
  DACA                  00005c00   00000010  00000008  00000008  RWIX
  DACB                  00005c10   00000010  00000008  00000008  RWIX
  DACC                  00005c20   00000010  00000008  00000008  RWIX
  CMPSS1                00005c80   00000020  00000020  00000000  RWIX
  CMPSS2                00005ca0   00000020  00000020  00000000  RWIX
  CMPSS3                00005cc0   00000020  00000020  00000000  RWIX
  CMPSS4                00005ce0   00000020  00000020  00000000  RWIX
  CMPSS5                00005d00   00000020  00000020  00000000  RWIX
  CMPSS6                00005d20   00000020  00000020  00000000  RWIX
  CMPSS7                00005d40   00000020  00000020  00000000  RWIX
  CMPSS8                00005d60   00000020  00000020  00000000  RWIX
  SDFM1                 00005e00   00000080  00000080  00000000  RWIX
  SDFM2                 00005e80   00000080  00000080  00000000  RWIX
  MCBSPA                00006000   00000040  00000024  0000001c  RWIX
  MCBSPB                00006040   00000040  00000024  0000001c  RWIX
  SPIA                  00006100   00000010  00000010  00000000  RWIX
  SPIB                  00006110   00000010  00000010  00000000  RWIX
  SPIC                  00006120   00000010  00000010  00000000  RWIX
  SPID                  00006130   00000010  00000010  00000000  RWIX
  UPP                   00006200   00000100  00000048  000000b8  RWIX
  WD                    00007000   00000040  0000002b  00000015  RWIX
  NMIINTRUPT            00007060   00000010  00000007  00000009  RWIX
  XINT                  00007070   00000010  0000000b  00000005  RWIX
  SCIA                  00007200   00000010  00000010  00000000  RWIX
  SCIB                  00007210   00000010  00000010  00000000  RWIX
  SCIC                  00007220   00000010  00000010  00000000  RWIX
  SCID                  00007230   00000010  00000010  00000000  RWIX
  I2CA                  00007300   00000040  00000022  0000001e  RWIX
  I2CB                  00007340   00000040  00000022  0000001e  RWIX
  ADCA                  00007400   00000080  00000080  00000000  RWIX
  ADCB                  00007480   00000080  00000080  00000000  RWIX
  ADCC                  00007500   00000080  00000080  00000000  RWIX
  ADCD                  00007580   00000080  00000080  00000000  RWIX
  TRIG                  00007900   00000050  00000046  0000000a  RWIX
  DMACLASRCSEL          00007980   00000040  0000001a  00000026  RWIX
  EPWM_XBAR             00007a00   00000040  00000040  00000000  RWIX
  CLB_XBAR              00007a40   00000040  00000000  00000040  RWIX
  GPIO_OUT_XBAR         00007a80   00000040  00000040  00000000  RWIX
  GPIOCTRL              00007c00   00000180  00000180  00000000  RWIX
  GPIODAT               00007f00   00000030  00000030  00000000  RWIX
  LS05SARAM             00008000   00003000  00001a89  00001577  RWIX
  RAMGS0                0000c000   00001000  00000000  00001000  RWIX
  RAMGS1                0000d000   00001000  00000000  00001000  RWIX
  RAMGS2                0000e000   00001000  00000000  00001000  RWIX
  RAMGS3                0000f000   00001000  00000000  00001000  RWIX
  RAMGS4                00010000   00001000  00000000  00001000  RWIX
  RAMGS5                00011000   00001000  00000000  00001000  RWIX
  RAMGS6                00012000   00001000  00000000  00001000  RWIX
  RAMGS7                00013000   00001000  00000000  00001000  RWIX
  RAMGS8                00014000   00001000  00000000  00001000  RWIX
  RAMGS9                00015000   00001000  00000000  00001000  RWIX
  RAMGS10               00016000   00001000  00000000  00001000  RWIX
  RAMGS11               00017000   00001000  00000000  00001000  RWIX
  RAMGS12               00018000   00001000  00000000  00001000  RWIX
  RAMGS13               00019000   00001000  00000000  00001000  RWIX
  RAMGS14               0001a000   00001000  00000000  00001000  RWIX
  RAMGS15               0001b000   00001000  00000000  00001000  RWIX
  CPU2TOCPU1RAM         0003f800   00000400  00000000  00000400  RWIX
  CPU1TOCPU2RAM         0003fc00   00000400  00000000  00000400  RWIX
  EMIF1                 00047000   00000800  00000070  00000790  RWIX
  EMIF2                 00047800   00000800  00000070  00000790  RWIX
  DCANA                 00048000   00001000  00000200  00000e00  RWIX
  DCANB                 0004a000   00001000  00000200  00000e00  RWIX
  IPC                   00050000   00001000  00000026  00000fda  RWIX
  DEV_CFG               0005d000   00000180  0000012e  00000052  RWIX
  ANALOG_SUBSYS         0005d180   00000080  00000048  00000038  RWIX
  CLK_CFG               0005d200   00000100  00000032  000000ce  RWIX
  CPU_SYS               0005d300   00000100  00000082  0000007e  RWIX
  HWBIST                0005e000   00000100  000000a2  0000005e  RWIX
  PBIST                 0005e200   00000200  000001e6  0000001a  RWIX
  ROMPREFETCH           0005e608   00000002  00000002  00000000  RWIX
  DCSM_Z1               0005f000   00000030  00000024  0000000c  RWIX
  DCSM_Z2               0005f040   00000030  00000024  0000000c  RWIX
  DCSM_COMMON           0005f070   00000010  00000008  00000008  RWIX
  MEMCFG                0005f400   00000080  00000080  00000000  RWIX
  EMIF1CONFIG           0005f480   00000020  00000020  00000000  RWIX
  EMIF2CONFIG           0005f4a0   00000020  00000020  00000000  RWIX
  ACCESSPROTECTION      0005f4c0   00000040  00000040  00000000  RWIX
  MEMORYERROR           0005f500   00000040  00000040  00000000  RWIX
  ROMWAITSTATE          0005f540   00000002  00000002  00000000  RWIX
  FLASH_CTRL            0005f800   00000300  00000182  0000017e  RWIX
  FLASH_ECC             0005fb00   00000040  00000028  00000018  RWIX
  DCSM_OTP_Z1           00078800   00000020  0000001a  00000006  RWIX
  DCSM_OTP_Z2           00078900   00000020  0000001a  00000006  RWIX


SECTION ALLOCATION MAP

 output                                  attributes/
section   page    origin      length       input sections
--------  ----  ----------  ----------   ----------------
.text:ti_catalog_c2800_initF2837x_flashfuncs 
*          0    00080002    00000027     RUN ADDR = 0000b000
                  00080002    00000027     Boot.a28FP : Boot.o28FP (.text:ti_catalog_c2800_initF2837x_flashfuncs:_ti_catalog_c2800_initF2837x_Boot_initFlash)

xdc.meta   0    00000000    00000105     COPY SECTION
                  00000000    00000105     blink_cpu01_p28FP.o28FP (xdc.meta)

codestart 
*          0    00080000    00000002     
                  00080000    00000002     F2837xD_CodeStartBranch.obj (codestart)

ramfuncs   0    00080029    00000029     RUN ADDR = 00009940
                  00080029    00000025     F2837xD_SysCtrl.obj (ramfuncs)
                  0008004e    00000004     F2837xD_usDelay.obj (ramfuncs)

.econst    0    00080052    00001cfa     
                  00080052    00001777     blink_cpu01_p28FP.o28FP (.econst:xdc_runtime_Text_charTab__A)
                  000817c9    00000001     blink_cpu01_p28FP.o28FP (.econst:ti_sysbios_family_c28_Hwi_Module__id__C)
                  000817ca    000001c0     blink_cpu01_p28FP.o28FP (.econst:_ti_sysbios_family_c28_Hwi_vectors)
                  0008198a    0000008c     blink_cpu01_p28FP.o28FP (.econst:.string)
                  00081a16    00000058     ti.targets.rts2800.a28FP : Error.o28FP (.econst:.string)
                  00081a6e    0000004e     blink_cpu01_p28FP.o28FP (.econst:xdc_runtime_Text_nodeTab__A)
                  00081abc    00000043     ti.targets.rts2800.a28FP : Text.o28FP (.econst:.string)
                  00081aff    00000001     blink_cpu01_p28FP.o28FP (.econst:ti_sysbios_family_c28_Hwi_Module__loggerDefined__C)
                  00081b00    0000002a     ti.targets.rts2800.a28FP : Startup.o28FP (.econst:.string)
                  00081b2a    00000019                              : System.o28FP (.econst:.string)
                  00081b43    00000001     blink_cpu01_p28FP.o28FP (.econst:ti_sysbios_family_c28_Hwi_NUM_INTERRUPTS_ALL__C)
                  00081b44    00000014     blink_cpu01_p28FP.o28FP (.econst:ti_sysbios_heaps_HeapMem_Module__FXNS__C)
                  00081b58    00000012     blink_cpu01_p28FP.o28FP (.econst:ti_sysbios_gates_GateHwi_Module__FXNS__C)
                  00081b6a    00000012     blink_cpu01_p28FP.o28FP (.econst:ti_sysbios_gates_GateMutex_Module__FXNS__C)
                  00081b7c    00000012     blink_cpu01_p28FP.o28FP (.econst:ti_sysbios_heaps_HeapMem_Object__PARAMS__C)
                  00081b8e    00000010     blink_cpu01_p28FP.o28FP (.econst:ti_sysbios_gates_GateHwi_Object__DESC__C)
                  00081b9e    00000010     blink_cpu01_p28FP.o28FP (.econst:ti_sysbios_gates_GateMutex_Object__DESC__C)
                  00081bae    00000010     blink_cpu01_p28FP.o28FP (.econst:ti_sysbios_heaps_HeapMem_Object__DESC__C)
                  00081bbe    00000010     blink_cpu01_p28FP.o28FP (.econst:ti_sysbios_knl_Queue_Object__DESC__C)
                  00081bce    00000010     blink_cpu01_p28FP.o28FP (.econst:ti_sysbios_knl_Semaphore_Object__DESC__C)
                  00081bde    00000010     blink_cpu01_p28FP.o28FP (.econst:ti_sysbios_knl_Semaphore_Object__PARAMS__C)
                  00081bee    00000010     blink_cpu01_p28FP.o28FP (.econst:xdc_runtime_Startup_sfxnTab__A)
                  00081bfe    0000000c     blink_cpu01_p28FP.o28FP (.econst:ti_sysbios_gates_GateHwi_Object__PARAMS__C)
                  00081c0a    0000000c     blink_cpu01_p28FP.o28FP (.econst:ti_sysbios_gates_GateMutex_Object__PARAMS__C)
                  00081c16    0000000c     blink_cpu01_p28FP.o28FP (.econst:ti_sysbios_knl_Queue_Object__PARAMS__C)
                  00081c22    00000008     blink_cpu01_p28FP.o28FP (.econst:xdc_runtime_Startup_sfxnRts__A)
                  00081c2a    00000006     blink_cpu01_p28FP.o28FP (.econst:xdc_runtime_Startup_firstFxns__A)
                  00081c30    00000005     ti.targets.rts2800.a28FP : Assert.o28FP (.econst:.string)
                  00081c35    00000001     blink_cpu01_p28FP.o28FP (.econst:ti_sysbios_family_c28_Hwi_Object__count__C)
                  00081c36    00000004     blink_cpu01_p28FP.o28FP (.econst:ti_sysbios_knl_Idle_funcList__C)
                  00081c3a    00000004     blink_cpu01_p28FP.o28FP (.econst:xdc_runtime_Startup_firstFxns__C)
                  00081c3e    00000004     blink_cpu01_p28FP.o28FP (.econst:xdc_runtime_Startup_lastFxns__C)
                  00081c42    00000002     blink_cpu01_p28FP.o28FP (.econst)
                  00081c44    00000002     blink_cpu01_p28FP.o28FP (.econst:ti_sysbios_BIOS_installedErrorHook__C)
                  00081c46    00000002     blink_cpu01_p28FP.o28FP (.econst:ti_sysbios_family_c28_Hwi_A_badIntNum__C)
                  00081c48    00000002     blink_cpu01_p28FP.o28FP (.econst:ti_sysbios_family_c28_Hwi_A_invalidArg__C)
                  00081c4a    00000002     blink_cpu01_p28FP.o28FP (.econst:ti_sysbios_family_c28_Hwi_E_unpluggedInterrupt__C)
                  00081c4c    00000002     blink_cpu01_p28FP.o28FP (.econst:ti_sysbios_family_c28_Hwi_LD_end__C)
                  00081c4e    00000002     blink_cpu01_p28FP.o28FP (.econst:ti_sysbios_family_c28_Hwi_LM_begin__C)
                  00081c50    00000002     blink_cpu01_p28FP.o28FP (.econst:ti_sysbios_family_c28_Hwi_Module__diagsEnabled__C)
                  00081c52    00000002     blink_cpu01_p28FP.o28FP (.econst:ti_sysbios_family_c28_Hwi_Module__diagsIncluded__C)
                  00081c54    00000002     blink_cpu01_p28FP.o28FP (.econst:ti_sysbios_family_c28_Hwi_Module__diagsMask__C)
                  00081c56    00000002     blink_cpu01_p28FP.o28FP (.econst:ti_sysbios_family_c28_Hwi_Module__loggerFxn1__C)
                  00081c58    00000002     blink_cpu01_p28FP.o28FP (.econst:ti_sysbios_family_c28_Hwi_Module__loggerFxn8__C)
                  00081c5a    00000002     blink_cpu01_p28FP.o28FP (.econst:ti_sysbios_family_c28_Hwi_Module__loggerObj__C)
                  00081c5c    00000002     blink_cpu01_p28FP.o28FP (.econst:ti_sysbios_family_c28_Hwi_Object__table__C)
                  00081c5e    00000002     blink_cpu01_p28FP.o28FP (.econst:ti_sysbios_family_c28_TaskSupport_E_invalidStack__C)
                  00081c60    00000002     blink_cpu01_p28FP.o28FP (.econst:ti_sysbios_gates_GateMutex_A_badContext__C)
                  00081c62    00000002     blink_cpu01_p28FP.o28FP (.econst:ti_sysbios_gates_GateMutex_Instance_State_sem__O)
                  00081c64    00000002     blink_cpu01_p28FP.o28FP (.econst:ti_sysbios_gates_GateMutex_Module__diagsEnabled__C)
                  00081c66    00000002     blink_cpu01_p28FP.o28FP (.econst:ti_sysbios_gates_GateMutex_Module__diagsIncluded__C)
                  00081c68    00000002     blink_cpu01_p28FP.o28FP (.econst:ti_sysbios_gates_GateMutex_Module__diagsMask__C)
                  00081c6a    00000002     blink_cpu01_p28FP.o28FP (.econst:ti_sysbios_hal_Hwi_E_stackOverflow__C)
                  00081c6c    00000002     blink_cpu01_p28FP.o28FP (.econst:ti_sysbios_heaps_HeapMem_A_align__C)
                  00081c6e    00000002     blink_cpu01_p28FP.o28FP (.econst:ti_sysbios_heaps_HeapMem_A_heapSize__C)
                  00081c70    00000002     blink_cpu01_p28FP.o28FP (.econst:ti_sysbios_heaps_HeapMem_A_invalidFree__C)
                  00081c72    00000002     blink_cpu01_p28FP.o28FP (.econst:ti_sysbios_heaps_HeapMem_A_zeroBlock__C)
                  00081c74    00000002     blink_cpu01_p28FP.o28FP (.econst:ti_sysbios_heaps_HeapMem_E_memory__C)
                  00081c76    00000002     blink_cpu01_p28FP.o28FP (.econst:ti_sysbios_heaps_HeapMem_Module__diagsEnabled__C)
                  00081c78    00000002     blink_cpu01_p28FP.o28FP (.econst:ti_sysbios_heaps_HeapMem_Module__diagsIncluded__C)
                  00081c7a    00000002     blink_cpu01_p28FP.o28FP (.econst:ti_sysbios_heaps_HeapMem_Module__diagsMask__C)
                  00081c7c    00000002     blink_cpu01_p28FP.o28FP (.econst:ti_sysbios_heaps_HeapMem_Module__gateObj__C)
                  00081c7e    00000002     blink_cpu01_p28FP.o28FP (.econst:ti_sysbios_heaps_HeapMem_Object__table__C)
                  00081c80    00000002     blink_cpu01_p28FP.o28FP (.econst:ti_sysbios_heaps_HeapMem_reqAlign__C)
                  00081c82    00000002     blink_cpu01_p28FP.o28FP (.econst:ti_sysbios_knl_Clock_LM_begin__C)
                  00081c84    00000002     blink_cpu01_p28FP.o28FP (.econst:ti_sysbios_knl_Clock_LM_tick__C)
                  00081c86    00000002     blink_cpu01_p28FP.o28FP (.econst:ti_sysbios_knl_Clock_LW_delayed__C)
                  00081c88    00000002     blink_cpu01_p28FP.o28FP (.econst:ti_sysbios_knl_Clock_Module_State_clockQ__O)
                  00081c8a    00000002     blink_cpu01_p28FP.o28FP (.econst:ti_sysbios_knl_Clock_Module__diagsEnabled__C)
                  00081c8c    00000002     blink_cpu01_p28FP.o28FP (.econst:ti_sysbios_knl_Clock_Module__diagsIncluded__C)
                  00081c8e    00000002     blink_cpu01_p28FP.o28FP (.econst:ti_sysbios_knl_Clock_Module__diagsMask__C)
                  00081c90    00000002     blink_cpu01_p28FP.o28FP (.econst:ti_sysbios_knl_Clock_Module__loggerFxn1__C)
                  00081c92    00000002     blink_cpu01_p28FP.o28FP (.econst:ti_sysbios_knl_Clock_Module__loggerFxn2__C)
                  00081c94    00000002     blink_cpu01_p28FP.o28FP (.econst:ti_sysbios_knl_Clock_Module__loggerObj__C)
                  00081c96    00000002     blink_cpu01_p28FP.o28FP (.econst:ti_sysbios_knl_Idle_funcList__A)
                  00081c98    00000002     blink_cpu01_p28FP.o28FP (.econst:ti_sysbios_knl_Semaphore_A_badContext__C)
                  00081c9a    00000002     blink_cpu01_p28FP.o28FP (.econst:ti_sysbios_knl_Semaphore_A_noEvents__C)
                  00081c9c    00000002     blink_cpu01_p28FP.o28FP (.econst:ti_sysbios_knl_Semaphore_A_overflow__C)
                  00081c9e    00000002     blink_cpu01_p28FP.o28FP (.econst:ti_sysbios_knl_Semaphore_A_pendTaskDisabled__C)
                  00081ca0    00000002     blink_cpu01_p28FP.o28FP (.econst:ti_sysbios_knl_Semaphore_Instance_State_pendQ__O)
                  00081ca2    00000002     blink_cpu01_p28FP.o28FP (.econst:ti_sysbios_knl_Semaphore_LM_pend__C)
                  00081ca4    00000002     blink_cpu01_p28FP.o28FP (.econst:ti_sysbios_knl_Semaphore_LM_post__C)
                  00081ca6    00000002     blink_cpu01_p28FP.o28FP (.econst:ti_sysbios_knl_Semaphore_Module__diagsEnabled__C)
                  00081ca8    00000002     blink_cpu01_p28FP.o28FP (.econst:ti_sysbios_knl_Semaphore_Module__diagsIncluded__C)
                  00081caa    00000002     blink_cpu01_p28FP.o28FP (.econst:ti_sysbios_knl_Semaphore_Module__diagsMask__C)
                  00081cac    00000002     blink_cpu01_p28FP.o28FP (.econst:ti_sysbios_knl_Semaphore_Module__loggerFxn2__C)
                  00081cae    00000002     blink_cpu01_p28FP.o28FP (.econst:ti_sysbios_knl_Semaphore_Module__loggerFxn4__C)
                  00081cb0    00000002     blink_cpu01_p28FP.o28FP (.econst:ti_sysbios_knl_Semaphore_Module__loggerObj__C)
                  00081cb2    00000002     blink_cpu01_p28FP.o28FP (.econst:ti_sysbios_knl_Swi_LD_end__C)
                  00081cb4    00000002     blink_cpu01_p28FP.o28FP (.econst:ti_sysbios_knl_Swi_LM_begin__C)
                  00081cb6    00000002     blink_cpu01_p28FP.o28FP (.econst:ti_sysbios_knl_Swi_LM_post__C)
                  00081cb8    00000002     blink_cpu01_p28FP.o28FP (.econst:ti_sysbios_knl_Swi_Module__diagsEnabled__C)
                  00081cba    00000002     blink_cpu01_p28FP.o28FP (.econst:ti_sysbios_knl_Swi_Module__diagsIncluded__C)
                  00081cbc    00000002     blink_cpu01_p28FP.o28FP (.econst:ti_sysbios_knl_Swi_Module__diagsMask__C)
                  00081cbe    00000002     blink_cpu01_p28FP.o28FP (.econst:ti_sysbios_knl_Swi_Module__loggerFxn1__C)
                  00081cc0    00000002     blink_cpu01_p28FP.o28FP (.econst:ti_sysbios_knl_Swi_Module__loggerFxn4__C)
                  00081cc2    00000002     blink_cpu01_p28FP.o28FP (.econst:ti_sysbios_knl_Swi_Module__loggerObj__C)
                  00081cc4    00000002     blink_cpu01_p28FP.o28FP (.econst:ti_sysbios_knl_Swi_Object__table__C)
                  00081cc6    00000002     blink_cpu01_p28FP.o28FP (.econst:ti_sysbios_knl_Task_E_spOutOfBounds__C)
                  00081cc8    00000002     blink_cpu01_p28FP.o28FP (.econst:ti_sysbios_knl_Task_E_stackOverflow__C)
                  00081cca    00000002     blink_cpu01_p28FP.o28FP (.econst:ti_sysbios_knl_Task_LD_block__C)
                  00081ccc    00000002     blink_cpu01_p28FP.o28FP (.econst:ti_sysbios_knl_Task_LD_exit__C)
                  00081cce    00000002     blink_cpu01_p28FP.o28FP (.econst:ti_sysbios_knl_Task_LD_ready__C)
                  00081cd0    00000002     blink_cpu01_p28FP.o28FP (.econst:ti_sysbios_knl_Task_LM_switch__C)
                  00081cd2    00000002     blink_cpu01_p28FP.o28FP (.econst:ti_sysbios_knl_Task_Module_State_inactiveQ__O)
                  00081cd4    00000002     blink_cpu01_p28FP.o28FP (.econst:ti_sysbios_knl_Task_Module__diagsEnabled__C)
                  00081cd6    00000002     blink_cpu01_p28FP.o28FP (.econst:ti_sysbios_knl_Task_Module__diagsIncluded__C)
                  00081cd8    00000002     blink_cpu01_p28FP.o28FP (.econst:ti_sysbios_knl_Task_Module__diagsMask__C)
                  00081cda    00000002     blink_cpu01_p28FP.o28FP (.econst:ti_sysbios_knl_Task_Module__loggerFxn2__C)
                  00081cdc    00000002     blink_cpu01_p28FP.o28FP (.econst:ti_sysbios_knl_Task_Module__loggerFxn4__C)
                  00081cde    00000002     blink_cpu01_p28FP.o28FP (.econst:ti_sysbios_knl_Task_Module__loggerObj__C)
                  00081ce0    00000002     blink_cpu01_p28FP.o28FP (.econst:ti_sysbios_knl_Task_Object__table__C)
                  00081ce2    00000002     blink_cpu01_p28FP.o28FP (.econst:ti_sysbios_knl_Task_allBlockedFunc__C)
                  00081ce4    00000002     blink_cpu01_p28FP.o28FP (.econst:xdc_runtime_Assert_E_assertFailed__C)
                  00081ce6    00000002     blink_cpu01_p28FP.o28FP (.econst:xdc_runtime_Core_A_initializedParams__C)
                  00081ce8    00000002     blink_cpu01_p28FP.o28FP (.econst:xdc_runtime_Core_Module__diagsEnabled__C)
                  00081cea    00000002     blink_cpu01_p28FP.o28FP (.econst:xdc_runtime_Core_Module__diagsIncluded__C)
                  00081cec    00000002     blink_cpu01_p28FP.o28FP (.econst:xdc_runtime_Core_Module__diagsMask__C)
                  00081cee    00000002     blink_cpu01_p28FP.o28FP (.econst:xdc_runtime_Error_E_memory__C)
                  00081cf0    00000002     blink_cpu01_p28FP.o28FP (.econst:xdc_runtime_Error_Module__diagsEnabled__C)
                  00081cf2    00000002     blink_cpu01_p28FP.o28FP (.econst:xdc_runtime_Error_Module__diagsIncluded__C)
                  00081cf4    00000002     blink_cpu01_p28FP.o28FP (.econst:xdc_runtime_Error_Module__diagsMask__C)
                  00081cf6    00000002     blink_cpu01_p28FP.o28FP (.econst:xdc_runtime_Error_Module__loggerFxn8__C)
                  00081cf8    00000002     blink_cpu01_p28FP.o28FP (.econst:xdc_runtime_Error_Module__loggerObj__C)
                  00081cfa    00000002     blink_cpu01_p28FP.o28FP (.econst:xdc_runtime_Error_policyFxn__C)
                  00081cfc    00000002     blink_cpu01_p28FP.o28FP (.econst:xdc_runtime_Error_raiseHook__C)
                  00081cfe    00000002     blink_cpu01_p28FP.o28FP (.econst:xdc_runtime_IGateProvider_Interface__BASE__C)
                  00081d00    00000002     blink_cpu01_p28FP.o28FP (.econst:xdc_runtime_IHeap_Interface__BASE__C)
                  00081d02    00000002     blink_cpu01_p28FP.o28FP (.econst:xdc_runtime_IModule_Interface__BASE__C)
                  00081d04    00000002     blink_cpu01_p28FP.o28FP (.econst:xdc_runtime_Log_L_error__C)
                  00081d06    00000002     blink_cpu01_p28FP.o28FP (.econst:xdc_runtime_Main_Module__diagsEnabled__C)
                  00081d08    00000002     blink_cpu01_p28FP.o28FP (.econst:xdc_runtime_Main_Module__diagsIncluded__C)
                  00081d0a    00000002     blink_cpu01_p28FP.o28FP (.econst:xdc_runtime_Main_Module__diagsMask__C)
                  00081d0c    00000002     blink_cpu01_p28FP.o28FP (.econst:xdc_runtime_Memory_defaultHeapInstance__C)
                  00081d0e    00000002     blink_cpu01_p28FP.o28FP (.econst:xdc_runtime_Startup_execImpl__C)
                  00081d10    00000002     blink_cpu01_p28FP.o28FP (.econst:xdc_runtime_Startup_sfxnRts__C)
                  00081d12    00000002     blink_cpu01_p28FP.o28FP (.econst:xdc_runtime_Startup_sfxnTab__C)
                  00081d14    00000002     blink_cpu01_p28FP.o28FP (.econst:xdc_runtime_Startup_startModsFxn__C)
                  00081d16    00000002     blink_cpu01_p28FP.o28FP (.econst:xdc_runtime_SysMin_bufSize__C)
                  00081d18    00000002     blink_cpu01_p28FP.o28FP (.econst:xdc_runtime_SysMin_outputFunc__C)
                  00081d1a    00000002     blink_cpu01_p28FP.o28FP (.econst:xdc_runtime_System_Module__gateObj__C)
                  00081d1c    00000002     blink_cpu01_p28FP.o28FP (.econst:xdc_runtime_System_abortFxn__C)
                  00081d1e    00000002     blink_cpu01_p28FP.o28FP (.econst:xdc_runtime_System_exitFxn__C)
                  00081d20    00000002     blink_cpu01_p28FP.o28FP (.econst:xdc_runtime_System_extendFxn__C)
                  00081d22    00000002     blink_cpu01_p28FP.o28FP (.econst:xdc_runtime_Text_charTab__C)
                  00081d24    00000002     blink_cpu01_p28FP.o28FP (.econst:xdc_runtime_Text_nameEmpty__C)
                  00081d26    00000002     blink_cpu01_p28FP.o28FP (.econst:xdc_runtime_Text_nameStatic__C)
                  00081d28    00000002     blink_cpu01_p28FP.o28FP (.econst:xdc_runtime_Text_nameUnknown__C)
                  00081d2a    00000002     blink_cpu01_p28FP.o28FP (.econst:xdc_runtime_Text_nodeTab__C)
                  00081d2c    00000002     blink_cpu01_p28FP.o28FP (.econst:xdc_runtime_Text_visitRopeFxn__C)
                  00081d2e    00000001     blink_cpu01_p28FP.o28FP (.econst:ti_sysbios_family_c28_TaskSupport_Module__id__C)
                  00081d2f    00000001     blink_cpu01_p28FP.o28FP (.econst:ti_sysbios_family_c28_Timer_startupNeeded__C)
                  00081d30    00000001     blink_cpu01_p28FP.o28FP (.econst:ti_sysbios_gates_GateMutex_Module__id__C)
                  00081d31    00000001     blink_cpu01_p28FP.o28FP (.econst:ti_sysbios_hal_Hwi_Module__id__C)
                  00081d32    00000001     blink_cpu01_p28FP.o28FP (.econst:ti_sysbios_heaps_HeapMem_Module__id__C)
                  00081d33    00000001     blink_cpu01_p28FP.o28FP (.econst:ti_sysbios_heaps_HeapMem_Object__count__C)
                  00081d34    00000001     blink_cpu01_p28FP.o28FP (.econst:ti_sysbios_knl_Clock_Module__id__C)
                  00081d35    00000001     blink_cpu01_p28FP.o28FP (.econst:ti_sysbios_knl_Clock_Module__loggerDefined__C)
                  00081d36    00000001     blink_cpu01_p28FP.o28FP (.econst:ti_sysbios_knl_Semaphore_Module__id__C)
                  00081d37    00000001     blink_cpu01_p28FP.o28FP (.econst:ti_sysbios_knl_Semaphore_Module__loggerDefined__C)
                  00081d38    00000001     blink_cpu01_p28FP.o28FP (.econst:ti_sysbios_knl_Swi_Module__id__C)
                  00081d39    00000001     blink_cpu01_p28FP.o28FP (.econst:ti_sysbios_knl_Swi_Module__loggerDefined__C)
                  00081d3a    00000001     blink_cpu01_p28FP.o28FP (.econst:ti_sysbios_knl_Swi_Object__count__C)
                  00081d3b    00000001     blink_cpu01_p28FP.o28FP (.econst:ti_sysbios_knl_Task_Module__id__C)
                  00081d3c    00000001     blink_cpu01_p28FP.o28FP (.econst:ti_sysbios_knl_Task_Module__loggerDefined__C)
                  00081d3d    00000001     blink_cpu01_p28FP.o28FP (.econst:ti_sysbios_knl_Task_Object__count__C)
                  00081d3e    00000001     blink_cpu01_p28FP.o28FP (.econst:ti_sysbios_knl_Task_numConstructedTasks__C)
                  00081d3f    00000001     blink_cpu01_p28FP.o28FP (.econst:xdc_runtime_Core_Module__id__C)
                  00081d40    00000001     blink_cpu01_p28FP.o28FP (.econst:xdc_runtime_Error_Module__loggerDefined__C)
                  00081d41    00000001     blink_cpu01_p28FP.o28FP (.econst:xdc_runtime_Error_maxDepth__C)
                  00081d42    00000001     blink_cpu01_p28FP.o28FP (.econst:xdc_runtime_Error_policy__C)
                  00081d43    00000001     blink_cpu01_p28FP.o28FP (.econst:xdc_runtime_Main_Module__id__C)
                  00081d44    00000001     blink_cpu01_p28FP.o28FP (.econst:xdc_runtime_Memory_Module__id__C)
                  00081d45    00000001     blink_cpu01_p28FP.o28FP (.econst:xdc_runtime_Startup_maxPasses__C)
                  00081d46    00000001     blink_cpu01_p28FP.o28FP (.econst:xdc_runtime_SysMin_flushAtExit__C)
                  00081d47    00000001     blink_cpu01_p28FP.o28FP (.econst:xdc_runtime_System_maxAtexitHandlers__C)
                  00081d48    00000001     blink_cpu01_p28FP.o28FP (.econst:xdc_runtime_Text_charCnt__C)
                  00081d49    00000001     blink_cpu01_p28FP.o28FP (.econst:xdc_runtime_Text_isLoaded__C)
                  00081d4a    00000001     blink_cpu01_p28FP.o28FP (.econst:xdc_runtime_Text_registryModsLastId__C)
                  00081d4b    00000001     blink_cpu01_p28FP.o28FP (.econst:xdc_runtime_Text_unnamedModsLastId__C)

.args      0    00081d4c    00000200     
                  00081d4c    00000200     --HOLE-- [fill = 0]

.switch    0    00081f4c    0000001c     
                  00081f4c    0000001c     sysbios.a28FP : BIOS.obj (.switch:_ti_sysbios_family_c28_Hwi_clearInterrupt__E)

.binit     0    00081f68    0000000a     
                  00081f68    0000000a     (.binit)

.cinit     0    00082000    00000444     
                  00082000    00000425     blink_cpu01_p28FP.o28FP (.cinit)
                  00082425    0000000e     rts2800_fpu32.lib : exit.c.obj (.cinit)
                  00082433    00000005                       : _lock.c.obj (.cinit:__lock)
                  00082438    00000005                       : _lock.c.obj (.cinit:__unlock)
                  0008243d    00000005     blink_cpu01.obj (.cinit)
                  00082442    00000002     --HOLE-- [fill = 0]

.pinit     0    00080002    00000000     UNINITIALIZED

.text      0    00088000    00002e39     
                  00088000    00000281     F2837xD_SysCtrl.obj (.text)
                  00088281    00000232     ti.targets.rts2800.a28FP : System.o28FP (.text:_xdc_runtime_System_doPrint__I)
                  000884b3    000001fa     F2837xD_Gpio_forBIOS.obj (.text)
                  000886ad    000001dc     sysbios.a28FP : BIOS.obj (.text:_ti_sysbios_knl_Semaphore_pend__E)
                  00088889    000001a1                   : BIOS.obj (.text:_ti_sysbios_heaps_HeapMem_freeUnprotected__E)
                  00088a2a    00000181                   : BIOS.obj (.text:_ti_sysbios_heaps_HeapMem_allocUnprotected__E)
                  00088bab    00000158     F2837xD_Ipc_Driver_Util.obj (.text)
                  00088d03    0000010a     blink_cpu01_p28FP.o28FP (.text:_xdc_runtime_System_printfExtend__I)
                  00088e0d    00000107     rts2800_fpu32.lib : ll_div28.asm.obj (.text)
                  00088f14    000000ed     sysbios.a28FP : BIOS.obj (.text:_ti_sysbios_heaps_HeapMem_Instance_init__E)
                  00089001    000000e0                   : BIOS.obj (.text:_ti_sysbios_family_c28_Hwi_clearInterrupt__E)
                  000890e1    000000c2                   : BIOS.obj (.text:_ti_sysbios_family_c28_Hwi_dispatchCore__I)
                  000891a3    000000ba                   : BIOS.obj (.text:_ti_sysbios_knl_Clock_workFunc__E)
                  0008925d    000000b8                   : BIOS.obj (.text:_ti_sysbios_knl_Semaphore_post__E)
                  00089315    000000b1                   : BIOS.obj (.text:_ti_sysbios_knl_Swi_run__I)
                  000893c6    000000ac     ti.targets.rts2800.a28FP : Core-mem.o28FP (.text:_xdc_runtime_Core_createObject__I)
                  00089472    0000009c                              : Error.o28FP (.text:_xdc_runtime_Error_policyDefault__E)
                  0008950e    0000009b     sysbios.a28FP : c28_Hwi_disp_asm.obj (.text:_ti_sysbios_family_c28_Hwi_dispatch)
                  000895a9    0000009a     ti.targets.rts2800.a28FP : Core-smem.o28FP (.text:_xdc_runtime_Core_constructObject__I)
                  00089643    00000001     Boot.a28FP : Boot.o28FP (.text:_ti_catalog_c2800_initF2837x_Boot_defaultLimpAbortFunction)
                  00089644    00000094     rts2800_fpu32.lib : trgmsg.c.obj (.text)
                  000896d8    0000008e     sysbios.a28FP : BIOS.obj (.text:_ti_sysbios_family_c28_Hwi_enableInterrupt__E)
                  00089766    00000081                   : BIOS.obj (.text:_ti_sysbios_family_c28_Hwi_disableInterrupt__E)
                  000897e7    00000080                   : BIOS.obj (.text:_ti_sysbios_family_c28_Hwi_disablePIEIER__E)
                  00089867    0000007f                   : BIOS.obj (.text:_ti_sysbios_family_c28_Hwi_enablePIEIER__E)
                  000898e6    00000079     ti.targets.rts2800.a28FP : Startup.o28FP (.text:_xdc_runtime_Startup_startMods__I)
                  0008995f    00000073     sysbios.a28FP : BIOS.obj (.text:_ti_sysbios_knl_Task_checkStacks__E)
                  000899d2    00000072                   : BIOS.obj (.text:_ti_sysbios_knl_Task_startCore__E)
                  00089a44    00000071                   : BIOS.obj (.text:_ti_sysbios_gates_GateMutex_enter__E)
                  00089ab5    0000006f                   : BIOS.obj (.text:_ti_sysbios_knl_Task_schedule__I)
                  00089b24    0000006b     ti.targets.rts2800.a28FP : Text.o28FP (.text:_xdc_runtime_Text_putSite__E)
                  00089b8f    0000006a     sysbios.a28FP : BIOS.obj (.text:_ti_sysbios_knl_Semaphore_Instance_init__E)
                  00089bf9    00000069     boot.a28FP : boot_cg.o28FP (.text)
                  00089c62    00000066     sysbios.a28FP : BIOS.obj (.text:_ti_sysbios_family_c28_Timer_stopAndClear__I)
                  00089cc8    00000061                   : BIOS.obj (.text:_ti_sysbios_knl_Swi_post__E)
                  00089d29    00000061                   : BIOS.obj (.text:_ti_sysbios_knl_Task_blockI__E)
                  00089d8a    00000058                   : BIOS.obj (.text:_ti_sysbios_knl_Task_exit__E)
                  00089de2    00000052                   : BIOS.obj (.text:_ti_sysbios_knl_Task_unblockI__E)
                  00089e34    0000004f     ti.targets.rts2800.a28FP : Memory.o28FP (.text:_xdc_runtime_Memory_alloc__E)
                  00089e83    0000004b                              : Text.o28FP (.text:_xdc_runtime_Text_putLab__E)
                  00089ece    0000004a     sysbios.a28FP : BIOS.obj (.text:_ti_sysbios_heaps_HeapMem_alloc__E)
                  00089f18    00000049                   : BIOS.obj (.text:_ti_sysbios_knl_Task_postInit__I)
                  00089f61    00000047                   : BIOS.obj (.text:_ti_sysbios_family_c28_Hwi_Module_startup__E)
                  00089fa8    00000046     ti.targets.rts2800.a28FP : Core-mem.o28FP (.text:_xdc_runtime_Core_deleteObject__I)
                  00089fee    00000045     Boot.a28FP : Boot.o28FP (.text:.bootCodeSection:_ti_catalog_c2800_initF2837x_Boot_configurePllDivs)
                  0008a033    00000043     sysbios.a28FP : BIOS.obj (.text:_ti_sysbios_family_c28_Timer_postInit__I)
                  0008a076    00000042                   : BIOS.obj (.text:_ti_sysbios_family_c28_Hwi_unPluggedInterrupt__I)
                  0008a0b8    0000003f     ti.targets.rts2800.a28FP : Text.o28FP (.text:_xdc_runtime_Text_putMod__E)
                  0008a0f7    0000003f     blink_cpu01.obj (.text)
                  0008a136    0000003e     sysbios.a28FP : BIOS.obj (.text:_ti_sysbios_knl_Swi_restoreHwi__E)
                  0008a174    0000003d     ti.targets.rts2800.a28FP : Core-params.o28FP (.text:_xdc_runtime_Core_assignParams__I)
                  0008a1b1    0000003c                              : System.o28FP (.text:_xdc_runtime_System_formatNum__I)
                  0008a1ed    0000003a     sysbios.a28FP : BIOS.obj (.text:_ti_sysbios_family_c28_TaskSupport_start__E)
                  0008a227    00000038     rts2800_fpu32.lib : hostwrite.c.obj (.text)
                  0008a25f    00000037     sysbios.a28FP : BIOS.obj (.text:_ti_sysbios_knl_Clock_logTick__E)
                  0008a296    00000034     blink_cpu01_p28FP.o28FP (.text:_ti_sysbios_BIOS_rtsUnlock__I)
                  0008a2ca    00000032     sysbios.a28FP : BIOS.obj (.text:_ti_sysbios_knl_Task_Module_startup__E)
                  0008a2fc    00000032     ti.targets.rts2800.a28FP : Assert.o28FP (.text:_xdc_runtime_Assert_raise__I)
                  0008a32e    00000032                              : Text.o28FP (.text:_xdc_runtime_Text_visitRope2__I)
                  0008a360    00000030                              : Error.o28FP (.text:_xdc_runtime_Error_print__E)
                  0008a390    00000030                              : Error.o28FP (.text:_xdc_runtime_Error_setX__E)
                  0008a3c0    0000002f                              : Startup.o28FP (.text:_xdc_runtime_Startup_exec__E)
                  0008a3ef    0000002e     sysbios.a28FP : BIOS.obj (.text:_ti_sysbios_knl_Swi_runLoop__I)
                  0008a41d    0000002e                   : BIOS.obj (.text:_ti_sysbios_knl_Swi_schedule__I)
                  0008a44b    0000002d                   : BIOS.obj (.text:_ti_sysbios_family_c28_Hwi_getStackInfo__E)
                  0008a478    0000002d                   : BIOS.obj (.text:_ti_sysbios_heaps_HeapMem_getStats__E)
                  0008a4a5    0000002c                   : BIOS.obj (.text:_ti_sysbios_family_c28_Timer_start__E)
                  0008a4d1    00000029     rts2800_fpu32.lib : exit.c.obj (.text)
                  0008a4fa    00000028     ti.targets.rts2800.a28FP : Text.o28FP (.text:_xdc_runtime_Text_xprintf__I)
                  0008a522    00000027     sysbios.a28FP : BIOS.obj (.text:_ti_sysbios_heaps_HeapMem_free__E)
                  0008a549    00000027                   : BIOS.obj (.text:_ti_sysbios_heaps_HeapMem_init__I)
                  0008a570    00000026     ti.targets.rts2800.a28FP : SysMin.o28FP (.text:_xdc_runtime_SysMin_flush__E)
                  0008a596    00000025     sysbios.a28FP : c28_TaskSupport_asm.obj (.text:_ti_sysbios_family_c28_TaskSupport_buildTaskStack)
                  0008a5bb    00000024     rts2800_fpu32.lib : cpy_tbl.c.obj (.text)
                  0008a5df    00000023     ti.targets.rts2800.a28FP : System.o28FP (.text:_xdc_runtime_System_processAtExit__E)
                  0008a602    00000021     sysbios.a28FP : BIOS.obj (.text:_ti_sysbios_knl_Task_allBlockedFunction__I)
                  0008a623    00000020                   : BIOS.obj (.text:_ti_sysbios_family_c28_Timer_setPrescale__E)
                  0008a643    00000020     ti.targets.rts2800.a28FP : System.o28FP (.text:_xdc_runtime_System_atexit__E)
                  0008a663    0000001f     blink_cpu01_p28FP.o28FP (.text:_ti_sysbios_gates_GateHwi_Object__create__S)
                  0008a682    0000001f     blink_cpu01_p28FP.o28FP (.text:_ti_sysbios_gates_GateMutex_Object__create__S)
                  0008a6a1    0000001f     blink_cpu01_p28FP.o28FP (.text:_ti_sysbios_heaps_HeapMem_Object__create__S)
                  0008a6c0    0000001e     ti.targets.rts2800.a28FP : SysMin.o28FP (.text:_xdc_runtime_SysMin_putch__E)
                  0008a6de    0000001e     rts2800_fpu32.lib : memcpy.c.obj (.text)
                  0008a6fc    0000001d     sysbios.a28FP : c28_TaskSupport_asm.obj (.text:_ti_sysbios_family_c28_TaskSupport_swap__E)
                  0008a719    0000001c                   : BIOS.obj (.text:_ti_sysbios_hal_Hwi_checkStack)
                  0008a735    0000001b                   : c28_Hwi_asm.obj (.text:_ti_sysbios_family_c28_Hwi_switchAndDispatch__I)
                  0008a750    0000001b                   : BIOS.obj (.text:_ti_sysbios_hal_Hwi_initStack)
                  0008a76b    0000001b                   : BIOS.obj (.text:_ti_sysbios_knl_Task_processVitalTaskFlag__I)
                  0008a786    0000001b     blink_cpu01_p28FP.o28FP (.text:_xdc_runtime_SysMin_output__I)
                  0008a7a1    0000001a     sysbios.a28FP : BIOS.obj (.text:_ti_sysbios_knl_Clock_addI__E)
                  0008a7bb    0000001a     blink_cpu01_p28FP.o28FP (.text:_ti_sysbios_knl_Semaphore_construct)
                  0008a7d5    0000001a     ti.targets.rts2800.a28FP : Core-label.o28FP (.text:_xdc_runtime_Core_assignLabel__I)
                  0008a7ef    0000001a                              : System.o28FP (.text:_xdc_runtime_System_avprintf__E)
                  0008a809    00000019     sysbios.a28FP : BIOS.obj (.text:_ti_sysbios_knl_Semaphore_pendTimeout__I)
                  0008a822    00000019                   : BIOS.obj (.text:_ti_sysbios_knl_Swi_restore__E)
                  0008a83b    00000019     ti.targets.rts2800.a28FP : System.o28FP (.text:_xdc_runtime_System_putchar__I)
                  0008a854    00000019                              : System.o28FP (.text:_xdc_runtime_System_vprintf__E)
                  0008a86d    00000019     rts2800_fpu32.lib : args_main.c.obj (.text)
                  0008a886    00000018     sysbios.a28FP : c28_Hwi_asm.obj (.text:_ti_sysbios_family_xxx_Hwi_switchAndRunFunc)
                  0008a89e    00000018     blink_cpu01_p28FP.o28FP (.text:_ti_sysbios_knl_Queue_construct)
                  0008a8b6    00000018     ti.targets.rts2800.a28FP : Text.o28FP (.text:_xdc_runtime_Text_printVisFxn__I)
                  0008a8ce    00000018     rts2800_fpu32.lib : ll_aox28.asm.obj (.text)
                  0008a8e6    00000017     blink_cpu01_p28FP.o28FP (.text:_ti_sysbios_BIOS_atExitFunc__I)
                  0008a8fd    00000017     sysbios.a28FP : BIOS.obj (.text:_ti_sysbios_family_c28_Timer_startup__E)
                  0008a914    00000017     blink_cpu01_p28FP.o28FP (.text:_ti_sysbios_knl_Clock_doTick__I)
                  0008a92b    00000017     sysbios.a28FP : BIOS.obj (.text:_ti_sysbios_knl_Task_restore__E)
                  0008a942    00000017     ti.targets.rts2800.a28FP : Memory.o28FP (.text:_xdc_runtime_Memory_valloc__E)
                  0008a959    00000016     sysbios.a28FP : BIOS.obj (.text:_ti_sysbios_family_c28_Timer_Module_startup__E)
                  0008a96f    00000016     ti.targets.rts2800.a28FP : SysMin.o28FP (.text:_xdc_runtime_SysMin_abort__E)
                  0008a985    00000015     blink_cpu01_p28FP.o28FP (.text:_ti_sysbios_BIOS_startFunc__I)
                  0008a99a    00000015     sysbios.a28FP : BIOS.obj (.text:_ti_sysbios_knl_Swi_Module_startup__E)
                  0008a9af    00000014                   : BIOS.obj (.text:_ti_sysbios_knl_Idle_run__E)
                  0008a9c3    00000013     blink_cpu01_p28FP.o28FP (.text:_ti_sysbios_BIOS_errorRaiseHook__I)
                  0008a9d6    00000013     blink_cpu01_p28FP.o28FP (.text:_ti_sysbios_family_c28_Hwi_Object__get__S)
                  0008a9e9    00000013     blink_cpu01_p28FP.o28FP (.text:_ti_sysbios_gates_GateMutex_Object__delete__S)
                  0008a9fc    00000013     ti.targets.rts2800.a28FP : Error.o28FP (.text:_xdc_runtime_Error_raiseX__E)
                  0008aa0f    00000012     blink_cpu01_p28FP.o28FP (.text:_ti_sysbios_family_c28_Hwi_disableIER__E)
                  0008aa21    00000012     blink_cpu01_p28FP.o28FP (.text:_ti_sysbios_gates_GateHwi_Object__delete__S)
                  0008aa33    00000012     blink_cpu01_p28FP.o28FP (.text:_ti_sysbios_heaps_HeapMem_Object__delete__S)
                  0008aa45    00000012     sysbios.a28FP : BIOS.obj (.text:_ti_sysbios_knl_Clock_Module_startup__E)
                  0008aa57    00000011     blink_cpu01_p28FP.o28FP (.text:_ti_sysbios_gates_GateHwi_Handle__label__S)
                  0008aa68    00000011     blink_cpu01_p28FP.o28FP (.text:_ti_sysbios_gates_GateMutex_Handle__label__S)
                  0008aa79    00000011     blink_cpu01_p28FP.o28FP (.text:_ti_sysbios_heaps_HeapMem_Handle__label__S)
                  0008aa8a    00000011     blink_cpu01_p28FP.o28FP (.text:_ti_sysbios_heaps_HeapMem_Object__get__S)
                  0008aa9b    00000011     blink_cpu01_p28FP.o28FP (.text:_ti_sysbios_knl_Swi_Object__get__S)
                  0008aaac    00000011     blink_cpu01_p28FP.o28FP (.text:_ti_sysbios_knl_Task_Object__get__S)
                  0008aabd    00000011     sysbios.a28FP : BIOS.obj (.text:_ti_sysbios_knl_Task_restoreHwi__E)
                  0008aace    00000011     ti.targets.rts2800.a28FP : Text.o28FP (.text:_xdc_runtime_Text_cordText__E)
                  0008aadf    00000010     blink_cpu01_p28FP.o28FP (.text:_ti_sysbios_BIOS_rtsLock__I)
                  0008aaef    00000010     blink_cpu01_p28FP.o28FP (.text:_ti_sysbios_family_c28_Hwi_enableIER__E)
                  0008aaff    00000010     sysbios.a28FP : BIOS.obj (.text:_ti_sysbios_family_c28_Timer_stop__E)
                  0008ab0f    00000010     ti.targets.rts2800.a28FP : SysMin.o28FP (.text:_xdc_runtime_SysMin_Module_startup__E)
                  0008ab1f    0000000f     sysbios.a28FP : BIOS.obj (.text:_ti_sysbios_gates_GateMutex_Instance_init__E)
                  0008ab2e    0000000f     blink_cpu01_p28FP.o28FP (.text:_ti_sysbios_knl_Semaphore_destruct)
                  0008ab3d    0000000f     ti.targets.rts2800.a28FP : Registry.o28FP (.text:_xdc_runtime_Registry_findById__E)
                  0008ab4c    0000000f     blink_cpu01_p28FP.o28FP (.text:_xdc_runtime_Text_visitRope__I)
                  0008ab5b    0000000e     blink_cpu01_p28FP.o28FP (.text:_ti_sysbios_knl_Queue_Object__get__S)
                  0008ab69    0000000e     blink_cpu01_p28FP.o28FP (.text:_ti_sysbios_knl_Queue_destruct)
                  0008ab77    0000000e     blink_cpu01_p28FP.o28FP (.text:_xdc_runtime_IHeap_alloc)
                  0008ab85    0000000d     blink_cpu01_p28FP.o28FP (.text:_ti_sysbios_BIOS_registerRTSLock__I)
                  0008ab92    0000000d     blink_cpu01_p28FP.o28FP (.text:_ti_sysbios_BIOS_removeRTSLock__I)
                  0008ab9f    0000000d     sysbios.a28FP : BIOS.obj (.text:_ti_sysbios_family_c28_Hwi_dispatchC__I)
                  0008abac    0000000d     blink_cpu01_p28FP.o28FP (.text:_ti_sysbios_family_c28_Hwi_restoreIER__E)
                  0008abb9    0000000d     blink_cpu01_p28FP.o28FP (.text:_ti_sysbios_knl_Task_SupportProxy_start__E)
                  0008abc6    0000000d     sysbios.a28FP : BIOS.obj (.text:_ti_sysbios_knl_Task_enter__I)
                  0008abd3    0000000d     ti.targets.rts2800.a28FP : Error.o28FP (.text:_xdc_runtime_Error_check__E)
                  0008abe0    0000000d     blink_cpu01_p28FP.o28FP (.text:_xdc_runtime_Memory_HeapProxy_alloc__E)
                  0008abed    0000000d     ti.targets.rts2800.a28FP : System.o28FP (.text:_xdc_runtime_System_abort__E)
                  0008abfa    0000000c     blink_cpu01_p28FP.o28FP (.text:_ti_sysbios_BIOS_exitFunc__I)
                  0008ac06    0000000c     sysbios.a28FP : BIOS.obj (.text:_ti_sysbios_gates_GateMutex_leave__E)
                  0008ac12    0000000c                   : BIOS.obj (.text:_ti_sysbios_knl_Queue_put__E)
                  0008ac1e    0000000c                   : BIOS.obj (.text:_ti_sysbios_knl_Task_enabled__E)
                  0008ac2a    0000000c     blink_cpu01_p28FP.o28FP (.text:_xdc_runtime_System_aprintf__E)
                  0008ac36    0000000c     blink_cpu01_p28FP.o28FP (.text:_xdc_runtime_System_printf__E)
                  0008ac42    0000000c     rts2800_fpu32.lib : memset.c.obj (.text)
                  0008ac4e    0000000b     blink_cpu01_p28FP.o28FP (.text:_ti_sysbios_family_c28_Hwi_Module__startupDone__F)
                  0008ac59    0000000b     blink_cpu01_p28FP.o28FP (.text:_ti_sysbios_family_c28_Timer_Module__startupDone__F)
                  0008ac64    0000000b     sysbios.a28FP : BIOS.obj (.text:_ti_sysbios_knl_Task_unblock__E)
                  0008ac6f    0000000b     blink_cpu01_p28FP.o28FP (.text:_xdc_runtime_Startup_exec__I)
                  0008ac7a    0000000b     ti.targets.rts2800.a28FP : SysMin.o28FP (.text:_xdc_runtime_SysMin_exit__E)
                  0008ac85    0000000b                              : System.o28FP (.text:_xdc_runtime_System_exit__E)
                  0008ac90    0000000a     blink_cpu01_p28FP.o28FP (.text:.bootCodeSection:_ti_catalog_c2800_initF2837x_Boot_init)
                  0008ac9a    0000000a     ti.targets.rts2800.a28FP : Error.o28FP (.text:_xdc_runtime_Error_init__E)
                  0008aca4    0000000a     blink_cpu01_p28FP.o28FP (.text:_xdc_runtime_IHeap_free)
                  0008acae    0000000a     ti.targets.rts2800.a28FP : Memory.o28FP (.text:_xdc_runtime_Memory_free__E)
                  0008acb8    0000000a                              : System.o28FP (.text:_xdc_runtime_System_vsnprintf__E)
                  0008acc2    0000000a                              : Text.o28FP (.text:_xdc_runtime_Text_ropeText__E)
                  0008accc    00000009     sysbios.a28FP : BIOS.obj (.text:_ti_sysbios_family_c28_TaskSupport_checkStack__E)
                  0008acd5    00000009                   : c28_TaskSupport_asm.obj (.text:_ti_sysbios_family_c28_TaskSupport_glue)
                  0008acde    00000009                   : BIOS.obj (.text:_ti_sysbios_hal_Hwi_Module_startup__E)
                  0008ace7    00000009     rts2800_fpu32.lib : _lock.c.obj (.text)
                  0008acf0    00000008     Boot.a28FP : Boot.o28FP (.text:.bootCodeSection:_ti_catalog_c2800_initF2837x_Boot_initSharedRAMs)
                  0008acf8    00000008     F2837xD_CodeStartBranch.obj (.text)
                  0008ad00    00000008     sysbios.a28FP : BIOS.obj (.text:_ti_sysbios_BIOS_setThreadType__E)
                  0008ad08    00000008                   : BIOS.obj (.text:_ti_sysbios_gates_GateMutex_Instance_finalize__E)
                  0008ad10    00000008     blink_cpu01_p28FP.o28FP (.text:_ti_sysbios_knl_Clock_Module_State_clockQ)
                  0008ad18    00000008     sysbios.a28FP : BIOS.obj (.text:_ti_sysbios_knl_Semaphore_Instance_finalize__E)
                  0008ad20    00000008     blink_cpu01_p28FP.o28FP (.text:_xdc_runtime_Memory_HeapProxy_free__E)
                  0008ad28    00000008     ti.targets.rts2800.a28FP : Memory.o28FP (.text:_xdc_runtime_Memory_calloc__E)
                  0008ad30    00000008                              : SysMin.o28FP (.text:_xdc_runtime_SysMin_ready__E)
                  0008ad38    00000008     rts2800_fpu32.lib : strlen.c.obj (.text)
                  0008ad40    00000007     blink_cpu01_p28FP.o28FP (.text:.bootCodeSection:_ti_catalog_c2800_initF2837x_Boot_initStartup)
                  0008ad47    00000007     blink_cpu01_p28FP.o28FP (.text:_ti_sysbios_BIOS_RtsGateProxy_leave__E)
                  0008ad4e    00000007     blink_cpu01_p28FP.o28FP (.text:_ti_sysbios_hal_Hwi_HwiProxy_getStackInfo__E)
                  0008ad55    00000007     blink_cpu01_p28FP.o28FP (.text:_ti_sysbios_heaps_HeapMem_Module_GateProxy_leave__E)
                  0008ad5c    00000007     sysbios.a28FP : BIOS.obj (.text:_ti_sysbios_knl_Queue_empty__E)
                  0008ad63    00000007     blink_cpu01_p28FP.o28FP (.text:_ti_sysbios_knl_Task_SupportProxy_checkStack__E)
                  0008ad6a    00000007     blink_cpu01_p28FP.o28FP (.text:_ti_sysbios_knl_Task_SupportProxy_swap__E)
                  0008ad71    00000007     blink_cpu01_p28FP.o28FP (.text:_xdc_runtime_System_Module_GateProxy_leave__E)
                  0008ad78    00000006     blink_cpu01_p28FP.o28FP (.text:_ti_sysbios_BIOS_RtsGateProxy_enter__E)
                  0008ad7e    00000006     sysbios.a28FP : BIOS.obj (.text:_ti_sysbios_BIOS_start__E)
                  0008ad84    00000006                   : c28_IntrinsicsSupport_asm.obj (.text:_ti_sysbios_family_c28_IntrinsicsSupport_maxbit__E)
                  0008ad8a    00000006     blink_cpu01_p28FP.o28FP (.text:_ti_sysbios_heaps_HeapMem_Module_GateProxy_enter__E)
                  0008ad90    00000006     blink_cpu01_p28FP.o28FP (.text:_ti_sysbios_heaps_HeapMem_Module_GateProxy_query__E)
                  0008ad96    00000006     blink_cpu01_p28FP.o28FP (.text:_ti_sysbios_knl_Clock_TimerProxy_getMaxTicks__E)
                  0008ad9c    00000006     sysbios.a28FP : BIOS.obj (.text:_ti_sysbios_knl_Swi_disable__E)
                  0008ada2    00000006                   : BIOS.obj (.text:_ti_sysbios_knl_Task_disable__E)
                  0008ada8    00000006     ti.targets.rts2800.a28FP : Gate.o28FP (.text:_xdc_runtime_Gate_enterSystem__E)
                  0008adae    00000006                              : Gate.o28FP (.text:_xdc_runtime_Gate_leaveSystem__E)
                  0008adb4    00000006     blink_cpu01_p28FP.o28FP (.text:_xdc_runtime_System_Module_GateProxy_enter__E)
                  0008adba    00000006     blink_cpu01_p28FP.o28FP (.text:_xdc_runtime_System_SupportProxy_abort__E)
                  0008adc0    00000006     blink_cpu01_p28FP.o28FP (.text:_xdc_runtime_System_SupportProxy_exit__E)
                  0008adc6    00000006     blink_cpu01_p28FP.o28FP (.text:_xdc_runtime_System_SupportProxy_putch__E)
                  0008adcc    00000005     sysbios.a28FP : BIOS.obj (.text:_ti_sysbios_family_c28_Hwi_switchFromBootStack__E)
                  0008add1    00000005                   : BIOS.obj (.text:_ti_sysbios_gates_GateHwi_enter__E)
                  0008add6    00000005     blink_cpu01_p28FP.o28FP (.text:_xdc_iargToPtr)
                  0008addb    00000004     blink_cpu01_p28FP.o28FP (.text:_ti_sysbios_family_c28_Hwi_startup__E)
                  0008addf    00000004     sysbios.a28FP : BIOS.obj (.text:_ti_sysbios_heaps_HeapMem_isBlocking__E)
                  0008ade3    00000004                   : BIOS.obj (.text:_ti_sysbios_knl_Swi_startup__E)
                  0008ade7    00000004     ti.targets.rts2800.a28FP : Memory.o28FP (.text:_xdc_runtime_Memory_getMaxDefaultTypeAlign__E)
                  0008adeb    00000004                              : Startup.o28FP (.text:_xdc_runtime_Startup_rtsDone__E)
                  0008adef    00000003     blink_cpu01_p28FP.o28FP (.text:.bootCodeSection:_ti_catalog_c2800_initF2837x_Boot_limpAbort)
                  0008adf2    00000003     ti.targets.rts2800.a28FP : xdc_noinit.o28FP (.text:___xdc__init)
                  0008adf5    00000003     blink_cpu01_p28FP.o28FP (.text:_ti_sysbios_family_c28_Hwi_Module__startupDone__S)
                  0008adf8    00000003     blink_cpu01_p28FP.o28FP (.text:_ti_sysbios_family_c28_Timer_Module__startupDone__S)
                  0008adfb    00000003     sysbios.a28FP : BIOS.obj (.text:_ti_sysbios_gates_GateHwi_leave__E)
                  0008adfe    00000003     blink_cpu01_p28FP.o28FP (.text:_ti_sysbios_hal_Hwi_HwiProxy_Module__startupDone__S)
                  0008ae01    00000003     blink_cpu01_p28FP.o28FP (.text:_ti_sysbios_hal_Hwi_HwiProxy_startup__E)
                  0008ae04    00000003     blink_cpu01_p28FP.o28FP (.text:_ti_sysbios_hal_Hwi_HwiProxy_switchFromBootStack__E)
                  0008ae07    00000003     sysbios.a28FP : BIOS.obj (.text:_ti_sysbios_hal_Hwi_startup__E)
                  0008ae0a    00000003     blink_cpu01_p28FP.o28FP (.text:_ti_sysbios_knl_Clock_TimerProxy_Module__startupDone__S)
                  0008ae0d    00000003     sysbios.a28FP : BIOS.obj (.text:_ti_sysbios_knl_Idle_loop__E)
                  0008ae10    00000003                   : BIOS.obj (.text:_ti_sysbios_knl_Queue_Instance_init__E)
                  0008ae13    00000003     blink_cpu01_p28FP.o28FP (.text:_ti_sysbios_knl_Task_SupportProxy_Module__startupDone__S)
                  0008ae16    00000003     sysbios.a28FP : BIOS.obj (.text:_ti_sysbios_knl_Task_startup__E)
                  0008ae19    00000003     blink_cpu01_p28FP.o28FP (.text:_xdc_runtime_Startup_reset__I)
                  0008ae1c    00000003     ti.targets.rts2800.a28FP : System.o28FP (.text:_xdc_runtime_System_Module_startup__E)
                  0008ae1f    00000003     blink_cpu01_p28FP.o28FP (.text:_xdc_runtime_System_SupportProxy_ready__E)
                  0008ae22    00000003     ti.targets.rts2800.a28FP : System.o28FP (.text:_xdc_runtime_System_abortStd__E)
                  0008ae25    00000003                              : System.o28FP (.text:_xdc_runtime_System_exitStd__E)
                  0008ae28    00000002     blink_cpu01_p28FP.o28FP (.text:_ti_sysbios_family_c28_TaskSupport_Module__startupDone__S)
                  0008ae2a    00000002     sysbios.a28FP : BIOS.obj (.text:_ti_sysbios_family_c28_Timer_getMaxTicks__E)
                  0008ae2c    00000002                   : BIOS.obj (.text:_ti_sysbios_gates_GateHwi_query__E)
                  0008ae2e    00000002                   : BIOS.obj (.text:_ti_sysbios_gates_GateMutex_query__E)
                  0008ae30    00000002     ti.targets.rts2800.a28FP : Error.o28FP (.text:_xdc_runtime_Error_getSite__E)
                  0008ae32    00000002     rts2800_fpu32.lib : pre_init.c.obj (.text)
                  0008ae34    00000001     sysbios.a28FP : BIOS.obj (.text:_ti_sysbios_BIOS_linkedWithIncorrectBootLibrary__E)
                  0008ae35    00000001     blink_cpu01_p28FP.o28FP (.text:_ti_sysbios_BIOS_nullFunc__I)
                  0008ae36    00000001     sysbios.a28FP : c28_Hwi_asm.obj (.text:_ti_sysbios_family_c28_Hwi_interruptReturn__I)
                  0008ae37    00000001                   : BIOS.obj (.text:_ti_sysbios_gates_GateHwi_Instance_init__E)
                  0008ae38    00000001     rts2800_fpu32.lib : startup.c.obj (.text)

.stack     1    00000400    00000400     UNINITIALIZED
                  00000400    00000400     --HOLE--

CpuTimer0RegsFile 
*          1    00000c00    00000008     UNINITIALIZED
                  00000c00    00000008     F2837xD_GlobalVariableDefsforBIOS.obj (CpuTimer0RegsFile)

CpuTimer1RegsFile 
*          1    00000c08    00000008     UNINITIALIZED
                  00000c08    00000008     F2837xD_GlobalVariableDefsforBIOS.obj (CpuTimer1RegsFile)

CpuTimer2RegsFile 
*          1    00000c10    00000008     UNINITIALIZED
                  00000c10    00000008     F2837xD_GlobalVariableDefsforBIOS.obj (CpuTimer2RegsFile)

Cla1RegsFile 
*          1    00001400    00000040     UNINITIALIZED
                  00001400    00000040     F2837xD_GlobalVariableDefsforBIOS.obj (Cla1RegsFile)

DacaRegsFile 
*          1    00005c00    00000008     UNINITIALIZED
                  00005c00    00000008     F2837xD_GlobalVariableDefsforBIOS.obj (DacaRegsFile)

DacbRegsFile 
*          1    00005c10    00000008     UNINITIALIZED
                  00005c10    00000008     F2837xD_GlobalVariableDefsforBIOS.obj (DacbRegsFile)

DaccRegsFile 
*          1    00005c20    00000008     UNINITIALIZED
                  00005c20    00000008     F2837xD_GlobalVariableDefsforBIOS.obj (DaccRegsFile)

.ebss      1    00008000    00001940     UNINITIALIZED
                  00008000    00001103     blink_cpu01_p28FP.o28FP (.ebss:taskStackSection)
                  00009103    00000008     rts2800_fpu32.lib : hostopen.c.obj (.ebss)
                  0000910b    00000001     --HOLE--
                  0000910c    00000006                       : exit.c.obj (.ebss)
                  00009112    00000002                       : _lock.c.obj (.ebss:__lock)
                  00009114    00000002                       : _lock.c.obj (.ebss:__unlock)
                  00009116    00000002     blink_cpu01.obj (.ebss)
                  00009118    00000028     --HOLE--
                  00009140    00000800     blink_cpu01_p28FP.o28FP (.ebss)

.cio       1    00009980    00000120     UNINITIALIZED
                  00009980    00000120     rts2800_fpu32.lib : trgmsg.c.obj (.cio)

GETBUFFER 
*          0    0003f800    00000000     DSECT

GETWRITEIDX 
*          0    0003f800    00000000     DSECT

PUTREADIDX 
*          0    0003f800    00000000     DSECT

AdcaResultFile 
*          1    00000b00    00000018     UNINITIALIZED
                  00000b00    00000018     F2837xD_GlobalVariableDefsforBIOS.obj (AdcaResultFile)

AdcbResultFile 
*          1    00000b20    00000018     UNINITIALIZED
                  00000b20    00000018     F2837xD_GlobalVariableDefsforBIOS.obj (AdcbResultFile)

AdccResultFile 
*          1    00000b40    00000018     UNINITIALIZED
                  00000b40    00000018     F2837xD_GlobalVariableDefsforBIOS.obj (AdccResultFile)

AdcdResultFile 
*          1    00000b60    00000018     UNINITIALIZED
                  00000b60    00000018     F2837xD_GlobalVariableDefsforBIOS.obj (AdcdResultFile)

PieCtrlRegsFile 
*          1    00000ce0    0000001a     UNINITIALIZED
                  00000ce0    0000001a     F2837xD_GlobalVariableDefsforBIOS.obj (PieCtrlRegsFile)

DmaRegsFile 
*          1    00001000    000000e0     UNINITIALIZED
                  00001000    000000e0     F2837xD_GlobalVariableDefsforBIOS.obj (DmaRegsFile)

EPwm1RegsFile 
*          1    00004000    00000100     UNINITIALIZED
                  00004000    00000100     F2837xD_GlobalVariableDefsforBIOS.obj (EPwm1RegsFile)

EPwm2RegsFile 
*          1    00004100    00000100     UNINITIALIZED
                  00004100    00000100     F2837xD_GlobalVariableDefsforBIOS.obj (EPwm2RegsFile)

EPwm3RegsFile 
*          1    00004200    00000100     UNINITIALIZED
                  00004200    00000100     F2837xD_GlobalVariableDefsforBIOS.obj (EPwm3RegsFile)

EPwm4RegsFile 
*          1    00004300    00000100     UNINITIALIZED
                  00004300    00000100     F2837xD_GlobalVariableDefsforBIOS.obj (EPwm4RegsFile)

EPwm5RegsFile 
*          1    00004400    00000100     UNINITIALIZED
                  00004400    00000100     F2837xD_GlobalVariableDefsforBIOS.obj (EPwm5RegsFile)

EPwm6RegsFile 
*          1    00004500    00000100     UNINITIALIZED
                  00004500    00000100     F2837xD_GlobalVariableDefsforBIOS.obj (EPwm6RegsFile)

EPwm7RegsFile 
*          1    00004600    00000100     UNINITIALIZED
                  00004600    00000100     F2837xD_GlobalVariableDefsforBIOS.obj (EPwm7RegsFile)

EPwm8RegsFile 
*          1    00004700    00000100     UNINITIALIZED
                  00004700    00000100     F2837xD_GlobalVariableDefsforBIOS.obj (EPwm8RegsFile)

EPwm9RegsFile 
*          1    00004800    00000100     UNINITIALIZED
                  00004800    00000100     F2837xD_GlobalVariableDefsforBIOS.obj (EPwm9RegsFile)

EPwm10RegsFile 
*          1    00004900    00000100     UNINITIALIZED
                  00004900    00000100     F2837xD_GlobalVariableDefsforBIOS.obj (EPwm10RegsFile)

EPwm11RegsFile 
*          1    00004a00    00000100     UNINITIALIZED
                  00004a00    00000100     F2837xD_GlobalVariableDefsforBIOS.obj (EPwm11RegsFile)

EPwm12RegsFile 
*          1    00004b00    00000100     UNINITIALIZED
                  00004b00    00000100     F2837xD_GlobalVariableDefsforBIOS.obj (EPwm12RegsFile)

ECap1RegsFile 
*          1    00005000    00000020     UNINITIALIZED
                  00005000    00000020     F2837xD_GlobalVariableDefsforBIOS.obj (ECap1RegsFile)

ECap2RegsFile 
*          1    00005020    00000020     UNINITIALIZED
                  00005020    00000020     F2837xD_GlobalVariableDefsforBIOS.obj (ECap2RegsFile)

ECap3RegsFile 
*          1    00005040    00000020     UNINITIALIZED
                  00005040    00000020     F2837xD_GlobalVariableDefsforBIOS.obj (ECap3RegsFile)

ECap4RegsFile 
*          1    00005060    00000020     UNINITIALIZED
                  00005060    00000020     F2837xD_GlobalVariableDefsforBIOS.obj (ECap4RegsFile)

ECap5RegsFile 
*          1    00005080    00000020     UNINITIALIZED
                  00005080    00000020     F2837xD_GlobalVariableDefsforBIOS.obj (ECap5RegsFile)

ECap6RegsFile 
*          1    000050a0    00000020     UNINITIALIZED
                  000050a0    00000020     F2837xD_GlobalVariableDefsforBIOS.obj (ECap6RegsFile)

EQep1RegsFile 
*          1    00005100    00000022     UNINITIALIZED
                  00005100    00000022     F2837xD_GlobalVariableDefsforBIOS.obj (EQep1RegsFile)

EQep2RegsFile 
*          1    00005140    00000022     UNINITIALIZED
                  00005140    00000022     F2837xD_GlobalVariableDefsforBIOS.obj (EQep2RegsFile)

EQep3RegsFile 
*          1    00005180    00000022     UNINITIALIZED
                  00005180    00000022     F2837xD_GlobalVariableDefsforBIOS.obj (EQep3RegsFile)

Sdfm1RegsFile 
*          1    00005e00    00000080     UNINITIALIZED
                  00005e00    00000080     F2837xD_GlobalVariableDefsforBIOS.obj (Sdfm1RegsFile)

Sdfm2RegsFile 
*          1    00005e80    00000080     UNINITIALIZED
                  00005e80    00000080     F2837xD_GlobalVariableDefsforBIOS.obj (Sdfm2RegsFile)

McbspaRegsFile 
*          1    00006000    00000024     UNINITIALIZED
                  00006000    00000024     F2837xD_GlobalVariableDefsforBIOS.obj (McbspaRegsFile)

McbspbRegsFile 
*          1    00006040    00000024     UNINITIALIZED
                  00006040    00000024     F2837xD_GlobalVariableDefsforBIOS.obj (McbspbRegsFile)

SpiaRegsFile 
*          1    00006100    00000010     UNINITIALIZED
                  00006100    00000010     F2837xD_GlobalVariableDefsforBIOS.obj (SpiaRegsFile)

SpibRegsFile 
*          1    00006110    00000010     UNINITIALIZED
                  00006110    00000010     F2837xD_GlobalVariableDefsforBIOS.obj (SpibRegsFile)

SpicRegsFile 
*          1    00006120    00000010     UNINITIALIZED
                  00006120    00000010     F2837xD_GlobalVariableDefsforBIOS.obj (SpicRegsFile)

SpidRegsFile 
*          1    00006130    00000010     UNINITIALIZED
                  00006130    00000010     F2837xD_GlobalVariableDefsforBIOS.obj (SpidRegsFile)

UppRegsFile 
*          1    00006200    00000048     UNINITIALIZED
                  00006200    00000048     F2837xD_GlobalVariableDefsforBIOS.obj (UppRegsFile)

WdRegsFile 
*          1    00007000    0000002b     UNINITIALIZED
                  00007000    0000002b     F2837xD_GlobalVariableDefsforBIOS.obj (WdRegsFile)

NmiIntruptRegsFile 
*          1    00007060    00000007     UNINITIALIZED
                  00007060    00000007     F2837xD_GlobalVariableDefsforBIOS.obj (NmiIntruptRegsFile)

XintRegsFile 
*          1    00007070    0000000b     UNINITIALIZED
                  00007070    0000000b     F2837xD_GlobalVariableDefsforBIOS.obj (XintRegsFile)

SciaRegsFile 
*          1    00007200    00000010     UNINITIALIZED
                  00007200    00000010     F2837xD_GlobalVariableDefsforBIOS.obj (SciaRegsFile)

ScibRegsFile 
*          1    00007210    00000010     UNINITIALIZED
                  00007210    00000010     F2837xD_GlobalVariableDefsforBIOS.obj (ScibRegsFile)

ScicRegsFile 
*          1    00007220    00000010     UNINITIALIZED
                  00007220    00000010     F2837xD_GlobalVariableDefsforBIOS.obj (ScicRegsFile)

ScidRegsFile 
*          1    00007230    00000010     UNINITIALIZED
                  00007230    00000010     F2837xD_GlobalVariableDefsforBIOS.obj (ScidRegsFile)

I2caRegsFile 
*          1    00007300    00000022     UNINITIALIZED
                  00007300    00000022     F2837xD_GlobalVariableDefsforBIOS.obj (I2caRegsFile)

I2cbRegsFile 
*          1    00007340    00000022     UNINITIALIZED
                  00007340    00000022     F2837xD_GlobalVariableDefsforBIOS.obj (I2cbRegsFile)

AdcaRegsFile 
*          1    00007400    00000080     UNINITIALIZED
                  00007400    00000080     F2837xD_GlobalVariableDefsforBIOS.obj (AdcaRegsFile)

AdcbRegsFile 
*          1    00007480    00000080     UNINITIALIZED
                  00007480    00000080     F2837xD_GlobalVariableDefsforBIOS.obj (AdcbRegsFile)

AdccRegsFile 
*          1    00007500    00000080     UNINITIALIZED
                  00007500    00000080     F2837xD_GlobalVariableDefsforBIOS.obj (AdccRegsFile)

AdcdRegsFile 
*          1    00007580    00000080     UNINITIALIZED
                  00007580    00000080     F2837xD_GlobalVariableDefsforBIOS.obj (AdcdRegsFile)

AnalogSubsysRegsFile 
*          1    0005d180    00000048     UNINITIALIZED
                  0005d180    00000048     F2837xD_GlobalVariableDefsforBIOS.obj (AnalogSubsysRegsFile)

Cla1SoftIntRegsFile 
*          1    00000ce0    00000004     DSECT
                  00000ce0    00000004     F2837xD_GlobalVariableDefsforBIOS.obj (Cla1SoftIntRegsFile)

Cmpss1RegsFile 
*          1    00005c80    00000020     UNINITIALIZED
                  00005c80    00000020     F2837xD_GlobalVariableDefsforBIOS.obj (Cmpss1RegsFile)

Cmpss2RegsFile 
*          1    00005ca0    00000020     UNINITIALIZED
                  00005ca0    00000020     F2837xD_GlobalVariableDefsforBIOS.obj (Cmpss2RegsFile)

Cmpss3RegsFile 
*          1    00005cc0    00000020     UNINITIALIZED
                  00005cc0    00000020     F2837xD_GlobalVariableDefsforBIOS.obj (Cmpss3RegsFile)

Cmpss4RegsFile 
*          1    00005ce0    00000020     UNINITIALIZED
                  00005ce0    00000020     F2837xD_GlobalVariableDefsforBIOS.obj (Cmpss4RegsFile)

Cmpss5RegsFile 
*          1    00005d00    00000020     UNINITIALIZED
                  00005d00    00000020     F2837xD_GlobalVariableDefsforBIOS.obj (Cmpss5RegsFile)

Cmpss6RegsFile 
*          1    00005d20    00000020     UNINITIALIZED
                  00005d20    00000020     F2837xD_GlobalVariableDefsforBIOS.obj (Cmpss6RegsFile)

Cmpss7RegsFile 
*          1    00005d40    00000020     UNINITIALIZED
                  00005d40    00000020     F2837xD_GlobalVariableDefsforBIOS.obj (Cmpss7RegsFile)

Cmpss8RegsFile 
*          1    00005d60    00000020     UNINITIALIZED
                  00005d60    00000020     F2837xD_GlobalVariableDefsforBIOS.obj (Cmpss8RegsFile)

TrigRegsFile 
*          1    00007900    00000046     UNINITIALIZED
                  00007900    00000046     F2837xD_GlobalVariableDefsforBIOS.obj (TrigRegsFile)

DmaClaSrcSelRegsFile 
*          1    00007980    0000001a     UNINITIALIZED
                  00007980    0000001a     F2837xD_GlobalVariableDefsforBIOS.obj (DmaClaSrcSelRegsFile)

EPwmXbarRegsFile 
*          1    00007a00    00000040     UNINITIALIZED
                  00007a00    00000040     F2837xD_GlobalVariableDefsforBIOS.obj (EPwmXbarRegsFile)

GpioOutXbarRegsFile 
*          1    00007a80    00000040     UNINITIALIZED
                  00007a80    00000040     F2837xD_GlobalVariableDefsforBIOS.obj (GpioOutXbarRegsFile)

GpioCtrlRegsFile 
*          1    00007c00    00000180     UNINITIALIZED
                  00007c00    00000180     F2837xD_GlobalVariableDefsforBIOS.obj (GpioCtrlRegsFile)

GpioDataRegsFile 
*          1    00007f00    00000030     UNINITIALIZED
                  00007f00    00000030     F2837xD_GlobalVariableDefsforBIOS.obj (GpioDataRegsFile)

Emif1RegsFile 
*          1    00047000    00000070     UNINITIALIZED
                  00047000    00000070     F2837xD_GlobalVariableDefsforBIOS.obj (Emif1RegsFile)

Emif2RegsFile 
*          1    00047800    00000070     UNINITIALIZED
                  00047800    00000070     F2837xD_GlobalVariableDefsforBIOS.obj (Emif2RegsFile)

DcanaRegsFile 
*          1    00048000    00000200     UNINITIALIZED
                  00048000    00000200     F2837xD_GlobalVariableDefsforBIOS.obj (DcanaRegsFile)

DcanbRegsFile 
*          1    0004a000    00000200     UNINITIALIZED
                  0004a000    00000200     F2837xD_GlobalVariableDefsforBIOS.obj (DcanbRegsFile)

IpcRegsFile 
*          1    00050000    00000026     UNINITIALIZED
                  00050000    00000026     F2837xD_GlobalVariableDefsforBIOS.obj (IpcRegsFile)

DevCfgRegsFile 
*          1    0005d000    0000012e     UNINITIALIZED
                  0005d000    0000012e     F2837xD_GlobalVariableDefsforBIOS.obj (DevCfgRegsFile)

ClkCfgRegsFile 
*          1    0005d200    00000032     UNINITIALIZED
                  0005d200    00000032     F2837xD_GlobalVariableDefsforBIOS.obj (ClkCfgRegsFile)

CpuSysRegsFile 
*          1    0005d300    00000082     UNINITIALIZED
                  0005d300    00000082     F2837xD_GlobalVariableDefsforBIOS.obj (CpuSysRegsFile)

HwbistRegsFile 
*          1    0005e000    000000a2     UNINITIALIZED
                  0005e000    000000a2     F2837xD_GlobalVariableDefsforBIOS.obj (HwbistRegsFile)

PbistRegsFile 
*          1    0005e200    000001e6     UNINITIALIZED
                  0005e200    000001e6     F2837xD_GlobalVariableDefsforBIOS.obj (PbistRegsFile)

RomPrefetchRegsFile 
*          1    0005e608    00000002     UNINITIALIZED
                  0005e608    00000002     F2837xD_GlobalVariableDefsforBIOS.obj (RomPrefetchRegsFile)

DcsmRegsZ1File 
*          1    0005f000    00000024     UNINITIALIZED
                  0005f000    00000024     F2837xD_GlobalVariableDefsforBIOS.obj (DcsmRegsZ1File)

DcsmRegsZ2File 
*          1    0005f040    00000024     UNINITIALIZED
                  0005f040    00000024     F2837xD_GlobalVariableDefsforBIOS.obj (DcsmRegsZ2File)

DcsmRegsCommonFile 
*          1    0005f070    00000008     UNINITIALIZED
                  0005f070    00000008     F2837xD_GlobalVariableDefsforBIOS.obj (DcsmRegsCommonFile)

MemCfgRegsFile 
*          1    0005f400    00000080     UNINITIALIZED
                  0005f400    00000080     F2837xD_GlobalVariableDefsforBIOS.obj (MemCfgRegsFile)

Emif1ConfigRegsFile 
*          1    0005f480    00000020     UNINITIALIZED
                  0005f480    00000020     F2837xD_GlobalVariableDefsforBIOS.obj (Emif1ConfigRegsFile)

Emif2ConfigRegsFile 
*          1    0005f4a0    00000020     UNINITIALIZED
                  0005f4a0    00000020     F2837xD_GlobalVariableDefsforBIOS.obj (Emif2ConfigRegsFile)

AccessProtectionRegsFile 
*          1    0005f4c0    00000040     UNINITIALIZED
                  0005f4c0    00000040     F2837xD_GlobalVariableDefsforBIOS.obj (AccessProtectionRegsFile)

MemoryErrorRegsFile 
*          1    0005f500    00000040     UNINITIALIZED
                  0005f500    00000040     F2837xD_GlobalVariableDefsforBIOS.obj (MemoryErrorRegsFile)

RomWaitStateRegsFile 
*          1    0005f540    00000002     UNINITIALIZED
                  0005f540    00000002     F2837xD_GlobalVariableDefsforBIOS.obj (RomWaitStateRegsFile)

FlashCtrlRegsFile 
*          1    0005f800    00000182     UNINITIALIZED
                  0005f800    00000182     F2837xD_GlobalVariableDefsforBIOS.obj (FlashCtrlRegsFile)

FlashEccRegsFile 
*          1    0005fb00    00000028     UNINITIALIZED
                  0005fb00    00000028     F2837xD_GlobalVariableDefsforBIOS.obj (FlashEccRegsFile)

DcsmOtpZ1File 
*          1    00078800    0000001a     UNINITIALIZED
                  00078800    0000001a     F2837xD_GlobalVariableDefsforBIOS.obj (DcsmOtpZ1File)

DcsmOtpZ2File 
*          1    00078900    0000001a     UNINITIALIZED
                  00078900    0000001a     F2837xD_GlobalVariableDefsforBIOS.obj (DcsmOtpZ2File)

MODULE SUMMARY

       Module                                  code    initialized data   uninitialized data
       ------                                  ----    ----------------   ------------------
    .\
       F2837xD_GlobalVariableDefsforBIOS.obj   0       0                  9275              
       F2837xD_SysCtrl.obj                     715     0                  0                 
       F2837xD_Gpio_forBIOS.obj                506     0                  0                 
       F2837xD_Ipc_Driver_Util.obj             344     0                  0                 
       blink_cpu01.obj                         63      5                  2                 
       F2837xD_CodeStartBranch.obj             10      0                  0                 
       F2837xD_usDelay.obj                     8       0                  0                 
    +--+---------------------------------------+-------+------------------+--------------------+
       Total:                                  1646    5                  9277              
                                                                                            
    C:\ayush2\F28379D_Guide\F2837xD\Labs\blink\cpu01\ccs\CPU1_FLASH_STANDALONE\configPkg\package\cfg\
       blink_cpu01_p28FP.o28FP                 1181    8252               6403              
    +--+---------------------------------------+-------+------------------+--------------------+
       Total:                                  1181    8252               6403              
                                                                                            
    C:/CCStudio_v8/ccsv8/tools/compiler/ti-cgt-c2000_18.1.1.LTS/lib/rts2800_fpu32.lib
       trgmsg.c.obj                            148     0                  288               
       ll_div28.asm.obj                        263     0                  0                 
       exit.c.obj                              41      14                 6                 
       hostwrite.c.obj                         56      0                  0                 
       cpy_tbl.c.obj                           36      0                  0                 
[...]
0     0008ab1f  _ti_sysbios_gates_GateMutex_Instance_init__E              
0     0008ab2e  _ti_sysbios_knl_Semaphore_destruct                        
0     0008ab3d  _xdc_runtime_Registry_findById__E                         
0     0008ab4c  _xdc_runtime_Text_visitRope__I                            
0     0008ab5b  _ti_sysbios_knl_Queue_Object__get__S                      
0     0008ab69  _ti_sysbios_knl_Queue_destruct                            
0     0008ab85  _ti_sysbios_BIOS_registerRTSLock__I                       
0     0008ab92  _ti_sysbios_BIOS_removeRTSLock__I                         
0     0008ab9f  _ti_sysbios_family_c28_Hwi_dispatchC__I                   
0     0008abac  _ti_sysbios_family_c28_Hwi_restoreIER__E                  
0     0008abb9  _ti_sysbios_knl_Task_SupportProxy_start__E                
0     0008abc6  _ti_sysbios_knl_Task_enter__I                             
0     0008abd3  _xdc_runtime_Error_check__E                               
0     0008abe0  _xdc_runtime_Memory_HeapProxy_alloc__E                    
0     0008abed  _xdc_runtime_System_abort__E                              
0     0008abfa  _ti_sysbios_BIOS_exitFunc__I                              
0     0008ac06  _ti_sysbios_gates_GateMutex_leave__E                      
0     0008ac12  _ti_sysbios_knl_Queue_put__E                              
0     0008ac1e  _ti_sysbios_knl_Task_enabled__E                           
0     0008ac2a  _xdc_runtime_System_aprintf__E                            
0     0008ac36  _xdc_runtime_System_printf__E                             
0     0008ac42  _memset                                                   
0     0008ac4e  _ti_sysbios_family_c28_Hwi_Module__startupDone__F         
0     0008ac59  _ti_sysbios_family_c28_Timer_Module__startupDone__F       
0     0008ac64  _ti_sysbios_knl_Task_unblock__E                           
0     0008ac6f  _xdc_runtime_Startup_exec__I                              
0     0008ac7a  _xdc_runtime_SysMin_exit__E                               
0     0008ac85  _xdc_runtime_System_exit__E                               
0     0008ac90  _ti_catalog_c2800_initF2837x_Boot_init                    
0     0008ac9a  _xdc_runtime_Error_init__E                                
0     0008acae  _xdc_runtime_Memory_free__E                               
0     0008acb8  _xdc_runtime_System_snprintf_va__F                        
0     0008acb8  _xdc_runtime_System_vsnprintf__E                          
0     0008acc2  _xdc_runtime_Text_ropeText__E                             
0     0008accc  _ti_sysbios_family_c28_TaskSupport_checkStack__E          
0     0008acd5  _ti_sysbios_family_c28_TaskSupport_glue                   
0     0008acde  _ti_sysbios_hal_Hwi_Module_startup__E                     
0     0008ace7  __register_unlock                                         
0     0008aceb  __register_lock                                           
0     0008acef  __nop                                                     
0     0008acf0  _ti_catalog_c2800_initF2837x_Boot_initSharedRAMs          
0     0008ad00  _ti_sysbios_BIOS_setThreadType__E                         
0     0008ad08  _ti_sysbios_gates_GateMutex_Instance_finalize__E          
0     0008ad18  _ti_sysbios_knl_Semaphore_Instance_finalize__E            
0     0008ad20  _xdc_runtime_Memory_HeapProxy_free__E                     
0     0008ad28  _xdc_runtime_Memory_calloc__E                             
0     0008ad30  _xdc_runtime_SysMin_ready__E                              
0     0008ad38  _strlen                                                   
0     0008ad40  _ti_catalog_c2800_initF2837x_Boot_initStartup             
0     0008ad47  _ti_sysbios_BIOS_RtsGateProxy_leave__E                    
0     0008ad4e  _ti_sysbios_hal_Hwi_HwiProxy_getStackInfo__E              
0     0008ad55  _ti_sysbios_heaps_HeapMem_Module_GateProxy_leave__E       
0     0008ad5c  _ti_sysbios_knl_Queue_empty__E                            
0     0008ad63  _ti_sysbios_knl_Task_SupportProxy_checkStack__E           
0     0008ad6a  _ti_sysbios_knl_Task_SupportProxy_swap__E                 
0     0008ad71  _xdc_runtime_System_Module_GateProxy_leave__E             
0     0008ad78  _ti_sysbios_BIOS_RtsGateProxy_enter__E                    
0     0008ad7e  _ti_sysbios_BIOS_start__E                                 
0     0008ad84  _ti_sysbios_family_c28_IntrinsicsSupport_maxbit__E        
0     0008ad8a  _ti_sysbios_heaps_HeapMem_Module_GateProxy_enter__E       
0     0008ad90  _ti_sysbios_heaps_HeapMem_Module_GateProxy_query__E       
0     0008ad96  _ti_sysbios_knl_Clock_TimerProxy_getMaxTicks__E           
0     0008ad9c  _ti_sysbios_knl_Swi_disable__E                            
0     0008ada2  _ti_sysbios_knl_Task_disable__E                           
0     0008ada8  _xdc_runtime_Gate_enterSystem__E                          
0     0008adae  _xdc_runtime_Gate_leaveSystem__E                          
0     0008adb4  _xdc_runtime_System_Module_GateProxy_enter__E             
0     0008adba  _xdc_runtime_System_SupportProxy_abort__E                 
0     0008adc0  _xdc_runtime_System_SupportProxy_exit__E                  
0     0008adc6  _xdc_runtime_System_SupportProxy_putch__E                 
0     0008adcc  _ti_sysbios_family_c28_Hwi_switchFromBootStack__E         
0     0008add1  _ti_sysbios_gates_GateHwi_enter__E                        
0     0008addb  _ti_sysbios_family_c28_Hwi_startup__E                     
0     0008addf  _ti_sysbios_heaps_HeapMem_isBlocking__E                   
0     0008ade3  _ti_sysbios_knl_Swi_startup__E                            
0     0008ade7  _xdc_runtime_Memory_getMaxDefaultTypeAlign__E             
0     0008adeb  _xdc_runtime_Startup_rtsDone__E                           
0     0008adef  _ti_catalog_c2800_initF2837x_Boot_limpAbort               
0     0008adf2  ___xdc__init                                              
0     0008adf5  _ti_sysbios_family_c28_Hwi_Module__startupDone__S         
0     0008adf8  _ti_sysbios_family_c28_Timer_Module__startupDone__S       
0     0008adfb  _ti_sysbios_gates_GateHwi_leave__E                        
0     0008adfe  _ti_sysbios_hal_Hwi_HwiProxy_Module__startupDone__S       
0     0008ae01  _ti_sysbios_hal_Hwi_HwiProxy_startup__E                   
0     0008ae04  _ti_sysbios_hal_Hwi_HwiProxy_switchFromBootStack__E       
0     0008ae07  _ti_sysbios_hal_Hwi_startup__E                            
0     0008ae0a  _ti_sysbios_knl_Clock_TimerProxy_Module__startupDone__S   
0     0008ae0d  _ti_sysbios_knl_Idle_loop__E                              
0     0008ae10  _ti_sysbios_knl_Queue_Instance_init__E                    
0     0008ae13  _ti_sysbios_knl_Task_SupportProxy_Module__startupDone__S  
0     0008ae16  _ti_sysbios_knl_Task_startup__E                           
0     0008ae19  _xdc_runtime_Startup_reset__I                             
0     0008ae1c  _xdc_runtime_System_Module_startup__E                     
0     0008ae1f  _xdc_runtime_System_SupportProxy_ready__E                 
0     0008ae22  _xdc_runtime_System_abortStd__E                           
0     0008ae25  _xdc_runtime_System_exitStd__E                            
0     0008ae28  _ti_sysbios_family_c28_TaskSupport_Module__startupDone__S 
0     0008ae2a  _ti_sysbios_family_c28_Timer_getMaxTicks__E               
0     0008ae2c  _ti_sysbios_gates_GateHwi_query__E                        
0     0008ae2e  _ti_sysbios_gates_GateMutex_query__E                      
0     0008ae30  _xdc_runtime_Error_getSite__E                             
0     0008ae32  __system_pre_init                                         
0     0008ae34  _ti_sysbios_BIOS_linkedWithIncorrectBootLibrary__E        
0     0008ae35  _ti_sysbios_BIOS_nullFunc__I                              
0     0008ae36  _ti_sysbios_family_c28_Hwi_interruptReturn__I             
0     0008ae37  _ti_sysbios_gates_GateHwi_Instance_init__E                
0     0008ae38  __system_post_cinit                                       
0     0008ae39  ___etext__                                                
0     0008ae39  etext                                                     
1     00000400  __stack                                                   
1     00000800  __STACK_END                                               
1     00000b00  _AdcaResultRegs                                           
1     00000b20  _AdcbResultRegs                                           
1     00000b40  _AdccResultRegs                                           
1     00000b60  _AdcdResultRegs                                           
1     00000c00  _CpuTimer0Regs                                            
1     00000c08  _CpuTimer1Regs                                            
1     00000c10  _CpuTimer2Regs                                            
1     00000ce0  _PieCtrlRegs                                              
1     00001000  _DmaRegs                                                  
1     00001400  _Cla1Regs                                                 
1     00004000  _EPwm1Regs                                                
1     00004100  _EPwm2Regs                                                
1     00004200  _EPwm3Regs                                                
1     00004300  _EPwm4Regs                                                
1     00004400  _EPwm5Regs                                                
1     00004500  _EPwm6Regs                                                
1     00004600  _EPwm7Regs                                                
1     00004700  _EPwm8Regs                                                
1     00004800  _EPwm9Regs                                                
1     00004900  _EPwm10Regs                                               
1     00004a00  _EPwm11Regs                                               
1     00004b00  _EPwm12Regs                                               
1     00005000  _ECap1Regs                                                
1     00005020  _ECap2Regs                                                
1     00005040  _ECap3Regs                                                
1     00005060  _ECap4Regs                                                
1     00005080  _ECap5Regs                                                
1     000050a0  _ECap6Regs                                                
1     00005100  _EQep1Regs                                                
1     00005140  _EQep2Regs                                                
1     00005180  _EQep3Regs                                                
1     00005c00  _DacaRegs                                                 
1     00005c10  _DacbRegs                                                 
1     00005c20  _DaccRegs                                                 
1     00005c80  _Cmpss1Regs                                               
1     00005ca0  _Cmpss2Regs                                               
1     00005cc0  _Cmpss3Regs                                               
1     00005ce0  _Cmpss4Regs                                               
1     00005d00  _Cmpss5Regs                                               
1     00005d20  _Cmpss6Regs                                               
1     00005d40  _Cmpss7Regs                                               
1     00005d60  _Cmpss8Regs                                               
1     00005e00  _Sdfm1Regs                                                
1     00005e80  _Sdfm2Regs                                                
1     00006000  _McbspaRegs                                               
1     00006040  _McbspbRegs                                               
1     00006100  _SpiaRegs                                                 
1     00006110  _SpibRegs                                                 
1     00006120  _SpicRegs                                                 
1     00006130  _SpidRegs                                                 
1     00006200  _UppRegs                                                  
1     00007000  _WdRegs                                                   
1     00007060  _NmiIntruptRegs                                           
1     00007070  _XintRegs                                                 
1     00007200  _SciaRegs                                                 
1     00007210  _ScibRegs                                                 
1     00007220  _ScicRegs                                                 
1     00007230  _ScidRegs                                                 
1     00007300  _I2caRegs                                                 
1     00007340  _I2cbRegs                                                 
1     00007400  _AdcaRegs                                                 
1     00007480  _AdcbRegs                                                 
1     00007500  _AdccRegs                                                 
1     00007580  _AdcdRegs                                                 
1     00007900  _TrigRegs                                                 
1     00007980  _DmaClaSrcSelRegs                                         
1     00007a00  _EPwmXbarRegs                                             
1     00007a80  _OutputXbarRegs                                           
1     00007c00  _GpioCtrlRegs                                             
1     00007f00  _GpioDataRegs                                             
1     00008000  _ti_sysbios_knl_Task_Instance_State_0_stack__A            
1     00008100  _ti_sysbios_heaps_HeapMem_Instance_State_0_buf__A         
1     00009103  _parmbuf                                                  
1     0000910c  ___TI_enable_exit_profile_output                          
1     0000910e  ___TI_cleanup_ptr                                         
1     00009110  ___TI_dtors_ptr                                           
1     00009112  __lock                                                    
1     00009114  __unlock                                                  
1     00009116  _myindex                                                  
1     00009140  _xdc_runtime_Error_Module__state__V                       
1     00009142  _xdc_runtime_Memory_Module__state__V                      
1     00009144  ___xdc__init__addr                                        
1     00009146  _ti_sysbios_gates_GateHwi_Object__table__V                
1     00009148  _ti_sysbios_knl_Task_Module_State_0_idleTask__A           
1     0000914a  _ti_sysbios_knl_Clock_Module__root__V                     
1     0000914e  _ti_sysbios_heaps_HeapMem_Module__root__V                 
1     00009152  _ti_sysbios_gates_GateMutex_Module__root__V               
1     00009156  _xdc_runtime_Registry_Module__state__V                    
1     0000915a  _ti_sysbios_knl_Queue_Module__root__V                     
1     0000915e  _xdc_runtime_Startup_Module__state__V                     
1     00009162  _xdc_runtime_Text_Module__state__V                        
1     00009166  _ti_sysbios_knl_Task_Module__root__V                      
1     0000916a  _ti_sysbios_hal_Hwi_Module__root__V                       
1     0000916e  _xdc_runtime_SysMin_Module__state__V                      
1     00009172  _ti_sysbios_knl_Swi_Module__root__V                       
1     00009176  _ti_sysbios_family_c28_Hwi_Module__root__V                
1     0000917a  _xdc_runtime_System_Module__state__V                      
1     00009180  _ti_sysbios_knl_Semaphore_Module__root__V                 
1     00009184  _ti_sysbios_family_c28_Timer_Module__root__V              
1     00009188  _ti_sysbios_gates_GateHwi_Module__root__V                 
1     0000918c  _ti_sysbios_family_c28_Timer_Module__state__V             
1     00009194  _ti_sysbios_knl_Swi_Module__state__V                      
1     000091a0  _ti_sysbios_heaps_HeapMem_Object__table__V                
1     000091ac  _ti_sysbios_family_c28_Hwi_Module__state__V               
1     000091c0  _ti_sysbios_knl_Clock_Object__table__V                    
1     000091d0  _xdc_runtime_Error_IgnoreBlock                            
1     000091e0  _xdc_runtime_System_Module_State_0_atexitHandlers__A      
1     000091f0  _ti_sysbios_family_c28_Hwi_Object__table__V               
1     00009200  _ti_sysbios_BIOS_Module__state__V                         
1     00009212  _ti_sysbios_knl_Swi_Object__table__V                      
1     00009226  _ti_sysbios_knl_Clock_Module__state__V                    
1     00009240  _ti_sysbios_family_c28_Timer_Object__table__V             
1     00009258  _ti_sysbios_gates_GateMutex_Object__table__V              
1     00009280  _ti_sysbios_knl_Task_Module__state__V                     
1     000092c0  _ti_sysbios_knl_Task_Object__table__V                     
1     00009300  _ti_sysbios_knl_Task_Module_State_0_readyQ__A             
1     00009340  _ti_sysbios_knl_Swi_Module_State_0_readyQ__A              
1     00009380  _ti_sysbios_family_c28_Hwi_Module_State_0_dispatchTable__A
1     00009540  _xdc_runtime_SysMin_Module_State_0_outbuf__A              
1     00009980  __CIOBUF_                                                 
1     00047000  _Emif1Regs                                                
1     00047800  _Emif2Regs                                                
1     00048000  _DcanaRegs                                                
1     0004a000  _DcanbRegs                                                
1     00050000  _IpcRegs                                                  
1     0005d000  _DevCfgRegs                                               
1     0005d180  _AnalogSubsysRegs                                         
1     0005d200  _ClkCfgRegs                                               
1     0005d300  _CpuSysRegs                                               
1     0005e000  _HwbistRegs                                               
1     0005e200  _PbistRegs                                                
1     0005e608  _RomPrefetchRegs                                          
1     0005f000  _DcsmZ1Regs                                               
1     0005f040  _DcsmZ2Regs                                               
1     0005f070  _DcsmCommonRegs                                           
1     0005f400  _MemCfgRegs                                               
1     0005f480  _Emif1ConfigRegs                                          
1     0005f4a0  _Emif2ConfigRegs                                          
1     0005f4c0  _AccessProtectionRegs                                     
1     0005f500  _MemoryErrorRegs                                          
1     0005f540  _RomWaitStateRegs                                         
1     0005f800  _FlashCtrlRegs                                            
1     0005fb00  _FlashEccRegs                                             
1     00078800  _DcsmZ1Otp                                                
1     00078900  _DcsmZ2Otp                                                
abs   00000001  _xdc_runtime_Startup__EXECFXN__C                          
abs   00000001  _xdc_runtime_Startup__RESETFXN__C                         
abs   00000029  _RamfuncsLoadSize                                         
abs   00000029  _RamfuncsRunSize                                          
abs   00000400  __STACK_SIZE                                              
abs   ffffffff  ___TI_pprof_out_hndl                                      
abs   ffffffff  ___TI_prof_data_size                                      
abs   ffffffff  ___TI_prof_data_start                                     
abs   ffffffff  ___pinit__                                                
abs   ffffffff  pinit                                                     

[640 symbols]
