<?xml version="1.0" encoding="ISO-8859-1" ?>
<link_info>
   <banner>TMS320C2000 Linker PC v18.1.1.LTS</banner>
   <copyright>Copyright (c) 1996-2017 Texas Instruments Incorporated</copyright>
   <link_time>0x5c741660</link_time>
   <link_errors>0x0</link_errors>
   <output_file>blink_cpu01.out</output_file>
   <entry_point>
      <name>_c_int00</name>
      <address>0x89c95</address>
   </entry_point>
   <input_file_list>
      <input_file id="fl-2">
         <path>.\</path>
         <kind>object</kind>
         <file>F2837xD_CodeStartBranch.obj</file>
         <name>F2837xD_CodeStartBranch.obj</name>
      </input_file>
      <input_file id="fl-3">
         <path>.\</path>
         <kind>object</kind>
         <file>F2837xD_GlobalVariableDefsforBIOS.obj</file>
         <name>F2837xD_GlobalVariableDefsforBIOS.obj</name>
      </input_file>
      <input_file id="fl-4">
         <path>.\</path>
         <kind>object</kind>
         <file>F2837xD_Gpio_forBIOS.obj</file>
         <name>F2837xD_Gpio_forBIOS.obj</name>
      </input_file>
      <input_file id="fl-5">
         <path>.\</path>
         <kind>object</kind>
         <file>F2837xD_Ipc.obj</file>
         <name>F2837xD_Ipc.obj</name>
      </input_file>
      <input_file id="fl-6">
         <path>.\</path>
         <kind>object</kind>
         <file>F2837xD_Ipc_Driver_Util.obj</file>
         <name>F2837xD_Ipc_Driver_Util.obj</name>
      </input_file>
      <input_file id="fl-7">
         <path>.\</path>
         <kind>object</kind>
         <file>F2837xD_SysCtrl.obj</file>
         <name>F2837xD_SysCtrl.obj</name>
      </input_file>
      <input_file id="fl-8">
         <path>.\</path>
         <kind>object</kind>
         <file>F2837xD_usDelay.obj</file>
         <name>F2837xD_usDelay.obj</name>
      </input_file>
      <input_file id="fl-9">
         <path>.\</path>
         <kind>object</kind>
         <file>blink_cpu01.obj</file>
         <name>blink_cpu01.obj</name>
      </input_file>
      <input_file id="fl-b">
         <path>C:\ayush2\F28379D_Guide\F2837xD\Labs\blink\cpu01\ccs\CPU1_FLASH_STANDALONE\configPkg\package\cfg\</path>
         <kind>object</kind>
         <file>blink_cpu01_p28FP.o28FP</file>
         <name>blink_cpu01_p28FP.o28FP</name>
      </input_file>
      <input_file id="fl-16">
         <kind>object</kind>
         <file>&lt;internal&gt;</file>
         <name>&lt;internal&gt;</name>
      </input_file>
      <input_file id="fl-17">
         <path>C:\ayush2\F28379D_Guide\F2837xD\Labs\blink\cpu01\ccs\src\sysbios\</path>
         <kind>archive</kind>
         <file>sysbios.a28FP</file>
         <name>BIOS.obj</name>
      </input_file>
      <input_file id="fl-18">
         <path>C:\ayush2\F28379D_Guide\F2837xD\Labs\blink\cpu01\ccs\src\sysbios\</path>
         <kind>archive</kind>
         <file>sysbios.a28FP</file>
         <name>c28_Hwi_asm.obj</name>
      </input_file>
      <input_file id="fl-19">
         <path>C:\ayush2\F28379D_Guide\F2837xD\Labs\blink\cpu01\ccs\src\sysbios\</path>
         <kind>archive</kind>
         <file>sysbios.a28FP</file>
         <name>c28_Hwi_disp_asm.obj</name>
      </input_file>
      <input_file id="fl-1a">
         <path>C:\ayush2\F28379D_Guide\F2837xD\Labs\blink\cpu01\ccs\src\sysbios\</path>
         <kind>archive</kind>
         <file>sysbios.a28FP</file>
         <name>c28_IntrinsicsSupport_asm.obj</name>
      </input_file>
      <input_file id="fl-1b">
         <path>C:\ayush2\F28379D_Guide\F2837xD\Labs\blink\cpu01\ccs\src\sysbios\</path>
         <kind>archive</kind>
         <file>sysbios.a28FP</file>
         <name>c28_TaskSupport_asm.obj</name>
      </input_file>
      <input_file id="fl-1c">
         <path>C:\CCStudio_v8\bios_6_70_01_03\packages\ti\targets\rts2800\lib\</path>
         <kind>archive</kind>
         <file>ti.targets.rts2800.a28FP</file>
         <name>Assert.o28FP</name>
      </input_file>
      <input_file id="fl-1d">
         <path>C:\CCStudio_v8\bios_6_70_01_03\packages\ti\targets\rts2800\lib\</path>
         <kind>archive</kind>
         <file>ti.targets.rts2800.a28FP</file>
         <name>Core-mem.o28FP</name>
      </input_file>
      <input_file id="fl-1e">
         <path>C:\CCStudio_v8\bios_6_70_01_03\packages\ti\targets\rts2800\lib\</path>
         <kind>archive</kind>
         <file>ti.targets.rts2800.a28FP</file>
         <name>Core-smem.o28FP</name>
      </input_file>
      <input_file id="fl-1f">
         <path>C:\CCStudio_v8\bios_6_70_01_03\packages\ti\targets\rts2800\lib\</path>
         <kind>archive</kind>
         <file>ti.targets.rts2800.a28FP</file>
         <name>Core-label.o28FP</name>
      </input_file>
      <input_file id="fl-20">
         <path>C:\CCStudio_v8\bios_6_70_01_03\packages\ti\targets\rts2800\lib\</path>
         <kind>archive</kind>
         <file>ti.targets.rts2800.a28FP</file>
         <name>Core-params.o28FP</name>
      </input_file>
      <input_file id="fl-21">
         <path>C:\CCStudio_v8\bios_6_70_01_03\packages\ti\targets\rts2800\lib\</path>
         <kind>archive</kind>
         <file>ti.targets.rts2800.a28FP</file>
         <name>Error.o28FP</name>
      </input_file>
      <input_file id="fl-22">
         <path>C:\CCStudio_v8\bios_6_70_01_03\packages\ti\targets\rts2800\lib\</path>
         <kind>archive</kind>
         <file>ti.targets.rts2800.a28FP</file>
         <name>Gate.o28FP</name>
      </input_file>
      <input_file id="fl-23">
         <path>C:\CCStudio_v8\bios_6_70_01_03\packages\ti\targets\rts2800\lib\</path>
         <kind>archive</kind>
         <file>ti.targets.rts2800.a28FP</file>
         <name>Memory.o28FP</name>
      </input_file>
      <input_file id="fl-24">
         <path>C:\CCStudio_v8\bios_6_70_01_03\packages\ti\targets\rts2800\lib\</path>
         <kind>archive</kind>
         <file>ti.targets.rts2800.a28FP</file>
         <name>Startup.o28FP</name>
      </input_file>
      <input_file id="fl-25">
         <path>C:\CCStudio_v8\bios_6_70_01_03\packages\ti\targets\rts2800\lib\</path>
         <kind>archive</kind>
         <file>ti.targets.rts2800.a28FP</file>
         <name>System.o28FP</name>
      </input_file>
      <input_file id="fl-26">
         <path>C:\CCStudio_v8\bios_6_70_01_03\packages\ti\targets\rts2800\lib\</path>
         <kind>archive</kind>
         <file>ti.targets.rts2800.a28FP</file>
         <name>SysMin.o28FP</name>
      </input_file>
      <input_file id="fl-27">
         <path>C:\CCStudio_v8\bios_6_70_01_03\packages\ti\targets\rts2800\lib\</path>
         <kind>archive</kind>
         <file>ti.targets.rts2800.a28FP</file>
         <name>Text.o28FP</name>
      </input_file>
      <input_file id="fl-28">
         <path>C:\CCStudio_v8\bios_6_70_01_03\packages\ti\targets\rts2800\lib\</path>
         <kind>archive</kind>
         <file>ti.targets.rts2800.a28FP</file>
         <name>xdc_noinit.o28FP</name>
      </input_file>
      <input_file id="fl-29">
         <path>C:\CCStudio_v8\bios_6_70_01_03\packages\ti\targets\rts2800\lib\</path>
         <kind>archive</kind>
         <file>ti.targets.rts2800.a28FP</file>
         <name>Registry.o28FP</name>
      </input_file>
      <input_file id="fl-2a">
         <path>C:\CCStudio_v8\bios_6_70_01_03\packages\ti\targets\rts2800\lib\</path>
         <kind>archive</kind>
         <file>boot.a28FP</file>
         <name>boot_cg.o28FP</name>
      </input_file>
      <input_file id="fl-2b">
         <path>C:\CCStudio_v8\bios_6_70_01_03\packages\ti\catalog\c2800\initF2837x\lib\</path>
         <kind>archive</kind>
         <file>Boot.a28FP</file>
         <name>Boot.o28FP</name>
      </input_file>
      <input_file id="fl-2c">
         <path>C:\CCStudio_v8\ccsv8\tools\compiler\ti-cgt-c2000_18.1.1.LTS\lib\</path>
         <kind>archive</kind>
         <file>rts2800_fpu32.lib</file>
         <name>ll_aox28.asm.obj</name>
      </input_file>
      <input_file id="fl-2d">
         <path>C:\CCStudio_v8\ccsv8\tools\compiler\ti-cgt-c2000_18.1.1.LTS\lib\</path>
         <kind>archive</kind>
         <file>rts2800_fpu32.lib</file>
         <name>ll_div28.asm.obj</name>
      </input_file>
      <input_file id="fl-2e">
         <path>C:\CCStudio_v8\ccsv8\tools\compiler\ti-cgt-c2000_18.1.1.LTS\lib\</path>
         <kind>archive</kind>
         <file>rts2800_fpu32.lib</file>
         <name>cpy_tbl.c.obj</name>
      </input_file>
      <input_file id="fl-2f">
         <path>C:\CCStudio_v8\ccsv8\tools\compiler\ti-cgt-c2000_18.1.1.LTS\lib\</path>
         <kind>archive</kind>
         <file>rts2800_fpu32.lib</file>
         <name>memcpy.c.obj</name>
      </input_file>
      <input_file id="fl-30">
         <path>C:\CCStudio_v8\ccsv8\tools\compiler\ti-cgt-c2000_18.1.1.LTS\lib\</path>
         <kind>archive</kind>
         <file>rts2800_fpu32.lib</file>
         <name>pre_init.c.obj</name>
      </input_file>
      <input_file id="fl-31">
         <path>C:\CCStudio_v8\ccsv8\tools\compiler\ti-cgt-c2000_18.1.1.LTS\lib\</path>
         <kind>archive</kind>
         <file>rts2800_fpu32.lib</file>
         <name>startup.c.obj</name>
      </input_file>
      <input_file id="fl-32">
         <path>C:\CCStudio_v8\ccsv8\tools\compiler\ti-cgt-c2000_18.1.1.LTS\lib\</path>
         <kind>archive</kind>
         <file>rts2800_fpu32.lib</file>
         <name>exit.c.obj</name>
      </input_file>
      <input_file id="fl-33">
         <path>C:\CCStudio_v8\ccsv8\tools\compiler\ti-cgt-c2000_18.1.1.LTS\lib\</path>
         <kind>archive</kind>
         <file>rts2800_fpu32.lib</file>
         <name>_lock.c.obj</name>
      </input_file>
      <input_file id="fl-34">
         <path>C:\CCStudio_v8\ccsv8\tools\compiler\ti-cgt-c2000_18.1.1.LTS\lib\</path>
         <kind>archive</kind>
         <file>rts2800_fpu32.lib</file>
         <name>args_main.c.obj</name>
      </input_file>
      <input_file id="fl-35">
         <path>C:\CCStudio_v8\ccsv8\tools\compiler\ti-cgt-c2000_18.1.1.LTS\lib\</path>
         <kind>archive</kind>
         <file>rts2800_fpu32.lib</file>
         <name>memset.c.obj</name>
      </input_file>
      <input_file id="fl-36">
         <path>C:\CCStudio_v8\ccsv8\tools\compiler\ti-cgt-c2000_18.1.1.LTS\lib\</path>
         <kind>archive</kind>
         <file>rts2800_fpu32.lib</file>
         <name>strcmp.c.obj</name>
      </input_file>
      <input_file id="fl-37">
         <path>C:\CCStudio_v8\ccsv8\tools\compiler\ti-cgt-c2000_18.1.1.LTS\lib\</path>
         <kind>archive</kind>
         <file>rts2800_fpu32.lib</file>
         <name>strlen.c.obj</name>
      </input_file>
      <input_file id="fl-38">
         <path>C:\CCStudio_v8\ccsv8\tools\compiler\ti-cgt-c2000_18.1.1.LTS\lib\</path>
         <kind>archive</kind>
         <file>rts2800_fpu32.lib</file>
         <name>hostwrite.c.obj</name>
      </input_file>
      <input_file id="fl-39">
         <path>C:\CCStudio_v8\ccsv8\tools\compiler\ti-cgt-c2000_18.1.1.LTS\lib\</path>
         <kind>archive</kind>
         <file>rts2800_fpu32.lib</file>
         <name>trgmsg.c.obj</name>
      </input_file>
      <input_file id="fl-3a">
         <path>C:\CCStudio_v8\ccsv8\tools\compiler\ti-cgt-c2000_18.1.1.LTS\lib\</path>
         <kind>archive</kind>
         <file>rts2800_fpu32.lib</file>
         <name>hostopen.c.obj</name>
      </input_file>
   </input_file_list>
   <object_component_list>
      <object_component id="oc-2bf">
         <name>.text:ti_catalog_c2800_initF2837x_flashfuncs:_ti_catalog_c2800_initF2837x_Boot_initFlash</name>
         <load_address>0x80002</load_address>
         <run_address>0xb000</run_address>
         <size>0x27</size>
         <input_file_ref idref="fl-2b"/>
      </object_component>
      <object_component id="oc-109">
         <name>xdc.meta</name>
         <load_address>0x0</load_address>
         <run_address>0x0</run_address>
         <size>0x105</size>
         <input_file_ref idref="fl-b"/>
      </object_component>
      <object_component id="oc-106">
         <name>.cinit</name>
         <load_address>0x82000</load_address>
         <run_address>0x82000</run_address>
         <size>0x425</size>
         <input_file_ref idref="fl-b"/>
      </object_component>
      <object_component id="oc-19a">
         <name>.cinit</name>
         <load_address>0x82425</load_address>
         <run_address>0x82425</run_address>
         <size>0xe</size>
         <input_file_ref idref="fl-32"/>
      </object_component>
      <object_component id="oc-242">
         <name>.cinit:__lock</name>
         <load_address>0x82433</load_address>
         <run_address>0x82433</run_address>
         <size>0x5</size>
         <input_file_ref idref="fl-33"/>
      </object_component>
      <object_component id="oc-241">
         <name>.cinit:__unlock</name>
         <load_address>0x82438</load_address>
         <run_address>0x82438</run_address>
         <size>0x5</size>
         <input_file_ref idref="fl-33"/>
      </object_component>
      <object_component id="oc-ff">
         <name>.cinit</name>
         <load_address>0x8243d</load_address>
         <run_address>0x8243d</run_address>
         <size>0x5</size>
         <input_file_ref idref="fl-9"/>
      </object_component>
      <object_component id="oc-36a">
         <name>.binit</name>
         <load_address>0x81f68</load_address>
         <run_address>0x81f68</run_address>
         <size>0xa</size>
      </object_component>
      <object_component id="oc-1f6">
         <name>.text</name>
         <load_address>0x88000</load_address>
         <run_address>0x88000</run_address>
         <size>0x281</size>
         <input_file_ref idref="fl-7"/>
      </object_component>
      <object_component id="oc-348">
         <name>.text:_xdc_runtime_System_doPrint__I</name>
         <load_address>0x88281</load_address>
         <run_address>0x88281</run_address>
         <size>0x232</size>
         <input_file_ref idref="fl-25"/>
      </object_component>
      <object_component id="oc-1f7">
         <name>.text</name>
         <load_address>0x884b3</load_address>
         <run_address>0x884b3</run_address>
         <size>0x1fa</size>
         <input_file_ref idref="fl-4"/>
      </object_component>
      <object_component id="oc-254">
         <name>.text:_ti_sysbios_knl_Semaphore_pend__E</name>
         <load_address>0x886ad</load_address>
         <run_address>0x886ad</run_address>
         <size>0x1dc</size>
         <input_file_ref idref="fl-17"/>
      </object_component>
      <object_component id="oc-230">
         <name>.text:_ti_sysbios_heaps_HeapMem_freeUnprotected__E</name>
         <load_address>0x88889</load_address>
         <run_address>0x88889</run_address>
         <size>0x1a1</size>
         <input_file_ref idref="fl-17"/>
      </object_component>
      <object_component id="oc-22c">
         <name>.text:_ti_sysbios_heaps_HeapMem_allocUnprotected__E</name>
         <load_address>0x88a2a</load_address>
         <run_address>0x88a2a</run_address>
         <size>0x181</size>
         <input_file_ref idref="fl-17"/>
      </object_component>
      <object_component id="oc-1f8">
         <name>.text</name>
         <load_address>0x88bab</load_address>
         <run_address>0x88bab</run_address>
         <size>0x158</size>
         <input_file_ref idref="fl-6"/>
      </object_component>
      <object_component id="oc-35c">
         <name>.text:_xdc_runtime_System_printfExtend__I</name>
         <load_address>0x88d03</load_address>
         <run_address>0x88d03</run_address>
         <size>0x10a</size>
         <input_file_ref idref="fl-b"/>
      </object_component>
      <object_component id="oc-180">
         <name>.text</name>
         <load_address>0x88e0d</load_address>
         <run_address>0x88e0d</run_address>
         <size>0x107</size>
         <input_file_ref idref="fl-2d"/>
      </object_component>
      <object_component id="oc-233">
         <name>.text:_ti_sysbios_heaps_HeapMem_Instance_init__E</name>
         <load_address>0x88f14</load_address>
         <run_address>0x88f14</run_address>
         <size>0xed</size>
         <input_file_ref idref="fl-17"/>
      </object_component>
      <object_component id="oc-287">
         <name>.text:_ti_sysbios_family_c28_Hwi_clearInterrupt__E</name>
         <load_address>0x89001</load_address>
         <run_address>0x89001</run_address>
         <size>0xe0</size>
         <input_file_ref idref="fl-17"/>
      </object_component>
      <object_component id="oc-35e">
         <name>.text:_ti_sysbios_family_c28_Hwi_dispatchCore__I</name>
         <load_address>0x890e1</load_address>
         <run_address>0x890e1</run_address>
         <size>0xc2</size>
         <input_file_ref idref="fl-17"/>
      </object_component>
      <object_component id="oc-1da">
         <name>.text:_ti_sysbios_knl_Clock_workFunc__E</name>
         <load_address>0x891a3</load_address>
         <run_address>0x891a3</run_address>
         <size>0xba</size>
         <input_file_ref idref="fl-17"/>
      </object_component>
      <object_component id="oc-255">
         <name>.text:_ti_sysbios_knl_Semaphore_post__E</name>
         <load_address>0x8925d</load_address>
         <run_address>0x8925d</run_address>
         <size>0xb8</size>
         <input_file_ref idref="fl-17"/>
      </object_component>
      <object_component id="oc-2ca">
         <name>.text:_ti_sysbios_knl_Swi_run__I</name>
         <load_address>0x89315</load_address>
         <run_address>0x89315</run_address>
         <size>0xb1</size>
         <input_file_ref idref="fl-17"/>
      </object_component>
      <object_component id="oc-226">
         <name>.text:_xdc_runtime_Core_createObject__I</name>
         <load_address>0x893c6</load_address>
         <run_address>0x893c6</run_address>
         <size>0xac</size>
         <input_file_ref idref="fl-1d"/>
      </object_component>
      <object_component id="oc-25a">
         <name>.text:_xdc_runtime_Error_policyDefault__E</name>
         <load_address>0x89472</load_address>
         <run_address>0x89472</run_address>
         <size>0x9c</size>
         <input_file_ref idref="fl-21"/>
      </object_component>
      <object_component id="oc-1d6">
         <name>.text</name>
         <load_address>0x8950e</load_address>
         <run_address>0x8950e</run_address>
         <size>0x9c</size>
         <input_file_ref idref="fl-9"/>
      </object_component>
      <object_component id="oc-330">
         <name>.text:_ti_sysbios_family_c28_Hwi_dispatch</name>
         <load_address>0x895aa</load_address>
         <run_address>0x895aa</run_address>
         <size>0x9b</size>
         <input_file_ref idref="fl-19"/>
      </object_component>
      <object_component id="oc-2e2">
         <name>.text:_xdc_runtime_Core_constructObject__I</name>
         <load_address>0x89645</load_address>
         <run_address>0x89645</run_address>
         <size>0x9a</size>
         <input_file_ref idref="fl-1e"/>
      </object_component>
      <object_component id="oc-2bc">
         <name>.text:_ti_catalog_c2800_initF2837x_Boot_defaultLimpAbortFunction</name>
         <load_address>0x896df</load_address>
         <run_address>0x896df</run_address>
         <size>0x1</size>
         <input_file_ref idref="fl-2b"/>
      </object_component>
      <object_component id="oc-32a">
         <name>.text</name>
         <load_address>0x896e0</load_address>
         <run_address>0x896e0</run_address>
         <size>0x94</size>
         <input_file_ref idref="fl-39"/>
      </object_component>
      <object_component id="oc-288">
         <name>.text:_ti_sysbios_family_c28_Hwi_enableInterrupt__E</name>
         <load_address>0x89774</load_address>
         <run_address>0x89774</run_address>
         <size>0x8e</size>
         <input_file_ref idref="fl-17"/>
      </object_component>
      <object_component id="oc-34a">
         <name>.text:_ti_sysbios_family_c28_Hwi_disableInterrupt__E</name>
         <load_address>0x89802</load_address>
         <run_address>0x89802</run_address>
         <size>0x81</size>
         <input_file_ref idref="fl-17"/>
      </object_component>
      <object_component id="oc-2d4">
         <name>.text:_ti_sysbios_family_c28_Hwi_disablePIEIER__E</name>
         <load_address>0x89883</load_address>
         <run_address>0x89883</run_address>
         <size>0x80</size>
         <input_file_ref idref="fl-17"/>
      </object_component>
      <object_component id="oc-2d3">
         <name>.text:_ti_sysbios_family_c28_Hwi_enablePIEIER__E</name>
         <load_address>0x89903</load_address>
         <run_address>0x89903</run_address>
         <size>0x7f</size>
         <input_file_ref idref="fl-17"/>
      </object_component>
      <object_component id="oc-2c1">
         <name>.text:_xdc_runtime_Startup_startMods__I</name>
         <load_address>0x89982</load_address>
         <run_address>0x89982</run_address>
         <size>0x79</size>
         <input_file_ref idref="fl-24"/>
      </object_component>
      <object_component id="oc-28b">
         <name>.text:_ti_sysbios_knl_Task_checkStacks__E</name>
         <load_address>0x899fb</load_address>
         <run_address>0x899fb</run_address>
         <size>0x73</size>
         <input_file_ref idref="fl-17"/>
      </object_component>
      <object_component id="oc-24b">
         <name>.text:_ti_sysbios_knl_Task_startCore__E</name>
         <load_address>0x89a6e</load_address>
         <run_address>0x89a6e</run_address>
         <size>0x72</size>
         <input_file_ref idref="fl-17"/>
      </object_component>
      <object_component id="oc-216">
         <name>.text:_ti_sysbios_gates_GateMutex_enter__E</name>
         <load_address>0x89ae0</load_address>
         <run_address>0x89ae0</run_address>
         <size>0x71</size>
         <input_file_ref idref="fl-17"/>
      </object_component>
      <object_component id="oc-2cb">
         <name>.text:_ti_sysbios_knl_Task_schedule__I</name>
         <load_address>0x89b51</load_address>
         <run_address>0x89b51</run_address>
         <size>0x6f</size>
         <input_file_ref idref="fl-17"/>
      </object_component>
      <object_component id="oc-319">
         <name>.text:_xdc_runtime_Text_putSite__E</name>
         <load_address>0x89bc0</load_address>
         <run_address>0x89bc0</run_address>
         <size>0x6b</size>
         <input_file_ref idref="fl-27"/>
      </object_component>
      <object_component id="oc-2e3">
         <name>.text:_ti_sysbios_knl_Semaphore_Instance_init__E</name>
         <load_address>0x89c2b</load_address>
         <run_address>0x89c2b</run_address>
         <size>0x6a</size>
         <input_file_ref idref="fl-17"/>
      </object_component>
      <object_component id="oc-7c">
         <name>.text</name>
         <load_address>0x89c95</load_address>
         <run_address>0x89c95</run_address>
         <size>0x69</size>
         <input_file_ref idref="fl-2a"/>
      </object_component>
      <object_component id="oc-332">
         <name>.text:_ti_sysbios_family_c28_Timer_stopAndClear__I</name>
         <load_address>0x89cfe</load_address>
         <run_address>0x89cfe</run_address>
         <size>0x66</size>
         <input_file_ref idref="fl-17"/>
      </object_component>
      <object_component id="oc-1fe">
         <name>.text:_ti_sysbios_knl_Swi_post__E</name>
         <load_address>0x89d64</load_address>
         <run_address>0x89d64</run_address>
         <size>0x61</size>
         <input_file_ref idref="fl-17"/>
      </object_component>
      <object_component id="oc-2a7">
         <name>.text:_ti_sysbios_knl_Task_blockI__E</name>
         <load_address>0x89dc5</load_address>
         <run_address>0x89dc5</run_address>
         <size>0x61</size>
         <input_file_ref idref="fl-17"/>
      </object_component>
      <object_component id="oc-33a">
         <name>.text:_ti_sysbios_knl_Task_exit__E</name>
         <load_address>0x89e26</load_address>
         <run_address>0x89e26</run_address>
         <size>0x58</size>
         <input_file_ref idref="fl-17"/>
      </object_component>
      <object_component id="oc-2aa">
         <name>.text:_ti_sysbios_knl_Task_unblockI__E</name>
         <load_address>0x89e7e</load_address>
         <run_address>0x89e7e</run_address>
         <size>0x52</size>
         <input_file_ref idref="fl-17"/>
      </object_component>
      <object_component id="oc-2f0">
         <name>.text:_xdc_runtime_Memory_alloc__E</name>
         <load_address>0x89ed0</load_address>
         <run_address>0x89ed0</run_address>
         <size>0x4f</size>
         <input_file_ref idref="fl-23"/>
      </object_component>
      <object_component id="oc-362">
         <name>.text:_xdc_runtime_Text_putLab__E</name>
         <load_address>0x89f1f</load_address>
         <run_address>0x89f1f</run_address>
         <size>0x4b</size>
         <input_file_ref idref="fl-27"/>
      </object_component>
      <object_component id="oc-1ef">
         <name>.text:_ti_sysbios_heaps_HeapMem_alloc__E</name>
         <load_address>0x89f6a</load_address>
         <run_address>0x89f6a</run_address>
         <size>0x4a</size>
         <input_file_ref idref="fl-17"/>
      </object_component>
      <object_component id="oc-327">
         <name>.text:_ti_sysbios_knl_Task_postInit__I</name>
         <load_address>0x89fb4</load_address>
         <run_address>0x89fb4</run_address>
         <size>0x49</size>
         <input_file_ref idref="fl-17"/>
      </object_component>
      <object_component id="oc-30f">
         <name>.text:_ti_sysbios_family_c28_Hwi_Module_startup__E</name>
         <load_address>0x89ffd</load_address>
         <run_address>0x89ffd</run_address>
         <size>0x47</size>
         <input_file_ref idref="fl-17"/>
      </object_component>
      <object_component id="oc-228">
         <name>.text:_xdc_runtime_Core_deleteObject__I</name>
         <load_address>0x8a044</load_address>
         <run_address>0x8a044</run_address>
         <size>0x46</size>
         <input_file_ref idref="fl-1d"/>
      </object_component>
      <object_component id="oc-21d">
         <name>.text:.bootCodeSection:_ti_catalog_c2800_initF2837x_Boot_configurePllDivs</name>
         <load_address>0x8a08a</load_address>
         <run_address>0x8a08a</run_address>
         <size>0x45</size>
         <input_file_ref idref="fl-2b"/>
      </object_component>
      <object_component id="oc-31f">
         <name>.text:_ti_sysbios_family_c28_Timer_postInit__I</name>
         <load_address>0x8a0cf</load_address>
         <run_address>0x8a0cf</run_address>
         <size>0x43</size>
         <input_file_ref idref="fl-17"/>
      </object_component>
      <object_component id="oc-111">
         <name>.text:_ti_sysbios_family_c28_Hwi_unPluggedInterrupt__I</name>
         <load_address>0x8a112</load_address>
         <run_address>0x8a112</run_address>
         <size>0x42</size>
         <input_file_ref idref="fl-17"/>
      </object_component>
      <object_component id="oc-32b">
         <name>.text:_xdc_runtime_Text_putMod__E</name>
         <load_address>0x8a154</load_address>
         <run_address>0x8a154</run_address>
         <size>0x3f</size>
         <input_file_ref idref="fl-27"/>
      </object_component>
      <object_component id="oc-369">
         <name>.text:_ti_sysbios_knl_Swi_restoreHwi__E</name>
         <load_address>0x8a193</load_address>
         <run_address>0x8a193</run_address>
         <size>0x3e</size>
         <input_file_ref idref="fl-17"/>
      </object_component>
      <object_component id="oc-26a">
         <name>.text:_xdc_runtime_Core_assignParams__I</name>
         <load_address>0x8a1d1</load_address>
         <run_address>0x8a1d1</run_address>
         <size>0x3d</size>
         <input_file_ref idref="fl-20"/>
      </object_component>
      <object_component id="oc-353">
         <name>.text:_xdc_runtime_System_formatNum__I</name>
         <load_address>0x8a20e</load_address>
         <run_address>0x8a20e</run_address>
         <size>0x3c</size>
         <input_file_ref idref="fl-25"/>
      </object_component>
      <object_component id="oc-34e">
         <name>.text:_ti_sysbios_family_c28_TaskSupport_start__E</name>
         <load_address>0x8a24a</load_address>
         <run_address>0x8a24a</run_address>
         <size>0x3a</size>
         <input_file_ref idref="fl-17"/>
      </object_component>
      <object_component id="oc-315">
         <name>.text</name>
         <load_address>0x8a284</load_address>
         <run_address>0x8a284</run_address>
         <size>0x38</size>
         <input_file_ref idref="fl-38"/>
      </object_component>
      <object_component id="oc-1fb">
         <name>.text:_ti_sysbios_knl_Clock_logTick__E</name>
         <load_address>0x8a2bc</load_address>
         <run_address>0x8a2bc</run_address>
         <size>0x37</size>
         <input_file_ref idref="fl-17"/>
      </object_component>
      <object_component id="oc-246">
         <name>.text:_ti_sysbios_BIOS_rtsUnlock__I</name>
         <load_address>0x8a2f3</load_address>
         <run_address>0x8a2f3</run_address>
         <size>0x34</size>
         <input_file_ref idref="fl-b"/>
      </object_component>
      <object_component id="oc-313">
         <name>.text:_ti_sysbios_knl_Task_Module_startup__E</name>
         <load_address>0x8a327</load_address>
         <run_address>0x8a327</run_address>
         <size>0x32</size>
         <input_file_ref idref="fl-17"/>
      </object_component>
      <object_component id="oc-252">
         <name>.text:_xdc_runtime_Assert_raise__I</name>
         <load_address>0x8a359</load_address>
         <run_address>0x8a359</run_address>
         <size>0x32</size>
         <input_file_ref idref="fl-1c"/>
      </object_component>
      <object_component id="oc-35b">
         <name>.text:_xdc_runtime_Text_visitRope2__I</name>
         <load_address>0x8a38b</load_address>
         <run_address>0x8a38b</run_address>
         <size>0x32</size>
         <input_file_ref idref="fl-27"/>
      </object_component>
      <object_component id="oc-30b">
         <name>.text:_xdc_runtime_Error_print__E</name>
         <load_address>0x8a3bd</load_address>
         <run_address>0x8a3bd</run_address>
         <size>0x30</size>
         <input_file_ref idref="fl-21"/>
      </object_component>
      <object_component id="oc-2b0">
         <name>.text:_xdc_runtime_Error_setX__E</name>
         <load_address>0x8a3ed</load_address>
         <run_address>0x8a3ed</run_address>
         <size>0x30</size>
         <input_file_ref idref="fl-21"/>
      </object_component>
      <object_component id="oc-1cd">
         <name>.text:_xdc_runtime_Startup_exec__E</name>
         <load_address>0x8a41d</load_address>
         <run_address>0x8a41d</run_address>
         <size>0x2f</size>
         <input_file_ref idref="fl-24"/>
      </object_component>
      <object_component id="oc-27b">
         <name>.text:_ti_sysbios_knl_Swi_runLoop__I</name>
         <load_address>0x8a44c</load_address>
         <run_address>0x8a44c</run_address>
         <size>0x2e</size>
         <input_file_ref idref="fl-17"/>
      </object_component>
      <object_component id="oc-23d">
         <name>.text:_ti_sysbios_knl_Swi_schedule__I</name>
         <load_address>0x8a47a</load_address>
         <run_address>0x8a47a</run_address>
         <size>0x2e</size>
         <input_file_ref idref="fl-17"/>
      </object_component>
      <object_component id="oc-2eb">
         <name>.text:_ti_sysbios_family_c28_Hwi_getStackInfo__E</name>
         <load_address>0x8a4a8</load_address>
         <run_address>0x8a4a8</run_address>
         <size>0x2d</size>
         <input_file_ref idref="fl-17"/>
      </object_component>
      <object_component id="oc-1f2">
         <name>.text:_ti_sysbios_heaps_HeapMem_getStats__E</name>
         <load_address>0x8a4d5</load_address>
         <run_address>0x8a4d5</run_address>
         <size>0x2d</size>
         <input_file_ref idref="fl-17"/>
      </object_component>
      <object_component id="oc-248">
         <name>.text:_ti_sysbios_family_c28_Timer_start__E</name>
         <load_address>0x8a502</load_address>
         <run_address>0x8a502</run_address>
         <size>0x2c</size>
         <input_file_ref idref="fl-17"/>
      </object_component>
      <object_component id="oc-263">
         <name>.text</name>
         <load_address>0x8a52e</load_address>
         <run_address>0x8a52e</run_address>
         <size>0x29</size>
         <input_file_ref idref="fl-32"/>
      </object_component>
      <object_component id="oc-32c">
         <name>.text:_xdc_runtime_Text_xprintf__I</name>
         <load_address>0x8a557</load_address>
         <run_address>0x8a557</run_address>
         <size>0x28</size>
         <input_file_ref idref="fl-27"/>
      </object_component>
      <object_component id="oc-1f0">
         <name>.text:_ti_sysbios_heaps_HeapMem_free__E</name>
         <load_address>0x8a57f</load_address>
         <run_address>0x8a57f</run_address>
         <size>0x27</size>
         <input_file_ref idref="fl-17"/>
      </object_component>
      <object_component id="oc-25c">
         <name>.text:_ti_sysbios_heaps_HeapMem_init__I</name>
         <load_address>0x8a5a6</load_address>
         <run_address>0x8a5a6</run_address>
         <size>0x27</size>
         <input_file_ref idref="fl-17"/>
      </object_component>
      <object_component id="oc-2c4">
         <name>.text:_xdc_runtime_SysMin_flush__E</name>
         <load_address>0x8a5cd</load_address>
         <run_address>0x8a5cd</run_address>
         <size>0x26</size>
         <input_file_ref idref="fl-26"/>
      </object_component>
      <object_component id="oc-35a">
         <name>.text:_ti_sysbios_family_c28_TaskSupport_buildTaskStack</name>
         <load_address>0x8a5f3</load_address>
         <run_address>0x8a5f3</run_address>
         <size>0x25</size>
         <input_file_ref idref="fl-1b"/>
      </object_component>
      <object_component id="oc-1cc">
         <name>.text</name>
         <load_address>0x8a618</load_address>
         <run_address>0x8a618</run_address>
         <size>0x24</size>
         <input_file_ref idref="fl-2e"/>
      </object_component>
      <object_component id="oc-1e5">
         <name>.text:_xdc_runtime_System_processAtExit__E</name>
         <load_address>0x8a63c</load_address>
         <run_address>0x8a63c</run_address>
         <size>0x23</size>
         <input_file_ref idref="fl-25"/>
      </object_component>
      <object_component id="oc-28a">
         <name>.text:_ti_sysbios_knl_Task_allBlockedFunction__I</name>
         <load_address>0x8a65f</load_address>
         <run_address>0x8a65f</run_address>
         <size>0x21</size>
         <input_file_ref idref="fl-17"/>
      </object_component>
      <object_component id="oc-334">
         <name>.text:_ti_sysbios_family_c28_Timer_setPrescale__E</name>
         <load_address>0x8a680</load_address>
         <run_address>0x8a680</run_address>
         <size>0x20</size>
         <input_file_ref idref="fl-17"/>
      </object_component>
      <object_component id="oc-202">
         <name>.text:_xdc_runtime_System_atexit__E</name>
         <load_address>0x8a6a0</load_address>
         <run_address>0x8a6a0</run_address>
         <size>0x20</size>
         <input_file_ref idref="fl-25"/>
      </object_component>
      <object_component id="oc-1eb">
         <name>.text:_ti_sysbios_gates_GateHwi_Object__create__S</name>
         <load_address>0x8a6c0</load_address>
         <run_address>0x8a6c0</run_address>
         <size>0x1f</size>
         <input_file_ref idref="fl-b"/>
      </object_component>
      <object_component id="oc-218">
         <name>.text:_ti_sysbios_gates_GateMutex_Object__create__S</name>
         <load_address>0x8a6df</load_address>
         <run_address>0x8a6df</run_address>
         <size>0x1f</size>
         <input_file_ref idref="fl-b"/>
      </object_component>
      <object_component id="oc-1f3">
         <name>.text:_ti_sysbios_heaps_HeapMem_Object__create__S</name>
         <load_address>0x8a6fe</load_address>
         <run_address>0x8a6fe</run_address>
         <size>0x1f</size>
         <input_file_ref idref="fl-b"/>
      </object_component>
      <object_component id="oc-30c">
         <name>.text:_xdc_runtime_SysMin_putch__E</name>
         <load_address>0x8a71d</load_address>
         <run_address>0x8a71d</run_address>
         <size>0x1e</size>
         <input_file_ref idref="fl-26"/>
      </object_component>
      <object_component id="oc-1e1">
         <name>.text</name>
         <load_address>0x8a73b</load_address>
         <run_address>0x8a73b</run_address>
         <size>0x1e</size>
         <input_file_ref idref="fl-2f"/>
      </object_component>
      <object_component id="oc-2dc">
         <name>.text:_ti_sysbios_family_c28_TaskSupport_swap__E</name>
         <load_address>0x8a759</load_address>
         <run_address>0x8a759</run_address>
         <size>0x1d</size>
         <input_file_ref idref="fl-1b"/>
      </object_component>
      <object_component id="oc-2e5">
         <name>.text:_ti_sysbios_hal_Hwi_checkStack</name>
         <load_address>0x8a776</load_address>
         <run_address>0x8a776</run_address>
         <size>0x1c</size>
         <input_file_ref idref="fl-17"/>
      </object_component>
      <object_component id="oc-355">
         <name>.text:_ti_sysbios_family_c28_Hwi_switchAndDispatch__I</name>
         <load_address>0x8a792</load_address>
         <run_address>0x8a792</run_address>
         <size>0x1b</size>
         <input_file_ref idref="fl-18"/>
      </object_component>
      <object_component id="oc-25e">
         <name>.text:_ti_sysbios_hal_Hwi_initStack</name>
         <load_address>0x8a7ad</load_address>
         <run_address>0x8a7ad</run_address>
         <size>0x1b</size>
         <input_file_ref idref="fl-17"/>
      </object_component>
      <object_component id="oc-34d">
         <name>.text:_ti_sysbios_knl_Task_processVitalTaskFlag__I</name>
         <load_address>0x8a7c8</load_address>
         <run_address>0x8a7c8</run_address>
         <size>0x1b</size>
         <input_file_ref idref="fl-17"/>
      </object_component>
      <object_component id="oc-303">
         <name>.text:_xdc_runtime_SysMin_output__I</name>
         <load_address>0x8a7e3</load_address>
         <run_address>0x8a7e3</run_address>
         <size>0x1b</size>
         <input_file_ref idref="fl-b"/>
      </object_component>
      <object_component id="oc-2a2">
         <name>.text:_ti_sysbios_knl_Clock_addI__E</name>
         <load_address>0x8a7fe</load_address>
         <run_address>0x8a7fe</run_address>
         <size>0x1a</size>
         <input_file_ref idref="fl-17"/>
      </object_component>
      <object_component id="oc-2ad">
         <name>.text:_ti_sysbios_knl_Semaphore_construct</name>
         <load_address>0x8a818</load_address>
         <run_address>0x8a818</run_address>
         <size>0x1a</size>
         <input_file_ref idref="fl-b"/>
      </object_component>
      <object_component id="oc-229">
         <name>.text:_xdc_runtime_Core_assignLabel__I</name>
         <load_address>0x8a832</load_address>
         <run_address>0x8a832</run_address>
         <size>0x1a</size>
         <input_file_ref idref="fl-1f"/>
      </object_component>
      <object_component id="oc-32e">
         <name>.text:_xdc_runtime_System_avprintf__E</name>
         <load_address>0x8a84c</load_address>
         <run_address>0x8a84c</run_address>
         <size>0x1a</size>
         <input_file_ref idref="fl-25"/>
      </object_component>
      <object_component id="oc-2a1">
         <name>.text:_ti_sysbios_knl_Semaphore_pendTimeout__I</name>
         <load_address>0x8a866</load_address>
         <run_address>0x8a866</run_address>
         <size>0x19</size>
         <input_file_ref idref="fl-17"/>
      </object_component>
      <object_component id="oc-24a">
         <name>.text:_ti_sysbios_knl_Swi_restore__E</name>
         <load_address>0x8a87f</load_address>
         <run_address>0x8a87f</run_address>
         <size>0x19</size>
         <input_file_ref idref="fl-17"/>
      </object_component>
      <object_component id="oc-354">
         <name>.text:_xdc_runtime_System_putchar__I</name>
         <load_address>0x8a898</load_address>
         <run_address>0x8a898</run_address>
         <size>0x19</size>
         <input_file_ref idref="fl-25"/>
      </object_component>
      <object_component id="oc-32f">
         <name>.text:_xdc_runtime_System_vprintf__E</name>
         <load_address>0x8a8b1</load_address>
         <run_address>0x8a8b1</run_address>
         <size>0x19</size>
         <input_file_ref idref="fl-25"/>
      </object_component>
      <object_component id="oc-1cf">
         <name>.text</name>
         <load_address>0x8a8ca</load_address>
         <run_address>0x8a8ca</run_address>
         <size>0x19</size>
         <input_file_ref idref="fl-34"/>
      </object_component>
      <object_component id="oc-27c">
         <name>.text:_ti_sysbios_family_xxx_Hwi_switchAndRunFunc</name>
         <load_address>0x8a8e3</load_address>
         <run_address>0x8a8e3</run_address>
         <size>0x18</size>
         <input_file_ref idref="fl-18"/>
      </object_component>
      <object_component id="oc-2fa">
         <name>.text:_ti_sysbios_knl_Queue_construct</name>
         <load_address>0x8a8fb</load_address>
         <run_address>0x8a8fb</run_address>
         <size>0x18</size>
         <input_file_ref idref="fl-b"/>
      </object_component>
      <object_component id="oc-345">
         <name>.text:_xdc_runtime_Text_printVisFxn__I</name>
         <load_address>0x8a913</load_address>
         <run_address>0x8a913</run_address>
         <size>0x18</size>
         <input_file_ref idref="fl-27"/>
      </object_component>
      <object_component id="oc-17b">
         <name>.text</name>
         <load_address>0x8a92b</load_address>
         <run_address>0x8a92b</run_address>
         <size>0x18</size>
         <input_file_ref idref="fl-2c"/>
      </object_component>
      <object_component id="oc-201">
         <name>.text:_ti_sysbios_BIOS_atExitFunc__I</name>
         <load_address>0x8a943</load_address>
         <run_address>0x8a943</run_address>
         <size>0x17</size>
         <input_file_ref idref="fl-b"/>
      </object_component>
      <object_component id="oc-204">
         <name>.text:_ti_sysbios_family_c28_Timer_startup__E</name>
         <load_address>0x8a95a</load_address>
         <run_address>0x8a95a</run_address>
         <size>0x17</size>
         <input_file_ref idref="fl-17"/>
      </object_component>
      <object_component id="oc-1d7">
         <name>.text:_ti_sysbios_knl_Clock_doTick__I</name>
         <load_address>0x8a971</load_address>
         <run_address>0x8a971</run_address>
         <size>0x17</size>
         <input_file_ref idref="fl-b"/>
      </object_component>
      <object_component id="oc-27d">
         <name>.text:_ti_sysbios_knl_Task_restore__E</name>
         <load_address>0x8a988</load_address>
         <run_address>0x8a988</run_address>
         <size>0x17</size>
         <input_file_ref idref="fl-17"/>
      </object_component>
      <object_component id="oc-2c5">
         <name>.text:_xdc_runtime_Memory_valloc__E</name>
         <load_address>0x8a99f</load_address>
         <run_address>0x8a99f</run_address>
         <size>0x17</size>
         <input_file_ref idref="fl-23"/>
      </object_component>
      <object_component id="oc-310">
         <name>.text:_ti_sysbios_family_c28_Timer_Module_startup__E</name>
         <load_address>0x8a9b6</load_address>
         <run_address>0x8a9b6</run_address>
         <size>0x16</size>
         <input_file_ref idref="fl-17"/>
      </object_component>
      <object_component id="oc-2ff">
         <name>.text:_xdc_runtime_SysMin_abort__E</name>
         <load_address>0x8a9cc</load_address>
         <run_address>0x8a9cc</run_address>
         <size>0x16</size>
         <input_file_ref idref="fl-26"/>
      </object_component>
      <object_component id="oc-1d8">
         <name>.text:_ti_sysbios_BIOS_startFunc__I</name>
         <load_address>0x8a9e2</load_address>
         <run_address>0x8a9e2</run_address>
         <size>0x15</size>
         <input_file_ref idref="fl-b"/>
      </object_component>
      <object_component id="oc-312">
         <name>.text:_ti_sysbios_knl_Swi_Module_startup__E</name>
         <load_address>0x8a9f7</load_address>
         <run_address>0x8a9f7</run_address>
         <size>0x15</size>
         <input_file_ref idref="fl-17"/>
      </object_component>
      <object_component id="oc-21b">
         <name>.text:_ti_sysbios_knl_Idle_run__E</name>
         <load_address>0x8aa0c</load_address>
         <run_address>0x8aa0c</run_address>
         <size>0x14</size>
         <input_file_ref idref="fl-17"/>
      </object_component>
      <object_component id="oc-2e7">
         <name>.text:_ti_sysbios_BIOS_errorRaiseHook__I</name>
         <load_address>0x8aa20</load_address>
         <run_address>0x8aa20</run_address>
         <size>0x13</size>
         <input_file_ref idref="fl-b"/>
      </object_component>
      <object_component id="oc-31e">
         <name>.text:_ti_sysbios_family_c28_Hwi_Object__get__S</name>
         <load_address>0x8aa33</load_address>
         <run_address>0x8aa33</run_address>
         <size>0x13</size>
         <input_file_ref idref="fl-b"/>
      </object_component>
      <object_component id="oc-219">
         <name>.text:_ti_sysbios_gates_GateMutex_Object__delete__S</name>
         <load_address>0x8aa46</load_address>
         <run_address>0x8aa46</run_address>
         <size>0x13</size>
         <input_file_ref idref="fl-b"/>
      </object_component>
      <object_component id="oc-1df">
         <name>.text:_xdc_runtime_Error_raiseX__E</name>
         <load_address>0x8aa59</load_address>
         <run_address>0x8aa59</run_address>
         <size>0x13</size>
         <input_file_ref idref="fl-21"/>
      </object_component>
      <object_component id="oc-357">
         <name>.text:_ti_sysbios_family_c28_Hwi_disableIER__E</name>
         <load_address>0x8aa6c</load_address>
         <run_address>0x8aa6c</run_address>
         <size>0x12</size>
         <input_file_ref idref="fl-b"/>
      </object_component>
      <object_component id="oc-1ec">
         <name>.text:_ti_sysbios_gates_GateHwi_Object__delete__S</name>
         <load_address>0x8aa7e</load_address>
         <run_address>0x8aa7e</run_address>
         <size>0x12</size>
         <input_file_ref idref="fl-b"/>
      </object_component>
      <object_component id="oc-1f4">
         <name>.text:_ti_sysbios_heaps_HeapMem_Object__delete__S</name>
         <load_address>0x8aa90</load_address>
         <run_address>0x8aa90</run_address>
         <size>0x12</size>
         <input_file_ref idref="fl-b"/>
      </object_component>
      <object_component id="oc-311">
         <name>.text:_ti_sysbios_knl_Clock_Module_startup__E</name>
         <load_address>0x8aaa2</load_address>
         <run_address>0x8aaa2</run_address>
         <size>0x12</size>
         <input_file_ref idref="fl-17"/>
      </object_component>
      <object_component id="oc-1ed">
         <name>.text:_ti_sysbios_gates_GateHwi_Handle__label__S</name>
         <load_address>0x8aab4</load_address>
         <run_address>0x8aab4</run_address>
         <size>0x11</size>
         <input_file_ref idref="fl-b"/>
      </object_component>
      <object_component id="oc-21a">
         <name>.text:_ti_sysbios_gates_GateMutex_Handle__label__S</name>
         <load_address>0x8aac5</load_address>
         <run_address>0x8aac5</run_address>
         <size>0x11</size>
         <input_file_ref idref="fl-b"/>
      </object_component>
      <object_component id="oc-1f5">
         <name>.text:_ti_sysbios_heaps_HeapMem_Handle__label__S</name>
         <load_address>0x8aad6</load_address>
         <run_address>0x8aad6</run_address>
         <size>0x11</size>
         <input_file_ref idref="fl-b"/>
      </object_component>
      <object_component id="oc-2be">
         <name>.text:_ti_sysbios_heaps_HeapMem_Object__get__S</name>
         <load_address>0x8aae7</load_address>
         <run_address>0x8aae7</run_address>
         <size>0x11</size>
         <input_file_ref idref="fl-b"/>
      </object_component>
      <object_component id="oc-323">
         <name>.text:_ti_sysbios_knl_Swi_Object__get__S</name>
         <load_address>0x8aaf8</load_address>
         <run_address>0x8aaf8</run_address>
         <size>0x11</size>
         <input_file_ref idref="fl-b"/>
      </object_component>
      <object_component id="oc-326">
         <name>.text:_ti_sysbios_knl_Task_Object__get__S</name>
         <load_address>0x8ab09</load_address>
         <run_address>0x8ab09</run_address>
         <size>0x11</size>
         <input_file_ref idref="fl-b"/>
      </object_component>
      <object_component id="oc-356">
         <name>.text:_ti_sysbios_knl_Task_restoreHwi__E</name>
         <load_address>0x8ab1a</load_address>
         <run_address>0x8ab1a</run_address>
         <size>0x11</size>
         <input_file_ref idref="fl-17"/>
      </object_component>
      <object_component id="oc-26d">
         <name>.text:_xdc_runtime_Text_cordText__E</name>
         <load_address>0x8ab2b</load_address>
         <run_address>0x8ab2b</run_address>
         <size>0x11</size>
         <input_file_ref idref="fl-27"/>
      </object_component>
      <object_component id="oc-245">
         <name>.text:_ti_sysbios_BIOS_rtsLock__I</name>
         <load_address>0x8ab3c</load_address>
         <run_address>0x8ab3c</run_address>
         <size>0x10</size>
         <input_file_ref idref="fl-b"/>
      </object_component>
      <object_component id="oc-2d1">
         <name>.text:_ti_sysbios_family_c28_Hwi_enableIER__E</name>
         <load_address>0x8ab4c</load_address>
         <run_address>0x8ab4c</run_address>
         <size>0x10</size>
         <input_file_ref idref="fl-b"/>
      </object_component>
      <object_component id="oc-333">
         <name>.text:_ti_sysbios_family_c28_Timer_stop__E</name>
         <load_address>0x8ab5c</load_address>
         <run_address>0x8ab5c</run_address>
         <size>0x10</size>
         <input_file_ref idref="fl-17"/>
      </object_component>
      <object_component id="oc-30e">
         <name>.text:_xdc_runtime_SysMin_Module_startup__E</name>
         <load_address>0x8ab6c</load_address>
         <run_address>0x8ab6c</run_address>
         <size>0x10</size>
         <input_file_ref idref="fl-26"/>
      </object_component>
      <object_component id="oc-257">
         <name>.text:_ti_sysbios_gates_GateMutex_Instance_init__E</name>
         <load_address>0x8ab7c</load_address>
         <run_address>0x8ab7c</run_address>
         <size>0xf</size>
         <input_file_ref idref="fl-17"/>
      </object_component>
      <object_component id="oc-2ae">
         <name>.text:_ti_sysbios_knl_Semaphore_destruct</name>
         <load_address>0x8ab8b</load_address>
         <run_address>0x8ab8b</run_address>
         <size>0xf</size>
         <input_file_ref idref="fl-b"/>
      </object_component>
      <object_component id="oc-343">
         <name>.text:_xdc_runtime_Registry_findById__E</name>
         <load_address>0x8ab9a</load_address>
         <run_address>0x8ab9a</run_address>
         <size>0xf</size>
         <input_file_ref idref="fl-29"/>
      </object_component>
      <object_component id="oc-350">
         <name>.text:_xdc_runtime_Text_visitRope__I</name>
         <load_address>0x8aba9</load_address>
         <run_address>0x8aba9</run_address>
         <size>0xf</size>
         <input_file_ref idref="fl-b"/>
      </object_component>
      <object_component id="oc-33d">
         <name>.text:_ti_sysbios_knl_Queue_Object__get__S</name>
         <load_address>0x8abb8</load_address>
         <run_address>0x8abb8</run_address>
         <size>0xe</size>
         <input_file_ref idref="fl-b"/>
      </object_component>
      <object_component id="oc-2fb">
         <name>.text:_ti_sysbios_knl_Queue_destruct</name>
         <load_address>0x8abc6</load_address>
         <run_address>0x8abc6</run_address>
         <size>0xe</size>
         <input_file_ref idref="fl-b"/>
      </object_component>
      <object_component id="oc-316">
         <name>.text:_xdc_runtime_IHeap_alloc</name>
         <load_address>0x8abd4</load_address>
         <run_address>0x8abd4</run_address>
         <size>0xe</size>
         <input_file_ref idref="fl-b"/>
      </object_component>
      <object_component id="oc-203">
         <name>.text:_ti_sysbios_BIOS_registerRTSLock__I</name>
         <load_address>0x8abe2</load_address>
         <run_address>0x8abe2</run_address>
         <size>0xd</size>
         <input_file_ref idref="fl-b"/>
      </object_component>
      <object_component id="oc-208">
         <name>.text:_ti_sysbios_BIOS_removeRTSLock__I</name>
         <load_address>0x8abef</load_address>
         <run_address>0x8abef</run_address>
         <size>0xd</size>
         <input_file_ref idref="fl-b"/>
      </object_component>
      <object_component id="oc-349">
         <name>.text:_ti_sysbios_family_c28_Hwi_dispatchC__I</name>
         <load_address>0x8abfc</load_address>
         <run_address>0x8abfc</run_address>
         <size>0xd</size>
         <input_file_ref idref="fl-17"/>
      </object_component>
      <object_component id="oc-2d5">
         <name>.text:_ti_sysbios_family_c28_Hwi_restoreIER__E</name>
         <load_address>0x8ac09</load_address>
         <run_address>0x8ac09</run_address>
         <size>0xd</size>
         <input_file_ref idref="fl-b"/>
      </object_component>
      <object_component id="oc-33c">
         <name>.text:_ti_sysbios_knl_Task_SupportProxy_start__E</name>
         <load_address>0x8ac16</load_address>
         <run_address>0x8ac16</run_address>
         <size>0xd</size>
         <input_file_ref idref="fl-b"/>
      </object_component>
      <object_component id="oc-33b">
         <name>.text:_ti_sysbios_knl_Task_enter__I</name>
         <load_address>0x8ac23</load_address>
         <run_address>0x8ac23</run_address>
         <size>0xd</size>
         <input_file_ref idref="fl-17"/>
      </object_component>
      <object_component id="oc-304">
         <name>.text:_xdc_runtime_Error_check__E</name>
         <load_address>0x8ac30</load_address>
         <run_address>0x8ac30</run_address>
         <size>0xd</size>
         <input_file_ref idref="fl-21"/>
      </object_component>
      <object_component id="oc-306">
         <name>.text:_xdc_runtime_Memory_HeapProxy_alloc__E</name>
         <load_address>0x8ac3d</load_address>
         <run_address>0x8ac3d</run_address>
         <size>0xd</size>
         <input_file_ref idref="fl-b"/>
      </object_component>
      <object_component id="oc-2bb">
         <name>.text:_xdc_runtime_System_abort__E</name>
         <load_address>0x8ac4a</load_address>
         <run_address>0x8ac4a</run_address>
         <size>0xd</size>
         <input_file_ref idref="fl-25"/>
      </object_component>
      <object_component id="oc-1d9">
         <name>.text:_ti_sysbios_BIOS_exitFunc__I</name>
         <load_address>0x8ac57</load_address>
         <run_address>0x8ac57</run_address>
         <size>0xc</size>
         <input_file_ref idref="fl-b"/>
      </object_component>
      <object_component id="oc-217">
         <name>.text:_ti_sysbios_gates_GateMutex_leave__E</name>
         <load_address>0x8ac63</load_address>
         <run_address>0x8ac63</run_address>
         <size>0xc</size>
         <input_file_ref idref="fl-17"/>
      </object_component>
      <object_component id="oc-2dd">
         <name>.text:_ti_sysbios_knl_Queue_put__E</name>
         <load_address>0x8ac6f</load_address>
         <run_address>0x8ac6f</run_address>
         <size>0xc</size>
         <input_file_ref idref="fl-17"/>
      </object_component>
      <object_component id="oc-2a6">
         <name>.text:_ti_sysbios_knl_Task_enabled__E</name>
         <load_address>0x8ac7b</load_address>
         <run_address>0x8ac7b</run_address>
         <size>0xc</size>
         <input_file_ref idref="fl-17"/>
      </object_component>
      <object_component id="oc-31a">
         <name>.text:_xdc_runtime_System_aprintf__E</name>
         <load_address>0x8ac87</load_address>
         <run_address>0x8ac87</run_address>
         <size>0xc</size>
         <input_file_ref idref="fl-b"/>
      </object_component>
      <object_component id="oc-31b">
         <name>.text:_xdc_runtime_System_printf__E</name>
         <load_address>0x8ac93</load_address>
         <run_address>0x8ac93</run_address>
         <size>0xc</size>
         <input_file_ref idref="fl-b"/>
      </object_component>
      <object_component id="oc-2f1">
         <name>.text</name>
         <load_address>0x8ac9f</load_address>
         <run_address>0x8ac9f</run_address>
         <size>0xc</size>
         <input_file_ref idref="fl-35"/>
      </object_component>
      <object_component id="oc-34f">
         <name>.text:_ti_sysbios_family_c28_Hwi_Module__startupDone__F</name>
         <load_address>0x8acab</load_address>
         <run_address>0x8acab</run_address>
         <size>0xb</size>
         <input_file_ref idref="fl-b"/>
      </object_component>
      <object_component id="oc-34b">
         <name>.text:_ti_sysbios_family_c28_Timer_Module__startupDone__F</name>
         <load_address>0x8acb6</load_address>
         <run_address>0x8acb6</run_address>
         <size>0xb</size>
         <input_file_ref idref="fl-b"/>
      </object_component>
      <object_component id="oc-33e">
         <name>.text:_ti_sysbios_knl_Task_unblock__E</name>
         <load_address>0x8acc1</load_address>
         <run_address>0x8acc1</run_address>
         <size>0xb</size>
         <input_file_ref idref="fl-17"/>
      </object_component>
      <object_component id="oc-220">
         <name>.text:_xdc_runtime_Startup_exec__I</name>
         <load_address>0x8accc</load_address>
         <run_address>0x8accc</run_address>
         <size>0xb</size>
         <input_file_ref idref="fl-b"/>
      </object_component>
      <object_component id="oc-262">
         <name>.text:_xdc_runtime_SysMin_exit__E</name>
         <load_address>0x8acd7</load_address>
         <run_address>0x8acd7</run_address>
         <size>0xb</size>
         <input_file_ref idref="fl-26"/>
      </object_component>
      <object_component id="oc-1d0">
         <name>.text:_xdc_runtime_System_exit__E</name>
         <load_address>0x8ace2</load_address>
         <run_address>0x8ace2</run_address>
         <size>0xb</size>
         <input_file_ref idref="fl-25"/>
      </object_component>
      <object_component id="oc-1e0">
         <name>.text:.bootCodeSection:_ti_catalog_c2800_initF2837x_Boot_init</name>
         <load_address>0x8aced</load_address>
         <run_address>0x8aced</run_address>
         <size>0xa</size>
         <input_file_ref idref="fl-b"/>
      </object_component>
      <object_component id="oc-2e6">
         <name>.text:_xdc_runtime_Error_init__E</name>
         <load_address>0x8acf7</load_address>
         <run_address>0x8acf7</run_address>
         <size>0xa</size>
         <input_file_ref idref="fl-21"/>
      </object_component>
      <object_component id="oc-2f2">
         <name>.text:_xdc_runtime_IHeap_free</name>
         <load_address>0x8ad01</load_address>
         <run_address>0x8ad01</run_address>
         <size>0xa</size>
         <input_file_ref idref="fl-b"/>
      </object_component>
      <object_component id="oc-26c">
         <name>.text:_xdc_runtime_Memory_free__E</name>
         <load_address>0x8ad0b</load_address>
         <run_address>0x8ad0b</run_address>
         <size>0xa</size>
         <input_file_ref idref="fl-23"/>
      </object_component>
      <object_component id="oc-346">
         <name>.text:_xdc_runtime_System_vsnprintf__E</name>
         <load_address>0x8ad15</load_address>
         <run_address>0x8ad15</run_address>
         <size>0xa</size>
         <input_file_ref idref="fl-25"/>
      </object_component>
      <object_component id="oc-297">
         <name>.text:_xdc_runtime_Text_ropeText__E</name>
         <load_address>0x8ad1f</load_address>
         <run_address>0x8ad1f</run_address>
         <size>0xa</size>
         <input_file_ref idref="fl-27"/>
      </object_component>
      <object_component id="oc-2f7">
         <name>.text:_ti_sysbios_family_c28_TaskSupport_checkStack__E</name>
         <load_address>0x8ad29</load_address>
         <run_address>0x8ad29</run_address>
         <size>0x9</size>
         <input_file_ref idref="fl-17"/>
      </object_component>
      <object_component id="oc-35f">
         <name>.text:_ti_sysbios_family_c28_TaskSupport_glue</name>
         <load_address>0x8ad32</load_address>
         <run_address>0x8ad32</run_address>
         <size>0x9</size>
         <input_file_ref idref="fl-1b"/>
      </object_component>
      <object_component id="oc-314">
         <name>.text:_ti_sysbios_hal_Hwi_Module_startup__E</name>
         <load_address>0x8ad3b</load_address>
         <run_address>0x8ad3b</run_address>
         <size>0x9</size>
         <input_file_ref idref="fl-17"/>
      </object_component>
      <object_component id="oc-240">
         <name>.text</name>
         <load_address>0x8ad44</load_address>
         <run_address>0x8ad44</run_address>
         <size>0x9</size>
         <input_file_ref idref="fl-33"/>
      </object_component>
      <object_component id="oc-21e">
         <name>.text:.bootCodeSection:_ti_catalog_c2800_initF2837x_Boot_initSharedRAMs</name>
         <load_address>0x8ad4d</load_address>
         <run_address>0x8ad4d</run_address>
         <size>0x8</size>
         <input_file_ref idref="fl-2b"/>
      </object_component>
      <object_component id="oc-7d">
         <name>.text</name>
         <load_address>0x8ad55</load_address>
         <run_address>0x8ad55</run_address>
         <size>0x8</size>
         <input_file_ref idref="fl-2"/>
      </object_component>
      <object_component id="oc-209">
         <name>.text:_ti_sysbios_BIOS_setThreadType__E</name>
         <load_address>0x8ad5d</load_address>
         <run_address>0x8ad5d</run_address>
         <size>0x8</size>
         <input_file_ref idref="fl-17"/>
      </object_component>
      <object_component id="oc-258">
         <name>.text:_ti_sysbios_gates_GateMutex_Instance_finalize__E</name>
         <load_address>0x8ad65</load_address>
         <run_address>0x8ad65</run_address>
         <size>0x8</size>
         <input_file_ref idref="fl-17"/>
      </object_component>
      <object_component id="oc-1fc">
         <name>.text:_ti_sysbios_knl_Clock_Module_State_clockQ</name>
         <load_address>0x8ad6d</load_address>
         <run_address>0x8ad6d</run_address>
         <size>0x8</size>
         <input_file_ref idref="fl-b"/>
      </object_component>
      <object_component id="oc-2e4">
         <name>.text:_ti_sysbios_knl_Semaphore_Instance_finalize__E</name>
         <load_address>0x8ad75</load_address>
         <run_address>0x8ad75</run_address>
         <size>0x8</size>
         <input_file_ref idref="fl-17"/>
      </object_component>
      <object_component id="oc-2c7">
         <name>.text:_xdc_runtime_Memory_HeapProxy_free__E</name>
         <load_address>0x8ad7d</load_address>
         <run_address>0x8ad7d</run_address>
         <size>0x8</size>
         <input_file_ref idref="fl-b"/>
      </object_component>
      <object_component id="oc-26b">
         <name>.text:_xdc_runtime_Memory_calloc__E</name>
         <load_address>0x8ad85</load_address>
         <run_address>0x8ad85</run_address>
         <size>0x8</size>
         <input_file_ref idref="fl-23"/>
      </object_component>
      <object_component id="oc-351">
         <name>.text:_xdc_runtime_SysMin_ready__E</name>
         <load_address>0x8ad8d</load_address>
         <run_address>0x8ad8d</run_address>
         <size>0x8</size>
         <input_file_ref idref="fl-26"/>
      </object_component>
      <object_component id="oc-32d">
         <name>.text</name>
         <load_address>0x8ad95</load_address>
         <run_address>0x8ad95</run_address>
         <size>0x8</size>
         <input_file_ref idref="fl-37"/>
      </object_component>
      <object_component id="oc-25d">
         <name>.text:.bootCodeSection:_ti_catalog_c2800_initF2837x_Boot_initStartup</name>
         <load_address>0x8ad9d</load_address>
         <run_address>0x8ad9d</run_address>
         <size>0x7</size>
         <input_file_ref idref="fl-b"/>
      </object_component>
      <object_component id="oc-286">
         <name>.text:_ti_sysbios_BIOS_RtsGateProxy_leave__E</name>
         <load_address>0x8ada4</load_address>
         <run_address>0x8ada4</run_address>
         <size>0x7</size>
         <input_file_ref idref="fl-b"/>
      </object_component>
      <object_component id="oc-2c0">
         <name>.text:_ti_sysbios_hal_Hwi_HwiProxy_getStackInfo__E</name>
         <load_address>0x8adab</load_address>
         <run_address>0x8adab</run_address>
         <size>0x7</size>
         <input_file_ref idref="fl-b"/>
      </object_component>
      <object_component id="oc-22d">
         <name>.text:_ti_sysbios_heaps_HeapMem_Module_GateProxy_leave__E</name>
         <load_address>0x8adb2</load_address>
         <run_address>0x8adb2</run_address>
         <size>0x7</size>
         <input_file_ref idref="fl-b"/>
      </object_component>
      <object_component id="oc-1fd">
         <name>.text:_ti_sysbios_knl_Queue_empty__E</name>
         <load_address>0x8adb9</load_address>
         <run_address>0x8adb9</run_address>
         <size>0x7</size>
         <input_file_ref idref="fl-17"/>
      </object_component>
      <object_component id="oc-2d8">
         <name>.text:_ti_sysbios_knl_Task_SupportProxy_checkStack__E</name>
         <load_address>0x8adc0</load_address>
         <run_address>0x8adc0</run_address>
         <size>0x7</size>
         <input_file_ref idref="fl-b"/>
      </object_component>
      <object_component id="oc-295">
         <name>.text:_ti_sysbios_knl_Task_SupportProxy_swap__E</name>
         <load_address>0x8adc7</load_address>
         <run_address>0x8adc7</run_address>
         <size>0x7</size>
         <input_file_ref idref="fl-b"/>
      </object_component>
      <object_component id="oc-280">
         <name>.text:_xdc_runtime_System_Module_GateProxy_leave__E</name>
         <load_address>0x8adce</load_address>
         <run_address>0x8adce</run_address>
         <size>0x7</size>
         <input_file_ref idref="fl-b"/>
      </object_component>
      <object_component id="oc-281">
         <name>.text:_ti_sysbios_BIOS_RtsGateProxy_enter__E</name>
         <load_address>0x8add5</load_address>
         <run_address>0x8add5</run_address>
         <size>0x6</size>
         <input_file_ref idref="fl-b"/>
      </object_component>
      <object_component id="oc-1fa">
         <name>.text:_ti_sysbios_BIOS_start__E</name>
         <load_address>0x8addb</load_address>
         <run_address>0x8addb</run_address>
         <size>0x6</size>
         <input_file_ref idref="fl-17"/>
      </object_component>
      <object_component id="oc-27a">
         <name>.text:_ti_sysbios_family_c28_IntrinsicsSupport_maxbit__E</name>
         <load_address>0x8ade1</load_address>
         <run_address>0x8ade1</run_address>
         <size>0x6</size>
         <input_file_ref idref="fl-1a"/>
      </object_component>
      <object_component id="oc-22b">
         <name>.text:_ti_sysbios_heaps_HeapMem_Module_GateProxy_enter__E</name>
         <load_address>0x8ade7</load_address>
         <run_address>0x8ade7</run_address>
         <size>0x6</size>
         <input_file_ref idref="fl-b"/>
      </object_component>
      <object_component id="oc-231">
         <name>.text:_ti_sysbios_heaps_HeapMem_Module_GateProxy_query__E</name>
         <load_address>0x8aded</load_address>
         <run_address>0x8aded</run_address>
         <size>0x6</size>
         <input_file_ref idref="fl-b"/>
      </object_component>
      <object_component id="oc-321">
         <name>.text:_ti_sysbios_knl_Clock_TimerProxy_getMaxTicks__E</name>
         <load_address>0x8adf3</load_address>
         <run_address>0x8adf3</run_address>
         <size>0x6</size>
         <input_file_ref idref="fl-b"/>
      </object_component>
      <object_component id="oc-23e">
         <name>.text:_ti_sysbios_knl_Swi_disable__E</name>
         <load_address>0x8adf9</load_address>
         <run_address>0x8adf9</run_address>
         <size>0x6</size>
         <input_file_ref idref="fl-17"/>
      </object_component>
      <object_component id="oc-23f">
         <name>.text:_ti_sysbios_knl_Task_disable__E</name>
         <load_address>0x8adff</load_address>
         <run_address>0x8adff</run_address>
         <size>0x6</size>
         <input_file_ref idref="fl-17"/>
      </object_component>
      <object_component id="oc-221">
         <name>.text:_xdc_runtime_Gate_enterSystem__E</name>
         <load_address>0x8ae05</load_address>
         <run_address>0x8ae05</run_address>
         <size>0x6</size>
         <input_file_ref idref="fl-22"/>
      </object_component>
      <object_component id="oc-244">
         <name>.text:_xdc_runtime_Gate_leaveSystem__E</name>
         <load_address>0x8ae0b</load_address>
         <run_address>0x8ae0b</run_address>
         <size>0x6</size>
         <input_file_ref idref="fl-22"/>
      </object_component>
      <object_component id="oc-261">
         <name>.text:_xdc_runtime_System_Module_GateProxy_enter__E</name>
         <load_address>0x8ae11</load_address>
         <run_address>0x8ae11</run_address>
         <size>0x6</size>
         <input_file_ref idref="fl-b"/>
      </object_component>
      <object_component id="oc-2e8">
         <name>.text:_xdc_runtime_System_SupportProxy_abort__E</name>
         <load_address>0x8ae17</load_address>
         <run_address>0x8ae17</run_address>
         <size>0x6</size>
         <input_file_ref idref="fl-b"/>
      </object_component>
      <object_component id="oc-222">
         <name>.text:_xdc_runtime_System_SupportProxy_exit__E</name>
         <load_address>0x8ae1d</load_address>
         <run_address>0x8ae1d</run_address>
         <size>0x6</size>
         <input_file_ref idref="fl-b"/>
      </object_component>
      <object_component id="oc-35d">
         <name>.text:_xdc_runtime_System_SupportProxy_putch__E</name>
         <load_address>0x8ae23</load_address>
         <run_address>0x8ae23</run_address>
         <size>0x6</size>
         <input_file_ref idref="fl-b"/>
      </object_component>
      <object_component id="oc-2db">
         <name>.text:_ti_sysbios_family_c28_Hwi_switchFromBootStack__E</name>
         <load_address>0x8ae29</load_address>
         <run_address>0x8ae29</run_address>
         <size>0x5</size>
         <input_file_ref idref="fl-17"/>
      </object_component>
      <object_component id="oc-1e9">
         <name>.text:_ti_sysbios_gates_GateHwi_enter__E</name>
         <load_address>0x8ae2e</load_address>
         <run_address>0x8ae2e</run_address>
         <size>0x5</size>
         <input_file_ref idref="fl-17"/>
      </object_component>
      <object_component id="oc-361">
         <name>.text:_xdc_iargToPtr</name>
         <load_address>0x8ae33</load_address>
         <run_address>0x8ae33</run_address>
         <size>0x5</size>
         <input_file_ref idref="fl-b"/>
      </object_component>
      <object_component id="oc-289">
         <name>.text:_ti_sysbios_family_c28_Hwi_startup__E</name>
         <load_address>0x8ae38</load_address>
         <run_address>0x8ae38</run_address>
         <size>0x4</size>
         <input_file_ref idref="fl-b"/>
      </object_component>
      <object_component id="oc-1f1">
         <name>.text:_ti_sysbios_heaps_HeapMem_isBlocking__E</name>
         <load_address>0x8ae3c</load_address>
         <run_address>0x8ae3c</run_address>
         <size>0x4</size>
         <input_file_ref idref="fl-17"/>
      </object_component>
      <object_component id="oc-206">
         <name>.text:_ti_sysbios_knl_Swi_startup__E</name>
         <load_address>0x8ae40</load_address>
         <run_address>0x8ae40</run_address>
         <size>0x4</size>
         <input_file_ref idref="fl-17"/>
      </object_component>
      <object_component id="oc-305">
         <name>.text:_xdc_runtime_Memory_getMaxDefaultTypeAlign__E</name>
         <load_address>0x8ae44</load_address>
         <run_address>0x8ae44</run_address>
         <size>0x4</size>
         <input_file_ref idref="fl-23"/>
      </object_component>
      <object_component id="oc-1ff">
         <name>.text:_xdc_runtime_Startup_rtsDone__E</name>
         <load_address>0x8ae48</load_address>
         <run_address>0x8ae48</run_address>
         <size>0x4</size>
         <input_file_ref idref="fl-24"/>
      </object_component>
      <object_component id="oc-25b">
         <name>.text:.bootCodeSection:_ti_catalog_c2800_initF2837x_Boot_limpAbort</name>
         <load_address>0x8ae4c</load_address>
         <run_address>0x8ae4c</run_address>
         <size>0x3</size>
         <input_file_ref idref="fl-b"/>
      </object_component>
      <object_component id="oc-1d1">
         <name>.text:___xdc__init</name>
         <load_address>0x8ae4f</load_address>
         <run_address>0x8ae4f</run_address>
         <size>0x3</size>
         <input_file_ref idref="fl-28"/>
      </object_component>
      <object_component id="oc-340">
         <name>.text:_ti_sysbios_family_c28_Hwi_Module__startupDone__S</name>
         <load_address>0x8ae52</load_address>
         <run_address>0x8ae52</run_address>
         <size>0x3</size>
         <input_file_ref idref="fl-b"/>
      </object_component>
      <object_component id="oc-335">
         <name>.text:_ti_sysbios_family_c28_Timer_Module__startupDone__S</name>
         <load_address>0x8ae55</load_address>
         <run_address>0x8ae55</run_address>
         <size>0x3</size>
         <input_file_ref idref="fl-b"/>
      </object_component>
      <object_component id="oc-1ea">
         <name>.text:_ti_sysbios_gates_GateHwi_leave__E</name>
         <load_address>0x8ae58</load_address>
         <run_address>0x8ae58</run_address>
         <size>0x3</size>
         <input_file_ref idref="fl-17"/>
      </object_component>
      <object_component id="oc-329">
         <name>.text:_ti_sysbios_hal_Hwi_HwiProxy_Module__startupDone__S</name>
         <load_address>0x8ae5b</load_address>
         <run_address>0x8ae5b</run_address>
         <size>0x3</size>
         <input_file_ref idref="fl-b"/>
      </object_component>
      <object_component id="oc-249">
         <name>.text:_ti_sysbios_hal_Hwi_HwiProxy_startup__E</name>
         <load_address>0x8ae5e</load_address>
         <run_address>0x8ae5e</run_address>
         <size>0x3</size>
         <input_file_ref idref="fl-b"/>
      </object_component>
      <object_component id="oc-294">
         <name>.text:_ti_sysbios_hal_Hwi_HwiProxy_switchFromBootStack__E</name>
         <load_address>0x8ae61</load_address>
         <run_address>0x8ae61</run_address>
         <size>0x3</size>
         <input_file_ref idref="fl-b"/>
      </object_component>
      <object_component id="oc-205">
         <name>.text:_ti_sysbios_hal_Hwi_startup__E</name>
         <load_address>0x8ae64</load_address>
         <run_address>0x8ae64</run_address>
         <size>0x3</size>
         <input_file_ref idref="fl-17"/>
      </object_component>
      <object_component id="oc-320">
         <name>.text:_ti_sysbios_knl_Clock_TimerProxy_Module__startupDone__S</name>
         <load_address>0x8ae67</load_address>
         <run_address>0x8ae67</run_address>
         <size>0x3</size>
         <input_file_ref idref="fl-b"/>
      </object_component>
      <object_component id="oc-1dc">
         <name>.text:_ti_sysbios_knl_Idle_loop__E</name>
         <load_address>0x8ae6a</load_address>
         <run_address>0x8ae6a</run_address>
         <size>0x3</size>
         <input_file_ref idref="fl-17"/>
      </object_component>
      <object_component id="oc-30a">
         <name>.text:_ti_sysbios_knl_Queue_Instance_init__E</name>
         <load_address>0x8ae6d</load_address>
         <run_address>0x8ae6d</run_address>
         <size>0x3</size>
         <input_file_ref idref="fl-17"/>
      </object_component>
      <object_component id="oc-324">
         <name>.text:_ti_sysbios_knl_Task_SupportProxy_Module__startupDone__S</name>
         <load_address>0x8ae70</load_address>
         <run_address>0x8ae70</run_address>
         <size>0x3</size>
         <input_file_ref idref="fl-b"/>
      </object_component>
      <object_component id="oc-207">
         <name>.text:_ti_sysbios_knl_Task_startup__E</name>
         <load_address>0x8ae73</load_address>
         <run_address>0x8ae73</run_address>
         <size>0x3</size>
         <input_file_ref idref="fl-17"/>
      </object_component>
      <object_component id="oc-1cb">
         <name>.text:_xdc_runtime_Startup_reset__I</name>
         <load_address>0x8ae76</load_address>
         <run_address>0x8ae76</run_address>
         <size>0x3</size>
         <input_file_ref idref="fl-b"/>
      </object_component>
      <object_component id="oc-30d">
         <name>.text:_xdc_runtime_System_Module_startup__E</name>
         <load_address>0x8ae79</load_address>
         <run_address>0x8ae79</run_address>
         <size>0x3</size>
         <input_file_ref idref="fl-25"/>
      </object_component>
      <object_component id="oc-347">
         <name>.text:_xdc_runtime_System_SupportProxy_ready__E</name>
         <load_address>0x8ae7c</load_address>
         <run_address>0x8ae7c</run_address>
         <size>0x3</size>
         <input_file_ref idref="fl-b"/>
      </object_component>
      <object_component id="oc-300">
         <name>.text:_xdc_runtime_System_abortStd__E</name>
         <load_address>0x8ae7f</load_address>
         <run_address>0x8ae7f</run_address>
         <size>0x3</size>
         <input_file_ref idref="fl-25"/>
      </object_component>
      <object_component id="oc-223">
         <name>.text:_xdc_runtime_System_exitStd__E</name>
         <load_address>0x8ae82</load_address>
         <run_address>0x8ae82</run_address>
         <size>0x3</size>
         <input_file_ref idref="fl-25"/>
      </object_component>
      <object_component id="oc-338">
         <name>.text:_ti_sysbios_family_c28_TaskSupport_Module__startupDone__S</name>
         <load_address>0x8ae85</load_address>
         <run_address>0x8ae85</run_address>
         <size>0x2</size>
         <input_file_ref idref="fl-b"/>
      </object_component>
      <object_component id="oc-336">
         <name>.text:_ti_sysbios_family_c28_Timer_getMaxTicks__E</name>
         <load_address>0x8ae87</load_address>
         <run_address>0x8ae87</run_address>
         <size>0x2</size>
         <input_file_ref idref="fl-17"/>
      </object_component>
      <object_component id="oc-1e8">
         <name>.text:_ti_sysbios_gates_GateHwi_query__E</name>
         <load_address>0x8ae89</load_address>
         <run_address>0x8ae89</run_address>
         <size>0x2</size>
         <input_file_ref idref="fl-17"/>
      </object_component>
      <object_component id="oc-215">
         <name>.text:_ti_sysbios_gates_GateMutex_query__E</name>
         <load_address>0x8ae8b</load_address>
         <run_address>0x8ae8b</run_address>
         <size>0x2</size>
         <input_file_ref idref="fl-17"/>
      </object_component>
      <object_component id="oc-318">
         <name>.text:_xdc_runtime_Error_getSite__E</name>
         <load_address>0x8ae8d</load_address>
         <run_address>0x8ae8d</run_address>
         <size>0x2</size>
         <input_file_ref idref="fl-21"/>
      </object_component>
      <object_component id="oc-1ca">
         <name>.text</name>
[...]
      </symbol>
      <symbol id="sm-907">
         <name>_ti_sysbios_family_c28_Hwi_unPluggedInterrupt__I</name>
         <value>0x8a112</value>
         <object_component_ref idref="oc-111"/>
      </symbol>
      <symbol id="sm-908">
         <name>_ti_sysbios_gates_GateHwi_Instance_init__E</name>
         <value>0x8ae94</value>
         <object_component_ref idref="oc-227"/>
      </symbol>
      <symbol id="sm-909">
         <name>_ti_sysbios_knl_Clock_workFunc__E</name>
         <value>0x891a3</value>
         <object_component_ref idref="oc-1da"/>
      </symbol>
      <symbol id="sm-90a">
         <name>_ti_sysbios_family_c28_TaskSupport_checkStack__E</name>
         <value>0x8ad29</value>
         <object_component_ref idref="oc-2f7"/>
      </symbol>
      <symbol id="sm-90b">
         <name>_ti_sysbios_family_c28_Timer_getMaxTicks__E</name>
         <value>0x8ae87</value>
         <object_component_ref idref="oc-336"/>
      </symbol>
      <symbol id="sm-90c">
         <name>_ti_sysbios_knl_Swi_restore__E</name>
         <value>0x8a87f</value>
         <object_component_ref idref="oc-24a"/>
      </symbol>
      <symbol id="sm-90d">
         <name>_ti_sysbios_family_c28_TaskSupport_start__E</name>
         <value>0x8a24a</value>
         <object_component_ref idref="oc-34e"/>
      </symbol>
      <symbol id="sm-90e">
         <name>_ti_sysbios_knl_Task_exit__E</name>
         <value>0x89e26</value>
         <object_component_ref idref="oc-33a"/>
      </symbol>
      <symbol id="sm-90f">
         <name>_ti_sysbios_family_c28_Hwi_dispatchC__I</name>
         <value>0x8abfc</value>
         <object_component_ref idref="oc-349"/>
      </symbol>
      <symbol id="sm-910">
         <name>_ti_sysbios_knl_Clock_logTick__E</name>
         <value>0x8a2bc</value>
         <object_component_ref idref="oc-1fb"/>
      </symbol>
      <symbol id="sm-911">
         <name>_ti_sysbios_knl_Idle_loop__E</name>
         <value>0x8ae6a</value>
         <object_component_ref idref="oc-1dc"/>
      </symbol>
      <symbol id="sm-912">
         <name>_ti_sysbios_BIOS_start__E</name>
         <value>0x8addb</value>
         <object_component_ref idref="oc-1fa"/>
      </symbol>
      <symbol id="sm-913">
         <name>_ti_sysbios_heaps_HeapMem_allocUnprotected__E</name>
         <value>0x88a2a</value>
         <object_component_ref idref="oc-22c"/>
      </symbol>
      <symbol id="sm-914">
         <name>_ti_sysbios_knl_Task_restoreHwi__E</name>
         <value>0x8ab1a</value>
         <object_component_ref idref="oc-356"/>
      </symbol>
      <symbol id="sm-9c0">
         <name>_ti_sysbios_family_c28_Hwi_switchAndDispatch__I</name>
         <value>0x8a792</value>
         <object_component_ref idref="oc-355"/>
      </symbol>
      <symbol id="sm-9c1">
         <name>_ti_sysbios_family_c28_Hwi_interruptReturn__I</name>
         <value>0x8ae93</value>
         <object_component_ref idref="oc-2d2"/>
      </symbol>
      <symbol id="sm-9c2">
         <name>_ti_sysbios_family_xxx_Hwi_switchAndRunFunc</name>
         <value>0x8a8e3</value>
         <object_component_ref idref="oc-27c"/>
      </symbol>
      <symbol id="sm-a67">
         <name>_ti_sysbios_family_c28_Hwi_dispatchTable</name>
         <value>0x895aa</value>
         <object_component_ref idref="oc-330"/>
      </symbol>
      <symbol id="sm-a68">
         <name>_ti_sysbios_family_c28_Hwi_dispatchPie</name>
         <value>0x89607</value>
         <object_component_ref idref="oc-330"/>
      </symbol>
      <symbol id="sm-a74">
         <name>_ti_sysbios_family_c28_IntrinsicsSupport_maxbit__E</name>
         <value>0x8ade1</value>
         <object_component_ref idref="oc-27a"/>
      </symbol>
      <symbol id="sm-a84">
         <name>_ti_sysbios_family_c28_TaskSupport_buildTaskStack</name>
         <value>0x8a5f3</value>
         <object_component_ref idref="oc-35a"/>
      </symbol>
      <symbol id="sm-a85">
         <name>_ti_sysbios_family_c28_TaskSupport_swap__E</name>
         <value>0x8a759</value>
         <object_component_ref idref="oc-2dc"/>
      </symbol>
      <symbol id="sm-a86">
         <name>_ti_sysbios_family_c28_TaskSupport_glue</name>
         <value>0x8ad32</value>
         <object_component_ref idref="oc-35f"/>
      </symbol>
      <symbol id="sm-a9a">
         <name>_xdc_runtime_Assert_raise__I</name>
         <value>0x8a359</value>
         <object_component_ref idref="oc-252"/>
      </symbol>
      <symbol id="sm-ab9">
         <name>_xdc_runtime_Core_deleteObject__I</name>
         <value>0x8a044</value>
         <object_component_ref idref="oc-228"/>
      </symbol>
      <symbol id="sm-aba">
         <name>_xdc_runtime_Core_createObject__I</name>
         <value>0x893c6</value>
         <object_component_ref idref="oc-226"/>
      </symbol>
      <symbol id="sm-ad2">
         <name>_xdc_runtime_Core_constructObject__I</name>
         <value>0x89645</value>
         <object_component_ref idref="oc-2e2"/>
      </symbol>
      <symbol id="sm-ae1">
         <name>_xdc_runtime_Core_assignLabel__I</name>
         <value>0x8a832</value>
         <object_component_ref idref="oc-229"/>
      </symbol>
      <symbol id="sm-aef">
         <name>_xdc_runtime_Core_assignParams__I</name>
         <value>0x8a1d1</value>
         <object_component_ref idref="oc-26a"/>
      </symbol>
      <symbol id="sm-b1b">
         <name>_xdc_runtime_Error_getSite__E</name>
         <value>0x8ae8d</value>
         <object_component_ref idref="oc-318"/>
      </symbol>
      <symbol id="sm-b1c">
         <name>_xdc_runtime_Error_print__E</name>
         <value>0x8a3bd</value>
         <object_component_ref idref="oc-30b"/>
      </symbol>
      <symbol id="sm-b1d">
         <name>_xdc_runtime_Error_policyDefault__E</name>
         <value>0x89472</value>
         <object_component_ref idref="oc-25a"/>
      </symbol>
      <symbol id="sm-b1e">
         <name>_xdc_runtime_Error_init__E</name>
         <value>0x8acf7</value>
         <object_component_ref idref="oc-2e6"/>
      </symbol>
      <symbol id="sm-b1f">
         <name>_xdc_runtime_Error_raiseX__E</name>
         <value>0x8aa59</value>
         <object_component_ref idref="oc-1df"/>
      </symbol>
      <symbol id="sm-b20">
         <name>_xdc_runtime_Error_check__E</name>
         <value>0x8ac30</value>
         <object_component_ref idref="oc-304"/>
      </symbol>
      <symbol id="sm-b21">
         <name>_xdc_runtime_Error_setX__E</name>
         <value>0x8a3ed</value>
         <object_component_ref idref="oc-2b0"/>
      </symbol>
      <symbol id="sm-b2f">
         <name>_xdc_runtime_Gate_leaveSystem__E</name>
         <value>0x8ae0b</value>
         <object_component_ref idref="oc-244"/>
      </symbol>
      <symbol id="sm-b30">
         <name>_xdc_runtime_Gate_enterSystem__E</name>
         <value>0x8ae05</value>
         <object_component_ref idref="oc-221"/>
      </symbol>
      <symbol id="sm-b4b">
         <name>_xdc_runtime_Memory_calloc__E</name>
         <value>0x8ad85</value>
         <object_component_ref idref="oc-26b"/>
      </symbol>
      <symbol id="sm-b4c">
         <name>_xdc_runtime_Memory_free__E</name>
         <value>0x8ad0b</value>
         <object_component_ref idref="oc-26c"/>
      </symbol>
      <symbol id="sm-b4d">
         <name>_xdc_runtime_Memory_valloc__E</name>
         <value>0x8a99f</value>
         <object_component_ref idref="oc-2c5"/>
      </symbol>
      <symbol id="sm-b4e">
         <name>_xdc_runtime_Memory_alloc__E</name>
         <value>0x89ed0</value>
         <object_component_ref idref="oc-2f0"/>
      </symbol>
      <symbol id="sm-b4f">
         <name>_xdc_runtime_Memory_getMaxDefaultTypeAlign__E</name>
         <value>0x8ae44</value>
         <object_component_ref idref="oc-305"/>
      </symbol>
      <symbol id="sm-b71">
         <name>_xdc_runtime_Startup_startMods__I</name>
         <value>0x89982</value>
         <object_component_ref idref="oc-2c1"/>
      </symbol>
      <symbol id="sm-b72">
         <name>_xdc_runtime_Startup_rtsDone__E</name>
         <value>0x8ae48</value>
         <object_component_ref idref="oc-1ff"/>
      </symbol>
      <symbol id="sm-b73">
         <name>_xdc_runtime_Startup_exec__E</name>
         <value>0x8a41d</value>
         <object_component_ref idref="oc-1cd"/>
      </symbol>
      <symbol id="sm-bf5">
         <name>_xdc_runtime_System_formatNum__I</name>
         <value>0x8a20e</value>
         <object_component_ref idref="oc-353"/>
      </symbol>
      <symbol id="sm-bf6">
         <name>_xdc_runtime_System_exit__E</name>
         <value>0x8ace2</value>
         <object_component_ref idref="oc-1d0"/>
      </symbol>
      <symbol id="sm-bf7">
         <name>_xdc_runtime_System_exitStd__E</name>
         <value>0x8ae82</value>
         <object_component_ref idref="oc-223"/>
      </symbol>
      <symbol id="sm-bf8">
         <name>_xdc_runtime_System_printf_va__F</name>
         <value>0x8a8b1</value>
         <object_component_ref idref="oc-32f"/>
      </symbol>
      <symbol id="sm-bf9">
         <name>_xdc_runtime_System_atexit__E</name>
         <value>0x8a6a0</value>
         <object_component_ref idref="oc-202"/>
      </symbol>
      <symbol id="sm-bfa">
         <name>_xdc_runtime_System_abortStd__E</name>
         <value>0x8ae7f</value>
         <object_component_ref idref="oc-300"/>
      </symbol>
      <symbol id="sm-bfb">
         <name>_xdc_runtime_System_putchar__I</name>
         <value>0x8a898</value>
         <object_component_ref idref="oc-354"/>
      </symbol>
      <symbol id="sm-bfc">
         <name>_xdc_runtime_System_snprintf_va__F</name>
         <value>0x8ad15</value>
         <object_component_ref idref="oc-346"/>
      </symbol>
      <symbol id="sm-bfd">
         <name>_xdc_runtime_System_Module_startup__E</name>
         <value>0x8ae79</value>
         <object_component_ref idref="oc-30d"/>
      </symbol>
      <symbol id="sm-bfe">
         <name>_xdc_runtime_System_avprintf__E</name>
         <value>0x8a84c</value>
         <object_component_ref idref="oc-32e"/>
      </symbol>
      <symbol id="sm-bff">
         <name>_xdc_runtime_System_vprintf__E</name>
         <value>0x8a8b1</value>
         <object_component_ref idref="oc-32f"/>
      </symbol>
      <symbol id="sm-c00">
         <name>_xdc_runtime_System_aprintf_va__F</name>
         <value>0x8a84c</value>
         <object_component_ref idref="oc-32e"/>
      </symbol>
      <symbol id="sm-c01">
         <name>_xdc_runtime_System_doPrint__I</name>
         <value>0x88281</value>
         <object_component_ref idref="oc-348"/>
      </symbol>
      <symbol id="sm-c02">
         <name>_xdc_runtime_System_processAtExit__E</name>
         <value>0x8a63c</value>
         <object_component_ref idref="oc-1e5"/>
      </symbol>
      <symbol id="sm-c03">
         <name>_xdc_runtime_System_vsnprintf__E</name>
         <value>0x8ad15</value>
         <object_component_ref idref="oc-346"/>
      </symbol>
      <symbol id="sm-c04">
         <name>_xdc_runtime_System_abort__E</name>
         <value>0x8ac4a</value>
         <object_component_ref idref="oc-2bb"/>
      </symbol>
      <symbol id="sm-c23">
         <name>_xdc_runtime_SysMin_abort__E</name>
         <value>0x8a9cc</value>
         <object_component_ref idref="oc-2ff"/>
      </symbol>
      <symbol id="sm-c24">
         <name>_xdc_runtime_SysMin_ready__E</name>
         <value>0x8ad8d</value>
         <object_component_ref idref="oc-351"/>
      </symbol>
      <symbol id="sm-c25">
         <name>_xdc_runtime_SysMin_flush__E</name>
         <value>0x8a5cd</value>
         <object_component_ref idref="oc-2c4"/>
      </symbol>
      <symbol id="sm-c26">
         <name>_xdc_runtime_SysMin_Module_startup__E</name>
         <value>0x8ab6c</value>
         <object_component_ref idref="oc-30e"/>
      </symbol>
      <symbol id="sm-c27">
         <name>_xdc_runtime_SysMin_putch__E</name>
         <value>0x8a71d</value>
         <object_component_ref idref="oc-30c"/>
      </symbol>
      <symbol id="sm-c28">
         <name>_xdc_runtime_SysMin_exit__E</name>
         <value>0x8acd7</value>
         <object_component_ref idref="oc-262"/>
      </symbol>
      <symbol id="sm-c6d">
         <name>_xdc_runtime_Text_putLab__E</name>
         <value>0x89f1f</value>
         <object_component_ref idref="oc-362"/>
      </symbol>
      <symbol id="sm-c6e">
         <name>_xdc_runtime_Text_printVisFxn__I</name>
         <value>0x8a913</value>
         <object_component_ref idref="oc-345"/>
      </symbol>
      <symbol id="sm-c6f">
         <name>_xdc_runtime_Text_putMod__E</name>
         <value>0x8a154</value>
         <object_component_ref idref="oc-32b"/>
      </symbol>
      <symbol id="sm-c70">
         <name>_xdc_runtime_Text_cordText__E</name>
         <value>0x8ab2b</value>
         <object_component_ref idref="oc-26d"/>
      </symbol>
      <symbol id="sm-c71">
         <name>_xdc_runtime_Text_xprintf__I</name>
         <value>0x8a557</value>
         <object_component_ref idref="oc-32c"/>
      </symbol>
      <symbol id="sm-c72">
         <name>_xdc_runtime_Text_visitRope2__I</name>
         <value>0x8a38b</value>
         <object_component_ref idref="oc-35b"/>
      </symbol>
      <symbol id="sm-c73">
         <name>_xdc_runtime_Text_ropeText__E</name>
         <value>0x8ad1f</value>
         <object_component_ref idref="oc-297"/>
      </symbol>
      <symbol id="sm-c74">
         <name>_xdc_runtime_Text_putSite__E</name>
         <value>0x89bc0</value>
         <object_component_ref idref="oc-319"/>
      </symbol>
      <symbol id="sm-c80">
         <name>___xdc__init</name>
         <value>0x8ae4f</value>
         <object_component_ref idref="oc-1d1"/>
      </symbol>
      <symbol id="sm-c8f">
         <name>_xdc_runtime_Registry_findById__E</name>
         <value>0x8ab9a</value>
         <object_component_ref idref="oc-343"/>
      </symbol>
      <symbol id="sm-caa">
         <name>_c_int00</name>
         <value>0x89c95</value>
         <object_component_ref idref="oc-7c"/>
      </symbol>
      <symbol id="sm-cab">
         <name>__stack</name>
         <value>0x400</value>
         <object_component_ref idref="oc-171"/>
      </symbol>
      <symbol id="sm-cc2">
         <name>_ti_catalog_c2800_initF2837x_Boot_initFlash</name>
         <value>0xb000</value>
         <object_component_ref idref="oc-2bf"/>
      </symbol>
      <symbol id="sm-cc3">
         <name>_ti_catalog_c2800_initF2837x_Boot_defaultLimpAbortFunction</name>
         <value>0x896df</value>
         <object_component_ref idref="oc-2bc"/>
      </symbol>
      <symbol id="sm-cc4">
         <name>_ti_catalog_c2800_initF2837x_Boot_configurePllDivs</name>
         <value>0x8a08a</value>
         <object_component_ref idref="oc-21d"/>
      </symbol>
      <symbol id="sm-cc5">
         <name>_ti_catalog_c2800_initF2837x_Boot_initSharedRAMs</name>
         <value>0x8ad4d</value>
         <object_component_ref idref="oc-21e"/>
      </symbol>
      <symbol id="sm-cd1">
         <name>LL$$AND</name>
         <value>0x8a92b</value>
         <object_component_ref idref="oc-17b"/>
      </symbol>
      <symbol id="sm-cd2">
         <name>LL$$OR</name>
         <value>0x8a933</value>
         <object_component_ref idref="oc-17b"/>
      </symbol>
      <symbol id="sm-cd3">
         <name>LL$$XOR</name>
         <value>0x8a93b</value>
         <object_component_ref idref="oc-17b"/>
      </symbol>
      <symbol id="sm-cff">
         <name>ULL$$MOD</name>
         <value>0x88eb2</value>
         <object_component_ref idref="oc-180"/>
      </symbol>
      <symbol id="sm-d00">
         <name>ULL$$DIV</name>
         <value>0x88e83</value>
         <object_component_ref idref="oc-180"/>
      </symbol>
      <symbol id="sm-d01">
         <name>LL$$MOD</name>
         <value>0x88e49</value>
         <object_component_ref idref="oc-180"/>
      </symbol>
      <symbol id="sm-d02">
         <name>LL$$DIV</name>
         <value>0x88e0d</value>
         <object_component_ref idref="oc-180"/>
      </symbol>
      <symbol id="sm-d11">
         <name>_copy_in</name>
         <value>0x8a618</value>
         <object_component_ref idref="oc-1cc"/>
      </symbol>
      <symbol id="sm-d22">
         <name>_memcpy</name>
         <value>0x8a73b</value>
         <object_component_ref idref="oc-1e1"/>
      </symbol>
      <symbol id="sm-d2e">
         <name>__system_pre_init</name>
         <value>0x8ae8f</value>
         <object_component_ref idref="oc-1ca"/>
      </symbol>
      <symbol id="sm-d3b">
         <name>__system_post_cinit</name>
         <value>0x8ae95</value>
         <object_component_ref idref="oc-1ce"/>
      </symbol>
      <symbol id="sm-d4f">
         <name>C$$EXIT</name>
         <value>0x8a52e</value>
         <object_component_ref idref="oc-263"/>
      </symbol>
      <symbol id="sm-d50">
         <name>_exit</name>
         <value>0x8a530</value>
         <object_component_ref idref="oc-263"/>
      </symbol>
      <symbol id="sm-d51">
         <name>___TI_cleanup_ptr</name>
         <value>0x910e</value>
         <object_component_ref idref="oc-19b"/>
      </symbol>
      <symbol id="sm-d52">
         <name>___TI_enable_exit_profile_output</name>
         <value>0x910c</value>
         <object_component_ref idref="oc-19b"/>
      </symbol>
      <symbol id="sm-d53">
         <name>_abort</name>
         <value>0x8a52e</value>
         <object_component_ref idref="oc-263"/>
      </symbol>
      <symbol id="sm-d54">
         <name>___TI_dtors_ptr</name>
         <value>0x9110</value>
         <object_component_ref idref="oc-19b"/>
      </symbol>
      <symbol id="sm-d68">
         <name>__unlock</name>
         <value>0x9114</value>
         <object_component_ref idref="oc-27e"/>
      </symbol>
      <symbol id="sm-d69">
         <name>__lock</name>
         <value>0x9112</value>
         <object_component_ref idref="oc-27f"/>
      </symbol>
      <symbol id="sm-d6a">
         <name>__register_lock</name>
         <value>0x8ad48</value>
         <object_component_ref idref="oc-240"/>
      </symbol>
      <symbol id="sm-d6b">
         <name>__nop</name>
         <value>0x8ad4c</value>
         <object_component_ref idref="oc-240"/>
      </symbol>
      <symbol id="sm-d6c">
         <name>__register_unlock</name>
         <value>0x8ad44</value>
         <object_component_ref idref="oc-240"/>
      </symbol>
      <symbol id="sm-d7b">
         <name>__args_main</name>
         <value>0x8a8ca</value>
         <object_component_ref idref="oc-1cf"/>
      </symbol>
      <symbol id="sm-d89">
         <name>_memset</name>
         <value>0x8ac9f</value>
         <object_component_ref idref="oc-2f1"/>
      </symbol>
      <symbol id="sm-d9f">
         <name>_strlen</name>
         <value>0x8ad95</value>
         <object_component_ref idref="oc-32d"/>
      </symbol>
      <symbol id="sm-dac">
         <name>_HOSTwrite</name>
         <value>0x8a284</value>
         <object_component_ref idref="oc-315"/>
      </symbol>
      <symbol id="sm-dc5">
         <name>___TI_readmsg</name>
         <value>0x89738</value>
         <object_component_ref idref="oc-32a"/>
      </symbol>
      <symbol id="sm-dc6">
         <name>C$$IO$$</name>
         <value>0x89733</value>
         <object_component_ref idref="oc-32a"/>
      </symbol>
      <symbol id="sm-dc7">
         <name>__CIOBUF_</name>
         <value>0x9980</value>
         <object_component_ref idref="oc-1bf"/>
      </symbol>
      <symbol id="sm-dc8">
         <name>___TI_writemsg</name>
         <value>0x896e0</value>
         <object_component_ref idref="oc-32a"/>
      </symbol>
      <symbol id="sm-dd4">
         <name>_parmbuf</name>
         <value>0x9103</value>
         <object_component_ref idref="oc-1c5"/>
      </symbol>
   </symbol_table>
   <title>Link successful</title>
</link_info>
