******************************************************************************
             TMS320C2000 Linker PC v6.2.4                      
******************************************************************************
>> Linked Mon May 19 16:20:08 2014

OUTPUT FILE NAME:   <blink_cpu01.out>
ENTRY POINT SYMBOL: "_c_int00"  address: 0008a84b


MEMORY CONFIGURATION

         name            origin    length      used     unused   attr    fill
----------------------  --------  ---------  --------  --------  ----  --------
PAGE 0:
  D01SARAM              0000b000   00001000  00000023  00000fdd  RWIX
  BEGIN                 00080000   00000002  00000002  00000000  RWIX
  FLASHA                00080002   00001ffe  00001ff3  0000000b  RWIX
  FLASHB                00082000   00002000  00000226  00001dda  RWIX
  FLASHC                00084000   00002000  00000000  00002000  RWIX
  FLASHD                00086000   00002000  00000000  00002000  RWIX
  FLASHE                00088000   00008000  0000395e  000046a2  RWIX
  FLASHF                00090000   00008000  00000000  00008000  RWIX
  FLASHG                00098000   00008000  00000000  00008000  RWIX
  FLASHH                000a0000   00008000  00000000  00008000  RWIX
  FLASHI                000a8000   00008000  00000000  00008000  RWIX
  FLASHJ                000b0000   00008000  00000000  00008000  RWIX
  FLASHK                000b8000   00002000  00000000  00002000  RWIX
  FLASHL                000ba000   00002000  00000000  00002000  RWIX
  FLASHM                000bc000   00002000  00000000  00002000  RWIX
  FLASHN                000be000   00002000  00000000  00002000  RWIX
  RESET                 003fffc0   00000002  00000000  00000002  RWIX

PAGE 1:
  BOOT_RSVD             00000002   00000120  00000000  00000120  RWIX
  M1SARAM               00000400   00000400  00000400  00000000  RWIX
  ADCA_RESULT           00000b00   00000020  00000018  00000008  RWIX
  ADCB_RESULT           00000b20   00000020  00000018  00000008  RWIX
  ADCC_RESULT           00000b40   00000020  00000018  00000008  RWIX
  ADCD_RESULT           00000b60   00000020  00000018  00000008  RWIX
  CPU_TIMER0            00000c00   00000008  00000008  00000000  RWIX
  CPU_TIMER1            00000c08   00000008  00000008  00000000  RWIX
  CPU_TIMER2            00000c10   00000008  00000008  00000000  RWIX
  PIE_CTRL              00000ce0   00000020  0000001a  00000006  RWIX
  DMA                   00001000   00000200  000000e0  00000120  RWIX
  CLA1                  00001400   00000040  00000040  00000000  RWIX
  EPWM1                 00004000   00000100  00000100  00000000  RWIX
  EPWM2                 00004100   00000100  00000100  00000000  RWIX
  EPWM3                 00004200   00000100  00000100  00000000  RWIX
  EPWM4                 00004300   00000100  00000100  00000000  RWIX
  EPWM5                 00004400   00000100  00000100  00000000  RWIX
  EPWM6                 00004500   00000100  00000100  00000000  RWIX
  EPWM7                 00004600   00000100  00000100  00000000  RWIX
  EPWM8                 00004700   00000100  00000100  00000000  RWIX
  EPWM9                 00004800   00000100  00000100  00000000  RWIX
  EPWM10                00004900   00000100  00000100  00000000  RWIX
  EPWM11                00004a00   00000100  00000100  00000000  RWIX
  EPWM12                00004b00   00000100  00000100  00000000  RWIX
  ECAP1                 00005000   00000020  00000020  00000000  RWIX
  ECAP2                 00005020   00000020  00000020  00000000  RWIX
  ECAP3                 00005040   00000020  00000020  00000000  RWIX
  ECAP4                 00005060   00000020  00000020  00000000  RWIX
  ECAP5                 00005080   00000020  00000020  00000000  RWIX
  ECAP6                 000050a0   00000020  00000020  00000000  RWIX
  EQEP1                 00005100   00000040  00000022  0000001e  RWIX
  EQEP2                 00005140   00000040  00000022  0000001e  RWIX
  EQEP3                 00005180   00000040  00000022  0000001e  RWIX
  DACA                  00005c00   00000010  00000008  00000008  RWIX
  DACB                  00005c10   00000010  00000008  00000008  RWIX
  DACC                  00005c20   00000010  00000008  00000008  RWIX
  CMPSS1                00005c80   00000020  00000020  00000000  RWIX
  CMPSS2                00005ca0   00000020  00000020  00000000  RWIX
  CMPSS3                00005cc0   00000020  00000020  00000000  RWIX
  CMPSS4                00005ce0   00000020  00000020  00000000  RWIX
  CMPSS5                00005d00   00000020  00000020  00000000  RWIX
  CMPSS6                00005d20   00000020  00000020  00000000  RWIX
  CMPSS7                00005d40   00000020  00000020  00000000  RWIX
  CMPSS8                00005d60   00000020  00000020  00000000  RWIX
  SDFM1                 00005e00   00000080  00000080  00000000  RWIX
  SDFM2                 00005e80   00000080  00000080  00000000  RWIX
  MCBSPA                00006000   00000040  00000024  0000001c  RWIX
  MCBSPB                00006040   00000040  00000024  0000001c  RWIX
  SPIA                  00006100   00000010  00000010  00000000  RWIX
  SPIB                  00006110   00000010  00000010  00000000  RWIX
  SPIC                  00006120   00000010  00000010  00000000  RWIX
  SPID                  00006130   00000010  00000010  00000000  RWIX
  UPP                   00006200   00000100  00000048  000000b8  RWIX
  WD                    00007000   00000040  0000002b  00000015  RWIX
  NMIINTRUPT            00007060   00000010  00000007  00000009  RWIX
  XINT                  00007070   00000010  0000000b  00000005  RWIX
  SCIA                  00007200   00000010  00000010  00000000  RWIX
  SCIB                  00007210   00000010  00000010  00000000  RWIX
  SCIC                  00007220   00000010  00000010  00000000  RWIX
  SCID                  00007230   00000010  00000010  00000000  RWIX
  I2CA                  00007300   00000040  00000022  0000001e  RWIX
  I2CB                  00007340   00000040  00000022  0000001e  RWIX
  ADCA                  00007400   00000080  00000080  00000000  RWIX
  ADCB                  00007480   00000080  00000080  00000000  RWIX
  ADCC                  00007500   00000080  00000080  00000000  RWIX
  ADCD                  00007580   00000080  00000080  00000000  RWIX
  TRIG                  00007900   00000050  00000046  0000000a  RWIX
  DMACLASRCSEL          00007980   00000040  0000001a  00000026  RWIX
  EPWM_XBAR             00007a00   00000040  00000040  00000000  RWIX
  CLB_XBAR              00007a40   00000040  00000000  00000040  RWIX
  GPIO_OUT_XBAR         00007a80   00000040  00000040  00000000  RWIX
  GPIOCTRL              00007c00   00000180  00000180  00000000  RWIX
  GPIODAT               00007f00   00000030  00000030  00000000  RWIX
  LS05SARAM             00008000   00003000  00001b49  000014b7  RWIX
  RAMGS0                0000c000   00001000  00000000  00001000  RWIX
  RAMGS1                0000d000   00001000  00000000  00001000  RWIX
  RAMGS2                0000e000   00001000  00000000  00001000  RWIX
  RAMGS3                0000f000   00001000  00000000  00001000  RWIX
  RAMGS4                00010000   00001000  00000000  00001000  RWIX
  RAMGS5                00011000   00001000  00000000  00001000  RWIX
  RAMGS6                00012000   00001000  00000000  00001000  RWIX
  RAMGS7                00013000   00001000  00000000  00001000  RWIX
  RAMGS8                00014000   00001000  00000000  00001000  RWIX
  RAMGS9                00015000   00001000  00000000  00001000  RWIX
  RAMGS10               00016000   00001000  00000000  00001000  RWIX
  RAMGS11               00017000   00001000  00000000  00001000  RWIX
  RAMGS12               00018000   00001000  00000000  00001000  RWIX
  RAMGS13               00019000   00001000  00000000  00001000  RWIX
  RAMGS14               0001a000   00001000  00000000  00001000  RWIX
  RAMGS15               0001b000   00001000  00000000  00001000  RWIX
  CPU2TOCPU1RAM         0003f800   00000400  00000000  00000400  RWIX
  CPU1TOCPU2RAM         0003fc00   00000400  00000000  00000400  RWIX
  EMIF1                 00047000   00000800  00000070  00000790  RWIX
  EMIF2                 00047800   00000800  00000070  00000790  RWIX
  DCANA                 00048000   00001000  00000200  00000e00  RWIX
  DCANB                 0004a000   00001000  00000200  00000e00  RWIX
  IPC                   00050000   00001000  00000026  00000fda  RWIX
  DEV_CFG               0005d000   00000180  0000012e  00000052  RWIX
  ANALOG_SUBSYS         0005d180   00000080  00000048  00000038  RWIX
  CLK_CFG               0005d200   00000100  00000032  000000ce  RWIX
  CPU_SYS               0005d300   00000100  00000082  0000007e  RWIX
  HWBIST                0005e000   00000100  000000a2  0000005e  RWIX
  PBIST                 0005e200   00000200  000001e6  0000001a  RWIX
  ROMPREFETCH           0005e608   00000002  00000002  00000000  RWIX
  DCSM_Z1               0005f000   00000030  00000024  0000000c  RWIX
  DCSM_Z2               0005f040   00000030  00000024  0000000c  RWIX
  DCSM_COMMON           0005f070   00000010  00000008  00000008  RWIX
  MEMCFG                0005f400   00000080  00000080  00000000  RWIX
  EMIF1CONFIG           0005f480   00000020  00000020  00000000  RWIX
  EMIF2CONFIG           0005f4a0   00000020  00000020  00000000  RWIX
  ACCESSPROTECTION      0005f4c0   00000040  00000040  00000000  RWIX
  MEMORYERROR           0005f500   00000040  00000040  00000000  RWIX
  ROMWAITSTATE          0005f540   00000002  00000002  00000000  RWIX
  FLASH_CTRL            0005f800   00000300  00000182  0000017e  RWIX
  FLASH_ECC             0005fb00   00000040  00000028  00000018  RWIX
  DCSM_OTP_Z1           00078800   00000020  0000001a  00000006  RWIX
  DCSM_OTP_Z2           00078900   00000020  0000001a  00000006  RWIX


SECTION ALLOCATION MAP

 output                                  attributes/
section   page    origin      length       input sections
--------  ----  ----------  ----------   ----------------
xdc.meta   0    00000000    00000104     COPY SECTION
                  00000000    00000104     blink_cpu01_p28FP.o28FP (xdc.meta)

.pinit     0    00080002    00000000     UNINITIALIZED

Cla1SoftIntRegsFile 
*          1    00000ce0    00000004     DSECT
                  00000ce0    00000004     F2837xD_GlobalVariableDefsforBIOS.obj (Cla1SoftIntRegsFile)

GETBUFFER 
*          0    0003f800    00000000     DSECT

GETWRITEIDX 
*          0    0003f800    00000000     DSECT

PUTREADIDX 
*          0    0003f800    00000000     DSECT

codestart 
*          0    00080000    00000002     
                  00080000    00000002     F2837xD_CodeStartBranch.obj (codestart)

.flashfuncs 
*          0    00080002    00000023     RUN ADDR = 0000b000
                  00080002    00000023     Boot.a28FP : Boot.o28FP (.flashfuncs)

ramfuncs   0    00080025    00000029     RUN ADDR = 00009a00
                  00080025    00000025     F2837xD_SysCtrl.obj (ramfuncs)
                  0008004a    00000004     F2837xD_usDelay.obj (ramfuncs)

.econst    0    0008004e    00001b6b     
                  0008004e    000015ae     blink_cpu01_p28FP.o28FP (.econst:xdc_runtime_Text_charTab__A)
                  000815fc    000001c0     blink_cpu01_p28FP.o28FP (.econst:_ti_sysbios_family_c28_Hwi_vectors)
                  000817bc    0000005e     blink_cpu01_p28FP.o28FP (.econst:.string)
                  0008181a    00000058     ti.targets.rts2800.a28FP : Error.o28FP (.econst:.string)
                  00081872    00000050     blink_cpu01_p28FP.o28FP (.econst:xdc_runtime_Text_nodeTab__A)
                  000818c2    0000004b     ti.targets.rts2800.a28FP : Log.o28FP (.econst:.string)
                  0008190d    00000001     blink_cpu01_p28FP.o28FP (.econst:ti_sysbios_BIOS_Module__id__C)
                  0008190e    00000043     ti.targets.rts2800.a28FP : Text.o28FP (.econst:.string)
                  00081951    00000001     blink_cpu01_p28FP.o28FP (.econst:ti_sysbios_family_c28_Hwi_Module__id__C)
                  00081952    0000002a     ti.targets.rts2800.a28FP : Startup.o28FP (.econst:.string)
                  0008197c    00000014     blink_cpu01_p28FP.o28FP (.econst:ti_sysbios_heaps_HeapMem_Module__FXNS__C)
                  00081990    00000012     blink_cpu01_p28FP.o28FP (.econst:ti_sysbios_gates_GateHwi_Module__FXNS__C)
                  000819a2    00000012     blink_cpu01_p28FP.o28FP (.econst:ti_sysbios_gates_GateMutex_Module__FXNS__C)
                  000819b4    00000012     blink_cpu01_p28FP.o28FP (.econst:ti_sysbios_heaps_HeapMem_Object__PARAMS__C)
                  000819c6    00000012     blink_cpu01_p28FP.o28FP (.econst:xdc_runtime_Startup_sfxnTab__A)
                  000819d8    00000011     ti.targets.rts2800.a28FP : System.o28FP (.econst:_digtohex)
                  000819e9    00000001     blink_cpu01_p28FP.o28FP (.econst:ti_sysbios_family_c28_Hwi_Module__loggerDefined__C)
                  000819ea    00000010     blink_cpu01_p28FP.o28FP (.econst:ti_sysbios_gates_GateHwi_Object__DESC__C)
                  000819fa    00000010     blink_cpu01_p28FP.o28FP (.econst:ti_sysbios_gates_GateMutex_Object__DESC__C)
                  00081a0a    00000010     blink_cpu01_p28FP.o28FP (.econst:ti_sysbios_heaps_HeapMem_Object__DESC__C)
                  00081a1a    00000010     blink_cpu01_p28FP.o28FP (.econst:ti_sysbios_knl_Queue_Object__DESC__C)
                  00081a2a    00000010     blink_cpu01_p28FP.o28FP (.econst:ti_sysbios_knl_Semaphore_Object__DESC__C)
                  00081a3a    00000010     blink_cpu01_p28FP.o28FP (.econst:ti_sysbios_knl_Semaphore_Object__PARAMS__C)
                  00081a4a    0000000c     blink_cpu01_p28FP.o28FP (.econst:ti_sysbios_gates_GateHwi_Object__PARAMS__C)
                  00081a56    0000000c     blink_cpu01_p28FP.o28FP (.econst:ti_sysbios_gates_GateMutex_Object__PARAMS__C)
                  00081a62    0000000c     blink_cpu01_p28FP.o28FP (.econst:ti_sysbios_knl_Queue_Object__PARAMS__C)
                  00081a6e    0000000c     blink_cpu01_p28FP.o28FP (.econst:ti_sysbios_knl_Task_hooks__A)
                  00081a7a    00000009     blink_cpu01_p28FP.o28FP (.econst:xdc_runtime_Startup_sfxnRts__A)
                  00081a83    00000001     blink_cpu01_p28FP.o28FP (.econst:ti_sysbios_family_c28_Hwi_NUM_INTERRUPTS_ALL__C)
                  00081a84    00000007     ti.targets.rts2800.a28FP : System.o28FP (.econst:.string)
                  00081a8b    00000001     blink_cpu01_p28FP.o28FP (.econst:ti_sysbios_family_c28_Hwi_Object__count__C)
                  00081a8c    00000006     blink_cpu01_p28FP.o28FP (.econst:xdc_runtime_Startup_firstFxns__A)
                  00081a92    00000005     ti.targets.rts2800.a28FP : Assert.o28FP (.econst:.string)
                  00081a97    00000001     blink_cpu01_p28FP.o28FP (.econst:ti_sysbios_family_c28_TaskSupport_Module__id__C)
                  00081a98    00000004     ti.targets.rts2800.a28FP : Diags.o28FP (.econst:.string)
                  00081a9c    00000004     blink_cpu01_p28FP.o28FP (.econst:ti_sysbios_knl_Idle_coreList__C)
                  00081aa0    00000004     blink_cpu01_p28FP.o28FP (.econst:ti_sysbios_knl_Idle_funcList__C)
                  00081aa4    00000004     blink_cpu01_p28FP.o28FP (.econst:ti_sysbios_knl_Task_hooks__C)
                  00081aa8    00000004     blink_cpu01_p28FP.o28FP (.econst:xdc_runtime_Startup_firstFxns__C)
                  00081aac    00000004     blink_cpu01_p28FP.o28FP (.econst:xdc_runtime_Startup_lastFxns__C)
                  00081ab0    00000002     blink_cpu01_p28FP.o28FP (.econst)
                  00081ab2    00000002     blink_cpu01_p28FP.o28FP (.econst:ti_sysbios_BIOS_Module__diagsEnabled__C)
                  00081ab4    00000002     blink_cpu01_p28FP.o28FP (.econst:ti_sysbios_BIOS_Module__diagsIncluded__C)
                  00081ab6    00000002     blink_cpu01_p28FP.o28FP (.econst:ti_sysbios_BIOS_Module__diagsMask__C)
                  00081ab8    00000002     blink_cpu01_p28FP.o28FP (.econst:ti_sysbios_BIOS_installedErrorHook__C)
                  00081aba    00000002     blink_cpu01_p28FP.o28FP (.econst:ti_sysbios_family_c28_Hwi_A_badIntNum__C)
                  00081abc    00000002     blink_cpu01_p28FP.o28FP (.econst:ti_sysbios_family_c28_Hwi_A_invalidArg__C)
                  00081abe    00000002     blink_cpu01_p28FP.o28FP (.econst:ti_sysbios_family_c28_Hwi_E_unpluggedInterrupt__C)
                  00081ac0    00000002     blink_cpu01_p28FP.o28FP (.econst:ti_sysbios_family_c28_Hwi_LD_end__C)
                  00081ac2    00000002     blink_cpu01_p28FP.o28FP (.econst:ti_sysbios_family_c28_Hwi_LM_begin__C)
                  00081ac4    00000002     blink_cpu01_p28FP.o28FP (.econst:ti_sysbios_family_c28_Hwi_Module__diagsEnabled__C)
                  00081ac6    00000002     blink_cpu01_p28FP.o28FP (.econst:ti_sysbios_family_c28_Hwi_Module__diagsIncluded__C)
                  00081ac8    00000002     blink_cpu01_p28FP.o28FP (.econst:ti_sysbios_family_c28_Hwi_Module__diagsMask__C)
                  00081aca    00000002     blink_cpu01_p28FP.o28FP (.econst:ti_sysbios_family_c28_Hwi_Module__loggerFxn1__C)
                  00081acc    00000002     blink_cpu01_p28FP.o28FP (.econst:ti_sysbios_family_c28_Hwi_Module__loggerFxn8__C)
                  00081ace    00000002     blink_cpu01_p28FP.o28FP (.econst:ti_sysbios_family_c28_Hwi_Module__loggerObj__C)
                  00081ad0    00000002     blink_cpu01_p28FP.o28FP (.econst:ti_sysbios_family_c28_Hwi_Object__table__C)
                  00081ad2    00000002     blink_cpu01_p28FP.o28FP (.econst:ti_sysbios_family_c28_TaskSupport_E_invalidStack__C)
                  00081ad4    00000002     blink_cpu01_p28FP.o28FP (.econst:ti_sysbios_gates_GateMutex_A_badContext__C)
                  00081ad6    00000002     blink_cpu01_p28FP.o28FP (.econst:ti_sysbios_gates_GateMutex_Instance_State_sem__O)
                  00081ad8    00000002     blink_cpu01_p28FP.o28FP (.econst:ti_sysbios_gates_GateMutex_Module__diagsEnabled__C)
                  00081ada    00000002     blink_cpu01_p28FP.o28FP (.econst:ti_sysbios_gates_GateMutex_Module__diagsIncluded__C)
                  00081adc    00000002     blink_cpu01_p28FP.o28FP (.econst:ti_sysbios_gates_GateMutex_Module__diagsMask__C)
                  00081ade    00000002     blink_cpu01_p28FP.o28FP (.econst:ti_sysbios_hal_Hwi_E_stackOverflow__C)
                  00081ae0    00000002     blink_cpu01_p28FP.o28FP (.econst:ti_sysbios_heaps_HeapMem_A_align__C)
                  00081ae2    00000002     blink_cpu01_p28FP.o28FP (.econst:ti_sysbios_heaps_HeapMem_A_heapSize__C)
                  00081ae4    00000002     blink_cpu01_p28FP.o28FP (.econst:ti_sysbios_heaps_HeapMem_A_invalidFree__C)
                  00081ae6    00000002     blink_cpu01_p28FP.o28FP (.econst:ti_sysbios_heaps_HeapMem_A_zeroBlock__C)
                  00081ae8    00000002     blink_cpu01_p28FP.o28FP (.econst:ti_sysbios_heaps_HeapMem_E_memory__C)
                  00081aea    00000002     blink_cpu01_p28FP.o28FP (.econst:ti_sysbios_heaps_HeapMem_Module__diagsEnabled__C)
                  00081aec    00000002     blink_cpu01_p28FP.o28FP (.econst:ti_sysbios_heaps_HeapMem_Module__diagsIncluded__C)
                  00081aee    00000002     blink_cpu01_p28FP.o28FP (.econst:ti_sysbios_heaps_HeapMem_Module__diagsMask__C)
                  00081af0    00000002     blink_cpu01_p28FP.o28FP (.econst:ti_sysbios_heaps_HeapMem_Module__gateObj__C)
                  00081af2    00000002     blink_cpu01_p28FP.o28FP (.econst:ti_sysbios_heaps_HeapMem_Object__table__C)
                  00081af4    00000002     blink_cpu01_p28FP.o28FP (.econst:ti_sysbios_heaps_HeapMem_reqAlign__C)
                  00081af6    00000002     blink_cpu01_p28FP.o28FP (.econst:ti_sysbios_knl_Clock_LM_begin__C)
                  00081af8    00000002     blink_cpu01_p28FP.o28FP (.econst:ti_sysbios_knl_Clock_LM_tick__C)
                  00081afa    00000002     blink_cpu01_p28FP.o28FP (.econst:ti_sysbios_knl_Clock_LW_delayed__C)
                  00081afc    00000002     blink_cpu01_p28FP.o28FP (.econst:ti_sysbios_knl_Clock_Module_State_clockQ__O)
                  00081afe    00000002     blink_cpu01_p28FP.o28FP (.econst:ti_sysbios_knl_Clock_Module__diagsEnabled__C)
                  00081b00    00000002     blink_cpu01_p28FP.o28FP (.econst:ti_sysbios_knl_Clock_Module__diagsIncluded__C)
                  00081b02    00000002     blink_cpu01_p28FP.o28FP (.econst:ti_sysbios_knl_Clock_Module__diagsMask__C)
                  00081b04    00000002     blink_cpu01_p28FP.o28FP (.econst:ti_sysbios_knl_Clock_Module__loggerFxn1__C)
                  00081b06    00000002     blink_cpu01_p28FP.o28FP (.econst:ti_sysbios_knl_Clock_Module__loggerFxn2__C)
                  00081b08    00000002     blink_cpu01_p28FP.o28FP (.econst:ti_sysbios_knl_Clock_Module__loggerObj__C)
                  00081b0a    00000002     blink_cpu01_p28FP.o28FP (.econst:ti_sysbios_knl_Idle_funcList__A)
                  00081b0c    00000002     blink_cpu01_p28FP.o28FP (.econst:ti_sysbios_knl_Queue_Object__table__C)
                  00081b0e    00000002     blink_cpu01_p28FP.o28FP (.econst:ti_sysbios_knl_Semaphore_A_badContext__C)
                  00081b10    00000002     blink_cpu01_p28FP.o28FP (.econst:ti_sysbios_knl_Semaphore_A_noEvents__C)
                  00081b12    00000002     blink_cpu01_p28FP.o28FP (.econst:ti_sysbios_knl_Semaphore_A_overflow__C)
                  00081b14    00000002     blink_cpu01_p28FP.o28FP (.econst:ti_sysbios_knl_Semaphore_A_pendTaskDisabled__C)
                  00081b16    00000002     blink_cpu01_p28FP.o28FP (.econst:ti_sysbios_knl_Semaphore_Instance_State_pendQ__O)
                  00081b18    00000002     blink_cpu01_p28FP.o28FP (.econst:ti_sysbios_knl_Semaphore_LM_pend__C)
                  00081b1a    00000002     blink_cpu01_p28FP.o28FP (.econst:ti_sysbios_knl_Semaphore_LM_post__C)
                  00081b1c    00000002     blink_cpu01_p28FP.o28FP (.econst:ti_sysbios_knl_Semaphore_Module__diagsEnabled__C)
                  00081b1e    00000002     blink_cpu01_p28FP.o28FP (.econst:ti_sysbios_knl_Semaphore_Module__diagsIncluded__C)
                  00081b20    00000002     blink_cpu01_p28FP.o28FP (.econst:ti_sysbios_knl_Semaphore_Module__diagsMask__C)
                  00081b22    00000002     blink_cpu01_p28FP.o28FP (.econst:ti_sysbios_knl_Semaphore_Module__loggerFxn2__C)
                  00081b24    00000002     blink_cpu01_p28FP.o28FP (.econst:ti_sysbios_knl_Semaphore_Module__loggerFxn4__C)
                  00081b26    00000002     blink_cpu01_p28FP.o28FP (.econst:ti_sysbios_knl_Semaphore_Module__loggerObj__C)
                  00081b28    00000002     blink_cpu01_p28FP.o28FP (.econst:ti_sysbios_knl_Swi_LD_end__C)
                  00081b2a    00000002     blink_cpu01_p28FP.o28FP (.econst:ti_sysbios_knl_Swi_LM_begin__C)
                  00081b2c    00000002     blink_cpu01_p28FP.o28FP (.econst:ti_sysbios_knl_Swi_LM_post__C)
                  00081b2e    00000002     blink_cpu01_p28FP.o28FP (.econst:ti_sysbios_knl_Swi_Module__diagsEnabled__C)
                  00081b30    00000002     blink_cpu01_p28FP.o28FP (.econst:ti_sysbios_knl_Swi_Module__diagsIncluded__C)
                  00081b32    00000002     blink_cpu01_p28FP.o28FP (.econst:ti_sysbios_knl_Swi_Module__diagsMask__C)
                  00081b34    00000002     blink_cpu01_p28FP.o28FP (.econst:ti_sysbios_knl_Swi_Module__loggerFxn1__C)
                  00081b36    00000002     blink_cpu01_p28FP.o28FP (.econst:ti_sysbios_knl_Swi_Module__loggerFxn4__C)
                  00081b38    00000002     blink_cpu01_p28FP.o28FP (.econst:ti_sysbios_knl_Swi_Module__loggerObj__C)
                  00081b3a    00000002     blink_cpu01_p28FP.o28FP (.econst:ti_sysbios_knl_Swi_Object__table__C)
                  00081b3c    00000002     blink_cpu01_p28FP.o28FP (.econst:ti_sysbios_knl_Task_E_spOutOfBounds__C)
                  00081b3e    00000002     blink_cpu01_p28FP.o28FP (.econst:ti_sysbios_knl_Task_E_stackOverflow__C)
                  00081b40    00000002     blink_cpu01_p28FP.o28FP (.econst:ti_sysbios_knl_Task_LD_block__C)
                  00081b42    00000002     blink_cpu01_p28FP.o28FP (.econst:ti_sysbios_knl_Task_LD_exit__C)
                  00081b44    00000002     blink_cpu01_p28FP.o28FP (.econst:ti_sysbios_knl_Task_LD_ready__C)
                  00081b46    00000002     blink_cpu01_p28FP.o28FP (.econst:ti_sysbios_knl_Task_LM_switch__C)
                  00081b48    00000002     blink_cpu01_p28FP.o28FP (.econst:ti_sysbios_knl_Task_Module_State_inactiveQ__O)
                  00081b4a    00000002     blink_cpu01_p28FP.o28FP (.econst:ti_sysbios_knl_Task_Module__diagsEnabled__C)
                  00081b4c    00000002     blink_cpu01_p28FP.o28FP (.econst:ti_sysbios_knl_Task_Module__diagsIncluded__C)
                  00081b4e    00000002     blink_cpu01_p28FP.o28FP (.econst:ti_sysbios_knl_Task_Module__diagsMask__C)
                  00081b50    00000002     blink_cpu01_p28FP.o28FP (.econst:ti_sysbios_knl_Task_Module__loggerFxn2__C)
                  00081b52    00000002     blink_cpu01_p28FP.o28FP (.econst:ti_sysbios_knl_Task_Module__loggerFxn4__C)
                  00081b54    00000002     blink_cpu01_p28FP.o28FP (.econst:ti_sysbios_knl_Task_Module__loggerObj__C)
                  00081b56    00000002     blink_cpu01_p28FP.o28FP (.econst:ti_sysbios_knl_Task_Object__table__C)
                  00081b58    00000002     blink_cpu01_p28FP.o28FP (.econst:ti_sysbios_knl_Task_allBlockedFunc__C)
                  00081b5a    00000002     blink_cpu01_p28FP.o28FP (.econst:xdc_runtime_Assert_E_assertFailed__C)
                  00081b5c    00000002     blink_cpu01_p28FP.o28FP (.econst:xdc_runtime_Core_A_initializedParams__C)
                  00081b5e    00000002     blink_cpu01_p28FP.o28FP (.econst:xdc_runtime_Core_Module__diagsEnabled__C)
                  00081b60    00000002     blink_cpu01_p28FP.o28FP (.econst:xdc_runtime_Core_Module__diagsIncluded__C)
                  00081b62    00000002     blink_cpu01_p28FP.o28FP (.econst:xdc_runtime_Core_Module__diagsMask__C)
                  00081b64    00000002     blink_cpu01_p28FP.o28FP (.econst:xdc_runtime_Error_E_memory__C)
                  00081b66    00000002     blink_cpu01_p28FP.o28FP (.econst:xdc_runtime_Error_Module__diagsEnabled__C)
                  00081b68    00000002     blink_cpu01_p28FP.o28FP (.econst:xdc_runtime_Error_Module__diagsIncluded__C)
                  00081b6a    00000002     blink_cpu01_p28FP.o28FP (.econst:xdc_runtime_Error_Module__diagsMask__C)
                  00081b6c    00000002     blink_cpu01_p28FP.o28FP (.econst:xdc_runtime_Error_Module__loggerFxn8__C)
                  00081b6e    00000002     blink_cpu01_p28FP.o28FP (.econst:xdc_runtime_Error_Module__loggerObj__C)
                  00081b70    00000002     blink_cpu01_p28FP.o28FP (.econst:xdc_runtime_Error_raiseHook__C)
                  00081b72    00000002     blink_cpu01_p28FP.o28FP (.econst:xdc_runtime_IGateProvider_Interface__BASE__C)
                  00081b74    00000002     blink_cpu01_p28FP.o28FP (.econst:xdc_runtime_IHeap_Interface__BASE__C)
                  00081b76    00000002     blink_cpu01_p28FP.o28FP (.econst:xdc_runtime_IModule_Interface__BASE__C)
                  00081b78    00000002     blink_cpu01_p28FP.o28FP (.econst:xdc_runtime_Log_L_error__C)
                  00081b7a    00000002     blink_cpu01_p28FP.o28FP (.econst:xdc_runtime_Memory_defaultHeapInstance__C)
                  00081b7c    00000002     blink_cpu01_p28FP.o28FP (.econst:xdc_runtime_Startup_execImpl__C)
                  00081b7e    00000002     blink_cpu01_p28FP.o28FP (.econst:xdc_runtime_Startup_lastFxns__A)
                  00081b80    00000002     blink_cpu01_p28FP.o28FP (.econst:xdc_runtime_Startup_sfxnRts__C)
                  00081b82    00000002     blink_cpu01_p28FP.o28FP (.econst:xdc_runtime_Startup_sfxnTab__C)
                  00081b84    00000002     blink_cpu01_p28FP.o28FP (.econst:xdc_runtime_Startup_startModsFxn__C)
                  00081b86    00000002     blink_cpu01_p28FP.o28FP (.econst:xdc_runtime_SysMin_bufSize__C)
                  00081b88    00000002     blink_cpu01_p28FP.o28FP (.econst:xdc_runtime_SysMin_outputFunc__C)
                  00081b8a    00000002     blink_cpu01_p28FP.o28FP (.econst:xdc_runtime_System_Module__gateObj__C)
                  00081b8c    00000002     blink_cpu01_p28FP.o28FP (.econst:xdc_runtime_System_extendFxn__C)
                  00081b8e    00000002     blink_cpu01_p28FP.o28FP (.econst:xdc_runtime_Text_charTab__C)
                  00081b90    00000002     blink_cpu01_p28FP.o28FP (.econst:xdc_runtime_Text_nameEmpty__C)
                  00081b92    00000002     blink_cpu01_p28FP.o28FP (.econst:xdc_runtime_Text_nameStatic__C)
                  00081b94    00000002     blink_cpu01_p28FP.o28FP (.econst:xdc_runtime_Text_nameUnknown__C)
                  00081b96    00000002     blink_cpu01_p28FP.o28FP (.econst:xdc_runtime_Text_nodeTab__C)
                  00081b98    00000002     blink_cpu01_p28FP.o28FP (.econst:xdc_runtime_Text_visitRopeFxn__C)
                  00081b9a    00000001     blink_cpu01_p28FP.o28FP (.econst:ti_sysbios_family_c28_Timer_startupNeeded__C)
                  00081b9b    00000001     blink_cpu01_p28FP.o28FP (.econst:ti_sysbios_gates_GateMutex_Module__id__C)
                  00081b9c    00000001     blink_cpu01_p28FP.o28FP (.econst:ti_sysbios_hal_Hwi_Module__id__C)
                  00081b9d    00000001     blink_cpu01_p28FP.o28FP (.econst:ti_sysbios_heaps_HeapMem_Module__id__C)
                  00081b9e    00000001     blink_cpu01_p28FP.o28FP (.econst:ti_sysbios_heaps_HeapMem_Object__count__C)
                  00081b9f    00000001     blink_cpu01_p28FP.o28FP (.econst:ti_sysbios_knl_Clock_Module__id__C)
                  00081ba0    00000001     blink_cpu01_p28FP.o28FP (.econst:ti_sysbios_knl_Clock_Module__loggerDefined__C)
                  00081ba1    00000001     blink_cpu01_p28FP.o28FP (.econst:ti_sysbios_knl_Idle_coreList__A)
                  00081ba2    00000001     blink_cpu01_p28FP.o28FP (.econst:ti_sysbios_knl_Queue_Object__count__C)
                  00081ba3    00000001     blink_cpu01_p28FP.o28FP (.econst:ti_sysbios_knl_Semaphore_Module__id__C)
                  00081ba4    00000001     blink_cpu01_p28FP.o28FP (.econst:ti_sysbios_knl_Semaphore_Module__loggerDefined__C)
                  00081ba5    00000001     blink_cpu01_p28FP.o28FP (.econst:ti_sysbios_knl_Swi_Module__id__C)
                  00081ba6    00000001     blink_cpu01_p28FP.o28FP (.econst:ti_sysbios_knl_Swi_Module__loggerDefined__C)
                  00081ba7    00000001     blink_cpu01_p28FP.o28FP (.econst:ti_sysbios_knl_Swi_Object__count__C)
                  00081ba8    00000001     blink_cpu01_p28FP.o28FP (.econst:ti_sysbios_knl_Task_Module__id__C)
                  00081ba9    00000001     blink_cpu01_p28FP.o28FP (.econst:ti_sysbios_knl_Task_Module__loggerDefined__C)
                  00081baa    00000001     blink_cpu01_p28FP.o28FP (.econst:ti_sysbios_knl_Task_Object__count__C)
                  00081bab    00000001     blink_cpu01_p28FP.o28FP (.econst:ti_sysbios_knl_Task_initStackFlag__C)
                  00081bac    00000001     blink_cpu01_p28FP.o28FP (.econst:ti_sysbios_knl_Task_numConstructedTasks__C)
                  00081bad    00000001     blink_cpu01_p28FP.o28FP (.econst:xdc_runtime_Core_Module__id__C)
                  00081bae    00000001     blink_cpu01_p28FP.o28FP (.econst:xdc_runtime_Error_Module__loggerDefined__C)
                  00081baf    00000001     blink_cpu01_p28FP.o28FP (.econst:xdc_runtime_Error_maxDepth__C)
                  00081bb0    00000001     blink_cpu01_p28FP.o28FP (.econst:xdc_runtime_Error_policy__C)
                  00081bb1    00000001     blink_cpu01_p28FP.o28FP (.econst:xdc_runtime_Memory_Module__id__C)
                  00081bb2    00000001     blink_cpu01_p28FP.o28FP (.econst:xdc_runtime_Startup_maxPasses__C)
                  00081bb3    00000001     blink_cpu01_p28FP.o28FP (.econst:xdc_runtime_SysMin_flushAtExit__C)
                  00081bb4    00000001     blink_cpu01_p28FP.o28FP (.econst:xdc_runtime_System_maxAtexitHandlers__C)
                  00081bb5    00000001     blink_cpu01_p28FP.o28FP (.econst:xdc_runtime_Text_charCnt__C)
                  00081bb6    00000001     blink_cpu01_p28FP.o28FP (.econst:xdc_runtime_Text_isLoaded__C)
                  00081bb7    00000001     blink_cpu01_p28FP.o28FP (.econst:xdc_runtime_Text_registryModsLastId__C)
                  00081bb8    00000001     blink_cpu01_p28FP.o28FP (.econst:xdc_runtime_Text_unnamedModsLastId__C)

.cinit     0    00081bb9    0000043c     
                  00081bb9    00000414     blink_cpu01_p28FP.o28FP (.cinit)
                  00081fcd    0000000a     rts2800_fpu32.lib : _lock.obj (.cinit)
                  00081fd7    0000000a                       : exit.obj (.cinit)
                  00081fe1    00000008                       : atexit.obj (.cinit)
                  00081fe9    00000005     blink_cpu01.obj (.cinit)
                  00081fee    00000005     rts2800_fpu32.lib : sinit.obj (.cinit)
                  00081ff3    00000002     --HOLE-- [fill = 0]

.args      0    00082000    00000200     
                  00082000    00000200     --HOLE-- [fill = 0]

.switch    0    00082200    0000001c     
                  00082200    0000001c     sysbios.a28FP : BIOS.obj (.switch:_ti_sysbios_family_c28_Hwi_clearInterrupt__E)

.binit     0    0008221c    0000000a     
                  0008221c    0000000a     (.binit)

.text      0    00088000    0000395e     
                  00088000    0000058f     F2837xD_DefaultISR.obj (.text:retain)
                  0008858f    0000025f     ti.targets.rts2800.a28FP : System.o28FP (.text:_xdc_runtime_System_doPrint__I)
                  000887ee    00000250     F2837xD_SysCtrl.obj (.text)
                  00088a3e    00000211     rts2800_fpu32.lib : trgdrv.obj (.text)
                  00088c4f    00000201     F2837xD_Gpio_forBIOS.obj (.text)
                  00088e50    000001d8     sysbios.a28FP : BIOS.obj (.text:_ti_sysbios_heaps_HeapMem_free__E)
                  00089028    000001d0                   : BIOS.obj (.text:_ti_sysbios_heaps_HeapMem_alloc__E)
                  000891f8    000001cd                   : BIOS.obj (.text:_ti_sysbios_knl_Semaphore_pend__E)
                  000893c5    00000160     F2837xD_Ipc_Driver_Util.obj (.text)
                  00089525    0000010a     blink_cpu01_p28FP.o28FP (.text:_xdc_runtime_System_printfExtend__I)
                  0008962f    00000107     rts2800_fpu32.lib : ll_div.obj (.text)
                  00089736    00000105     sysbios.a28FP : BIOS.obj (.text:_ti_sysbios_heaps_HeapMem_Instance_init__F)
                  0008983b    000000e7                   : BIOS.obj (.text:_ti_sysbios_family_c28_Hwi_clearInterrupt__E)
                  00089922    000000d7     ti.targets.rts2800.a28FP : Core-mem.o28FP (.text:_xdc_runtime_Core_createObject__I)
                  000899f9    000000c9     F2837xD_Ipc.obj (.text)
                  00089ac2    000000c3     sysbios.a28FP : BIOS.obj (.text:_ti_sysbios_knl_Semaphore_post__E)
                  00089b85    000000c0                   : BIOS.obj (.text:_ti_sysbios_family_c28_Hwi_dispatchCore__I)
                  00089c45    000000bd                   : BIOS.obj (.text:_ti_sysbios_knl_Clock_workFunc__E)
                  00089d02    000000bb     ti.targets.rts2800.a28FP : Error.o28FP (.text:_xdc_runtime_Error_raiseX__F)
                  00089dbd    000000b2     sysbios.a28FP : BIOS.obj (.text:_ti_sysbios_knl_Swi_run__I)
                  00089e6f    0000009b     blink_cpu01.obj (.text)
                  00089f0a    0000009a     sysbios.a28FP : c28_Hwi_disp.obj (.text:_ti_sysbios_family_c28_Hwi_dispatch)
                  00089fa4    00000092                   : BIOS.obj (.text:_ti_sysbios_family_c28_Hwi_enableInterrupt__E)
                  0008a036    0000008e     rts2800_fpu32.lib : ankmsg.obj (.text)
                  0008a0c4    0000008a     sysbios.a28FP : BIOS.obj (.text:_ti_sysbios_knl_Task_startCore__E)
                  0008a14e    00000087                   : BIOS.obj (.text:_ti_sysbios_family_c28_Hwi_disableInterrupt__E)
                  0008a1d5    00000086                   : BIOS.obj (.text:_ti_sysbios_family_c28_Hwi_disablePIEIER__E)
                  0008a25b    00000084                   : BIOS.obj (.text:_ti_sysbios_knl_Task_schedule__I)
                  0008a2df    00000083                   : BIOS.obj (.text:_ti_sysbios_family_c28_Hwi_enablePIEIER__E)
                  0008a362    0000007d     ti.targets.rts2800.a28FP : Startup.o28FP (.text:_xdc_runtime_Startup_startMods__I)
                  0008a3df    0000007b                              : Text.o28FP (.text:_xdc_runtime_Text_putSite__F)
                  0008a45a    00000078     sysbios.a28FP : BIOS.obj (.text:_ti_sysbios_family_c28_Timer_stopAndClear__I)
                  0008a4d2    00000075                   : BIOS.obj (.text:_ti_sysbios_knl_Semaphore_Instance_init__F)
                  0008a547    00000074                   : BIOS.obj (.text:_ti_sysbios_gates_GateMutex_enter__E)
                  0008a5bb    00000070                   : BIOS.obj (.text:_ti_sysbios_knl_Task_exit__E)
                  0008a62b    00000070                   : BIOS.obj (.text:_ti_sysbios_knl_Task_postInit__I)
                  0008a69b    00000070                   : BIOS.obj (.text:_ti_sysbios_knl_Task_unblockI__E)
                  0008a70b    0000006d     Boot.a28FP : Boot.o28FP (.text:.bootCodeSection)
                  0008a778    0000006d     sysbios.a28FP : BIOS.obj (.text:_ti_sysbios_knl_Task_checkStacks__E)
                  0008a7e5    00000066                   : BIOS.obj (.text:_ti_sysbios_knl_Task_blockI__E)
                  0008a84b    00000063     boot.a28FP : boot_cg.o28FP (.text)
                  0008a8ae    00000062     sysbios.a28FP : BIOS.obj (.text:_ti_sysbios_knl_Swi_post__E)
                  0008a910    00000051     ti.targets.rts2800.a28FP : Core-mem.o28FP (.text:_xdc_runtime_Core_deleteObject__I)
                  0008a961    0000004e                              : Memory.o28FP (.text:_xdc_runtime_Memory_alloc__F)
                  0008a9af    0000004c                              : Text.o28FP (.text:_xdc_runtime_Text_putLab__F)
                  0008a9fb    00000048     sysbios.a28FP : BIOS.obj (.text:_ti_sysbios_family_c28_Hwi_Module_startup__F)
                  0008aa43    00000048                   : BIOS.obj (.text:_ti_sysbios_knl_Task_Module_startup__F)
                  0008aa8b    00000046     rts2800_fpu32.lib : far_cpy_tbl.obj (.text)
                  0008aad1    00000042     ti.targets.rts2800.a28FP : Core-params.o28FP (.text:_xdc_runtime_Core_assignParams__I)
                  0008ab13    00000041     sysbios.a28FP : BIOS.obj (.text:_ti_sysbios_family_c28_Hwi_unPluggedInterrupt__I)
                  0008ab54    00000040     ti.targets.rts2800.a28FP : System.o28FP (.text:_xdc_runtime_System_formatNum__I)
                  0008ab94    0000003e     sysbios.a28FP : BIOS.obj (.text:_ti_sysbios_family_c28_TaskSupport_start__E)
                  0008abd2    0000003a     ti.targets.rts2800.a28FP : Text.o28FP (.text:_xdc_runtime_Text_putMod__F)
                  0008ac0c    00000039                              : Text.o28FP (.text:_xdc_runtime_Text_visitRope2__I)
                  0008ac45    00000038     sysbios.a28FP : BIOS.obj (.text:_ti_sysbios_knl_Clock_logTick__E)
                  0008ac7d    00000037                   : BIOS.obj (.text:_ti_sysbios_knl_Swi_restoreHwi__E)
                  0008acb4    00000036                   : BIOS.obj (.text:_ti_sysbios_BIOS_rtsUnlock__I)
                  0008acea    00000036     ti.targets.rts2800.a28FP : Error.o28FP (.text:_xdc_runtime_Error_print__F)
                  0008ad20    00000035     sysbios.a28FP : BIOS.obj (.text:_ti_sysbios_family_c28_Timer_postInit__I)
                  0008ad55    00000035     ti.targets.rts2800.a28FP : Startup.o28FP (.text:_xdc_runtime_Startup_exec__F)
                  0008ad8a    00000032     sysbios.a28FP : BIOS.obj (.text:_ti_sysbios_family_c28_Timer_start__E)
                  0008adbc    00000032     ti.targets.rts2800.a28FP : Assert.o28FP (.text:_xdc_runtime_Assert_raise__I)
                  0008adee    0000002e     sysbios.a28FP : BIOS.obj (.text:_ti_sysbios_knl_Swi_runLoop__I)
                  0008ae1c    0000002e                   : BIOS.obj (.text:_ti_sysbios_knl_Swi_schedule__I)
                  0008ae4a    0000002d                   : BIOS.obj (.text:_ti_sysbios_family_c28_Hwi_getStackInfo__E)
                  0008ae77    0000002d                   : BIOS.obj (.text:_ti_sysbios_heaps_HeapMem_getStats__E)
                  0008aea4    0000002d                   : BIOS.obj (.text:_ti_sysbios_heaps_HeapMem_init__I)
                  0008aed1    0000002a     ti.targets.rts2800.a28FP : Text.o28FP (.text:_xdc_runtime_Text_xprintf__I)
                  0008aefb    00000028                              : SysMin.o28FP (.text:_xdc_runtime_SysMin_flush__F)
                  0008af23    00000027     rts2800_fpu32.lib : sinit.obj (.text)
                  0008af4a    00000026     sysbios.a28FP : BIOS.obj (.text:_ti_sysbios_family_c28_Timer_setPrescale__F)
                  0008af70    00000026     rts2800_fpu32.lib : atexit.obj (.text)
                  0008af96    00000025     sysbios.a28FP : c28_TaskSupport_asm.obj (.text:_ti_sysbios_family_c28_TaskSupport_buildTaskStack)
                  0008afbb    00000024     blink_cpu01_p28FP.o28FP (.text:_ti_sysbios_knl_Semaphore_Object__create__S)
                  0008afdf    00000022     sysbios.a28FP : BIOS.obj (.text:_ti_sysbios_BIOS_errorRaiseHook__I)
                  0008b001    00000022                   : BIOS.obj (.text:_ti_sysbios_family_c28_Timer_setPeriod__E)
                  0008b023    00000022                   : BIOS.obj (.text:_ti_sysbios_knl_Semaphore_pendTimeout__I)
                  0008b045    00000022     ti.targets.rts2800.a28FP : System.o28FP (.text:_xdc_runtime_System_rtsExit__I)
                  0008b067    00000021     sysbios.a28FP : BIOS.obj (.text:_ti_sysbios_knl_Idle_run__E)
                  0008b088    00000021                   : BIOS.obj (.text:_ti_sysbios_knl_Task_allBlockedFunction__I)
                  0008b0a9    00000021     ti.targets.rts2800.a28FP : System.o28FP (.text:_xdc_runtime_System_atexit__F)
                  0008b0ca    00000021     rts2800_fpu32.lib : memcpy_ff.obj (.text)
                  0008b0eb    00000020     blink_cpu01_p28FP.o28FP (.text:_ti_sysbios_gates_GateHwi_Object__create__S)
                  0008b10b    00000020     blink_cpu01_p28FP.o28FP (.text:_ti_sysbios_gates_GateMutex_Object__create__S)
                  0008b12b    00000020     blink_cpu01_p28FP.o28FP (.text:_ti_sysbios_heaps_HeapMem_Object__create__S)
                  0008b14b    00000020     blink_cpu01_p28FP.o28FP (.text:_ti_sysbios_knl_Queue_Object__create__S)
                  0008b16b    0000001f     sysbios.a28FP : BIOS.obj (.text:_ti_sysbios_knl_Clock_addI__E)
                  0008b18a    0000001e     ti.targets.rts2800.a28FP : SysMin.o28FP (.text:_xdc_runtime_SysMin_putch__F)
                  0008b1a8    0000001d     sysbios.a28FP : c28_TaskSupport_asm.obj (.text:_ti_sysbios_family_c28_TaskSupport_swap__E)
                  0008b1c5    0000001c     blink_cpu01_p28FP.o28FP (.text:_ti_sysbios_family_c28_Hwi_Object__get__S)
                  0008b1e1    0000001c     blink_cpu01_p28FP.o28FP (.text:_ti_sysbios_knl_Queue_Object__get__S)
                  0008b1fd    0000001b     sysbios.a28FP : c28_Hwi_asm.obj (.text:_ti_sysbios_family_c28_Hwi_switchAndDispatch__I)
                  0008b218    0000001b     blink_cpu01_p28FP.o28FP (.text:_xdc_runtime_SysMin_output__I)
                  0008b233    0000001b     sysbios.a28FP : BIOS.obj (.text:ti_sysbios_hal_Hwi_checkStack:_ti_sysbios_hal_Hwi_checkStack)
                  0008b24e    0000001a                   : BIOS.obj (.text:_ti_sysbios_gates_GateMutex_Instance_init__F)
                  0008b268    0000001a     ti.targets.rts2800.a28FP : Core-label.o28FP (.text:_xdc_runtime_Core_assignLabel__I)
                  0008b282    0000001a     rts2800_fpu32.lib : cpy_utils.obj (.text)
                  0008b29c    0000001a     sysbios.a28FP : BIOS.obj (.text:ti_sysbios_hal_Hwi_initStack:_ti_sysbios_hal_Hwi_initStack)
                  0008b2b6    00000019                   : BIOS.obj (.text:_ti_sysbios_BIOS_exit__E)
                  0008b2cf    00000019     blink_cpu01_p28FP.o28FP (.text:_ti_sysbios_heaps_HeapMem_Object__get__S)
                  0008b2e8    00000019     blink_cpu01_p28FP.o28FP (.text:_ti_sysbios_knl_Swi_Object__get__S)
                  0008b301    00000019     sysbios.a28FP : BIOS.obj (.text:_ti_sysbios_knl_Swi_restore__E)
                  0008b31a    00000019     blink_cpu01_p28FP.o28FP (.text:_ti_sysbios_knl_Task_Object__get__S)
                  0008b333    00000019     ti.targets.rts2800.a28FP : Memory.o28FP (.text:_xdc_runtime_Memory_valloc__F)
                  0008b34c    00000019                              : System.o28FP (.text:_xdc_runtime_System_avprintf__F)
                  0008b365    00000019                              : System.o28FP (.text:_xdc_runtime_System_putchar__I)
                  0008b37e    00000019     rts2800_fpu32.lib : args_main.obj (.text)
                  0008b397    00000019                       : exit.obj (.text)
                  0008b3b0    00000018     sysbios.a28FP : BIOS.obj (.text:_ti_sysbios_knl_Task_processVitalTaskFlag__I)
                  0008b3c8    00000018     ti.targets.rts2800.a28FP : System.o28FP (.text:_xdc_runtime_System_vprintf__F)
                  0008b3e0    00000018                              : Text.o28FP (.text:_xdc_runtime_Text_printVisFxn__I)
                  0008b3f8    00000018     rts2800_fpu32.lib : ll_aox.obj (.text)
                  0008b410    00000017     blink_cpu01_p28FP.o28FP (.text:_ti_sysbios_BIOS_exitFunc__I)
                  0008b427    00000017     blink_cpu01_p28FP.o28FP (.text:_ti_sysbios_knl_Clock_doTick__I)
                  0008b43e    00000017     ti.targets.rts2800.a28FP : SysMin.o28FP (.text:_xdc_runtime_SysMin_abort__F)
                  0008b455    00000016     sysbios.a28FP : BIOS.obj (.text:_ti_sysbios_family_c28_Timer_Module_startup__F)
                  0008b46b    00000016                   : BIOS.obj (.text:_ti_sysbios_family_c28_Timer_startup__E)
                  0008b481    00000016                   : BIOS.obj (.text:_ti_sysbios_knl_Task_restore__E)
                  0008b497    00000015                   : BIOS.obj (.text:_ti_sysbios_knl_Swi_Module_startup__F)
                  0008b4ac    00000015     ti.targets.rts2800.a28FP : Text.o28FP (.text:_xdc_runtime_Text_cordText__F)
                  0008b4c1    00000013     blink_cpu01_p28FP.o28FP (.text:_ti_sysbios_gates_GateMutex_Object__delete__S)
                  0008b4d4    00000013     sysbios.a28FP : BIOS.obj (.text:_ti_sysbios_knl_Clock_Module_startup__F)
                  0008b4e7    00000012     blink_cpu01_p28FP.o28FP (.text:_ti_sysbios_family_c28_Hwi_disableIER__E)
                  0008b4f9    00000012     blink_cpu01_p28FP.o28FP (.text:_ti_sysbios_gates_GateHwi_Object__delete__S)
                  0008b50b    00000012     blink_cpu01_p28FP.o28FP (.text:_ti_sysbios_heaps_HeapMem_Object__delete__S)
                  0008b51d    00000011     blink_cpu01_p28FP.o28FP (.text:_ti_sysbios_gates_GateHwi_Handle__label__S)
                  0008b52e    00000011     blink_cpu01_p28FP.o28FP (.text:_ti_sysbios_gates_GateMutex_Handle__label__S)
                  0008b53f    00000011     blink_cpu01_p28FP.o28FP (.text:_ti_sysbios_heaps_HeapMem_Handle__label__S)
                  0008b550    00000010     sysbios.a28FP : BIOS.obj (.text:_ti_sysbios_BIOS_rtsLock__I)
                  0008b560    00000010     blink_cpu01_p28FP.o28FP (.text:_ti_sysbios_family_c28_Hwi_enableIER__E)
                  0008b570    00000010     sysbios.a28FP : BIOS.obj (.text:_ti_sysbios_knl_Task_restoreHwi__E)
                  0008b580    0000000f     blink_cpu01_p28FP.o28FP (.text:_ti_sysbios_BIOS_startFunc__I)
                  0008b58f    0000000f     blink_cpu01_p28FP.o28FP (.text:_ti_sysbios_knl_Semaphore_Object__destruct__S)
                  0008b59e    0000000f     blink_cpu01_p28FP.o28FP (.text:_xdc_runtime_IHeap_alloc)
                  0008b5ad    0000000e     blink_cpu01_p28FP.o28FP (.text:_ti_sysbios_knl_Queue_Object__destruct__S)
                  0008b5bb    0000000e     ti.targets.rts2800.a28FP : Registry.o28FP (.text:_xdc_runtime_Registry_findById__F)
                  0008b5c9    0000000e                              : SysMin.o28FP (.text:_xdc_runtime_SysMin_Module_startup__F)
                  0008b5d7    0000000e     blink_cpu01_p28FP.o28FP (.text:_xdc_runtime_Text_visitRope__I)
                  0008b5e5    0000000d     sysbios.a28FP : BIOS.obj (.text:_ti_sysbios_BIOS_registerRTSLock__I)
                  0008b5f2    0000000d                   : BIOS.obj (.text:_ti_sysbios_family_c28_Hwi_dispatchC__I)
                  0008b5ff    0000000d     blink_cpu01_p28FP.o28FP (.text:_ti_sysbios_family_c28_Hwi_restoreIER__E)
                  0008b60c    0000000d     sysbios.a28FP : c28_Hwi_asm.obj (.text:_ti_sysbios_family_xxx_Hwi_switchToIsrStack)
                  0008b619    0000000d     blink_cpu01_p28FP.o28FP (.text:_ti_sysbios_knl_Task_SupportProxy_start__E)
                  0008b626    0000000d     sysbios.a28FP : BIOS.obj (.text:_ti_sysbios_knl_Task_enter__I)
                  0008b633    0000000d     ti.targets.rts2800.a28FP : Error.o28FP (.text:_xdc_runtime_Error_check__F)
                  0008b640    0000000d     blink_cpu01_p28FP.o28FP (.text:_xdc_runtime_IHeap_free)
                  0008b64d    0000000d     blink_cpu01_p28FP.o28FP (.text:_xdc_runtime_Memory_HeapProxy_alloc__E)
                  0008b65a    0000000d     rts2800_fpu32.lib : memset.obj (.text)
                  0008b667    0000000d                       : strpbrk.obj (.text)
                  0008b674    0000000c     sysbios.a28FP : BIOS.obj (.text:_ti_sysbios_gates_GateMutex_leave__E)
                  0008b680    0000000c                   : BIOS.obj (.text:_ti_sysbios_knl_Queue_put__E)
                  0008b68c    0000000c                   : BIOS.obj (.text:_ti_sysbios_knl_Task_enabled__E)
                  0008b698    0000000c     ti.targets.rts2800.a28FP : Memory.o28FP (.text:_xdc_runtime_Memory_free__F)
                  0008b6a4    0000000c                              : Text.o28FP (.text:_xdc_runtime_Text_ropeText__F)
                  0008b6b0    0000000b     blink_cpu01_p28FP.o28FP (.text:_ti_sysbios_family_c28_Hwi_Module__startupDone__F)
                  0008b6bb    0000000b     blink_cpu01_p28FP.o28FP (.text:_ti_sysbios_family_c28_Timer_Module__startupDone__F)
                  0008b6c6    0000000b     sysbios.a28FP : c28_Hwi_asm.obj (.text:_ti_sysbios_family_xxx_Hwi_switchAndRunFunc)
                  0008b6d1    0000000b     blink_cpu01_p28FP.o28FP (.text:_ti_sysbios_hal_Timer_Module__startupDone__F)
                  0008b6dc    0000000b     sysbios.a28FP : BIOS.obj (.text:_ti_sysbios_knl_Task_unblock__E)
                  0008b6e7    0000000b     blink_cpu01_p28FP.o28FP (.text:_xdc_runtime_Memory_HeapProxy_free__E)
                  0008b6f2    0000000b     ti.targets.rts2800.a28FP : SysMin.o28FP (.text:_xdc_runtime_SysMin_exit__F)
                  0008b6fd    0000000b                              : System.o28FP (.text:_xdc_runtime_System_abort__F)
                  0008b708    0000000b     blink_cpu01_p28FP.o28FP (.text:_xdc_runtime_System_aprintf__E)
                  0008b713    0000000b     blink_cpu01_p28FP.o28FP (.text:_xdc_runtime_System_printf__E)
                  0008b71e    0000000a     sysbios.a28FP : c28_Hwi_asm.obj (.text:_ti_sysbios_family_xxx_Hwi_switchToTaskStack)
                  0008b728    0000000a     blink_cpu01_p28FP.o28FP (.text:_xdc_runtime_Startup_exec__I)
                  0008b732    0000000a     blink_cpu01_p28FP.o28FP (.text:_xdc_runtime_Text_putLab__E)
                  0008b73c    0000000a     blink_cpu01_p28FP.o28FP (.text:_xdc_runtime_Text_putSite__E)
                  0008b746    0000000a     rts2800_fpu32.lib : strcmp.obj (.text)
                  0008b750    00000009     blink_cpu01_p28FP.o28FP (.text:.bootCodeSection:_ti_catalog_c2800_initF2837x_Boot_init)
                  0008b759    00000009     blink_cpu01_p28FP.o28FP (.text:_ti_sysbios_BIOS_RtsGateProxy_leave__E)
                  0008b762    00000009     sysbios.a28FP : BIOS.obj (.text:_ti_sysbios_family_c28_TaskSupport_checkStack__E)
                  0008b76b    00000009                   : c28_TaskSupport_asm.obj (.text:_ti_sysbios_family_c28_TaskSupport_glue)
                  0008b774    00000009                   : BIOS.obj (.text:_ti_sysbios_family_c28_Timer_getPeriod__E)
                  0008b77d    00000009                   : BIOS.obj (.text:_ti_sysbios_hal_Hwi_Module_startup__F)
                  0008b786    00000009                   : BIOS.obj (.text:_ti_sysbios_hal_Timer_Module_startup__F)
                  0008b78f    00000009     blink_cpu01_p28FP.o28FP (.text:_ti_sysbios_heaps_HeapMem_Module_GateProxy_leave__E)
                  0008b798    00000009     blink_cpu01_p28FP.o28FP (.text:_ti_sysbios_knl_Task_SupportProxy_checkStack__E)
                  0008b7a1    00000009     blink_cpu01_p28FP.o28FP (.text:_ti_sysbios_knl_Task_SupportProxy_swap__E)
                  0008b7aa    00000009     blink_cpu01_p28FP.o28FP (.text:_xdc_runtime_System_Module_GateProxy_leave__E)
                  0008b7b3    00000009     ti.targets.rts2800.a28FP : System.o28FP (.text:_xdc_runtime_System_vsnprintf__F)
                  0008b7bc    00000009     rts2800_fpu32.lib : _lock.obj (.text)
                  0008b7c5    00000008     F2837xD_CodeStartBranch.obj (.text)
                  0008b7cd    00000008     sysbios.a28FP : BIOS.obj (.text:_ti_sysbios_BIOS_setThreadType__E)
                  0008b7d5    00000008                   : BIOS.obj (.text:_ti_sysbios_gates_GateMutex_Instance_finalize__F)
                  0008b7dd    00000008     blink_cpu01_p28FP.o28FP (.text:_ti_sysbios_hal_Hwi_HwiProxy_getStackInfo__E)
                  0008b7e5    00000008     blink_cpu01_p28FP.o28FP (.text:_ti_sysbios_knl_Clock_Module_State_clockQ)
                  0008b7ed    00000008     sysbios.a28FP : BIOS.obj (.text:_ti_sysbios_knl_Queue_empty__E)
                  0008b7f5    00000008                   : BIOS.obj (.text:_ti_sysbios_knl_Semaphore_Instance_finalize__F)
                  0008b7fd    00000008     ti.targets.rts2800.a28FP : Memory.o28FP (.text:_xdc_runtime_Memory_calloc__F)
                  0008b805    00000008                              : SysMin.o28FP (.text:_xdc_runtime_SysMin_ready__F)
                  0008b80d    00000008     rts2800_fpu32.lib : strlen.obj (.text)
                  0008b815    00000007     blink_cpu01_p28FP.o28FP (.text:.bootCodeSection:_ti_catalog_c2800_initF2837x_Boot_initStartup)
                  0008b81c    00000007     blink_cpu01_p28FP.o28FP (.text:_ti_sysbios_BIOS_RtsGateProxy_enter__E)
                  0008b823    00000007     blink_cpu01_p28FP.o28FP (.text:_ti_sysbios_hal_Timer_TimerProxy_getPeriod__E)
                  0008b82a    00000007     blink_cpu01_p28FP.o28FP (.text:_ti_sysbios_heaps_HeapMem_Module_GateProxy_enter__E)
                  0008b831    00000007     ti.targets.rts2800.a28FP : Error.o28FP (.text:_xdc_runtime_Error_init__F)
                  0008b838    00000007     blink_cpu01_p28FP.o28FP (.text:_xdc_runtime_Error_print__E)
                  0008b83f    00000007     blink_cpu01_p28FP.o28FP (.text:_xdc_runtime_SysMin_abort__E)
                  0008b846    00000007     blink_cpu01_p28FP.o28FP (.text:_xdc_runtime_System_Module_GateProxy_enter__E)
                  0008b84d    00000007     blink_cpu01_p28FP.o28FP (.text:_xdc_runtime_System_SupportProxy_abort__E)
                  0008b854    00000007     blink_cpu01_p28FP.o28FP (.text:_xdc_runtime_System_atexit__E)
                  0008b85b    00000006     blink_cpu01_p28FP.o28FP (.text:_ti_sysbios_family_c28_Hwi_Module_startup__E)
                  0008b861    00000006     sysbios.a28FP : c28_IntrinsicsSupport_asm.obj (.text:_ti_sysbios_family_c28_IntrinsicsSupport_maxbit__E)
                  0008b867    00000006     blink_cpu01_p28FP.o28FP (.text:_ti_sysbios_family_c28_Timer_Module_startup__E)
                  0008b86d    00000006     blink_cpu01_p28FP.o28FP (.text:_ti_sysbios_gates_GateHwi_query__E)
                  0008b873    00000006     blink_cpu01_p28FP.o28FP (.text:_ti_sysbios_gates_GateMutex_query__E)
                  0008b879    00000006     blink_cpu01_p28FP.o28FP (.text:_ti_sysbios_hal_Hwi_Module_startup__E)
                  0008b87f    00000006     blink_cpu01_p28FP.o28FP (.text:_ti_sysbios_hal_Timer_Module_startup__E)
                  0008b885    00000006     blink_cpu01_p28FP.o28FP (.text:_ti_sysbios_heaps_HeapMem_Module_GateProxy_query__E)
                  0008b88b    00000006     blink_cpu01_p28FP.o28FP (.text:_ti_sysbios_knl_Clock_Module_startup__E)
                  0008b891    00000006     sysbios.a28FP : BIOS.obj (.text:_ti_sysbios_knl_Queue_insert__E)
                  0008b897    00000006     blink_cpu01_p28FP.o28FP (.text:_ti_sysbios_knl_Swi_Module_startup__E)
                  0008b89d    00000006     sysbios.a28FP : BIOS.obj (.text:_ti_sysbios_knl_Swi_disable__E)
                  0008b8a3    00000006     blink_cpu01_p28FP.o28FP (.text:_ti_sysbios_knl_Task_Module_startup__E)
                  0008b8a9    00000006     sysbios.a28FP : BIOS.obj (.text:_ti_sysbios_knl_Task_disable__E)
                  0008b8af    00000006     ti.targets.rts2800.a28FP : Gate.o28FP (.text:_xdc_runtime_Gate_enterSystem__F)
                  0008b8b5    00000006                              : Gate.o28FP (.text:_xdc_runtime_Gate_leaveSystem__F)
                  0008b8bb    00000006     blink_cpu01_p28FP.o28FP (.text:_xdc_runtime_SysMin_Module_startup__E)
                  0008b8c1    00000006     blink_cpu01_p28FP.o28FP (.text:_xdc_runtime_SysMin_exit__E)
                  0008b8c7    00000006     blink_cpu01_p28FP.o28FP (.text:_xdc_runtime_SysMin_putch__E)
                  0008b8cd    00000006     blink_cpu01_p28FP.o28FP (.text:_xdc_runtime_System_Module_startup__E)
                  0008b8d3    00000006     blink_cpu01_p28FP.o28FP (.text:_xdc_runtime_System_SupportProxy_exit__E)
                  0008b8d9    00000006     blink_cpu01_p28FP.o28FP (.text:_xdc_runtime_System_SupportProxy_putch__E)
                  0008b8df    00000006     ti.targets.rts2800.a28FP : System.o28FP (.text:_xdc_runtime_System_exit__F)
                  0008b8e5    00000005     sysbios.a28FP : BIOS.obj (.text:_ti_sysbios_BIOS_start__E)
                  0008b8ea    00000005                   : BIOS.obj (.text:_ti_sysbios_family_c28_Hwi_switchFromBootStack__E)
                  0008b8ef    00000005                   : BIOS.obj (.text:_ti_sysbios_gates_GateHwi_enter__E)
                  0008b8f4    00000005     blink_cpu01_p28FP.o28FP (.text:_xdc_iargToPtr)
                  0008b8f9    00000005     ti.targets.rts2800.a28FP : System.o28FP (.text:_xdc_runtime_System_lastFxn__I)
                  0008b8fe    00000005     rts2800_fpu32.lib : strcpy.obj (.text)
                  0008b903    00000004     blink_cpu01_p28FP.o28FP (.text:_ti_sysbios_family_c28_Hwi_startup__E)
                  0008b907    00000004     sysbios.a28FP : BIOS.obj (.text:_ti_sysbios_heaps_HeapMem_isBlocking__E)
                  0008b90b    00000004                   : BIOS.obj (.text:_ti_sysbios_knl_Swi_startup__E)
                  0008b90f    00000004     ti.targets.rts2800.a28FP : Memory.o28FP (.text:_xdc_runtime_Memory_getMaxDefaultTypeAlign__F)
                  0008b913    00000003     blink_cpu01_p28FP.o28FP (.text:.bootCodeSection:_ti_catalog_c2800_initF2837x_Boot_limpAbort)
                  0008b916    00000003     ti.targets.rts2800.a28FP : xdc_noinit.o28FP (.text:___xdc__init)
                  0008b919    00000003     blink_cpu01_p28FP.o28FP (.text:_ti_sysbios_family_c28_Hwi_Module__startupDone__S)
                  0008b91c    00000003     blink_cpu01_p28FP.o28FP (.text:_ti_sysbios_family_c28_Timer_Module__startupDone__S)
                  0008b91f    00000003     sysbios.a28FP : BIOS.obj (.text:_ti_sysbios_gates_GateHwi_leave__E)
                  0008b922    00000003     blink_cpu01_p28FP.o28FP (.text:_ti_sysbios_hal_Hwi_HwiProxy_Module__startupDone__S)
                  0008b925    00000003     blink_cpu01_p28FP.o28FP (.text:_ti_sysbios_hal_Hwi_HwiProxy_startup__E)
                  0008b928    00000003     blink_cpu01_p28FP.o28FP (.text:_ti_sysbios_hal_Hwi_HwiProxy_switchFromBootStack__E)
                  0008b92b    00000003     sysbios.a28FP : BIOS.obj (.text:_ti_sysbios_hal_Hwi_startup__E)
                  0008b92e    00000003     blink_cpu01_p28FP.o28FP (.text:_ti_sysbios_hal_Timer_Module__startupDone__S)
                  0008b931    00000003     blink_cpu01_p28FP.o28FP (.text:_ti_sysbios_hal_Timer_TimerProxy_Module__startupDone__S)
                  0008b934    00000003     blink_cpu01_p28FP.o28FP (.text:_ti_sysbios_hal_Timer_TimerProxy_startup__E)
                  0008b937    00000003     sysbios.a28FP : BIOS.obj (.text:_ti_sysbios_hal_Timer_startup__E)
                  0008b93a    00000003                   : BIOS.obj (.text:_ti_sysbios_knl_Idle_loop__E)
                  0008b93d    00000003                   : BIOS.obj (.text:_ti_sysbios_knl_Queue_Instance_init__F)
                  0008b940    00000003     blink_cpu01_p28FP.o28FP (.text:_ti_sysbios_knl_Task_SupportProxy_Module__startupDone__S)
                  0008b943    00000003     sysbios.a28FP : BIOS.obj (.text:_ti_sysbios_knl_Task_startup__E)
                  0008b946    00000003     blink_cpu01_p28FP.o28FP (.text:_xdc_runtime_Startup_reset__I)
                  0008b949    00000003     blink_cpu01_p28FP.o28FP (.text:_xdc_runtime_SysMin_ready__E)
                  0008b94c    00000003     ti.targets.rts2800.a28FP : System.o28FP (.text:_xdc_runtime_System_Module_startup__F)
                  0008b94f    00000003     blink_cpu01_p28FP.o28FP (.text:_xdc_runtime_System_SupportProxy_ready__E)
                  0008b952    00000002     blink_cpu01_p28FP.o28FP (.text:_ti_sysbios_family_c28_TaskSupport_Module__startupDone__S)
                  0008b954    00000002     sysbios.a28FP : BIOS.obj (.text:_ti_sysbios_gates_GateHwi_query__F)
                  0008b956    00000002                   : BIOS.obj (.text:_ti_sysbios_gates_GateMutex_query__F)
                  0008b958    00000002     ti.targets.rts2800.a28FP : Error.o28FP (.text:_xdc_runtime_Error_getSite__F)
                  0008b95a    00000001     Boot.a28FP : Boot.o28FP (.text)
                  0008b95b    00000001     sysbios.a28FP : BIOS.obj (.text:_ti_sysbios_BIOS_nullFunc__I)
                  0008b95c    00000001                   : c28_Hwi_asm.obj (.text:_ti_sysbios_family_c28_Hwi_interruptReturn__I)
                  0008b95d    00000001                   : BIOS.obj (.text:_ti_sysbios_gates_GateHwi_Instance_init__F)

.stack     1    00000400    00000400     UNINITIALIZED
                  00000400    00000400     --HOLE--

AdcaResultFile 
*          1    00000b00    00000018     UNINITIALIZED
                  00000b00    00000018     F2837xD_GlobalVariableDefsforBIOS.obj (AdcaResultFile)

AdcbResultFile 
*          1    00000b20    00000018     UNINITIALIZED
                  00000b20    00000018     F2837xD_GlobalVariableDefsforBIOS.obj (AdcbResultFile)

AdccResultFile 
*          1    00000b40    00000018     UNINITIALIZED
                  00000b40    00000018     F2837xD_GlobalVariableDefsforBIOS.obj (AdccResultFile)

AdcdResultFile 
*          1    00000b60    00000018     UNINITIALIZED
                  00000b60    00000018     F2837xD_GlobalVariableDefsforBIOS.obj (AdcdResultFile)

CpuTimer0RegsFile 
*          1    00000c00    00000008     UNINITIALIZED
                  00000c00    00000008     F2837xD_GlobalVariableDefsforBIOS.obj (CpuTimer0RegsFile)

CpuTimer1RegsFile 
*          1    00000c08    00000008     UNINITIALIZED
                  00000c08    00000008     F2837xD_GlobalVariableDefsforBIOS.obj (CpuTimer1RegsFile)

CpuTimer2RegsFile 
*          1    00000c10    00000008     UNINITIALIZED
                  00000c10    00000008     F2837xD_GlobalVariableDefsforBIOS.obj (CpuTimer2RegsFile)

PieCtrlRegsFile 
*          1    00000ce0    0000001a     UNINITIALIZED
                  00000ce0    0000001a     F2837xD_GlobalVariableDefsforBIOS.obj (PieCtrlRegsFile)

DmaRegsFile 
*          1    00001000    000000e0     UNINITIALIZED
                  00001000    000000e0     F2837xD_GlobalVariableDefsforBIOS.obj (DmaRegsFile)

Cla1RegsFile 
*          1    00001400    00000040     UNINITIALIZED
                  00001400    00000040     F2837xD_GlobalVariableDefsforBIOS.obj (Cla1RegsFile)

EPwm1RegsFile 
*          1    00004000    00000100     UNINITIALIZED
                  00004000    00000100     F2837xD_GlobalVariableDefsforBIOS.obj (EPwm1RegsFile)

EPwm2RegsFile 
*          1    00004100    00000100     UNINITIALIZED
                  00004100    00000100     F2837xD_GlobalVariableDefsforBIOS.obj (EPwm2RegsFile)

EPwm3RegsFile 
*          1    00004200    00000100     UNINITIALIZED
                  00004200    00000100     F2837xD_GlobalVariableDefsforBIOS.obj (EPwm3RegsFile)

EPwm4RegsFile 
*          1    00004300    00000100     UNINITIALIZED
                  00004300    00000100     F2837xD_GlobalVariableDefsforBIOS.obj (EPwm4RegsFile)

EPwm5RegsFile 
*          1    00004400    00000100     UNINITIALIZED
                  00004400    00000100     F2837xD_GlobalVariableDefsforBIOS.obj (EPwm5RegsFile)

EPwm6RegsFile 
*          1    00004500    00000100     UNINITIALIZED
                  00004500    00000100     F2837xD_GlobalVariableDefsforBIOS.obj (EPwm6RegsFile)

EPwm7RegsFile 
*          1    00004600    00000100     UNINITIALIZED
                  00004600    00000100     F2837xD_GlobalVariableDefsforBIOS.obj (EPwm7RegsFile)

EPwm8RegsFile 
*          1    00004700    00000100     UNINITIALIZED
                  00004700    00000100     F2837xD_GlobalVariableDefsforBIOS.obj (EPwm8RegsFile)

EPwm9RegsFile 
*          1    00004800    00000100     UNINITIALIZED
                  00004800    00000100     F2837xD_GlobalVariableDefsforBIOS.obj (EPwm9RegsFile)

EPwm10RegsFile 
*          1    00004900    00000100     UNINITIALIZED
                  00004900    00000100     F2837xD_GlobalVariableDefsforBIOS.obj (EPwm10RegsFile)

EPwm11RegsFile 
*          1    00004a00    00000100     UNINITIALIZED
                  00004a00    00000100     F2837xD_GlobalVariableDefsforBIOS.obj (EPwm11RegsFile)

EPwm12RegsFile 
*          1    00004b00    00000100     UNINITIALIZED
                  00004b00    00000100     F2837xD_GlobalVariableDefsforBIOS.obj (EPwm12RegsFile)

ECap1RegsFile 
*          1    00005000    00000020     UNINITIALIZED
                  00005000    00000020     F2837xD_GlobalVariableDefsforBIOS.obj (ECap1RegsFile)

ECap2RegsFile 
*          1    00005020    00000020     UNINITIALIZED
                  00005020    00000020     F2837xD_GlobalVariableDefsforBIOS.obj (ECap2RegsFile)

ECap3RegsFile 
*          1    00005040    00000020     UNINITIALIZED
                  00005040    00000020     F2837xD_GlobalVariableDefsforBIOS.obj (ECap3RegsFile)

ECap4RegsFile 
*          1    00005060    00000020     UNINITIALIZED
                  00005060    00000020     F2837xD_GlobalVariableDefsforBIOS.obj (ECap4RegsFile)

ECap5RegsFile 
*          1    00005080    00000020     UNINITIALIZED
                  00005080    00000020     F2837xD_GlobalVariableDefsforBIOS.obj (ECap5RegsFile)

ECap6RegsFile 
*          1    000050a0    00000020     UNINITIALIZED
                  000050a0    00000020     F2837xD_GlobalVariableDefsforBIOS.obj (ECap6RegsFile)

EQep1RegsFile 
*          1    00005100    00000022     UNINITIALIZED
                  00005100    00000022     F2837xD_GlobalVariableDefsforBIOS.obj (EQep1RegsFile)

EQep2RegsFile 
*          1    00005140    00000022     UNINITIALIZED
                  00005140    00000022     F2837xD_GlobalVariableDefsforBIOS.obj (EQep2RegsFile)

EQep3RegsFile 
*          1    00005180    00000022     UNINITIALIZED
                  00005180    00000022     F2837xD_GlobalVariableDefsforBIOS.obj (EQep3RegsFile)

DacaRegsFile 
*          1    00005c00    00000008     UNINITIALIZED
                  00005c00    00000008     F2837xD_GlobalVariableDefsforBIOS.obj (DacaRegsFile)

DacbRegsFile 
*          1    00005c10    00000008     UNINITIALIZED
                  00005c10    00000008     F2837xD_GlobalVariableDefsforBIOS.obj (DacbRegsFile)

DaccRegsFile 
*          1    00005c20    00000008     UNINITIALIZED
                  00005c20    00000008     F2837xD_GlobalVariableDefsforBIOS.obj (DaccRegsFile)

Cmpss1RegsFile 
*          1    00005c80    00000020     UNINITIALIZED
                  00005c80    00000020     F2837xD_GlobalVariableDefsforBIOS.obj (Cmpss1RegsFile)

Cmpss2RegsFile 
*          1    00005ca0    00000020     UNINITIALIZED
                  00005ca0    00000020     F2837xD_GlobalVariableDefsforBIOS.obj (Cmpss2RegsFile)

Cmpss3RegsFile 
*          1    00005cc0    00000020     UNINITIALIZED
                  00005cc0    00000020     F2837xD_GlobalVariableDefsforBIOS.obj (Cmpss3RegsFile)

Cmpss4RegsFile 
*          1    00005ce0    00000020     UNINITIALIZED
                  00005ce0    00000020     F2837xD_GlobalVariableDefsforBIOS.obj (Cmpss4RegsFile)

Cmpss5RegsFile 
*          1    00005d00    00000020     UNINITIALIZED
                  00005d00    00000020     F2837xD_GlobalVariableDefsforBIOS.obj (Cmpss5RegsFile)

Cmpss6RegsFile 
*          1    00005d20    00000020     UNINITIALIZED
                  00005d20    00000020     F2837xD_GlobalVariableDefsforBIOS.obj (Cmpss6RegsFile)

Cmpss7RegsFile 
*          1    00005d40    00000020     UNINITIALIZED
                  00005d40    00000020     F2837xD_GlobalVariableDefsforBIOS.obj (Cmpss7RegsFile)

Cmpss8RegsFile 
*          1    00005d60    00000020     UNINITIALIZED
                  00005d60    00000020     F2837xD_GlobalVariableDefsforBIOS.obj (Cmpss8RegsFile)

Sdfm1RegsFile 
*          1    00005e00    00000080     UNINITIALIZED
                  00005e00    00000080     F2837xD_GlobalVariableDefsforBIOS.obj (Sdfm1RegsFile)

Sdfm2RegsFile 
*          1    00005e80    00000080     UNINITIALIZED
                  00005e80    00000080     F2837xD_GlobalVariableDefsforBIOS.obj (Sdfm2RegsFile)

McbspaRegsFile 
*          1    00006000    00000024     UNINITIALIZED
                  00006000    00000024     F2837xD_GlobalVariableDefsforBIOS.obj (McbspaRegsFile)

McbspbRegsFile 
*          1    00006040    00000024     UNINITIALIZED
                  00006040    00000024     F2837xD_GlobalVariableDefsforBIOS.obj (McbspbRegsFile)

SpiaRegsFile 
*          1    00006100    00000010     UNINITIALIZED
                  00006100    00000010     F2837xD_GlobalVariableDefsforBIOS.obj (SpiaRegsFile)

SpibRegsFile 
*          1    00006110    00000010     UNINITIALIZED
                  00006110    00000010     F2837xD_GlobalVariableDefsforBIOS.obj (SpibRegsFile)

SpicRegsFile 
*          1    00006120    00000010     UNINITIALIZED
                  00006120    00000010     F2837xD_GlobalVariableDefsforBIOS.obj (SpicRegsFile)

SpidRegsFile 
*          1    00006130    00000010     UNINITIALIZED
                  00006130    00000010     F2837xD_GlobalVariableDefsforBIOS.obj (SpidRegsFile)

UppRegsFile 
*          1    00006200    00000048     UNINITIALIZED
                  00006200    00000048     F2837xD_GlobalVariableDefsforBIOS.obj (UppRegsFile)

WdRegsFile 
*          1    00007000    0000002b     UNINITIALIZED
                  00007000    0000002b     F2837xD_GlobalVariableDefsforBIOS.obj (WdRegsFile)

NmiIntruptRegsFile 
*          1    00007060    00000007     UNINITIALIZED
                  00007060    00000007     F2837xD_GlobalVariableDefsforBIOS.obj (NmiIntruptRegsFile)

XintRegsFile 
*          1    00007070    0000000b     UNINITIALIZED
                  00007070    0000000b     F2837xD_GlobalVariableDefsforBIOS.obj (XintRegsFile)

SciaRegsFile 
*          1    00007200    00000010     UNINITIALIZED
                  00007200    00000010     F2837xD_GlobalVariableDefsforBIOS.obj (SciaRegsFile)

ScibRegsFile 
*          1    00007210    00000010     UNINITIALIZED
                  00007210    00000010     F2837xD_GlobalVariableDefsforBIOS.obj (ScibRegsFile)

ScicRegsFile 
*          1    00007220    00000010     UNINITIALIZED
                  00007220    00000010     F2837xD_GlobalVariableDefsforBIOS.obj (ScicRegsFile)

ScidRegsFile 
*          1    00007230    00000010     UNINITIALIZED
                  00007230    00000010     F2837xD_GlobalVariableDefsforBIOS.obj (ScidRegsFile)

I2caRegsFile 
*          1    00007300    00000022     UNINITIALIZED
                  00007300    00000022     F2837xD_GlobalVariableDefsforBIOS.obj (I2caRegsFile)

I2cbRegsFile 
*          1    00007340    00000022     UNINITIALIZED
                  00007340    00000022     F2837xD_GlobalVariableDefsforBIOS.obj (I2cbRegsFile)

AdcaRegsFile 
*          1    00007400    00000080     UNINITIALIZED
                  00007400    00000080     F2837xD_GlobalVariableDefsforBIOS.obj (AdcaRegsFile)

AdcbRegsFile 
*          1    00007480    00000080     UNINITIALIZED
                  00007480    00000080     F2837xD_GlobalVariableDefsforBIOS.obj (AdcbRegsFile)

AdccRegsFile 
*          1    00007500    00000080     UNINITIALIZED
                  00007500    00000080     F2837xD_GlobalVariableDefsforBIOS.obj (AdccRegsFile)

AdcdRegsFile 
*          1    00007580    00000080     UNINITIALIZED
                  00007580    00000080     F2837xD_GlobalVariableDefsforBIOS.obj (AdcdRegsFile)

TrigRegsFile 
*          1    00007900    00000046     UNINITIALIZED
                  00007900    00000046     F2837xD_GlobalVariableDefsforBIOS.obj (TrigRegsFile)

DmaClaSrcSelRegsFile 
*          1    00007980    0000001a     UNINITIALIZED
                  00007980    0000001a     F2837xD_GlobalVariableDefsforBIOS.obj (DmaClaSrcSelRegsFile)

EPwmXbarRegsFile 
*          1    00007a00    00000040     UNINITIALIZED
                  00007a00    00000040     F2837xD_GlobalVariableDefsforBIOS.obj (EPwmXbarRegsFile)

GpioOutXbarRegsFile 
*          1    00007a80    00000040     UNINITIALIZED
                  00007a80    00000040     F2837xD_GlobalVariableDefsforBIOS.obj (GpioOutXbarRegsFile)

GpioCtrlRegsFile 
*          1    00007c00    00000180     UNINITIALIZED
                  00007c00    00000180     F2837xD_GlobalVariableDefsforBIOS.obj (GpioCtrlRegsFile)

GpioDataRegsFile 
*          1    00007f00    00000030     UNINITIALIZED
                  00007f00    00000030     F2837xD_GlobalVariableDefsforBIOS.obj (GpioDataRegsFile)

.ebss      1    00008000    00001a00     UNINITIALIZED
                  00008000    00001103     blink_cpu01_p28FP.o28FP (.ebss:taskStackSection)
                  00009103    00000008     rts2800_fpu32.lib : trgdrv.obj (.ebss)
                  0000910b    00000001     --HOLE--
                  0000910c    00000004                       : _lock.obj (.ebss)
                  00009110    00000004                       : exit.obj (.ebss)
                  00009114    00000002     blink_cpu01.obj (.ebss)
                  00009116    00000002     rts2800_fpu32.lib : sinit.obj (.ebss)
                  00009118    00000028     --HOLE--
                  00009140    000007c0     blink_cpu01_p28FP.o28FP (.ebss)
                  00009900    00000100     rts2800_fpu32.lib : atexit.obj (.ebss)

.cio       1    00009a40    00000120     UNINITIALIZED
                  00009a40    00000120     rts2800_fpu32.lib : ankmsg.obj (.cio)

Emif1RegsFile 
*          1    00047000    00000070     UNINITIALIZED
                  00047000    00000070     F2837xD_GlobalVariableDefsforBIOS.obj (Emif1RegsFile)

Emif2RegsFile 
*          1    00047800    00000070     UNINITIALIZED
                  00047800    00000070     F2837xD_GlobalVariableDefsforBIOS.obj (Emif2RegsFile)

DcanaRegsFile 
*          1    00048000    00000200     UNINITIALIZED
                  00048000    00000200     F2837xD_GlobalVariableDefsforBIOS.obj (DcanaRegsFile)

DcanbRegsFile 
*          1    0004a000    00000200     UNINITIALIZED
                  0004a000    00000200     F2837xD_GlobalVariableDefsforBIOS.obj (DcanbRegsFile)

IpcRegsFile 
*          1    00050000    00000026     UNINITIALIZED
                  00050000    00000026     F2837xD_GlobalVariableDefsforBIOS.obj (IpcRegsFile)

DevCfgRegsFile 
*          1    0005d000    0000012e     UNINITIALIZED
                  0005d000    0000012e     F2837xD_GlobalVariableDefsforBIOS.obj (DevCfgRegsFile)

AnalogSubsysRegsFile 
*          1    0005d180    00000048     UNINITIALIZED
                  0005d180    00000048     F2837xD_GlobalVariableDefsforBIOS.obj (AnalogSubsysRegsFile)

ClkCfgRegsFile 
*          1    0005d200    00000032     UNINITIALIZED
                  0005d200    00000032     F2837xD_GlobalVariableDefsforBIOS.obj (ClkCfgRegsFile)

CpuSysRegsFile 
*          1    0005d300    00000082     UNINITIALIZED
                  0005d300    00000082     F2837xD_GlobalVariableDefsforBIOS.obj (CpuSysRegsFile)

HwbistRegsFile 
*          1    0005e000    000000a2     UNINITIALIZED
                  0005e000    000000a2     F2837xD_GlobalVariableDefsforBIOS.obj (HwbistRegsFile)

PbistRegsFile 
*          1    0005e200    000001e6     UNINITIALIZED
                  0005e200    000001e6     F2837xD_GlobalVariableDefsforBIOS.obj (PbistRegsFile)

RomPrefetchRegsFile 
*          1    0005e608    00000002     UNINITIALIZED
                  0005e608    00000002     F2837xD_GlobalVariableDefsforBIOS.obj (RomPrefetchRegsFile)

DcsmRegsZ1File 
*          1    0005f000    00000024     UNINITIALIZED
                  0005f000    00000024     F2837xD_GlobalVariableDefsforBIOS.obj (DcsmRegsZ1File)

DcsmRegsZ2File 
*          1    0005f040    00000024     UNINITIALIZED
                  0005f040    00000024     F2837xD_GlobalVariableDefsforBIOS.obj (DcsmRegsZ2File)

DcsmRegsCommonFile 
*          1    0005f070    00000008     UNINITIALIZED
                  0005f070    00000008     F2837xD_GlobalVariableDefsforBIOS.obj (DcsmRegsCommonFile)

MemCfgRegsFile 
*          1    0005f400    00000080     UNINITIALIZED
                  0005f400    00000080     F2837xD_GlobalVariableDefsforBIOS.obj (MemCfgRegsFile)

Emif1ConfigRegsFile 
*          1    0005f480    00000020     UNINITIALIZED
                  0005f480    00000020     F2837xD_GlobalVariableDefsforBIOS.obj (Emif1ConfigRegsFile)

Emif2ConfigRegsFile 
*          1    0005f4a0    00000020     UNINITIALIZED
                  0005f4a0    00000020     F2837xD_GlobalVariableDefsforBIOS.obj (Emif2ConfigRegsFile)

AccessProtectionRegsFile 
*          1    0005f4c0    00000040     UNINITIALIZED
                  0005f4c0    00000040     F2837xD_GlobalVariableDefsforBIOS.obj (AccessProtectionRegsFile)

MemoryErrorRegsFile 
*          1    0005f500    00000040     UNINITIALIZED
                  0005f500    00000040     F2837xD_GlobalVariableDefsforBIOS.obj (MemoryErrorRegsFile)

RomWaitStateRegsFile 
[...]
00081b74   _xdc_runtime_IHeap_Interface__BASE__C
00081b76   _xdc_runtime_IModule_Interface__BASE__C
00081b78   _xdc_runtime_Log_L_error__C
00081b7a   _xdc_runtime_Memory_defaultHeapInstance__C
00081b7c   _xdc_runtime_Startup_execImpl__C
00081b7e   _xdc_runtime_Startup_lastFxns__A
00081b80   _xdc_runtime_Startup_sfxnRts__C
00081b82   _xdc_runtime_Startup_sfxnTab__C
00081b84   _xdc_runtime_Startup_startModsFxn__C
00081b86   _xdc_runtime_SysMin_bufSize__C
00081b88   _xdc_runtime_SysMin_outputFunc__C
00081b8a   _xdc_runtime_System_Module__gateObj__C
00081b8c   _xdc_runtime_System_extendFxn__C
00081b8e   _xdc_runtime_Text_charTab__C
00081b90   _xdc_runtime_Text_nameEmpty__C
00081b92   _xdc_runtime_Text_nameStatic__C
00081b94   _xdc_runtime_Text_nameUnknown__C
00081b96   _xdc_runtime_Text_nodeTab__C
00081b98   _xdc_runtime_Text_visitRopeFxn__C
00081b9a   _ti_sysbios_family_c28_Timer_startupNeeded__C
00081b9b   _ti_sysbios_gates_GateMutex_Module__id__C
00081b9c   _ti_sysbios_hal_Hwi_Module__id__C
00081b9d   _ti_sysbios_heaps_HeapMem_Module__id__C
00081b9e   _ti_sysbios_heaps_HeapMem_Object__count__C
00081b9f   _ti_sysbios_knl_Clock_Module__id__C
00081ba0   _ti_sysbios_knl_Clock_Module__loggerDefined__C
00081ba1   _ti_sysbios_knl_Idle_coreList__A
00081ba2   _ti_sysbios_knl_Queue_Object__count__C
00081ba3   _ti_sysbios_knl_Semaphore_Module__id__C
00081ba4   _ti_sysbios_knl_Semaphore_Module__loggerDefined__C
00081ba5   _ti_sysbios_knl_Swi_Module__id__C
00081ba6   _ti_sysbios_knl_Swi_Module__loggerDefined__C
00081ba7   _ti_sysbios_knl_Swi_Object__count__C
00081ba8   _ti_sysbios_knl_Task_Module__id__C
00081ba9   _ti_sysbios_knl_Task_Module__loggerDefined__C
00081baa   _ti_sysbios_knl_Task_Object__count__C
00081bab   _ti_sysbios_knl_Task_initStackFlag__C
00081bac   _ti_sysbios_knl_Task_numConstructedTasks__C
00081bad   _xdc_runtime_Core_Module__id__C
00081bae   _xdc_runtime_Error_Module__loggerDefined__C
00081baf   _xdc_runtime_Error_maxDepth__C
00081bb0   _xdc_runtime_Error_policy__C
00081bb1   _xdc_runtime_Memory_Module__id__C
00081bb2   _xdc_runtime_Startup_maxPasses__C
00081bb3   _xdc_runtime_SysMin_flushAtExit__C
00081bb4   _xdc_runtime_System_maxAtexitHandlers__C
00081bb5   _xdc_runtime_Text_charCnt__C
00081bb6   _xdc_runtime_Text_isLoaded__C
00081bb7   _xdc_runtime_Text_registryModsLastId__C
00081bb8   _xdc_runtime_Text_unnamedModsLastId__C
00081bb9   ___cinit__
00081bb9   cinit
00082000   ___c_args__
0008221c   __TI_table_binit
0008221c   ___binit__
0008221c   binit
00088000   .text
00088000   _TIMER1_ISR
00088000   ___text__
0008800a   _TIMER2_ISR
00088014   _DATALOG_ISR
0008801e   _RTOS_ISR
00088028   _EMU_ISR
00088032   _NMI_ISR
0008803c   _ILLEGAL_ISR
00088046   _USER1_ISR
00088050   _USER2_ISR
0008805a   _USER3_ISR
00088064   _USER4_ISR
0008806e   _USER5_ISR
00088078   _USER6_ISR
00088082   _USER7_ISR
0008808c   _USER8_ISR
00088096   _USER9_ISR
000880a0   _USER10_ISR
000880aa   _USER11_ISR
000880b4   _USER12_ISR
000880be   _ADCA1_ISR
000880c8   _ADCB1_ISR
000880d2   _ADCC1_ISR
000880dc   _XINT1_ISR
000880e6   _XINT2_ISR
000880f0   _ADCD1_ISR
000880fa   _TIMER0_ISR
00088104   _WAKE_ISR
0008810e   _EPWM1_TZ_ISR
00088118   _EPWM2_TZ_ISR
00088122   _EPWM3_TZ_ISR
0008812c   _EPWM4_TZ_ISR
00088136   _EPWM5_TZ_ISR
00088140   _EPWM6_TZ_ISR
0008814a   _EPWM7_TZ_ISR
00088154   _EPWM8_TZ_ISR
0008815e   _EPWM1_ISR
00088168   _EPWM2_ISR
00088172   _EPWM3_ISR
0008817c   _EPWM4_ISR
00088186   _EPWM5_ISR
00088190   _EPWM6_ISR
0008819a   _EPWM7_ISR
000881a4   _EPWM8_ISR
000881ae   _ECAP1_ISR
000881b8   _ECAP2_ISR
000881c2   _ECAP3_ISR
000881cc   _ECAP4_ISR
000881d6   _ECAP5_ISR
000881e0   _ECAP6_ISR
000881ea   _EQEP1_ISR
000881f4   _EQEP2_ISR
000881fe   _EQEP3_ISR
00088208   _SPIA_RX_ISR
00088212   _SPIA_TX_ISR
0008821c   _SPIB_RX_ISR
00088226   _SPIB_TX_ISR
00088230   _MCBSPA_RX_ISR
0008823a   _MCBSPA_TX_ISR
00088244   _MCBSPB_RX_ISR
0008824e   _MCBSPB_TX_ISR
00088258   _DMA_CH1_ISR
00088262   _DMA_CH2_ISR
0008826c   _DMA_CH3_ISR
00088276   _DMA_CH4_ISR
00088280   _DMA_CH5_ISR
0008828a   _DMA_CH6_ISR
00088294   _I2CA_ISR
0008829e   _I2CA_FIFO_ISR
000882a8   _I2CB_ISR
000882b2   _I2CB_FIFO_ISR
000882bc   _SCIC_RX_ISR
000882c6   _SCIC_TX_ISR
000882d0   _SCID_RX_ISR
000882da   _SCID_TX_ISR
000882e4   _SCIA_RX_ISR
000882ee   _SCIA_TX_ISR
000882f8   _SCIB_RX_ISR
00088302   _SCIB_TX_ISR
0008830c   _DCANA_1_ISR
00088316   _DCANA_2_ISR
00088320   _DCANB_1_ISR
0008832a   _DCANB_2_ISR
00088334   _ADCA_EVT_ISR
0008833e   _ADCA2_ISR
00088348   _ADCA3_ISR
00088352   _ADCA4_ISR
0008835c   _ADCB_EVT_ISR
00088366   _ADCB2_ISR
00088370   _ADCB3_ISR
0008837a   _ADCB4_ISR
00088384   _CLA1_1_ISR
0008838e   _CLA1_2_ISR
00088398   _CLA1_3_ISR
000883a2   _CLA1_4_ISR
000883ac   _CLA1_5_ISR
000883b6   _CLA1_6_ISR
000883c0   _CLA1_7_ISR
000883ca   _CLA1_8_ISR
000883d4   _XINT3_ISR
000883de   _XINT4_ISR
000883e8   _XINT5_ISR
000883f2   _PBIST_ISR
000883fc   _VCU_ISR
00088406   _FPU_OVERFLOW_ISR
00088410   _FPU_UNDERFLOW_ISR
0008841a   _IPC1_ISR
00088424   _IPC2_ISR
0008842e   _IPC3_ISR
00088438   _IPC4_ISR
00088442   _EPWM9_TZ_ISR
0008844c   _EPWM10_TZ_ISR
00088456   _EPWM11_TZ_ISR
00088460   _EPWM12_TZ_ISR
0008846a   _EPWM9_ISR
00088474   _EPWM10_ISR
0008847e   _EPWM11_ISR
00088488   _EPWM12_ISR
00088492   _SD1_ISR
0008849c   _SD2_ISR
000884a6   _SPIC_RX_ISR
000884b0   _SPIC_TX_ISR
000884ba   _UPPA_ISR
000884c4   _USBA_ISR
000884ce   _ADCC_EVT_ISR
000884d8   _ADCC2_ISR
000884e2   _ADCC3_ISR
000884ec   _ADCC4_ISR
000884f6   _ADCD_EVT_ISR
00088500   _ADCD2_ISR
0008850a   _ADCD3_ISR
00088514   _ADCD4_ISR
0008851e   _EMIF_ERROR_ISR
00088528   _RAM_CORRECTABLE_ERROR_ISR
00088532   _FLASH_CORRECTABLE_ERROR_ISR
0008853c   _RAM_ACCESS_VIOLATION_ISR
00088546   _SYS_PLL_SLIP_ISR
00088550   _AUX_PLL_SLIP_ISR
0008855a   _CLA_OVERFLOW_ISR
00088564   _CLA_UNDERFLOW_ISR
0008856e   _PIE_RESERVED_ISR
00088578   _EMPTY_ISR
00088585   _NOTUSED_ISR
0008858f   _xdc_runtime_System_doPrint__I
000887ee   _InitSysCtrl
00088819   _InitPeripheralClocks
0008889d   _ServiceDog
000888ab   _DisableDog
000888b9   _InitSysPll
00088936   _InitAuxPll
000889a3   _CsmUnlock
000889c4   _SysIntOsc1Sel
000889d2   _SysIntOsc2Sel
000889de   _SysXtalOscSel
000889ec   _AuxIntOsc2Sel
000889f6   _AuxXtalOscSel
00088a02   _AuxAuxClkSel
00088a0c   _IDLE
00088a15   _STANDBY
00088a20   _HALT
00088a30   _HIB
00088a3e   _HOSTwrite
00088a75   _HOSTunlink
00088a9d   _HOSTtime
00088ac8   _HOSTrename
00088b06   _HOSTread
00088b44   _HOSTopen
00088b83   _HOSTlseek
00088bd0   _HOSTgetenv
00088bfa   _HOSTclose
00088c24   _HOSTclock
00088c4f   _InitGpio
00088c8c   _GPIO_SetupPinMux
00088d1d   _GPIO_SetupPinOptions
00088db3   _GPIO_SetupLock
00088ddb   _GPIO_SetupXINT1Gpio
00088de5   _GPIO_SetupXINT2Gpio
00088def   _GPIO_SetupXINT3Gpio
00088df9   _GPIO_SetupXINT4Gpio
00088e03   _GPIO_SetupXINT5Gpio
00088e0d   _GPIO_ReadPin
00088e24   _GPIO_WritePin
00088e43   _GPIO_SelectIpcInt
00088e50   _ti_sysbios_heaps_HeapMem_free__E
00089028   _ti_sysbios_heaps_HeapMem_alloc__E
000891f8   _ti_sysbios_knl_Semaphore_pend__E
000893c5   _IPCRtoLFlagAcknowledge
000893ce   _IPCRtoLFlagBusy
000893dd   _IPCLtoRFlagBusy
000893ec   _IPCLtoRFlagSet
000893f5   _IPCLtoRFlagClear
000893fe   _IPCGetBootStatus
00089402   _IPCBootCPU2
00089525   _xdc_runtime_System_printfExtend__I
0008962f   LL$$DIV
0008966b   LL$$MOD
000896a5   ULL$$DIV
000896d4   ULL$$MOD
00089736   _ti_sysbios_heaps_HeapMem_Instance_init__F
0008983b   _ti_sysbios_family_c28_Hwi_clearInterrupt__E
00089922   _xdc_runtime_Core_createObject__I
000899f9   _InitIpc
00089a07   _ReadIpcTimer
00089a1b   _SendIpcData
00089a32   _RecvIpcData
00089a43   _FillIpcSendData
00089a4e   _SendIpcCommand
00089a60   _SendIpcFlag
00089a6a   _AckIpcFlag
00089a74   _CancelIpcFlag
00089a7e   _WaitForIpcFlag
00089a8c   _WaitForIpcAck
00089a9a   _IpcSync
00089aa9   _SeizeFlashPump
00089ab8   _ReleaseFlashPump
00089ac2   _ti_sysbios_knl_Semaphore_post__E
00089b85   _ti_sysbios_family_c28_Hwi_dispatchCore__I
00089c45   _ti_sysbios_knl_Clock_workFunc__E
00089d02   _xdc_runtime_Error_raiseX__F
00089dbd   _ti_sysbios_knl_Swi_run__I
00089e6f   _main
00089f03   _danClkfunc
00089f0a   _ti_sysbios_family_c28_Hwi_dispatchTable
00089f67   _ti_sysbios_family_c28_Hwi_dispatchPie
00089fa4   _ti_sysbios_family_c28_Hwi_enableInterrupt__E
0008a036   ___TI_writemsg
0008a086   C$$IO$$
0008a08a   ___TI_readmsg
0008a0c4   _ti_sysbios_knl_Task_startCore__E
0008a14e   _ti_sysbios_family_c28_Hwi_disableInterrupt__E
0008a1d5   _ti_sysbios_family_c28_Hwi_disablePIEIER__E
0008a25b   _ti_sysbios_knl_Task_schedule__I
0008a2df   _ti_sysbios_family_c28_Hwi_enablePIEIER__E
0008a362   _xdc_runtime_Startup_startMods__I
0008a3df   _xdc_runtime_Text_putSite__F
0008a45a   _ti_sysbios_family_c28_Timer_stopAndClear__I
0008a4d2   _ti_sysbios_knl_Semaphore_Instance_init__F
0008a547   _ti_sysbios_gates_GateMutex_enter__E
0008a5bb   _ti_sysbios_knl_Task_exit__E
0008a62b   _ti_sysbios_knl_Task_postInit__I
0008a69b   _ti_sysbios_knl_Task_unblockI__E
0008a70b   _ti_catalog_c2800_initF2837x_Boot_initSharedRAMs
0008a713   _ti_catalog_c2800_initF2837x_Boot_disableWatchdog
0008a71b   _ti_catalog_c2800_initF2837x_Boot_configurePllDivs
0008a759   _ti_catalog_c2800_initF2837x_Boot_bootCPU2
0008a778   _ti_sysbios_knl_Task_checkStacks__E
0008a7e5   _ti_sysbios_knl_Task_blockI__E
0008a84b   _c_int00
0008a8ae   _ti_sysbios_knl_Swi_post__E
0008a910   _xdc_runtime_Core_deleteObject__I
0008a961   _xdc_runtime_Memory_alloc__F
0008a9af   _xdc_runtime_Text_putLab__F
0008a9fb   _ti_sysbios_family_c28_Hwi_Module_startup__F
0008aa43   _ti_sysbios_knl_Task_Module_startup__F
0008aa8b   _far_copy_in
0008aad1   _xdc_runtime_Core_assignParams__I
0008ab13   _ti_sysbios_family_c28_Hwi_unPluggedInterrupt__I
0008ab54   _xdc_runtime_System_formatNum__I
0008ab94   _ti_sysbios_family_c28_TaskSupport_start__E
0008abd2   _xdc_runtime_Text_putMod__F
0008ac0c   _xdc_runtime_Text_visitRope2__I
0008ac45   _ti_sysbios_knl_Clock_logTick__E
0008ac7d   _ti_sysbios_knl_Swi_restoreHwi__E
0008acb4   _ti_sysbios_BIOS_rtsUnlock__I
0008acea   _xdc_runtime_Error_print__F
0008ad20   _ti_sysbios_family_c28_Timer_postInit__I
0008ad55   _xdc_runtime_Startup_exec__F
0008ad8a   _ti_sysbios_family_c28_Timer_start__E
0008adbc   _xdc_runtime_Assert_raise__I
0008adee   _ti_sysbios_knl_Swi_runLoop__I
0008ae1c   _ti_sysbios_knl_Swi_schedule__I
0008ae4a   _ti_sysbios_family_c28_Hwi_getStackInfo__E
0008ae77   _ti_sysbios_heaps_HeapMem_getStats__E
0008aea4   _ti_sysbios_heaps_HeapMem_init__I
0008aed1   _xdc_runtime_Text_xprintf__I
0008aefb   _xdc_runtime_SysMin_flush__F
0008af3d   ___add_dtor
0008af4a   _ti_sysbios_family_c28_Timer_setPrescale__F
0008af70   _atexit
0008af96   _ti_sysbios_family_c28_TaskSupport_buildTaskStack
0008afbb   _ti_sysbios_knl_Semaphore_Object__create__S
0008afdf   _ti_sysbios_BIOS_errorRaiseHook__I
0008b001   _ti_sysbios_family_c28_Timer_setPeriod__E
0008b023   _ti_sysbios_knl_Semaphore_pendTimeout__I
0008b045   _xdc_runtime_System_rtsExit__I
0008b067   _ti_sysbios_knl_Idle_run__E
0008b088   _ti_sysbios_knl_Task_allBlockedFunction__I
0008b0a9   _xdc_runtime_System_atexit__F
0008b0ca   ___memcpy_ff
0008b0eb   _ti_sysbios_gates_GateHwi_Object__create__S
0008b10b   _ti_sysbios_gates_GateMutex_Object__create__S
0008b12b   _ti_sysbios_heaps_HeapMem_Object__create__S
0008b14b   _ti_sysbios_knl_Queue_Object__create__S
0008b16b   _ti_sysbios_knl_Clock_addI__E
0008b18a   _xdc_runtime_SysMin_putch__F
0008b1a8   _ti_sysbios_family_c28_TaskSupport_swap__E
0008b1c5   _ti_sysbios_family_c28_Hwi_Object__get__S
0008b1e1   _ti_sysbios_knl_Queue_Object__get__S
0008b1fd   _ti_sysbios_family_c28_Hwi_switchAndDispatch__I
0008b218   _xdc_runtime_SysMin_output__I
0008b233   _ti_sysbios_hal_Hwi_checkStack
0008b24e   _ti_sysbios_gates_GateMutex_Instance_init__F
0008b268   _xdc_runtime_Core_assignLabel__I
0008b282   _ddcopy
0008b282   _dpcopy
0008b282   _pdcopy
0008b282   _ppcopy
0008b29c   _ti_sysbios_hal_Hwi_initStack
0008b2b6   _ti_sysbios_BIOS_exit__E
0008b2cf   _ti_sysbios_heaps_HeapMem_Object__get__S
0008b2e8   _ti_sysbios_knl_Swi_Object__get__S
0008b301   _ti_sysbios_knl_Swi_restore__E
0008b31a   _ti_sysbios_knl_Task_Object__get__S
0008b333   _xdc_runtime_Memory_valloc__F
0008b34c   _xdc_runtime_System_aprintf_va__F
0008b34c   _xdc_runtime_System_avprintf__F
0008b365   _xdc_runtime_System_putchar__I
0008b37e   __args_main
0008b397   C$$EXIT
0008b397   _abort
0008b399   _exit
0008b3b0   _ti_sysbios_knl_Task_processVitalTaskFlag__I
0008b3c8   _xdc_runtime_System_printf_va__F
0008b3c8   _xdc_runtime_System_vprintf__F
0008b3e0   _xdc_runtime_Text_printVisFxn__I
0008b3f8   LL$$AND
0008b400   LL$$OR
0008b408   LL$$XOR
0008b410   _ti_sysbios_BIOS_exitFunc__I
0008b427   _ti_sysbios_knl_Clock_doTick__I
0008b43e   _xdc_runtime_SysMin_abort__F
0008b455   _ti_sysbios_family_c28_Timer_Module_startup__F
0008b46b   _ti_sysbios_family_c28_Timer_startup__E
0008b481   _ti_sysbios_knl_Task_restore__E
0008b497   _ti_sysbios_knl_Swi_Module_startup__F
0008b4ac   _xdc_runtime_Text_cordText__F
0008b4c1   _ti_sysbios_gates_GateMutex_Object__delete__S
0008b4d4   _ti_sysbios_knl_Clock_Module_startup__F
0008b4e7   _ti_sysbios_family_c28_Hwi_disableIER__E
0008b4f9   _ti_sysbios_gates_GateHwi_Object__delete__S
0008b50b   _ti_sysbios_heaps_HeapMem_Object__delete__S
0008b51d   _ti_sysbios_gates_GateHwi_Handle__label__S
0008b52e   _ti_sysbios_gates_GateMutex_Handle__label__S
0008b53f   _ti_sysbios_heaps_HeapMem_Handle__label__S
0008b550   _ti_sysbios_BIOS_rtsLock__I
0008b560   _ti_sysbios_family_c28_Hwi_enableIER__E
0008b570   _ti_sysbios_knl_Task_restoreHwi__E
0008b580   _ti_sysbios_BIOS_startFunc__I
0008b58f   _ti_sysbios_knl_Semaphore_Object__destruct__S
0008b5ad   _ti_sysbios_knl_Queue_Object__destruct__S
0008b5bb   _xdc_runtime_Registry_findById__F
0008b5c9   _xdc_runtime_SysMin_Module_startup__F
0008b5d7   _xdc_runtime_Text_visitRope__I
0008b5e5   _ti_sysbios_BIOS_registerRTSLock__I
0008b5f2   _ti_sysbios_family_c28_Hwi_dispatchC__I
0008b5ff   _ti_sysbios_family_c28_Hwi_restoreIER__E
0008b60c   _ti_sysbios_family_xxx_Hwi_switchToIsrStack
0008b619   _ti_sysbios_knl_Task_SupportProxy_start__E
0008b626   _ti_sysbios_knl_Task_enter__I
0008b633   _xdc_runtime_Error_check__F
0008b64d   _xdc_runtime_Memory_HeapProxy_alloc__E
0008b65a   _memset
0008b667   _strpbrk
0008b674   _ti_sysbios_gates_GateMutex_leave__E
0008b680   _ti_sysbios_knl_Queue_put__E
0008b68c   _ti_sysbios_knl_Task_enabled__E
0008b698   _xdc_runtime_Memory_free__F
0008b6a4   _xdc_runtime_Text_ropeText__F
0008b6b0   _ti_sysbios_family_c28_Hwi_Module__startupDone__F
0008b6bb   _ti_sysbios_family_c28_Timer_Module__startupDone__F
0008b6c6   _ti_sysbios_family_xxx_Hwi_switchAndRunFunc
0008b6d1   _ti_sysbios_hal_Timer_Module__startupDone__F
0008b6dc   _ti_sysbios_knl_Task_unblock__E
0008b6e7   _xdc_runtime_Memory_HeapProxy_free__E
0008b6f2   _xdc_runtime_SysMin_exit__F
0008b6fd   _xdc_runtime_System_abort__F
0008b708   _xdc_runtime_System_aprintf__E
0008b713   _xdc_runtime_System_printf__E
0008b71e   _ti_sysbios_family_xxx_Hwi_switchToTaskStack
0008b728   _xdc_runtime_Startup_exec__I
0008b732   _xdc_runtime_Text_putLab__E
0008b73c   _xdc_runtime_Text_putSite__E
0008b746   _strcmp
0008b750   _ti_catalog_c2800_initF2837x_Boot_init
0008b759   _ti_sysbios_BIOS_RtsGateProxy_leave__E
0008b762   _ti_sysbios_family_c28_TaskSupport_checkStack__E
0008b76b   _ti_sysbios_family_c28_TaskSupport_glue
0008b774   _ti_sysbios_family_c28_Timer_getPeriod__E
0008b77d   _ti_sysbios_hal_Hwi_Module_startup__F
0008b786   _ti_sysbios_hal_Timer_Module_startup__F
0008b78f   _ti_sysbios_heaps_HeapMem_Module_GateProxy_leave__E
0008b798   _ti_sysbios_knl_Task_SupportProxy_checkStack__E
0008b7a1   _ti_sysbios_knl_Task_SupportProxy_swap__E
0008b7aa   _xdc_runtime_System_Module_GateProxy_leave__E
0008b7b3   _xdc_runtime_System_snprintf_va__F
0008b7b3   _xdc_runtime_System_vsnprintf__F
0008b7bc   __register_unlock
0008b7c0   __register_lock
0008b7c4   __nop
0008b7cd   _ti_sysbios_BIOS_setThreadType__E
0008b7d5   _ti_sysbios_gates_GateMutex_Instance_finalize__F
0008b7dd   _ti_sysbios_hal_Hwi_HwiProxy_getStackInfo__E
0008b7ed   _ti_sysbios_knl_Queue_empty__E
0008b7f5   _ti_sysbios_knl_Semaphore_Instance_finalize__F
0008b7fd   _xdc_runtime_Memory_calloc__F
0008b805   _xdc_runtime_SysMin_ready__F
0008b80d   _strlen
0008b815   _ti_catalog_c2800_initF2837x_Boot_initStartup
0008b81c   _ti_sysbios_BIOS_RtsGateProxy_enter__E
0008b823   _ti_sysbios_hal_Timer_TimerProxy_getPeriod__E
0008b82a   _ti_sysbios_heaps_HeapMem_Module_GateProxy_enter__E
0008b831   _xdc_runtime_Error_init__F
0008b838   _xdc_runtime_Error_print__E
0008b83f   _xdc_runtime_SysMin_abort__E
0008b846   _xdc_runtime_System_Module_GateProxy_enter__E
0008b84d   _xdc_runtime_System_SupportProxy_abort__E
0008b854   _xdc_runtime_System_atexit__E
0008b85b   _ti_sysbios_family_c28_Hwi_Module_startup__E
0008b861   _ti_sysbios_family_c28_IntrinsicsSupport_maxbit__E
0008b867   _ti_sysbios_family_c28_Timer_Module_startup__E
0008b86d   _ti_sysbios_gates_GateHwi_query__E
0008b873   _ti_sysbios_gates_GateMutex_query__E
0008b879   _ti_sysbios_hal_Hwi_Module_startup__E
0008b87f   _ti_sysbios_hal_Timer_Module_startup__E
0008b885   _ti_sysbios_heaps_HeapMem_Module_GateProxy_query__E
0008b88b   _ti_sysbios_knl_Clock_Module_startup__E
0008b891   _ti_sysbios_knl_Queue_insert__E
0008b897   _ti_sysbios_knl_Swi_Module_startup__E
0008b89d   _ti_sysbios_knl_Swi_disable__E
0008b8a3   _ti_sysbios_knl_Task_Module_startup__E
0008b8a9   _ti_sysbios_knl_Task_disable__E
0008b8af   _xdc_runtime_Gate_enterSystem__F
0008b8b5   _xdc_runtime_Gate_leaveSystem__F
0008b8bb   _xdc_runtime_SysMin_Module_startup__E
0008b8c1   _xdc_runtime_SysMin_exit__E
0008b8c7   _xdc_runtime_SysMin_putch__E
0008b8cd   _xdc_runtime_System_Module_startup__E
0008b8d3   _xdc_runtime_System_SupportProxy_exit__E
0008b8d9   _xdc_runtime_System_SupportProxy_putch__E
0008b8df   _xdc_runtime_System_exit__F
0008b8e5   _ti_sysbios_BIOS_start__E
0008b8ea   _ti_sysbios_family_c28_Hwi_switchFromBootStack__E
0008b8ef   _ti_sysbios_gates_GateHwi_enter__E
0008b8f9   _xdc_runtime_System_lastFxn__I
0008b8fe   _strcpy
0008b903   _ti_sysbios_family_c28_Hwi_startup__E
0008b907   _ti_sysbios_heaps_HeapMem_isBlocking__E
0008b90b   _ti_sysbios_knl_Swi_startup__E
0008b90f   _xdc_runtime_Memory_getMaxDefaultTypeAlign__F
0008b913   _ti_catalog_c2800_initF2837x_Boot_limpAbort
0008b916   ___xdc__init
0008b919   _ti_sysbios_family_c28_Hwi_Module__startupDone__S
0008b91c   _ti_sysbios_family_c28_Timer_Module__startupDone__S
0008b91f   _ti_sysbios_gates_GateHwi_leave__E
0008b922   _ti_sysbios_hal_Hwi_HwiProxy_Module__startupDone__S
0008b925   _ti_sysbios_hal_Hwi_HwiProxy_startup__E
0008b928   _ti_sysbios_hal_Hwi_HwiProxy_switchFromBootStack__E
0008b92b   _ti_sysbios_hal_Hwi_startup__E
0008b92e   _ti_sysbios_hal_Timer_Module__startupDone__S
0008b931   _ti_sysbios_hal_Timer_TimerProxy_Module__startupDone__S
0008b934   _ti_sysbios_hal_Timer_TimerProxy_startup__E
0008b937   _ti_sysbios_hal_Timer_startup__E
0008b93a   _ti_sysbios_knl_Idle_loop__E
0008b93d   _ti_sysbios_knl_Queue_Instance_init__F
0008b940   _ti_sysbios_knl_Task_SupportProxy_Module__startupDone__S
0008b943   _ti_sysbios_knl_Task_startup__E
0008b946   _xdc_runtime_Startup_reset__I
0008b949   _xdc_runtime_SysMin_ready__E
0008b94c   _xdc_runtime_System_Module_startup__F
0008b94f   _xdc_runtime_System_SupportProxy_ready__E
0008b952   _ti_sysbios_family_c28_TaskSupport_Module__startupDone__S
0008b954   _ti_sysbios_gates_GateHwi_query__F
0008b956   _ti_sysbios_gates_GateMutex_query__F
0008b958   _xdc_runtime_Error_getSite__F
0008b95a   _ti_catalog_c2800_initF2837x_Boot_defaultLimpAbortFunction
0008b95b   _ti_sysbios_BIOS_nullFunc__I
0008b95c   _ti_sysbios_family_c28_Hwi_interruptReturn__I
0008b95d   _ti_sysbios_gates_GateHwi_Instance_init__F
0008b95e   ___etext__
0008b95e   etext
ffffffff   ___pinit__
ffffffff   pinit

[837 symbols]
