******************************************************************************
             TMS320C2000 Linker PC v18.1.1                     
******************************************************************************
>> Linked Mon Feb 25 10:23:15 2019

OUTPUT FILE NAME:   <blink_cpu02.out>
ENTRY POINT SYMBOL: "_c_int00"  address: 000899cb


MEMORY CONFIGURATION

         name            origin    length      used     unused   attr    fill
----------------------  --------  ---------  --------  --------  ----  --------
PAGE 0:
  D01SARAM              0000b000   00001000  00000000  00001000  RWIX
  BEGIN                 00080000   00000002  00000002  00000000  RWIX
  FLASHA                00080002   00001ffe  00001d3d  000002c1  RWIX
  FLASHB                00082000   00002000  00000444  00001bbc  RWIX
  FLASHC                00084000   00002000  00000000  00002000  RWIX
  FLASHD                00086000   00002000  00000000  00002000  RWIX
  FLASHE                00088000   00008000  00002b6c  00005494  RWIX
  FLASHF                00090000   00008000  00000000  00008000  RWIX
  FLASHG                00098000   00008000  00000000  00008000  RWIX
  FLASHH                000a0000   00008000  00000000  00008000  RWIX
  FLASHI                000a8000   00008000  00000000  00008000  RWIX
  FLASHJ                000b0000   00008000  00000000  00008000  RWIX
  FLASHK                000b8000   00002000  00000000  00002000  RWIX
  FLASHL                000ba000   00002000  00000000  00002000  RWIX
  FLASHM                000bc000   00002000  00000000  00002000  RWIX
  FLASHN                000be000   00002000  00000000  00002000  RWIX
  RESET                 003fffc0   00000002  00000000  00000002  RWIX

PAGE 1:
  BOOT_RSVD             00000002   0000007e  00000000  0000007e  RWIX
  M1SARAM               00000400   00000400  00000000  00000400  RWIX
  ADCA_RESULT           00000b00   00000020  00000018  00000008  RWIX
  ADCB_RESULT           00000b20   00000020  00000018  00000008  RWIX
  ADCC_RESULT           00000b40   00000020  00000018  00000008  RWIX
  ADCD_RESULT           00000b60   00000020  00000018  00000008  RWIX
  CPU_TIMER0            00000c00   00000008  00000008  00000000  RWIX
  CPU_TIMER1            00000c08   00000008  00000008  00000000  RWIX
  CPU_TIMER2            00000c10   00000008  00000008  00000000  RWIX
  PIE_CTRL              00000ce0   00000020  0000001a  00000006  RWIX
  DMA                   00001000   00000200  000000e0  00000120  RWIX
  CLA1                  00001400   00000040  00000040  00000000  RWIX
  EPWM1                 00004000   00000100  00000100  00000000  RWIX
  EPWM2                 00004100   00000100  00000100  00000000  RWIX
  EPWM3                 00004200   00000100  00000100  00000000  RWIX
  EPWM4                 00004300   00000100  00000100  00000000  RWIX
  EPWM5                 00004400   00000100  00000100  00000000  RWIX
  EPWM6                 00004500   00000100  00000100  00000000  RWIX
  EPWM7                 00004600   00000100  00000100  00000000  RWIX
  EPWM8                 00004700   00000100  00000100  00000000  RWIX
  EPWM9                 00004800   00000100  00000100  00000000  RWIX
  EPWM10                00004900   00000100  00000100  00000000  RWIX
  EPWM11                00004a00   00000100  00000100  00000000  RWIX
  EPWM12                00004b00   00000100  00000100  00000000  RWIX
  ECAP1                 00005000   00000020  00000020  00000000  RWIX
  ECAP2                 00005020   00000020  00000020  00000000  RWIX
  ECAP3                 00005040   00000020  00000020  00000000  RWIX
  ECAP4                 00005060   00000020  00000020  00000000  RWIX
  ECAP5                 00005080   00000020  00000020  00000000  RWIX
  ECAP6                 000050a0   00000020  00000020  00000000  RWIX
  EQEP1                 00005100   00000040  00000022  0000001e  RWIX
  EQEP2                 00005140   00000040  00000022  0000001e  RWIX
  EQEP3                 00005180   00000040  00000022  0000001e  RWIX
  DACA                  00005c00   00000010  00000008  00000008  RWIX
  DACB                  00005c10   00000010  00000008  00000008  RWIX
  DACC                  00005c20   00000010  00000008  00000008  RWIX
  CMPSS1                00005c80   00000020  00000020  00000000  RWIX
  CMPSS2                00005ca0   00000020  00000020  00000000  RWIX
  CMPSS3                00005cc0   00000020  00000020  00000000  RWIX
  CMPSS4                00005ce0   00000020  00000020  00000000  RWIX
  CMPSS5                00005d00   00000020  00000020  00000000  RWIX
  CMPSS6                00005d20   00000020  00000020  00000000  RWIX
  CMPSS7                00005d40   00000020  00000020  00000000  RWIX
  CMPSS8                00005d60   00000020  00000020  00000000  RWIX
  SDFM1                 00005e00   00000080  00000080  00000000  RWIX
  SDFM2                 00005e80   00000080  00000080  00000000  RWIX
  MCBSPA                00006000   00000040  00000024  0000001c  RWIX
  MCBSPB                00006040   00000040  00000024  0000001c  RWIX
  SPIA                  00006100   00000010  00000010  00000000  RWIX
  SPIB                  00006110   00000010  00000010  00000000  RWIX
  SPIC                  00006120   00000010  00000010  00000000  RWIX
  SPID                  00006130   00000010  00000010  00000000  RWIX
  WD                    00007000   00000040  0000002b  00000015  RWIX
  NMIINTRUPT            00007060   00000010  00000007  00000009  RWIX
  XINT                  00007070   00000010  0000000b  00000005  RWIX
  SCIA                  00007200   00000010  00000010  00000000  RWIX
  SCIB                  00007210   00000010  00000010  00000000  RWIX
  SCIC                  00007220   00000010  00000010  00000000  RWIX
  SCID                  00007230   00000010  00000010  00000000  RWIX
  I2CA                  00007300   00000040  00000022  0000001e  RWIX
  I2CB                  00007340   00000040  00000022  0000001e  RWIX
  ADCA                  00007400   00000080  00000080  00000000  RWIX
  ADCB                  00007480   00000080  00000080  00000000  RWIX
  ADCC                  00007500   00000080  00000080  00000000  RWIX
  ADCD                  00007580   00000080  00000080  00000000  RWIX
  TRIG                  00007900   00000050  00000000  00000050  RWIX
  DMACLASRCSEL          00007980   00000040  0000001a  00000026  RWIX
  XBAR_CONFIG           00007a00   00000200  00000000  00000200  RWIX
  GPIOCTRL              00007c00   00000180  00000000  00000180  RWIX
  GPIODAT               00007f00   00000030  00000030  00000000  RWIX
  LS05SARAM             00008000   00003000  00002a89  00000577  RWIX
  CPU2TOCPU1RAM         0003f800   00000400  00000000  00000400  RWIX
  CPU1TOCPU2RAM         0003fc00   00000400  00000000  00000400  RWIX
  EMIF1                 00047000   00000800  00000070  00000790  RWIX
  EMIF2                 00047800   00000800  00000070  00000790  RWIX
  DCANA                 00048000   00001000  00000200  00000e00  RWIX
  DCANB                 0004a000   00001000  00000200  00000e00  RWIX
  IPC                   00050000   00001000  00000026  00000fda  RWIX
  DEV_CFG               0005d000   00000200  00000000  00000200  RWIX
  CLK_CFG               0005d200   00000100  00000032  000000ce  RWIX
  CPU_SYS               0005d300   00000100  00000082  0000007e  RWIX
  HWBIST                0005e000   00000100  000000a2  0000005e  RWIX
  DCSM_Z1               0005f000   00000030  00000024  0000000c  RWIX
  DCSM_Z2               0005f040   00000030  00000024  0000000c  RWIX
  DCSM_COMMON           0005f070   00000010  00000008  00000008  RWIX
  MEMCFG                0005f400   00000080  00000080  00000000  RWIX
  EMIF1CONFIG           0005f480   00000020  00000020  00000000  RWIX
  ACCESSPROTECTION      0005f4c0   00000040  00000040  00000000  RWIX
  MEMORYERROR           0005f500   00000040  00000040  00000000  RWIX
  FLASH_CTRL            0005f800   00000300  00000182  0000017e  RWIX
  FLASH_ECC             0005fb00   00000040  00000028  00000018  RWIX
  DCSM_OTP_Z2           00078000   00000020  0000001a  00000006  RWIX
  DCSM_OTP_Z1           00078200   00000020  0000001a  00000006  RWIX


SECTION ALLOCATION MAP

 output                                  attributes/
section   page    origin      length       input sections
--------  ----  ----------  ----------   ----------------
xdc.meta   0    00000000    000000fa     COPY SECTION
                  00000000    000000fa     blink_cpu02_p28FP.o28FP (xdc.meta)

codestart 
*          0    00080000    00000002     
                  00080000    00000002     F2837xD_CodeStartBranch.obj (codestart)

ramfuncs   0    00080002    00000029     RUN ADDR = 0000a940
                  00080002    00000025     F2837xD_SysCtrl.obj (ramfuncs)
                  00080027    00000004     F2837xD_usDelay.obj (ramfuncs)

.binit     0    00080004    00000000     

.econst    0    0008002c    00001cf8     
                  0008002c    00001777     blink_cpu02_p28FP.o28FP (.econst:xdc_runtime_Text_charTab__A)
                  000817a3    00000001     blink_cpu02_p28FP.o28FP (.econst:ti_sysbios_family_c28_Hwi_Module__id__C)
                  000817a4    000001c0     blink_cpu02_p28FP.o28FP (.econst:_ti_sysbios_family_c28_Hwi_vectors)
                  00081964    0000008c     blink_cpu02_p28FP.o28FP (.econst:.string)
                  000819f0    00000058     ti.targets.rts2800.a28FP : Error.o28FP (.econst:.string)
                  00081a48    0000004e     blink_cpu02_p28FP.o28FP (.econst:xdc_runtime_Text_nodeTab__A)
                  00081a96    00000043     ti.targets.rts2800.a28FP : Text.o28FP (.econst:.string)
                  00081ad9    00000001     blink_cpu02_p28FP.o28FP (.econst:ti_sysbios_family_c28_Hwi_Module__loggerDefined__C)
                  00081ada    0000002a     ti.targets.rts2800.a28FP : Startup.o28FP (.econst:.string)
                  00081b04    00000019                              : System.o28FP (.econst:.string)
                  00081b1d    00000001     blink_cpu02_p28FP.o28FP (.econst:ti_sysbios_family_c28_Hwi_NUM_INTERRUPTS_ALL__C)
                  00081b1e    00000014     blink_cpu02_p28FP.o28FP (.econst:ti_sysbios_heaps_HeapMem_Module__FXNS__C)
                  00081b32    00000012     blink_cpu02_p28FP.o28FP (.econst:ti_sysbios_gates_GateHwi_Module__FXNS__C)
                  00081b44    00000012     blink_cpu02_p28FP.o28FP (.econst:ti_sysbios_gates_GateMutex_Module__FXNS__C)
                  00081b56    00000012     blink_cpu02_p28FP.o28FP (.econst:ti_sysbios_heaps_HeapMem_Object__PARAMS__C)
                  00081b68    00000010     blink_cpu02_p28FP.o28FP (.econst:ti_sysbios_gates_GateHwi_Object__DESC__C)
                  00081b78    00000010     blink_cpu02_p28FP.o28FP (.econst:ti_sysbios_gates_GateMutex_Object__DESC__C)
                  00081b88    00000010     blink_cpu02_p28FP.o28FP (.econst:ti_sysbios_heaps_HeapMem_Object__DESC__C)
                  00081b98    00000010     blink_cpu02_p28FP.o28FP (.econst:ti_sysbios_knl_Queue_Object__DESC__C)
                  00081ba8    00000010     blink_cpu02_p28FP.o28FP (.econst:ti_sysbios_knl_Semaphore_Object__DESC__C)
                  00081bb8    00000010     blink_cpu02_p28FP.o28FP (.econst:ti_sysbios_knl_Semaphore_Object__PARAMS__C)
                  00081bc8    00000010     blink_cpu02_p28FP.o28FP (.econst:xdc_runtime_Startup_sfxnTab__A)
                  00081bd8    0000000c     blink_cpu02_p28FP.o28FP (.econst:ti_sysbios_gates_GateHwi_Object__PARAMS__C)
                  00081be4    0000000c     blink_cpu02_p28FP.o28FP (.econst:ti_sysbios_gates_GateMutex_Object__PARAMS__C)
                  00081bf0    0000000c     blink_cpu02_p28FP.o28FP (.econst:ti_sysbios_knl_Queue_Object__PARAMS__C)
                  00081bfc    00000008     blink_cpu02_p28FP.o28FP (.econst:xdc_runtime_Startup_sfxnRts__A)
                  00081c04    00000005     ti.targets.rts2800.a28FP : Assert.o28FP (.econst:.string)
                  00081c09    00000001     blink_cpu02_p28FP.o28FP (.econst:ti_sysbios_family_c28_Hwi_Object__count__C)
                  00081c0a    00000004     blink_cpu02_p28FP.o28FP (.econst:ti_sysbios_knl_Idle_funcList__C)
                  00081c0e    00000004     blink_cpu02_p28FP.o28FP (.econst:xdc_runtime_Startup_firstFxns__A)
                  00081c12    00000004     blink_cpu02_p28FP.o28FP (.econst:xdc_runtime_Startup_firstFxns__C)
                  00081c16    00000004     blink_cpu02_p28FP.o28FP (.econst:xdc_runtime_Startup_lastFxns__C)
                  00081c1a    00000002     blink_cpu02_p28FP.o28FP (.econst)
                  00081c1c    00000002     blink_cpu02_p28FP.o28FP (.econst:ti_sysbios_BIOS_installedErrorHook__C)
                  00081c1e    00000002     blink_cpu02_p28FP.o28FP (.econst:ti_sysbios_family_c28_Hwi_A_badIntNum__C)
                  00081c20    00000002     blink_cpu02_p28FP.o28FP (.econst:ti_sysbios_family_c28_Hwi_A_invalidArg__C)
                  00081c22    00000002     blink_cpu02_p28FP.o28FP (.econst:ti_sysbios_family_c28_Hwi_E_unpluggedInterrupt__C)
                  00081c24    00000002     blink_cpu02_p28FP.o28FP (.econst:ti_sysbios_family_c28_Hwi_LD_end__C)
                  00081c26    00000002     blink_cpu02_p28FP.o28FP (.econst:ti_sysbios_family_c28_Hwi_LM_begin__C)
                  00081c28    00000002     blink_cpu02_p28FP.o28FP (.econst:ti_sysbios_family_c28_Hwi_Module__diagsEnabled__C)
                  00081c2a    00000002     blink_cpu02_p28FP.o28FP (.econst:ti_sysbios_family_c28_Hwi_Module__diagsIncluded__C)
                  00081c2c    00000002     blink_cpu02_p28FP.o28FP (.econst:ti_sysbios_family_c28_Hwi_Module__diagsMask__C)
                  00081c2e    00000002     blink_cpu02_p28FP.o28FP (.econst:ti_sysbios_family_c28_Hwi_Module__loggerFxn1__C)
                  00081c30    00000002     blink_cpu02_p28FP.o28FP (.econst:ti_sysbios_family_c28_Hwi_Module__loggerFxn8__C)
                  00081c32    00000002     blink_cpu02_p28FP.o28FP (.econst:ti_sysbios_family_c28_Hwi_Module__loggerObj__C)
                  00081c34    00000002     blink_cpu02_p28FP.o28FP (.econst:ti_sysbios_family_c28_Hwi_Object__table__C)
                  00081c36    00000002     blink_cpu02_p28FP.o28FP (.econst:ti_sysbios_family_c28_TaskSupport_E_invalidStack__C)
                  00081c38    00000002     blink_cpu02_p28FP.o28FP (.econst:ti_sysbios_gates_GateMutex_A_badContext__C)
                  00081c3a    00000002     blink_cpu02_p28FP.o28FP (.econst:ti_sysbios_gates_GateMutex_Instance_State_sem__O)
                  00081c3c    00000002     blink_cpu02_p28FP.o28FP (.econst:ti_sysbios_gates_GateMutex_Module__diagsEnabled__C)
                  00081c3e    00000002     blink_cpu02_p28FP.o28FP (.econst:ti_sysbios_gates_GateMutex_Module__diagsIncluded__C)
                  00081c40    00000002     blink_cpu02_p28FP.o28FP (.econst:ti_sysbios_gates_GateMutex_Module__diagsMask__C)
                  00081c42    00000002     blink_cpu02_p28FP.o28FP (.econst:ti_sysbios_hal_Hwi_E_stackOverflow__C)
                  00081c44    00000002     blink_cpu02_p28FP.o28FP (.econst:ti_sysbios_heaps_HeapMem_A_align__C)
                  00081c46    00000002     blink_cpu02_p28FP.o28FP (.econst:ti_sysbios_heaps_HeapMem_A_heapSize__C)
                  00081c48    00000002     blink_cpu02_p28FP.o28FP (.econst:ti_sysbios_heaps_HeapMem_A_invalidFree__C)
                  00081c4a    00000002     blink_cpu02_p28FP.o28FP (.econst:ti_sysbios_heaps_HeapMem_A_zeroBlock__C)
                  00081c4c    00000002     blink_cpu02_p28FP.o28FP (.econst:ti_sysbios_heaps_HeapMem_E_memory__C)
                  00081c4e    00000002     blink_cpu02_p28FP.o28FP (.econst:ti_sysbios_heaps_HeapMem_Module__diagsEnabled__C)
                  00081c50    00000002     blink_cpu02_p28FP.o28FP (.econst:ti_sysbios_heaps_HeapMem_Module__diagsIncluded__C)
                  00081c52    00000002     blink_cpu02_p28FP.o28FP (.econst:ti_sysbios_heaps_HeapMem_Module__diagsMask__C)
                  00081c54    00000002     blink_cpu02_p28FP.o28FP (.econst:ti_sysbios_heaps_HeapMem_Module__gateObj__C)
                  00081c56    00000002     blink_cpu02_p28FP.o28FP (.econst:ti_sysbios_heaps_HeapMem_Object__table__C)
                  00081c58    00000002     blink_cpu02_p28FP.o28FP (.econst:ti_sysbios_heaps_HeapMem_reqAlign__C)
                  00081c5a    00000002     blink_cpu02_p28FP.o28FP (.econst:ti_sysbios_knl_Clock_LM_begin__C)
                  00081c5c    00000002     blink_cpu02_p28FP.o28FP (.econst:ti_sysbios_knl_Clock_LM_tick__C)
                  00081c5e    00000002     blink_cpu02_p28FP.o28FP (.econst:ti_sysbios_knl_Clock_LW_delayed__C)
                  00081c60    00000002     blink_cpu02_p28FP.o28FP (.econst:ti_sysbios_knl_Clock_Module_State_clockQ__O)
                  00081c62    00000002     blink_cpu02_p28FP.o28FP (.econst:ti_sysbios_knl_Clock_Module__diagsEnabled__C)
                  00081c64    00000002     blink_cpu02_p28FP.o28FP (.econst:ti_sysbios_knl_Clock_Module__diagsIncluded__C)
                  00081c66    00000002     blink_cpu02_p28FP.o28FP (.econst:ti_sysbios_knl_Clock_Module__diagsMask__C)
                  00081c68    00000002     blink_cpu02_p28FP.o28FP (.econst:ti_sysbios_knl_Clock_Module__loggerFxn1__C)
                  00081c6a    00000002     blink_cpu02_p28FP.o28FP (.econst:ti_sysbios_knl_Clock_Module__loggerFxn2__C)
                  00081c6c    00000002     blink_cpu02_p28FP.o28FP (.econst:ti_sysbios_knl_Clock_Module__loggerObj__C)
                  00081c6e    00000002     blink_cpu02_p28FP.o28FP (.econst:ti_sysbios_knl_Idle_funcList__A)
                  00081c70    00000002     blink_cpu02_p28FP.o28FP (.econst:ti_sysbios_knl_Semaphore_A_badContext__C)
                  00081c72    00000002     blink_cpu02_p28FP.o28FP (.econst:ti_sysbios_knl_Semaphore_A_noEvents__C)
                  00081c74    00000002     blink_cpu02_p28FP.o28FP (.econst:ti_sysbios_knl_Semaphore_A_overflow__C)
                  00081c76    00000002     blink_cpu02_p28FP.o28FP (.econst:ti_sysbios_knl_Semaphore_A_pendTaskDisabled__C)
                  00081c78    00000002     blink_cpu02_p28FP.o28FP (.econst:ti_sysbios_knl_Semaphore_Instance_State_pendQ__O)
                  00081c7a    00000002     blink_cpu02_p28FP.o28FP (.econst:ti_sysbios_knl_Semaphore_LM_pend__C)
                  00081c7c    00000002     blink_cpu02_p28FP.o28FP (.econst:ti_sysbios_knl_Semaphore_LM_post__C)
                  00081c7e    00000002     blink_cpu02_p28FP.o28FP (.econst:ti_sysbios_knl_Semaphore_Module__diagsEnabled__C)
                  00081c80    00000002     blink_cpu02_p28FP.o28FP (.econst:ti_sysbios_knl_Semaphore_Module__diagsIncluded__C)
                  00081c82    00000002     blink_cpu02_p28FP.o28FP (.econst:ti_sysbios_knl_Semaphore_Module__diagsMask__C)
                  00081c84    00000002     blink_cpu02_p28FP.o28FP (.econst:ti_sysbios_knl_Semaphore_Module__loggerFxn2__C)
                  00081c86    00000002     blink_cpu02_p28FP.o28FP (.econst:ti_sysbios_knl_Semaphore_Module__loggerFxn4__C)
                  00081c88    00000002     blink_cpu02_p28FP.o28FP (.econst:ti_sysbios_knl_Semaphore_Module__loggerObj__C)
                  00081c8a    00000002     blink_cpu02_p28FP.o28FP (.econst:ti_sysbios_knl_Swi_LD_end__C)
                  00081c8c    00000002     blink_cpu02_p28FP.o28FP (.econst:ti_sysbios_knl_Swi_LM_begin__C)
                  00081c8e    00000002     blink_cpu02_p28FP.o28FP (.econst:ti_sysbios_knl_Swi_LM_post__C)
                  00081c90    00000002     blink_cpu02_p28FP.o28FP (.econst:ti_sysbios_knl_Swi_Module__diagsEnabled__C)
                  00081c92    00000002     blink_cpu02_p28FP.o28FP (.econst:ti_sysbios_knl_Swi_Module__diagsIncluded__C)
                  00081c94    00000002     blink_cpu02_p28FP.o28FP (.econst:ti_sysbios_knl_Swi_Module__diagsMask__C)
                  00081c96    00000002     blink_cpu02_p28FP.o28FP (.econst:ti_sysbios_knl_Swi_Module__loggerFxn1__C)
                  00081c98    00000002     blink_cpu02_p28FP.o28FP (.econst:ti_sysbios_knl_Swi_Module__loggerFxn4__C)
                  00081c9a    00000002     blink_cpu02_p28FP.o28FP (.econst:ti_sysbios_knl_Swi_Module__loggerObj__C)
                  00081c9c    00000002     blink_cpu02_p28FP.o28FP (.econst:ti_sysbios_knl_Swi_Object__table__C)
                  00081c9e    00000002     blink_cpu02_p28FP.o28FP (.econst:ti_sysbios_knl_Task_E_spOutOfBounds__C)
                  00081ca0    00000002     blink_cpu02_p28FP.o28FP (.econst:ti_sysbios_knl_Task_E_stackOverflow__C)
                  00081ca2    00000002     blink_cpu02_p28FP.o28FP (.econst:ti_sysbios_knl_Task_LD_block__C)
                  00081ca4    00000002     blink_cpu02_p28FP.o28FP (.econst:ti_sysbios_knl_Task_LD_exit__C)
                  00081ca6    00000002     blink_cpu02_p28FP.o28FP (.econst:ti_sysbios_knl_Task_LD_ready__C)
                  00081ca8    00000002     blink_cpu02_p28FP.o28FP (.econst:ti_sysbios_knl_Task_LM_switch__C)
                  00081caa    00000002     blink_cpu02_p28FP.o28FP (.econst:ti_sysbios_knl_Task_Module_State_inactiveQ__O)
                  00081cac    00000002     blink_cpu02_p28FP.o28FP (.econst:ti_sysbios_knl_Task_Module__diagsEnabled__C)
                  00081cae    00000002     blink_cpu02_p28FP.o28FP (.econst:ti_sysbios_knl_Task_Module__diagsIncluded__C)
                  00081cb0    00000002     blink_cpu02_p28FP.o28FP (.econst:ti_sysbios_knl_Task_Module__diagsMask__C)
                  00081cb2    00000002     blink_cpu02_p28FP.o28FP (.econst:ti_sysbios_knl_Task_Module__loggerFxn2__C)
                  00081cb4    00000002     blink_cpu02_p28FP.o28FP (.econst:ti_sysbios_knl_Task_Module__loggerFxn4__C)
                  00081cb6    00000002     blink_cpu02_p28FP.o28FP (.econst:ti_sysbios_knl_Task_Module__loggerObj__C)
                  00081cb8    00000002     blink_cpu02_p28FP.o28FP (.econst:ti_sysbios_knl_Task_Object__table__C)
                  00081cba    00000002     blink_cpu02_p28FP.o28FP (.econst:ti_sysbios_knl_Task_allBlockedFunc__C)
                  00081cbc    00000002     blink_cpu02_p28FP.o28FP (.econst:xdc_runtime_Assert_E_assertFailed__C)
                  00081cbe    00000002     blink_cpu02_p28FP.o28FP (.econst:xdc_runtime_Core_A_initializedParams__C)
                  00081cc0    00000002     blink_cpu02_p28FP.o28FP (.econst:xdc_runtime_Core_Module__diagsEnabled__C)
                  00081cc2    00000002     blink_cpu02_p28FP.o28FP (.econst:xdc_runtime_Core_Module__diagsIncluded__C)
                  00081cc4    00000002     blink_cpu02_p28FP.o28FP (.econst:xdc_runtime_Core_Module__diagsMask__C)
                  00081cc6    00000002     blink_cpu02_p28FP.o28FP (.econst:xdc_runtime_Error_E_memory__C)
                  00081cc8    00000002     blink_cpu02_p28FP.o28FP (.econst:xdc_runtime_Error_Module__diagsEnabled__C)
                  00081cca    00000002     blink_cpu02_p28FP.o28FP (.econst:xdc_runtime_Error_Module__diagsIncluded__C)
                  00081ccc    00000002     blink_cpu02_p28FP.o28FP (.econst:xdc_runtime_Error_Module__diagsMask__C)
                  00081cce    00000002     blink_cpu02_p28FP.o28FP (.econst:xdc_runtime_Error_Module__loggerFxn8__C)
                  00081cd0    00000002     blink_cpu02_p28FP.o28FP (.econst:xdc_runtime_Error_Module__loggerObj__C)
                  00081cd2    00000002     blink_cpu02_p28FP.o28FP (.econst:xdc_runtime_Error_policyFxn__C)
                  00081cd4    00000002     blink_cpu02_p28FP.o28FP (.econst:xdc_runtime_Error_raiseHook__C)
                  00081cd6    00000002     blink_cpu02_p28FP.o28FP (.econst:xdc_runtime_IGateProvider_Interface__BASE__C)
                  00081cd8    00000002     blink_cpu02_p28FP.o28FP (.econst:xdc_runtime_IHeap_Interface__BASE__C)
                  00081cda    00000002     blink_cpu02_p28FP.o28FP (.econst:xdc_runtime_IModule_Interface__BASE__C)
                  00081cdc    00000002     blink_cpu02_p28FP.o28FP (.econst:xdc_runtime_Log_L_error__C)
                  00081cde    00000002     blink_cpu02_p28FP.o28FP (.econst:xdc_runtime_Main_Module__diagsEnabled__C)
                  00081ce0    00000002     blink_cpu02_p28FP.o28FP (.econst:xdc_runtime_Main_Module__diagsIncluded__C)
                  00081ce2    00000002     blink_cpu02_p28FP.o28FP (.econst:xdc_runtime_Main_Module__diagsMask__C)
                  00081ce4    00000002     blink_cpu02_p28FP.o28FP (.econst:xdc_runtime_Memory_defaultHeapInstance__C)
                  00081ce6    00000002     blink_cpu02_p28FP.o28FP (.econst:xdc_runtime_Startup_execImpl__C)
                  00081ce8    00000002     blink_cpu02_p28FP.o28FP (.econst:xdc_runtime_Startup_sfxnRts__C)
                  00081cea    00000002     blink_cpu02_p28FP.o28FP (.econst:xdc_runtime_Startup_sfxnTab__C)
                  00081cec    00000002     blink_cpu02_p28FP.o28FP (.econst:xdc_runtime_Startup_startModsFxn__C)
                  00081cee    00000002     blink_cpu02_p28FP.o28FP (.econst:xdc_runtime_SysMin_bufSize__C)
                  00081cf0    00000002     blink_cpu02_p28FP.o28FP (.econst:xdc_runtime_SysMin_outputFunc__C)
                  00081cf2    00000002     blink_cpu02_p28FP.o28FP (.econst:xdc_runtime_System_Module__gateObj__C)
                  00081cf4    00000002     blink_cpu02_p28FP.o28FP (.econst:xdc_runtime_System_abortFxn__C)
                  00081cf6    00000002     blink_cpu02_p28FP.o28FP (.econst:xdc_runtime_System_exitFxn__C)
                  00081cf8    00000002     blink_cpu02_p28FP.o28FP (.econst:xdc_runtime_System_extendFxn__C)
                  00081cfa    00000002     blink_cpu02_p28FP.o28FP (.econst:xdc_runtime_Text_charTab__C)
                  00081cfc    00000002     blink_cpu02_p28FP.o28FP (.econst:xdc_runtime_Text_nameEmpty__C)
                  00081cfe    00000002     blink_cpu02_p28FP.o28FP (.econst:xdc_runtime_Text_nameStatic__C)
                  00081d00    00000002     blink_cpu02_p28FP.o28FP (.econst:xdc_runtime_Text_nameUnknown__C)
                  00081d02    00000002     blink_cpu02_p28FP.o28FP (.econst:xdc_runtime_Text_nodeTab__C)
                  00081d04    00000002     blink_cpu02_p28FP.o28FP (.econst:xdc_runtime_Text_visitRopeFxn__C)
                  00081d06    00000001     blink_cpu02_p28FP.o28FP (.econst:ti_sysbios_family_c28_TaskSupport_Module__id__C)
                  00081d07    00000001     blink_cpu02_p28FP.o28FP (.econst:ti_sysbios_family_c28_Timer_startupNeeded__C)
                  00081d08    00000001     blink_cpu02_p28FP.o28FP (.econst:ti_sysbios_gates_GateMutex_Module__id__C)
                  00081d09    00000001     blink_cpu02_p28FP.o28FP (.econst:ti_sysbios_hal_Hwi_Module__id__C)
                  00081d0a    00000001     blink_cpu02_p28FP.o28FP (.econst:ti_sysbios_heaps_HeapMem_Module__id__C)
                  00081d0b    00000001     blink_cpu02_p28FP.o28FP (.econst:ti_sysbios_heaps_HeapMem_Object__count__C)
                  00081d0c    00000001     blink_cpu02_p28FP.o28FP (.econst:ti_sysbios_knl_Clock_Module__id__C)
                  00081d0d    00000001     blink_cpu02_p28FP.o28FP (.econst:ti_sysbios_knl_Clock_Module__loggerDefined__C)
                  00081d0e    00000001     blink_cpu02_p28FP.o28FP (.econst:ti_sysbios_knl_Semaphore_Module__id__C)
                  00081d0f    00000001     blink_cpu02_p28FP.o28FP (.econst:ti_sysbios_knl_Semaphore_Module__loggerDefined__C)
                  00081d10    00000001     blink_cpu02_p28FP.o28FP (.econst:ti_sysbios_knl_Swi_Module__id__C)
                  00081d11    00000001     blink_cpu02_p28FP.o28FP (.econst:ti_sysbios_knl_Swi_Module__loggerDefined__C)
                  00081d12    00000001     blink_cpu02_p28FP.o28FP (.econst:ti_sysbios_knl_Swi_Object__count__C)
                  00081d13    00000001     blink_cpu02_p28FP.o28FP (.econst:ti_sysbios_knl_Task_Module__id__C)
                  00081d14    00000001     blink_cpu02_p28FP.o28FP (.econst:ti_sysbios_knl_Task_Module__loggerDefined__C)
                  00081d15    00000001     blink_cpu02_p28FP.o28FP (.econst:ti_sysbios_knl_Task_Object__count__C)
                  00081d16    00000001     blink_cpu02_p28FP.o28FP (.econst:ti_sysbios_knl_Task_numConstructedTasks__C)
                  00081d17    00000001     blink_cpu02_p28FP.o28FP (.econst:xdc_runtime_Core_Module__id__C)
                  00081d18    00000001     blink_cpu02_p28FP.o28FP (.econst:xdc_runtime_Error_Module__loggerDefined__C)
                  00081d19    00000001     blink_cpu02_p28FP.o28FP (.econst:xdc_runtime_Error_maxDepth__C)
                  00081d1a    00000001     blink_cpu02_p28FP.o28FP (.econst:xdc_runtime_Error_policy__C)
                  00081d1b    00000001     blink_cpu02_p28FP.o28FP (.econst:xdc_runtime_Main_Module__id__C)
                  00081d1c    00000001     blink_cpu02_p28FP.o28FP (.econst:xdc_runtime_Memory_Module__id__C)
                  00081d1d    00000001     blink_cpu02_p28FP.o28FP (.econst:xdc_runtime_Startup_maxPasses__C)
                  00081d1e    00000001     blink_cpu02_p28FP.o28FP (.econst:xdc_runtime_SysMin_flushAtExit__C)
                  00081d1f    00000001     blink_cpu02_p28FP.o28FP (.econst:xdc_runtime_System_maxAtexitHandlers__C)
                  00081d20    00000001     blink_cpu02_p28FP.o28FP (.econst:xdc_runtime_Text_charCnt__C)
                  00081d21    00000001     blink_cpu02_p28FP.o28FP (.econst:xdc_runtime_Text_isLoaded__C)
                  00081d22    00000001     blink_cpu02_p28FP.o28FP (.econst:xdc_runtime_Text_registryModsLastId__C)
                  00081d23    00000001     blink_cpu02_p28FP.o28FP (.econst:xdc_runtime_Text_unnamedModsLastId__C)

.switch    0    00081d24    0000001c     
                  00081d24    0000001c     sysbios.a28FP : BIOS.obj (.switch:_ti_sysbios_family_c28_Hwi_clearInterrupt__E)

.cinit     0    00082000    00000444     
                  00082000    00000425     blink_cpu02_p28FP.o28FP (.cinit)
                  00082425    0000000e     rts2800_fpu32.lib : exit.c.obj (.cinit)
                  00082433    00000005                       : _lock.c.obj (.cinit:__lock)
                  00082438    00000005                       : _lock.c.obj (.cinit:__unlock)
                  0008243d    00000005     blink_cpu02.obj (.cinit)
                  00082442    00000002     --HOLE-- [fill = 0]

.pinit     0    00080002    00000000     UNINITIALIZED

.text      0    00088000    00002b6c     
                  00088000    0000024c     F2837xD_SysCtrl.obj (.text)
                  0008824c    00000232     ti.targets.rts2800.a28FP : System.o28FP (.text:_xdc_runtime_System_doPrint__I)
                  0008847e    000001dc     sysbios.a28FP : BIOS.obj (.text:_ti_sysbios_knl_Semaphore_pend__E)
                  0008865a    000001a1                   : BIOS.obj (.text:_ti_sysbios_heaps_HeapMem_freeUnprotected__E)
                  000887fb    00000181                   : BIOS.obj (.text:_ti_sysbios_heaps_HeapMem_allocUnprotected__E)
                  0008897c    0000015a     blink_cpu02.obj (.text)
                  00088ad6    0000010a     blink_cpu02_p28FP.o28FP (.text:_xdc_runtime_System_printfExtend__I)
                  00088be0    00000107     rts2800_fpu32.lib : ll_div28.asm.obj (.text)
                  00088ce7    000000ed     sysbios.a28FP : BIOS.obj (.text:_ti_sysbios_heaps_HeapMem_Instance_init__E)
                  00088dd4    000000e0                   : BIOS.obj (.text:_ti_sysbios_family_c28_Hwi_clearInterrupt__E)
                  00088eb4    000000c2                   : BIOS.obj (.text:_ti_sysbios_family_c28_Hwi_dispatchCore__I)
                  00088f76    000000ba                   : BIOS.obj (.text:_ti_sysbios_knl_Clock_workFunc__E)
                  00089030    000000b8                   : BIOS.obj (.text:_ti_sysbios_knl_Semaphore_post__E)
                  000890e8    000000b1                   : BIOS.obj (.text:_ti_sysbios_knl_Swi_run__I)
                  00089199    000000ac     ti.targets.rts2800.a28FP : Core-mem.o28FP (.text:_xdc_runtime_Core_createObject__I)
                  00089245    0000009c                              : Error.o28FP (.text:_xdc_runtime_Error_policyDefault__E)
                  000892e1    0000009b     sysbios.a28FP : c28_Hwi_disp_asm.obj (.text:_ti_sysbios_family_c28_Hwi_dispatch)
                  0008937c    0000009a     ti.targets.rts2800.a28FP : Core-smem.o28FP (.text:_xdc_runtime_Core_constructObject__I)
                  00089416    00000094     rts2800_fpu32.lib : trgmsg.c.obj (.text)
                  000894aa    0000008e     sysbios.a28FP : BIOS.obj (.text:_ti_sysbios_family_c28_Hwi_enableInterrupt__E)
                  00089538    00000081                   : BIOS.obj (.text:_ti_sysbios_family_c28_Hwi_disableInterrupt__E)
                  000895b9    00000080                   : BIOS.obj (.text:_ti_sysbios_family_c28_Hwi_disablePIEIER__E)
                  00089639    0000007f                   : BIOS.obj (.text:_ti_sysbios_family_c28_Hwi_enablePIEIER__E)
                  000896b8    00000079     ti.targets.rts2800.a28FP : Startup.o28FP (.text:_xdc_runtime_Startup_startMods__I)
                  00089731    00000073     sysbios.a28FP : BIOS.obj (.text:_ti_sysbios_knl_Task_checkStacks__E)
                  000897a4    00000072                   : BIOS.obj (.text:_ti_sysbios_knl_Task_startCore__E)
                  00089816    00000071                   : BIOS.obj (.text:_ti_sysbios_gates_GateMutex_enter__E)
                  00089887    0000006f                   : BIOS.obj (.text:_ti_sysbios_knl_Task_schedule__I)
                  000898f6    0000006b     ti.targets.rts2800.a28FP : Text.o28FP (.text:_xdc_runtime_Text_putSite__E)
                  00089961    0000006a     sysbios.a28FP : BIOS.obj (.text:_ti_sysbios_knl_Semaphore_Instance_init__E)
                  000899cb    00000069     boot.a28FP : boot_cg.o28FP (.text)
                  00089a34    00000066     sysbios.a28FP : BIOS.obj (.text:_ti_sysbios_family_c28_Timer_stopAndClear__I)
                  00089a9a    00000061                   : BIOS.obj (.text:_ti_sysbios_knl_Swi_post__E)
                  00089afb    00000061                   : BIOS.obj (.text:_ti_sysbios_knl_Task_blockI__E)
                  00089b5c    00000058                   : BIOS.obj (.text:_ti_sysbios_knl_Task_exit__E)
                  00089bb4    00000052                   : BIOS.obj (.text:_ti_sysbios_knl_Task_unblockI__E)
                  00089c06    0000004f     ti.targets.rts2800.a28FP : Memory.o28FP (.text:_xdc_runtime_Memory_alloc__E)
                  00089c55    0000004b                              : Text.o28FP (.text:_xdc_runtime_Text_putLab__E)
                  00089ca0    0000004a     sysbios.a28FP : BIOS.obj (.text:_ti_sysbios_heaps_HeapMem_alloc__E)
                  00089cea    00000049                   : BIOS.obj (.text:_ti_sysbios_knl_Task_postInit__I)
                  00089d33    00000047                   : BIOS.obj (.text:_ti_sysbios_family_c28_Hwi_Module_startup__E)
                  00089d7a    00000046     ti.targets.rts2800.a28FP : Core-mem.o28FP (.text:_xdc_runtime_Core_deleteObject__I)
                  00089dc0    00000043     sysbios.a28FP : BIOS.obj (.text:_ti_sysbios_family_c28_Timer_postInit__I)
                  00089e03    00000042                   : BIOS.obj (.text:_ti_sysbios_family_c28_Hwi_unPluggedInterrupt__I)
                  00089e45    0000003f     ti.targets.rts2800.a28FP : Text.o28FP (.text:_xdc_runtime_Text_putMod__E)
                  00089e84    0000003e     sysbios.a28FP : BIOS.obj (.text:_ti_sysbios_knl_Swi_restoreHwi__E)
                  00089ec2    0000003d     ti.targets.rts2800.a28FP : Core-params.o28FP (.text:_xdc_runtime_Core_assignParams__I)
                  00089eff    0000003c                              : System.o28FP (.text:_xdc_runtime_System_formatNum__I)
                  00089f3b    0000003a     sysbios.a28FP : BIOS.obj (.text:_ti_sysbios_family_c28_TaskSupport_start__E)
                  00089f75    00000038     rts2800_fpu32.lib : hostwrite.c.obj (.text)
                  00089fad    00000037     sysbios.a28FP : BIOS.obj (.text:_ti_sysbios_knl_Clock_logTick__E)
                  00089fe4    00000034     blink_cpu02_p28FP.o28FP (.text:_ti_sysbios_BIOS_rtsUnlock__I)
                  0008a018    00000032     sysbios.a28FP : BIOS.obj (.text:_ti_sysbios_knl_Task_Module_startup__E)
                  0008a04a    00000032     ti.targets.rts2800.a28FP : Assert.o28FP (.text:_xdc_runtime_Assert_raise__I)
                  0008a07c    00000032                              : Text.o28FP (.text:_xdc_runtime_Text_visitRope2__I)
                  0008a0ae    00000030                              : Error.o28FP (.text:_xdc_runtime_Error_print__E)
                  0008a0de    00000030                              : Error.o28FP (.text:_xdc_runtime_Error_setX__E)
                  0008a10e    0000002f                              : Startup.o28FP (.text:_xdc_runtime_Startup_exec__E)
                  0008a13d    0000002e     sysbios.a28FP : BIOS.obj (.text:_ti_sysbios_knl_Swi_runLoop__I)
                  0008a16b    0000002e                   : BIOS.obj (.text:_ti_sysbios_knl_Swi_schedule__I)
                  0008a199    0000002d                   : BIOS.obj (.text:_ti_sysbios_family_c28_Hwi_getStackInfo__E)
                  0008a1c6    0000002d                   : BIOS.obj (.text:_ti_sysbios_heaps_HeapMem_getStats__E)
                  0008a1f3    0000002c                   : BIOS.obj (.text:_ti_sysbios_family_c28_Timer_start__E)
                  0008a21f    00000029     rts2800_fpu32.lib : exit.c.obj (.text)
                  0008a248    00000028     ti.targets.rts2800.a28FP : Text.o28FP (.text:_xdc_runtime_Text_xprintf__I)
                  0008a270    00000027     sysbios.a28FP : BIOS.obj (.text:_ti_sysbios_heaps_HeapMem_free__E)
                  0008a297    00000027                   : BIOS.obj (.text:_ti_sysbios_heaps_HeapMem_init__I)
                  0008a2be    00000026     ti.targets.rts2800.a28FP : SysMin.o28FP (.text:_xdc_runtime_SysMin_flush__E)
                  0008a2e4    00000025     sysbios.a28FP : c28_TaskSupport_asm.obj (.text:_ti_sysbios_family_c28_TaskSupport_buildTaskStack)
                  0008a309    00000024     rts2800_fpu32.lib : cpy_tbl.c.obj (.text)
                  0008a32d    00000023     ti.targets.rts2800.a28FP : System.o28FP (.text:_xdc_runtime_System_processAtExit__E)
                  0008a350    00000021     sysbios.a28FP : BIOS.obj (.text:_ti_sysbios_knl_Task_allBlockedFunction__I)
                  0008a371    00000020                   : BIOS.obj (.text:_ti_sysbios_family_c28_Timer_setPrescale__E)
                  0008a391    00000020     ti.targets.rts2800.a28FP : System.o28FP (.text:_xdc_runtime_System_atexit__E)
                  0008a3b1    0000001f     blink_cpu02_p28FP.o28FP (.text:_ti_sysbios_gates_GateHwi_Object__create__S)
                  0008a3d0    0000001f     blink_cpu02_p28FP.o28FP (.text:_ti_sysbios_gates_GateMutex_Object__create__S)
                  0008a3ef    0000001f     blink_cpu02_p28FP.o28FP (.text:_ti_sysbios_heaps_HeapMem_Object__create__S)
                  0008a40e    0000001e     ti.targets.rts2800.a28FP : SysMin.o28FP (.text:_xdc_runtime_SysMin_putch__E)
                  0008a42c    0000001e     rts2800_fpu32.lib : memcpy.c.obj (.text)
                  0008a44a    0000001d     sysbios.a28FP : c28_TaskSupport_asm.obj (.text:_ti_sysbios_family_c28_TaskSupport_swap__E)
                  0008a467    0000001c                   : BIOS.obj (.text:_ti_sysbios_hal_Hwi_checkStack)
                  0008a483    0000001b                   : c28_Hwi_asm.obj (.text:_ti_sysbios_family_c28_Hwi_switchAndDispatch__I)
                  0008a49e    0000001b                   : BIOS.obj (.text:_ti_sysbios_hal_Hwi_initStack)
                  0008a4b9    0000001b                   : BIOS.obj (.text:_ti_sysbios_knl_Task_processVitalTaskFlag__I)
                  0008a4d4    0000001b     blink_cpu02_p28FP.o28FP (.text:_xdc_runtime_SysMin_output__I)
                  0008a4ef    0000001a     sysbios.a28FP : BIOS.obj (.text:_ti_sysbios_knl_Clock_addI__E)
                  0008a509    0000001a     blink_cpu02_p28FP.o28FP (.text:_ti_sysbios_knl_Semaphore_construct)
                  0008a523    0000001a     ti.targets.rts2800.a28FP : Core-label.o28FP (.text:_xdc_runtime_Core_assignLabel__I)
                  0008a53d    0000001a                              : System.o28FP (.text:_xdc_runtime_System_avprintf__E)
                  0008a557    00000019     sysbios.a28FP : BIOS.obj (.text:_ti_sysbios_knl_Semaphore_pendTimeout__I)
                  0008a570    00000019                   : BIOS.obj (.text:_ti_sysbios_knl_Swi_restore__E)
                  0008a589    00000019     ti.targets.rts2800.a28FP : System.o28FP (.text:_xdc_runtime_System_putchar__I)
                  0008a5a2    00000019                              : System.o28FP (.text:_xdc_runtime_System_vprintf__E)
                  0008a5bb    00000019     rts2800_fpu32.lib : args_main.c.obj (.text)
                  0008a5d4    00000018     sysbios.a28FP : c28_Hwi_asm.obj (.text:_ti_sysbios_family_xxx_Hwi_switchAndRunFunc)
                  0008a5ec    00000018     blink_cpu02_p28FP.o28FP (.text:_ti_sysbios_knl_Queue_construct)
                  0008a604    00000018     ti.targets.rts2800.a28FP : Text.o28FP (.text:_xdc_runtime_Text_printVisFxn__I)
                  0008a61c    00000018     rts2800_fpu32.lib : ll_aox28.asm.obj (.text)
                  0008a634    00000017     blink_cpu02_p28FP.o28FP (.text:_ti_sysbios_BIOS_atExitFunc__I)
                  0008a64b    00000017     sysbios.a28FP : BIOS.obj (.text:_ti_sysbios_family_c28_Timer_startup__E)
                  0008a662    00000017     blink_cpu02_p28FP.o28FP (.text:_ti_sysbios_knl_Clock_doTick__I)
                  0008a679    00000017     sysbios.a28FP : BIOS.obj (.text:_ti_sysbios_knl_Task_restore__E)
                  0008a690    00000017     ti.targets.rts2800.a28FP : Memory.o28FP (.text:_xdc_runtime_Memory_valloc__E)
                  0008a6a7    00000016     sysbios.a28FP : BIOS.obj (.text:_ti_sysbios_family_c28_Timer_Module_startup__E)
                  0008a6bd    00000016     ti.targets.rts2800.a28FP : SysMin.o28FP (.text:_xdc_runtime_SysMin_abort__E)
                  0008a6d3    00000015     blink_cpu02_p28FP.o28FP (.text:_ti_sysbios_BIOS_startFunc__I)
                  0008a6e8    00000015     sysbios.a28FP : BIOS.obj (.text:_ti_sysbios_knl_Swi_Module_startup__E)
                  0008a6fd    00000014                   : BIOS.obj (.text:_ti_sysbios_knl_Idle_run__E)
                  0008a711    00000013     blink_cpu02_p28FP.o28FP (.text:_ti_sysbios_BIOS_errorRaiseHook__I)
                  0008a724    00000013     blink_cpu02_p28FP.o28FP (.text:_ti_sysbios_family_c28_Hwi_Object__get__S)
                  0008a737    00000013     blink_cpu02_p28FP.o28FP (.text:_ti_sysbios_gates_GateMutex_Object__delete__S)
                  0008a74a    00000013     ti.targets.rts2800.a28FP : Error.o28FP (.text:_xdc_runtime_Error_raiseX__E)
                  0008a75d    00000012     blink_cpu02_p28FP.o28FP (.text:_ti_sysbios_family_c28_Hwi_disableIER__E)
                  0008a76f    00000012     blink_cpu02_p28FP.o28FP (.text:_ti_sysbios_gates_GateHwi_Object__delete__S)
                  0008a781    00000012     blink_cpu02_p28FP.o28FP (.text:_ti_sysbios_heaps_HeapMem_Object__delete__S)
                  0008a793    00000012     sysbios.a28FP : BIOS.obj (.text:_ti_sysbios_knl_Clock_Module_startup__E)
                  0008a7a5    00000011     blink_cpu02_p28FP.o28FP (.text:_ti_sysbios_gates_GateHwi_Handle__label__S)
                  0008a7b6    00000011     blink_cpu02_p28FP.o28FP (.text:_ti_sysbios_gates_GateMutex_Handle__label__S)
                  0008a7c7    00000011     blink_cpu02_p28FP.o28FP (.text:_ti_sysbios_heaps_HeapMem_Handle__label__S)
                  0008a7d8    00000011     blink_cpu02_p28FP.o28FP (.text:_ti_sysbios_heaps_HeapMem_Object__get__S)
                  0008a7e9    00000011     blink_cpu02_p28FP.o28FP (.text:_ti_sysbios_knl_Swi_Object__get__S)
                  0008a7fa    00000011     blink_cpu02_p28FP.o28FP (.text:_ti_sysbios_knl_Task_Object__get__S)
                  0008a80b    00000011     sysbios.a28FP : BIOS.obj (.text:_ti_sysbios_knl_Task_restoreHwi__E)
                  0008a81c    00000011     ti.targets.rts2800.a28FP : Text.o28FP (.text:_xdc_runtime_Text_cordText__E)
                  0008a82d    00000010     blink_cpu02_p28FP.o28FP (.text:_ti_sysbios_BIOS_rtsLock__I)
                  0008a83d    00000010     blink_cpu02_p28FP.o28FP (.text:_ti_sysbios_family_c28_Hwi_enableIER__E)
                  0008a84d    00000010     sysbios.a28FP : BIOS.obj (.text:_ti_sysbios_family_c28_Timer_stop__E)
                  0008a85d    00000010     ti.targets.rts2800.a28FP : SysMin.o28FP (.text:_xdc_runtime_SysMin_Module_startup__E)
                  0008a86d    0000000f     sysbios.a28FP : BIOS.obj (.text:_ti_sysbios_gates_GateMutex_Instance_init__E)
                  0008a87c    0000000f     blink_cpu02_p28FP.o28FP (.text:_ti_sysbios_knl_Semaphore_destruct)
                  0008a88b    0000000f     ti.targets.rts2800.a28FP : Registry.o28FP (.text:_xdc_runtime_Registry_findById__E)
                  0008a89a    0000000f     blink_cpu02_p28FP.o28FP (.text:_xdc_runtime_Text_visitRope__I)
                  0008a8a9    0000000e     blink_cpu02_p28FP.o28FP (.text:_ti_sysbios_knl_Queue_Object__get__S)
                  0008a8b7    0000000e     blink_cpu02_p28FP.o28FP (.text:_ti_sysbios_knl_Queue_destruct)
                  0008a8c5    0000000e     blink_cpu02_p28FP.o28FP (.text:_xdc_runtime_IHeap_alloc)
                  0008a8d3    0000000d     blink_cpu02_p28FP.o28FP (.text:_ti_sysbios_BIOS_registerRTSLock__I)
                  0008a8e0    0000000d     blink_cpu02_p28FP.o28FP (.text:_ti_sysbios_BIOS_removeRTSLock__I)
                  0008a8ed    0000000d     sysbios.a28FP : BIOS.obj (.text:_ti_sysbios_family_c28_Hwi_dispatchC__I)
                  0008a8fa    0000000d     blink_cpu02_p28FP.o28FP (.text:_ti_sysbios_family_c28_Hwi_restoreIER__E)
                  0008a907    0000000d     blink_cpu02_p28FP.o28FP (.text:_ti_sysbios_knl_Task_SupportProxy_start__E)
                  0008a914    0000000d     sysbios.a28FP : BIOS.obj (.text:_ti_sysbios_knl_Task_enter__I)
                  0008a921    0000000d     ti.targets.rts2800.a28FP : Error.o28FP (.text:_xdc_runtime_Error_check__E)
                  0008a92e    0000000d     blink_cpu02_p28FP.o28FP (.text:_xdc_runtime_Memory_HeapProxy_alloc__E)
                  0008a93b    0000000d     ti.targets.rts2800.a28FP : System.o28FP (.text:_xdc_runtime_System_abort__E)
                  0008a948    0000000c     blink_cpu02_p28FP.o28FP (.text:_ti_sysbios_BIOS_exitFunc__I)
                  0008a954    0000000c     sysbios.a28FP : BIOS.obj (.text:_ti_sysbios_gates_GateMutex_leave__E)
                  0008a960    0000000c                   : BIOS.obj (.text:_ti_sysbios_knl_Queue_put__E)
                  0008a96c    0000000c                   : BIOS.obj (.text:_ti_sysbios_knl_Task_enabled__E)
                  0008a978    0000000c     blink_cpu02_p28FP.o28FP (.text:_xdc_runtime_System_aprintf__E)
                  0008a984    0000000c     blink_cpu02_p28FP.o28FP (.text:_xdc_runtime_System_printf__E)
                  0008a990    0000000c     rts2800_fpu32.lib : memset.c.obj (.text)
                  0008a99c    0000000b     blink_cpu02_p28FP.o28FP (.text:_ti_sysbios_family_c28_Hwi_Module__startupDone__F)
                  0008a9a7    0000000b     blink_cpu02_p28FP.o28FP (.text:_ti_sysbios_family_c28_Timer_Module__startupDone__F)
                  0008a9b2    0000000b     sysbios.a28FP : BIOS.obj (.text:_ti_sysbios_knl_Task_unblock__E)
                  0008a9bd    0000000b     blink_cpu02_p28FP.o28FP (.text:_xdc_runtime_Startup_exec__I)
                  0008a9c8    0000000b     ti.targets.rts2800.a28FP : SysMin.o28FP (.text:_xdc_runtime_SysMin_exit__E)
                  0008a9d3    0000000b                              : System.o28FP (.text:_xdc_runtime_System_exit__E)
                  0008a9de    0000000a                              : Error.o28FP (.text:_xdc_runtime_Error_init__E)
                  0008a9e8    0000000a     blink_cpu02_p28FP.o28FP (.text:_xdc_runtime_IHeap_free)
                  0008a9f2    0000000a     ti.targets.rts2800.a28FP : Memory.o28FP (.text:_xdc_runtime_Memory_free__E)
                  0008a9fc    0000000a                              : System.o28FP (.text:_xdc_runtime_System_vsnprintf__E)
                  0008aa06    0000000a                              : Text.o28FP (.text:_xdc_runtime_Text_ropeText__E)
                  0008aa10    00000009     sysbios.a28FP : BIOS.obj (.text:_ti_sysbios_family_c28_TaskSupport_checkStack__E)
                  0008aa19    00000009                   : c28_TaskSupport_asm.obj (.text:_ti_sysbios_family_c28_TaskSupport_glue)
                  0008aa22    00000009                   : BIOS.obj (.text:_ti_sysbios_hal_Hwi_Module_startup__E)
                  0008aa2b    00000009     rts2800_fpu32.lib : _lock.c.obj (.text)
                  0008aa34    00000008     F2837xD_CodeStartBranch.obj (.text)
                  0008aa3c    00000008     sysbios.a28FP : BIOS.obj (.text:_ti_sysbios_BIOS_setThreadType__E)
                  0008aa44    00000008                   : BIOS.obj (.text:_ti_sysbios_gates_GateMutex_Instance_finalize__E)
                  0008aa4c    00000008     blink_cpu02_p28FP.o28FP (.text:_ti_sysbios_knl_Clock_Module_State_clockQ)
                  0008aa54    00000008     sysbios.a28FP : BIOS.obj (.text:_ti_sysbios_knl_Semaphore_Instance_finalize__E)
                  0008aa5c    00000008     blink_cpu02_p28FP.o28FP (.text:_xdc_runtime_Memory_HeapProxy_free__E)
                  0008aa64    00000008     ti.targets.rts2800.a28FP : Memory.o28FP (.text:_xdc_runtime_Memory_calloc__E)
                  0008aa6c    00000008                              : SysMin.o28FP (.text:_xdc_runtime_SysMin_ready__E)
                  0008aa74    00000008     rts2800_fpu32.lib : strlen.c.obj (.text)
                  0008aa7c    00000007     blink_cpu02_p28FP.o28FP (.text:_ti_sysbios_BIOS_RtsGateProxy_leave__E)
                  0008aa83    00000007     blink_cpu02_p28FP.o28FP (.text:_ti_sysbios_hal_Hwi_HwiProxy_getStackInfo__E)
                  0008aa8a    00000007     blink_cpu02_p28FP.o28FP (.text:_ti_sysbios_heaps_HeapMem_Module_GateProxy_leave__E)
                  0008aa91    00000007     sysbios.a28FP : BIOS.obj (.text:_ti_sysbios_knl_Queue_empty__E)
                  0008aa98    00000007     blink_cpu02_p28FP.o28FP (.text:_ti_sysbios_knl_Task_SupportProxy_checkStack__E)
                  0008aa9f    00000007     blink_cpu02_p28FP.o28FP (.text:_ti_sysbios_knl_Task_SupportProxy_swap__E)
                  0008aaa6    00000007     blink_cpu02_p28FP.o28FP (.text:_xdc_runtime_System_Module_GateProxy_leave__E)
                  0008aaad    00000006     blink_cpu02_p28FP.o28FP (.text:_ti_sysbios_BIOS_RtsGateProxy_enter__E)
                  0008aab3    00000006     sysbios.a28FP : BIOS.obj (.text:_ti_sysbios_BIOS_start__E)
                  0008aab9    00000006                   : c28_IntrinsicsSupport_asm.obj (.text:_ti_sysbios_family_c28_IntrinsicsSupport_maxbit__E)
                  0008aabf    00000006     blink_cpu02_p28FP.o28FP (.text:_ti_sysbios_heaps_HeapMem_Module_GateProxy_enter__E)
                  0008aac5    00000006     blink_cpu02_p28FP.o28FP (.text:_ti_sysbios_heaps_HeapMem_Module_GateProxy_query__E)
                  0008aacb    00000006     blink_cpu02_p28FP.o28FP (.text:_ti_sysbios_knl_Clock_TimerProxy_getMaxTicks__E)
                  0008aad1    00000006     sysbios.a28FP : BIOS.obj (.text:_ti_sysbios_knl_Swi_disable__E)
                  0008aad7    00000006                   : BIOS.obj (.text:_ti_sysbios_knl_Task_disable__E)
                  0008aadd    00000006     ti.targets.rts2800.a28FP : Gate.o28FP (.text:_xdc_runtime_Gate_enterSystem__E)
                  0008aae3    00000006                              : Gate.o28FP (.text:_xdc_runtime_Gate_leaveSystem__E)
                  0008aae9    00000006     blink_cpu02_p28FP.o28FP (.text:_xdc_runtime_System_Module_GateProxy_enter__E)
                  0008aaef    00000006     blink_cpu02_p28FP.o28FP (.text:_xdc_runtime_System_SupportProxy_abort__E)
                  0008aaf5    00000006     blink_cpu02_p28FP.o28FP (.text:_xdc_runtime_System_SupportProxy_exit__E)
                  0008aafb    00000006     blink_cpu02_p28FP.o28FP (.text:_xdc_runtime_System_SupportProxy_putch__E)
                  0008ab01    00000005     sysbios.a28FP : BIOS.obj (.text:_ti_sysbios_family_c28_Hwi_switchFromBootStack__E)
                  0008ab06    00000005                   : BIOS.obj (.text:_ti_sysbios_gates_GateHwi_enter__E)
                  0008ab0b    00000005     blink_cpu02_p28FP.o28FP (.text:_xdc_iargToPtr)
                  0008ab10    00000004     blink_cpu02_p28FP.o28FP (.text:_ti_sysbios_family_c28_Hwi_startup__E)
                  0008ab14    00000004     sysbios.a28FP : BIOS.obj (.text:_ti_sysbios_heaps_HeapMem_isBlocking__E)
                  0008ab18    00000004                   : BIOS.obj (.text:_ti_sysbios_knl_Swi_startup__E)
                  0008ab1c    00000004     ti.targets.rts2800.a28FP : Memory.o28FP (.text:_xdc_runtime_Memory_getMaxDefaultTypeAlign__E)
                  0008ab20    00000004                              : Startup.o28FP (.text:_xdc_runtime_Startup_rtsDone__E)
                  0008ab24    00000003                              : xdc_noinit.o28FP (.text:___xdc__init)
                  0008ab27    00000003     blink_cpu02_p28FP.o28FP (.text:_ti_sysbios_family_c28_Hwi_Module__startupDone__S)
                  0008ab2a    00000003     blink_cpu02_p28FP.o28FP (.text:_ti_sysbios_family_c28_Timer_Module__startupDone__S)
                  0008ab2d    00000003     sysbios.a28FP : BIOS.obj (.text:_ti_sysbios_gates_GateHwi_leave__E)
                  0008ab30    00000003     blink_cpu02_p28FP.o28FP (.text:_ti_sysbios_hal_Hwi_HwiProxy_Module__startupDone__S)
                  0008ab33    00000003     blink_cpu02_p28FP.o28FP (.text:_ti_sysbios_hal_Hwi_HwiProxy_startup__E)
                  0008ab36    00000003     blink_cpu02_p28FP.o28FP (.text:_ti_sysbios_hal_Hwi_HwiProxy_switchFromBootStack__E)
                  0008ab39    00000003     sysbios.a28FP : BIOS.obj (.text:_ti_sysbios_hal_Hwi_startup__E)
                  0008ab3c    00000003     blink_cpu02_p28FP.o28FP (.text:_ti_sysbios_knl_Clock_TimerProxy_Module__startupDone__S)
                  0008ab3f    00000003     sysbios.a28FP : BIOS.obj (.text:_ti_sysbios_knl_Idle_loop__E)
                  0008ab42    00000003                   : BIOS.obj (.text:_ti_sysbios_knl_Queue_Instance_init__E)
                  0008ab45    00000003     blink_cpu02_p28FP.o28FP (.text:_ti_sysbios_knl_Task_SupportProxy_Module__startupDone__S)
                  0008ab48    00000003     sysbios.a28FP : BIOS.obj (.text:_ti_sysbios_knl_Task_startup__E)
                  0008ab4b    00000003     blink_cpu02_p28FP.o28FP (.text:_xdc_runtime_Startup_reset__I)
                  0008ab4e    00000003     ti.targets.rts2800.a28FP : System.o28FP (.text:_xdc_runtime_System_Module_startup__E)
                  0008ab51    00000003     blink_cpu02_p28FP.o28FP (.text:_xdc_runtime_System_SupportProxy_ready__E)
                  0008ab54    00000003     ti.targets.rts2800.a28FP : System.o28FP (.text:_xdc_runtime_System_abortStd__E)
                  0008ab57    00000003                              : System.o28FP (.text:_xdc_runtime_System_exitStd__E)
                  0008ab5a    00000002     blink_cpu02_p28FP.o28FP (.text:_ti_sysbios_family_c28_TaskSupport_Module__startupDone__S)
                  0008ab5c    00000002     sysbios.a28FP : BIOS.obj (.text:_ti_sysbios_family_c28_Timer_getMaxTicks__E)
                  0008ab5e    00000002                   : BIOS.obj (.text:_ti_sysbios_gates_GateHwi_query__E)
                  0008ab60    00000002                   : BIOS.obj (.text:_ti_sysbios_gates_GateMutex_query__E)
                  0008ab62    00000002     ti.targets.rts2800.a28FP : Error.o28FP (.text:_xdc_runtime_Error_getSite__E)
                  0008ab64    00000002     rts2800_fpu32.lib : pre_init.c.obj (.text)
                  0008ab66    00000001     blink_cpu02_p28FP.o28FP (.text:.bootCodeSection:_ti_catalog_c2800_initF2837x_Boot_init)
                  0008ab67    00000001     sysbios.a28FP : BIOS.obj (.text:_ti_sysbios_BIOS_linkedWithIncorrectBootLibrary__E)
                  0008ab68    00000001     blink_cpu02_p28FP.o28FP (.text:_ti_sysbios_BIOS_nullFunc__I)
                  0008ab69    00000001     sysbios.a28FP : c28_Hwi_asm.obj (.text:_ti_sysbios_family_c28_Hwi_interruptReturn__I)
                  0008ab6a    00000001                   : BIOS.obj (.text:_ti_sysbios_gates_GateHwi_Instance_init__E)
                  0008ab6b    00000001     rts2800_fpu32.lib : startup.c.obj (.text)

CpuTimer0RegsFile 
*          1    00000c00    00000008     UNINITIALIZED
                  00000c00    00000008     F2837xD_GlobalVariableDefsforBIOS.obj (CpuTimer0RegsFile)

CpuTimer1RegsFile 
*          1    00000c08    00000008     UNINITIALIZED
                  00000c08    00000008     F2837xD_GlobalVariableDefsforBIOS.obj (CpuTimer1RegsFile)

CpuTimer2RegsFile 
*          1    00000c10    00000008     UNINITIALIZED
                  00000c10    00000008     F2837xD_GlobalVariableDefsforBIOS.obj (CpuTimer2RegsFile)

Cla1RegsFile 
*          1    00001400    00000040     UNINITIALIZED
                  00001400    00000040     F2837xD_GlobalVariableDefsforBIOS.obj (Cla1RegsFile)

DacaRegsFile 
*          1    00005c00    00000008     UNINITIALIZED
                  00005c00    00000008     F2837xD_GlobalVariableDefsforBIOS.obj (DacaRegsFile)

DacbRegsFile 
*          1    00005c10    00000008     UNINITIALIZED
                  00005c10    00000008     F2837xD_GlobalVariableDefsforBIOS.obj (DacbRegsFile)

DaccRegsFile 
*          1    00005c20    00000008     UNINITIALIZED
                  00005c20    00000008     F2837xD_GlobalVariableDefsforBIOS.obj (DaccRegsFile)

.ebss      1    00008000    00001940     UNINITIALIZED
                  00008000    00001103     blink_cpu02_p28FP.o28FP (.ebss:taskStackSection)
                  00009103    00000008     rts2800_fpu32.lib : hostopen.c.obj (.ebss)
                  0000910b    00000001     --HOLE--
                  0000910c    00000006                       : exit.c.obj (.ebss)
                  00009112    00000002                       : _lock.c.obj (.ebss:__lock)
                  00009114    00000002                       : _lock.c.obj (.ebss:__unlock)
                  00009116    00000002     blink_cpu02.obj (.ebss)
                  00009118    00000028     --HOLE--
                  00009140    00000800     blink_cpu02_p28FP.o28FP (.ebss)

.stack     1    00009940    00001000     UNINITIALIZED
                  00009940    00001000     --HOLE--

.cio       1    0000a980    00000120     UNINITIALIZED
                  0000a980    00000120     rts2800_fpu32.lib : trgmsg.c.obj (.cio)

GETBUFFER 
*          0    0003fc00    00000000     DSECT

GETWRITEIDX 
*          0    0003fc00    00000000     DSECT

PUTREADIDX 
*          0    0003fc00    00000000     DSECT

AdcaResultFile 
*          1    00000b00    00000018     UNINITIALIZED
                  00000b00    00000018     F2837xD_GlobalVariableDefsforBIOS.obj (AdcaResultFile)

AdcbResultFile 
*          1    00000b20    00000018     UNINITIALIZED
                  00000b20    00000018     F2837xD_GlobalVariableDefsforBIOS.obj (AdcbResultFile)

AdccResultFile 
*          1    00000b40    00000018     UNINITIALIZED
                  00000b40    00000018     F2837xD_GlobalVariableDefsforBIOS.obj (AdccResultFile)

AdcdResultFile 
*          1    00000b60    00000018     UNINITIALIZED
                  00000b60    00000018     F2837xD_GlobalVariableDefsforBIOS.obj (AdcdResultFile)

PieCtrlRegsFile 
*          1    00000ce0    0000001a     UNINITIALIZED
                  00000ce0    0000001a     F2837xD_GlobalVariableDefsforBIOS.obj (PieCtrlRegsFile)

DmaRegsFile 
*          1    00001000    000000e0     UNINITIALIZED
                  00001000    000000e0     F2837xD_GlobalVariableDefsforBIOS.obj (DmaRegsFile)

EPwm1RegsFile 
*          1    00004000    00000100     UNINITIALIZED
                  00004000    00000100     F2837xD_GlobalVariableDefsforBIOS.obj (EPwm1RegsFile)

EPwm2RegsFile 
*          1    00004100    00000100     UNINITIALIZED
                  00004100    00000100     F2837xD_GlobalVariableDefsforBIOS.obj (EPwm2RegsFile)

EPwm3RegsFile 
*          1    00004200    00000100     UNINITIALIZED
                  00004200    00000100     F2837xD_GlobalVariableDefsforBIOS.obj (EPwm3RegsFile)

EPwm4RegsFile 
*          1    00004300    00000100     UNINITIALIZED
                  00004300    00000100     F2837xD_GlobalVariableDefsforBIOS.obj (EPwm4RegsFile)

EPwm5RegsFile 
*          1    00004400    00000100     UNINITIALIZED
                  00004400    00000100     F2837xD_GlobalVariableDefsforBIOS.obj (EPwm5RegsFile)

EPwm6RegsFile 
*          1    00004500    00000100     UNINITIALIZED
                  00004500    00000100     F2837xD_GlobalVariableDefsforBIOS.obj (EPwm6RegsFile)

EPwm7RegsFile 
*          1    00004600    00000100     UNINITIALIZED
                  00004600    00000100     F2837xD_GlobalVariableDefsforBIOS.obj (EPwm7RegsFile)

EPwm8RegsFile 
*          1    00004700    00000100     UNINITIALIZED
                  00004700    00000100     F2837xD_GlobalVariableDefsforBIOS.obj (EPwm8RegsFile)

EPwm9RegsFile 
*          1    00004800    00000100     UNINITIALIZED
                  00004800    00000100     F2837xD_GlobalVariableDefsforBIOS.obj (EPwm9RegsFile)

EPwm10RegsFile 
*          1    00004900    00000100     UNINITIALIZED
                  00004900    00000100     F2837xD_GlobalVariableDefsforBIOS.obj (EPwm10RegsFile)

EPwm11RegsFile 
*          1    00004a00    00000100     UNINITIALIZED
                  00004a00    00000100     F2837xD_GlobalVariableDefsforBIOS.obj (EPwm11RegsFile)

EPwm12RegsFile 
*          1    00004b00    00000100     UNINITIALIZED
                  00004b00    00000100     F2837xD_GlobalVariableDefsforBIOS.obj (EPwm12RegsFile)

ECap1RegsFile 
*          1    00005000    00000020     UNINITIALIZED
                  00005000    00000020     F2837xD_GlobalVariableDefsforBIOS.obj (ECap1RegsFile)

ECap2RegsFile 
*          1    00005020    00000020     UNINITIALIZED
                  00005020    00000020     F2837xD_GlobalVariableDefsforBIOS.obj (ECap2RegsFile)

ECap3RegsFile 
*          1    00005040    00000020     UNINITIALIZED
                  00005040    00000020     F2837xD_GlobalVariableDefsforBIOS.obj (ECap3RegsFile)

ECap4RegsFile 
*          1    00005060    00000020     UNINITIALIZED
                  00005060    00000020     F2837xD_GlobalVariableDefsforBIOS.obj (ECap4RegsFile)

ECap5RegsFile 
*          1    00005080    00000020     UNINITIALIZED
                  00005080    00000020     F2837xD_GlobalVariableDefsforBIOS.obj (ECap5RegsFile)

ECap6RegsFile 
*          1    000050a0    00000020     UNINITIALIZED
                  000050a0    00000020     F2837xD_GlobalVariableDefsforBIOS.obj (ECap6RegsFile)

EQep1RegsFile 
*          1    00005100    00000022     UNINITIALIZED
                  00005100    00000022     F2837xD_GlobalVariableDefsforBIOS.obj (EQep1RegsFile)

EQep2RegsFile 
*          1    00005140    00000022     UNINITIALIZED
                  00005140    00000022     F2837xD_GlobalVariableDefsforBIOS.obj (EQep2RegsFile)

EQep3RegsFile 
*          1    00005180    00000022     UNINITIALIZED
                  00005180    00000022     F2837xD_GlobalVariableDefsforBIOS.obj (EQep3RegsFile)

Sdfm1RegsFile 
*          1    00005e00    00000080     UNINITIALIZED
                  00005e00    00000080     F2837xD_GlobalVariableDefsforBIOS.obj (Sdfm1RegsFile)

Sdfm2RegsFile 
*          1    00005e80    00000080     UNINITIALIZED
                  00005e80    00000080     F2837xD_GlobalVariableDefsforBIOS.obj (Sdfm2RegsFile)

McbspaRegsFile 
*          1    00006000    00000024     UNINITIALIZED
                  00006000    00000024     F2837xD_GlobalVariableDefsforBIOS.obj (McbspaRegsFile)

McbspbRegsFile 
*          1    00006040    00000024     UNINITIALIZED
                  00006040    00000024     F2837xD_GlobalVariableDefsforBIOS.obj (McbspbRegsFile)

SpiaRegsFile 
*          1    00006100    00000010     UNINITIALIZED
                  00006100    00000010     F2837xD_GlobalVariableDefsforBIOS.obj (SpiaRegsFile)

SpibRegsFile 
*          1    00006110    00000010     UNINITIALIZED
                  00006110    00000010     F2837xD_GlobalVariableDefsforBIOS.obj (SpibRegsFile)

SpicRegsFile 
*          1    00006120    00000010     UNINITIALIZED
                  00006120    00000010     F2837xD_GlobalVariableDefsforBIOS.obj (SpicRegsFile)

SpidRegsFile 
*          1    00006130    00000010     UNINITIALIZED
                  00006130    00000010     F2837xD_GlobalVariableDefsforBIOS.obj (SpidRegsFile)

NmiIntruptRegsFile 
*          1    00007060    00000007     UNINITIALIZED
                  00007060    00000007     F2837xD_GlobalVariableDefsforBIOS.obj (NmiIntruptRegsFile)

SciaRegsFile 
*          1    00007200    00000010     UNINITIALIZED
                  00007200    00000010     F2837xD_GlobalVariableDefsforBIOS.obj (SciaRegsFile)

ScibRegsFile 
*          1    00007210    00000010     UNINITIALIZED
                  00007210    00000010     F2837xD_GlobalVariableDefsforBIOS.obj (ScibRegsFile)

ScicRegsFile 
*          1    00007220    00000010     UNINITIALIZED
                  00007220    00000010     F2837xD_GlobalVariableDefsforBIOS.obj (ScicRegsFile)

ScidRegsFile 
*          1    00007230    00000010     UNINITIALIZED
                  00007230    00000010     F2837xD_GlobalVariableDefsforBIOS.obj (ScidRegsFile)

I2caRegsFile 
*          1    00007300    00000022     UNINITIALIZED
                  00007300    00000022     F2837xD_GlobalVariableDefsforBIOS.obj (I2caRegsFile)

I2cbRegsFile 
*          1    00007340    00000022     UNINITIALIZED
                  00007340    00000022     F2837xD_GlobalVariableDefsforBIOS.obj (I2cbRegsFile)

AdcaRegsFile 
*          1    00007400    00000080     UNINITIALIZED
                  00007400    00000080     F2837xD_GlobalVariableDefsforBIOS.obj (AdcaRegsFile)

AdcbRegsFile 
*          1    00007480    00000080     UNINITIALIZED
                  00007480    00000080     F2837xD_GlobalVariableDefsforBIOS.obj (AdcbRegsFile)

AdccRegsFile 
*          1    00007500    00000080     UNINITIALIZED
                  00007500    00000080     F2837xD_GlobalVariableDefsforBIOS.obj (AdccRegsFile)

AdcdRegsFile 
*          1    00007580    00000080     UNINITIALIZED
                  00007580    00000080     F2837xD_GlobalVariableDefsforBIOS.obj (AdcdRegsFile)

Cla1SoftIntRegsFile 
*          1    00000ce0    00000004     DSECT
                  00000ce0    00000004     F2837xD_GlobalVariableDefsforBIOS.obj (Cla1SoftIntRegsFile)

Cmpss1RegsFile 
*          1    00005c80    00000020     UNINITIALIZED
                  00005c80    00000020     F2837xD_GlobalVariableDefsforBIOS.obj (Cmpss1RegsFile)

Cmpss2RegsFile 
*          1    00005ca0    00000020     UNINITIALIZED
                  00005ca0    00000020     F2837xD_GlobalVariableDefsforBIOS.obj (Cmpss2RegsFile)

Cmpss3RegsFile 
*          1    00005cc0    00000020     UNINITIALIZED
                  00005cc0    00000020     F2837xD_GlobalVariableDefsforBIOS.obj (Cmpss3RegsFile)

Cmpss4RegsFile 
*          1    00005ce0    00000020     UNINITIALIZED
                  00005ce0    00000020     F2837xD_GlobalVariableDefsforBIOS.obj (Cmpss4RegsFile)

Cmpss5RegsFile 
*          1    00005d00    00000020     UNINITIALIZED
                  00005d00    00000020     F2837xD_GlobalVariableDefsforBIOS.obj (Cmpss5RegsFile)

Cmpss6RegsFile 
*          1    00005d20    00000020     UNINITIALIZED
                  00005d20    00000020     F2837xD_GlobalVariableDefsforBIOS.obj (Cmpss6RegsFile)

Cmpss7RegsFile 
*          1    00005d40    00000020     UNINITIALIZED
                  00005d40    00000020     F2837xD_GlobalVariableDefsforBIOS.obj (Cmpss7RegsFile)

Cmpss8RegsFile 
*          1    00005d60    00000020     UNINITIALIZED
                  00005d60    00000020     F2837xD_GlobalVariableDefsforBIOS.obj (Cmpss8RegsFile)

DmaClaSrcSelRegsFile 
*          1    00007980    0000001a     UNINITIALIZED
                  00007980    0000001a     F2837xD_GlobalVariableDefsforBIOS.obj (DmaClaSrcSelRegsFile)

Emif1RegsFile 
*          1    00047000    00000070     UNINITIALIZED
                  00047000    00000070     F2837xD_GlobalVariableDefsforBIOS.obj (Emif1RegsFile)

Emif2RegsFile 
*          1    00047800    00000070     UNINITIALIZED
                  00047800    00000070     F2837xD_GlobalVariableDefsforBIOS.obj (Emif2RegsFile)

DcanaRegsFile 
*          1    00048000    00000200     UNINITIALIZED
                  00048000    00000200     F2837xD_GlobalVariableDefsforBIOS.obj (DcanaRegsFile)

DcanbRegsFile 
*          1    0004a000    00000200     UNINITIALIZED
                  0004a000    00000200     F2837xD_GlobalVariableDefsforBIOS.obj (DcanbRegsFile)

IpcRegsFile 
*          1    00050000    00000026     UNINITIALIZED
                  00050000    00000026     F2837xD_GlobalVariableDefsforBIOS.obj (IpcRegsFile)

HwbistRegsFile 
*          1    0005e000    000000a2     UNINITIALIZED
                  0005e000    000000a2     F2837xD_GlobalVariableDefsforBIOS.obj (HwbistRegsFile)

DcsmRegsZ1File 
*          1    0005f000    00000024     UNINITIALIZED
                  0005f000    00000024     F2837xD_GlobalVariableDefsforBIOS.obj (DcsmRegsZ1File)

DcsmRegsZ2File 
*          1    0005f040    00000024     UNINITIALIZED
                  0005f040    00000024     F2837xD_GlobalVariableDefsforBIOS.obj (DcsmRegsZ2File)

DcsmRegsCommonFile 
*          1    0005f070    00000008     UNINITIALIZED
                  0005f070    00000008     F2837xD_GlobalVariableDefsforBIOS.obj (DcsmRegsCommonFile)

MemCfgRegsFile 
*          1    0005f400    00000080     UNINITIALIZED
                  0005f400    00000080     F2837xD_GlobalVariableDefsforBIOS.obj (MemCfgRegsFile)

Emif1ConfigRegsFile 
*          1    0005f480    00000020     UNINITIALIZED
                  0005f480    00000020     F2837xD_GlobalVariableDefsforBIOS.obj (Emif1ConfigRegsFile)

AccessProtectionRegsFile 
*          1    0005f4c0    00000040     UNINITIALIZED
                  0005f4c0    00000040     F2837xD_GlobalVariableDefsforBIOS.obj (AccessProtectionRegsFile)

MemoryErrorRegsFile 
*          1    0005f500    00000040     UNINITIALIZED
                  0005f500    00000040     F2837xD_GlobalVariableDefsforBIOS.obj (MemoryErrorRegsFile)

DcsmOtpZ2File 
*          1    00078000    0000001a     UNINITIALIZED
                  00078000    0000001a     F2837xD_GlobalVariableDefsforBIOS.obj (DcsmOtpZ2File)

DcsmOtpZ1File 
*          1    00078200    0000001a     UNINITIALIZED
                  00078200    0000001a     F2837xD_GlobalVariableDefsforBIOS.obj (DcsmOtpZ1File)

GpioDataRegsFile 
*          1    00007f00    00000030     UNINITIALIZED
                  00007f00    00000030     F2837xD_GlobalVariableDefsforBIOS.obj (GpioDataRegsFile)

FlashCtrlRegsFile 
*          1    0005f800    00000182     UNINITIALIZED
                  0005f800    00000182     F2837xD_GlobalVariableDefsforBIOS.obj (FlashCtrlRegsFile)

FlashEccRegsFile 
*          1    0005fb00    00000028     UNINITIALIZED
                  0005fb00    00000028     F2837xD_GlobalVariableDefsforBIOS.obj (FlashEccRegsFile)

ClkCfgRegsFile 
*          1    0005d200    00000032     UNINITIALIZED
                  0005d200    00000032     F2837xD_GlobalVariableDefsforBIOS.obj (ClkCfgRegsFile)

CpuSysRegsFile 
*          1    0005d300    00000082     UNINITIALIZED
                  0005d300    00000082     F2837xD_GlobalVariableDefsforBIOS.obj (CpuSysRegsFile)

WdRegsFile 
*          1    00007000    0000002b     UNINITIALIZED
                  00007000    0000002b     F2837xD_GlobalVariableDefsforBIOS.obj (WdRegsFile)

XintRegsFile 
*          1    00007070    0000000b     UNINITIALIZED
                  00007070    0000000b     F2837xD_GlobalVariableDefsforBIOS.obj (XintRegsFile)

MODULE SUMMARY

       Module                                  code    initialized data   uninitialized data
       ------                                  ----    ----------------   ------------------
    .\
       F2837xD_GlobalVariableDefsforBIOS.obj   0       0                  7725              
       F2837xD_SysCtrl.obj                     662     0                  0                 
       blink_cpu02.obj                         346     5                  2                 
       F2837xD_CodeStartBranch.obj             10      0                  0                 
       F2837xD_usDelay.obj                     8       0                  0                 
    +--+---------------------------------------+-------+------------------+--------------------+
       Total:                                  1026    5                  7727              
                                                                                            
    C:\ayush2\F28379D_Guide\F2837xD\Labs\blink\cpu02\ccs\CPU2_FLASH\configPkg\package\cfg\
       blink_cpu02_p28FP.o28FP                 1162    8250               6403              
    +--+---------------------------------------+-------+------------------+--------------------+
       Total:                                  1162    8250               6403              
                                                                                            
    C:/CCStudio_v8/ccsv8/tools/compiler/ti-cgt-c2000_18.1.1.LTS/lib/rts2800_fpu32.lib
       trgmsg.c.obj                            148     0                  288               
       ll_div28.asm.obj                        263     0                  0                 
       exit.c.obj                              41      14                 6                 
       hostwrite.c.obj                         56      0                  0                 
       cpy_tbl.c.obj                           36      0                  0                 
       memcpy.c.obj                            30      0                  0                 
       args_main.c.obj                         25      0                  0                 
       ll_aox28.asm.obj                        24      0                  0                 
       _lock.c.obj                             9       10                 4                 
       memset.c.obj                            12      0                  0                 
       hostopen.c.obj                          0       0                  8                 
       strlen.c.obj                            8       0                  0                 
       pre_init.c.obj                          2       0                  0                 
       startup.c.obj                           1       0                  0                 
    +--+---------------------------------------+-------+------------------+--------------------+
       Total:                                  655     24                 306               
                                                                                            
    C:\CCStudio_v8\bios_6_70_01_03\packages\ti\targets\rts2800\lib\boot.a28FP
       boot_cg.o28FP                           105     0                  0                 
    +--+---------------------------------------+-------+------------------+--------------------+
       Total:                                  105     0                  0                 
                                                                                            
    C:\CCStudio_v8\bios_6_70_01_03\packages\ti\targets\rts2800\lib\ti.targets.rts2800.a28FP
       System.o28FP                            808     25                 0                 
       Text.o28FP                              386     67                 0                 
       Error.o28FP                             296     88                 0                 
       Core-mem.o28FP                          242     0                  0                 
       Startup.o28FP                           172     42                 0                 
       Core-smem.o28FP                         154     0                  0                 
       SysMin.o28FP                            125     0                  0                 
       Memory.o28FP                            124     0                  0                 
       Core-params.o28FP                       61      0                  0                 
       Assert.o28FP                            50      5                  0                 
       Core-label.o28FP                        26      0                  0                 
       Registry.o28FP                          15      0                  0                 
       Gate.o28FP                              12      0                  0                 
       xdc_noinit.o28FP                        3       0                  0                 
    +--+---------------------------------------+-------+------------------+--------------------+
       Total:                                  2474    227                0                 
                                                                                            
    C:\ayush2\F28379D_Guide\F2837xD\Labs\blink\cpu02\ccs\src\sysbios\sysbios.a28FP
       BIOS.obj                                5490    28                 0                 
       c28_Hwi_disp_asm.obj                    155     0                  0                 
       c28_TaskSupport_asm.obj                 75      0                  0                 
       c28_Hwi_asm.obj                         52      0                  0                 
       c28_IntrinsicsSupport_asm.obj           6       0                  0                 
    +--+---------------------------------------+-------+------------------+--------------------+
       Total:                                  5778    28                 0                 
                                                                                            
       Stack:                                  0       0                  4096              
    +--+---------------------------------------+-------+------------------+--------------------+
       Grand Total:                            11200   8534               18532             


GLOBAL DATA SYMBOLS: SORTED BY DATA PAGE

address     data page           name
--------    ----------------    ----
00000000       0 (00000000)     ___ISA__
00000013       0 (00000000)     ___TARG__
00000037       0 (00000000)     ___PLAT__

0000005d       1 (00000040)     ___TRDR__

00000084       2 (00000080)     ___ASM__

00000b00      2c (00000b00)     _AdcaResultRegs
00000b20      2c (00000b00)     _AdcbResultRegs

00000b40      2d (00000b40)     _AdccResultRegs
00000b60      2d (00000b40)     _AdcdResultRegs

00000c00      30 (00000c00)     _CpuTimer0Regs
00000c08      30 (00000c00)     _CpuTimer1Regs
00000c10      30 (00000c00)     _CpuTimer2Regs

00000ce0      33 (00000cc0)     _Cla1SoftIntRegs
00000ce0      33 (00000cc0)     _PieCtrlRegs

[...]
0     0008a7b6  _ti_sysbios_gates_GateMutex_Handle__label__S              
0     0008a7c7  _ti_sysbios_heaps_HeapMem_Handle__label__S                
0     0008a7d8  _ti_sysbios_heaps_HeapMem_Object__get__S                  
0     0008a7e9  _ti_sysbios_knl_Swi_Object__get__S                        
0     0008a7fa  _ti_sysbios_knl_Task_Object__get__S                       
0     0008a80b  _ti_sysbios_knl_Task_restoreHwi__E                        
0     0008a81c  _xdc_runtime_Text_cordText__E                             
0     0008a82d  _ti_sysbios_BIOS_rtsLock__I                               
0     0008a83d  _ti_sysbios_family_c28_Hwi_enableIER__E                   
0     0008a84d  _ti_sysbios_family_c28_Timer_stop__E                      
0     0008a85d  _xdc_runtime_SysMin_Module_startup__E                     
0     0008a86d  _ti_sysbios_gates_GateMutex_Instance_init__E              
0     0008a87c  _ti_sysbios_knl_Semaphore_destruct                        
0     0008a88b  _xdc_runtime_Registry_findById__E                         
0     0008a89a  _xdc_runtime_Text_visitRope__I                            
0     0008a8a9  _ti_sysbios_knl_Queue_Object__get__S                      
0     0008a8b7  _ti_sysbios_knl_Queue_destruct                            
0     0008a8d3  _ti_sysbios_BIOS_registerRTSLock__I                       
0     0008a8e0  _ti_sysbios_BIOS_removeRTSLock__I                         
0     0008a8ed  _ti_sysbios_family_c28_Hwi_dispatchC__I                   
0     0008a8fa  _ti_sysbios_family_c28_Hwi_restoreIER__E                  
0     0008a907  _ti_sysbios_knl_Task_SupportProxy_start__E                
0     0008a914  _ti_sysbios_knl_Task_enter__I                             
0     0008a921  _xdc_runtime_Error_check__E                               
0     0008a92e  _xdc_runtime_Memory_HeapProxy_alloc__E                    
0     0008a93b  _xdc_runtime_System_abort__E                              
0     0008a948  _ti_sysbios_BIOS_exitFunc__I                              
0     0008a954  _ti_sysbios_gates_GateMutex_leave__E                      
0     0008a960  _ti_sysbios_knl_Queue_put__E                              
0     0008a96c  _ti_sysbios_knl_Task_enabled__E                           
0     0008a978  _xdc_runtime_System_aprintf__E                            
0     0008a984  _xdc_runtime_System_printf__E                             
0     0008a990  _memset                                                   
0     0008a99c  _ti_sysbios_family_c28_Hwi_Module__startupDone__F         
0     0008a9a7  _ti_sysbios_family_c28_Timer_Module__startupDone__F       
0     0008a9b2  _ti_sysbios_knl_Task_unblock__E                           
0     0008a9bd  _xdc_runtime_Startup_exec__I                              
0     0008a9c8  _xdc_runtime_SysMin_exit__E                               
0     0008a9d3  _xdc_runtime_System_exit__E                               
0     0008a9de  _xdc_runtime_Error_init__E                                
0     0008a9f2  _xdc_runtime_Memory_free__E                               
0     0008a9fc  _xdc_runtime_System_snprintf_va__F                        
0     0008a9fc  _xdc_runtime_System_vsnprintf__E                          
0     0008aa06  _xdc_runtime_Text_ropeText__E                             
0     0008aa10  _ti_sysbios_family_c28_TaskSupport_checkStack__E          
0     0008aa19  _ti_sysbios_family_c28_TaskSupport_glue                   
0     0008aa22  _ti_sysbios_hal_Hwi_Module_startup__E                     
0     0008aa2b  __register_unlock                                         
0     0008aa2f  __register_lock                                           
0     0008aa33  __nop                                                     
0     0008aa3c  _ti_sysbios_BIOS_setThreadType__E                         
0     0008aa44  _ti_sysbios_gates_GateMutex_Instance_finalize__E          
0     0008aa54  _ti_sysbios_knl_Semaphore_Instance_finalize__E            
0     0008aa5c  _xdc_runtime_Memory_HeapProxy_free__E                     
0     0008aa64  _xdc_runtime_Memory_calloc__E                             
0     0008aa6c  _xdc_runtime_SysMin_ready__E                              
0     0008aa74  _strlen                                                   
0     0008aa7c  _ti_sysbios_BIOS_RtsGateProxy_leave__E                    
0     0008aa83  _ti_sysbios_hal_Hwi_HwiProxy_getStackInfo__E              
0     0008aa8a  _ti_sysbios_heaps_HeapMem_Module_GateProxy_leave__E       
0     0008aa91  _ti_sysbios_knl_Queue_empty__E                            
0     0008aa98  _ti_sysbios_knl_Task_SupportProxy_checkStack__E           
0     0008aa9f  _ti_sysbios_knl_Task_SupportProxy_swap__E                 
0     0008aaa6  _xdc_runtime_System_Module_GateProxy_leave__E             
0     0008aaad  _ti_sysbios_BIOS_RtsGateProxy_enter__E                    
0     0008aab3  _ti_sysbios_BIOS_start__E                                 
0     0008aab9  _ti_sysbios_family_c28_IntrinsicsSupport_maxbit__E        
0     0008aabf  _ti_sysbios_heaps_HeapMem_Module_GateProxy_enter__E       
0     0008aac5  _ti_sysbios_heaps_HeapMem_Module_GateProxy_query__E       
0     0008aacb  _ti_sysbios_knl_Clock_TimerProxy_getMaxTicks__E           
0     0008aad1  _ti_sysbios_knl_Swi_disable__E                            
0     0008aad7  _ti_sysbios_knl_Task_disable__E                           
0     0008aadd  _xdc_runtime_Gate_enterSystem__E                          
0     0008aae3  _xdc_runtime_Gate_leaveSystem__E                          
0     0008aae9  _xdc_runtime_System_Module_GateProxy_enter__E             
0     0008aaef  _xdc_runtime_System_SupportProxy_abort__E                 
0     0008aaf5  _xdc_runtime_System_SupportProxy_exit__E                  
0     0008aafb  _xdc_runtime_System_SupportProxy_putch__E                 
0     0008ab01  _ti_sysbios_family_c28_Hwi_switchFromBootStack__E         
0     0008ab06  _ti_sysbios_gates_GateHwi_enter__E                        
0     0008ab10  _ti_sysbios_family_c28_Hwi_startup__E                     
0     0008ab14  _ti_sysbios_heaps_HeapMem_isBlocking__E                   
0     0008ab18  _ti_sysbios_knl_Swi_startup__E                            
0     0008ab1c  _xdc_runtime_Memory_getMaxDefaultTypeAlign__E             
0     0008ab20  _xdc_runtime_Startup_rtsDone__E                           
0     0008ab24  ___xdc__init                                              
0     0008ab27  _ti_sysbios_family_c28_Hwi_Module__startupDone__S         
0     0008ab2a  _ti_sysbios_family_c28_Timer_Module__startupDone__S       
0     0008ab2d  _ti_sysbios_gates_GateHwi_leave__E                        
0     0008ab30  _ti_sysbios_hal_Hwi_HwiProxy_Module__startupDone__S       
0     0008ab33  _ti_sysbios_hal_Hwi_HwiProxy_startup__E                   
0     0008ab36  _ti_sysbios_hal_Hwi_HwiProxy_switchFromBootStack__E       
0     0008ab39  _ti_sysbios_hal_Hwi_startup__E                            
0     0008ab3c  _ti_sysbios_knl_Clock_TimerProxy_Module__startupDone__S   
0     0008ab3f  _ti_sysbios_knl_Idle_loop__E                              
0     0008ab42  _ti_sysbios_knl_Queue_Instance_init__E                    
0     0008ab45  _ti_sysbios_knl_Task_SupportProxy_Module__startupDone__S  
0     0008ab48  _ti_sysbios_knl_Task_startup__E                           
0     0008ab4b  _xdc_runtime_Startup_reset__I                             
0     0008ab4e  _xdc_runtime_System_Module_startup__E                     
0     0008ab51  _xdc_runtime_System_SupportProxy_ready__E                 
0     0008ab54  _xdc_runtime_System_abortStd__E                           
0     0008ab57  _xdc_runtime_System_exitStd__E                            
0     0008ab5a  _ti_sysbios_family_c28_TaskSupport_Module__startupDone__S 
0     0008ab5c  _ti_sysbios_family_c28_Timer_getMaxTicks__E               
0     0008ab5e  _ti_sysbios_gates_GateHwi_query__E                        
0     0008ab60  _ti_sysbios_gates_GateMutex_query__E                      
0     0008ab62  _xdc_runtime_Error_getSite__E                             
0     0008ab64  __system_pre_init                                         
0     0008ab66  _ti_catalog_c2800_initF2837x_Boot_init                    
0     0008ab67  _ti_sysbios_BIOS_linkedWithIncorrectBootLibrary__E        
0     0008ab68  _ti_sysbios_BIOS_nullFunc__I                              
0     0008ab69  _ti_sysbios_family_c28_Hwi_interruptReturn__I             
0     0008ab6a  _ti_sysbios_gates_GateHwi_Instance_init__E                
0     0008ab6b  __system_post_cinit                                       
0     0008ab6c  ___etext__                                                
0     0008ab6c  etext                                                     
1     00000b00  _AdcaResultRegs                                           
1     00000b20  _AdcbResultRegs                                           
1     00000b40  _AdccResultRegs                                           
1     00000b60  _AdcdResultRegs                                           
1     00000c00  _CpuTimer0Regs                                            
1     00000c08  _CpuTimer1Regs                                            
1     00000c10  _CpuTimer2Regs                                            
1     00000ce0  _PieCtrlRegs                                              
1     00001000  _DmaRegs                                                  
1     00001400  _Cla1Regs                                                 
1     00004000  _EPwm1Regs                                                
1     00004100  _EPwm2Regs                                                
1     00004200  _EPwm3Regs                                                
1     00004300  _EPwm4Regs                                                
1     00004400  _EPwm5Regs                                                
1     00004500  _EPwm6Regs                                                
1     00004600  _EPwm7Regs                                                
1     00004700  _EPwm8Regs                                                
1     00004800  _EPwm9Regs                                                
1     00004900  _EPwm10Regs                                               
1     00004a00  _EPwm11Regs                                               
1     00004b00  _EPwm12Regs                                               
1     00005000  _ECap1Regs                                                
1     00005020  _ECap2Regs                                                
1     00005040  _ECap3Regs                                                
1     00005060  _ECap4Regs                                                
1     00005080  _ECap5Regs                                                
1     000050a0  _ECap6Regs                                                
1     00005100  _EQep1Regs                                                
1     00005140  _EQep2Regs                                                
1     00005180  _EQep3Regs                                                
1     00005c00  _DacaRegs                                                 
1     00005c10  _DacbRegs                                                 
1     00005c20  _DaccRegs                                                 
1     00005c80  _Cmpss1Regs                                               
1     00005ca0  _Cmpss2Regs                                               
1     00005cc0  _Cmpss3Regs                                               
1     00005ce0  _Cmpss4Regs                                               
1     00005d00  _Cmpss5Regs                                               
1     00005d20  _Cmpss6Regs                                               
1     00005d40  _Cmpss7Regs                                               
1     00005d60  _Cmpss8Regs                                               
1     00005e00  _Sdfm1Regs                                                
1     00005e80  _Sdfm2Regs                                                
1     00006000  _McbspaRegs                                               
1     00006040  _McbspbRegs                                               
1     00006100  _SpiaRegs                                                 
1     00006110  _SpibRegs                                                 
1     00006120  _SpicRegs                                                 
1     00006130  _SpidRegs                                                 
1     00007000  _WdRegs                                                   
1     00007060  _NmiIntruptRegs                                           
1     00007070  _XintRegs                                                 
1     00007200  _SciaRegs                                                 
1     00007210  _ScibRegs                                                 
1     00007220  _ScicRegs                                                 
1     00007230  _ScidRegs                                                 
1     00007300  _I2caRegs                                                 
1     00007340  _I2cbRegs                                                 
1     00007400  _AdcaRegs                                                 
1     00007480  _AdcbRegs                                                 
1     00007500  _AdccRegs                                                 
1     00007580  _AdcdRegs                                                 
1     00007980  _DmaClaSrcSelRegs                                         
1     00007f00  _GpioDataRegs                                             
1     00008000  _ti_sysbios_knl_Task_Instance_State_0_stack__A            
1     00008100  _ti_sysbios_heaps_HeapMem_Instance_State_0_buf__A         
1     00009103  _parmbuf                                                  
1     0000910c  ___TI_enable_exit_profile_output                          
1     0000910e  ___TI_cleanup_ptr                                         
1     00009110  ___TI_dtors_ptr                                           
1     00009112  __lock                                                    
1     00009114  __unlock                                                  
1     00009116  _myindex                                                  
1     00009140  _xdc_runtime_Error_Module__state__V                       
1     00009142  ___xdc__init__addr                                        
1     00009144  _xdc_runtime_Memory_Module__state__V                      
1     00009146  _ti_sysbios_gates_GateHwi_Object__table__V                
1     00009148  _ti_sysbios_knl_Task_Module_State_0_idleTask__A           
1     0000914a  _ti_sysbios_knl_Clock_Module__root__V                     
1     0000914e  _ti_sysbios_heaps_HeapMem_Module__root__V                 
1     00009152  _ti_sysbios_gates_GateMutex_Module__root__V               
1     00009156  _xdc_runtime_Registry_Module__state__V                    
1     0000915a  _ti_sysbios_knl_Swi_Module__root__V                       
1     0000915e  _ti_sysbios_knl_Task_Module__root__V                      
1     00009162  _ti_sysbios_knl_Queue_Module__root__V                     
1     00009166  _ti_sysbios_hal_Hwi_Module__root__V                       
1     0000916a  _xdc_runtime_System_Module__state__V                      
1     0000916e  _ti_sysbios_family_c28_Hwi_Module__root__V                
1     00009172  _xdc_runtime_SysMin_Module__state__V                      
1     00009176  _xdc_runtime_Startup_Module__state__V                     
1     0000917a  _ti_sysbios_knl_Semaphore_Module__root__V                 
1     00009180  _xdc_runtime_Text_Module__state__V                        
1     00009184  _ti_sysbios_gates_GateHwi_Module__root__V                 
1     00009188  _ti_sysbios_family_c28_Timer_Module__root__V              
1     0000918c  _ti_sysbios_family_c28_Timer_Module__state__V             
1     00009194  _ti_sysbios_heaps_HeapMem_Object__table__V                
1     000091a0  _ti_sysbios_knl_Swi_Module__state__V                      
1     000091ac  _xdc_runtime_System_Module_State_0_atexitHandlers__A      
1     000091c0  _ti_sysbios_family_c28_Hwi_Object__table__V               
1     000091d0  _ti_sysbios_family_c28_Hwi_Module__state__V               
1     000091e0  _xdc_runtime_Error_IgnoreBlock                            
1     000091f0  _ti_sysbios_knl_Clock_Object__table__V                    
1     00009200  _ti_sysbios_BIOS_Module__state__V                         
1     00009212  _ti_sysbios_knl_Swi_Object__table__V                      
1     00009226  _ti_sysbios_knl_Clock_Module__state__V                    
1     00009240  _ti_sysbios_family_c28_Timer_Object__table__V             
1     00009258  _ti_sysbios_gates_GateMutex_Object__table__V              
1     00009280  _ti_sysbios_knl_Task_Module__state__V                     
1     000092c0  _ti_sysbios_knl_Task_Object__table__V                     
1     00009300  _ti_sysbios_knl_Swi_Module_State_0_readyQ__A              
1     00009340  _ti_sysbios_knl_Task_Module_State_0_readyQ__A             
1     00009380  _ti_sysbios_family_c28_Hwi_Module_State_0_dispatchTable__A
1     00009540  _xdc_runtime_SysMin_Module_State_0_outbuf__A              
1     00009940  __stack                                                   
1     0000a940  __STACK_END                                               
1     0000a980  __CIOBUF_                                                 
1     00047000  _Emif1Regs                                                
1     00047800  _Emif2Regs                                                
1     00048000  _DcanaRegs                                                
1     0004a000  _DcanbRegs                                                
1     00050000  _IpcRegs                                                  
1     0005d200  _ClkCfgRegs                                               
1     0005d300  _CpuSysRegs                                               
1     0005e000  _HwbistRegs                                               
1     0005f000  _DcsmZ1Regs                                               
1     0005f040  _DcsmZ2Regs                                               
1     0005f070  _DcsmCommonRegs                                           
1     0005f400  _MemCfgRegs                                               
1     0005f480  _Emif1ConfigRegs                                          
1     0005f4c0  _AccessProtectionRegs                                     
1     0005f500  _MemoryErrorRegs                                          
1     0005f800  _FlashCtrlRegs                                            
1     0005fb00  _FlashEccRegs                                             
1     00078000  _DcsmZ2Otp                                                
1     00078200  _DcsmZ1Otp                                                
abs   00000001  _xdc_runtime_Startup__EXECFXN__C                          
abs   00000001  _xdc_runtime_Startup__RESETFXN__C                         
abs   00000029  _RamfuncsLoadSize                                         
abs   00000029  _RamfuncsRunSize                                          
abs   00001000  __STACK_SIZE                                              
abs   ffffffff  ___TI_pprof_out_hndl                                      
abs   ffffffff  ___TI_prof_data_size                                      
abs   ffffffff  ___TI_prof_data_start                                     
abs   ffffffff  ___binit__                                                
abs   ffffffff  ___c_args__                                               
abs   ffffffff  ___pinit__                                                
abs   ffffffff  binit                                                     
abs   ffffffff  pinit                                                     

[603 symbols]
