******************************************************************************
             TMS320C2000 Linker PC v6.2.4                      
******************************************************************************
>> Linked Mon May 19 14:30:46 2014

OUTPUT FILE NAME:   <blink_cpu02.out>
ENTRY POINT SYMBOL: "_c_int00"  address: 0008a55f


MEMORY CONFIGURATION

         name            origin    length      used     unused   attr    fill
----------------------  --------  ---------  --------  --------  ----  --------
PAGE 0:
  D01SARAM              0000b000   00001000  00000023  00000fdd  RWIX
  BEGIN                 00080000   00000002  00000002  00000000  RWIX
  FLASHA                00080002   00001ffe  00001fe9  00000015  RWIX
  FLASHB                00082000   00002000  00000000  00002000  RWIX
  FLASHC                00084000   00002000  00000000  00002000  RWIX
  FLASHD                00086000   00002000  00000000  00002000  RWIX
  FLASHE                00088000   00008000  0000369f  00004961  RWIX
  FLASHF                00090000   00008000  00000000  00008000  RWIX
  FLASHG                00098000   00008000  00000000  00008000  RWIX
  FLASHH                000a0000   00008000  00000000  00008000  RWIX
  FLASHI                000a8000   00008000  00000000  00008000  RWIX
  FLASHJ                000b0000   00008000  00000000  00008000  RWIX
  FLASHK                000b8000   00002000  00000000  00002000  RWIX
  FLASHL                000ba000   00002000  00000000  00002000  RWIX
  FLASHM                000bc000   00002000  00000000  00002000  RWIX
  FLASHN                000be000   00002000  00000000  00002000  RWIX
  RESET                 003fffc0   00000002  00000000  00000002  RWIX

PAGE 1:
  BOOT_RSVD             00000002   0000007e  00000000  0000007e  RWIX
  M1SARAM               00000400   00000400  00000000  00000400  RWIX
  ADCA_RESULT           00000b00   00000020  00000018  00000008  RWIX
  ADCB_RESULT           00000b20   00000020  00000018  00000008  RWIX
  ADCC_RESULT           00000b40   00000020  00000018  00000008  RWIX
  ADCD_RESULT           00000b60   00000020  00000018  00000008  RWIX
  CPU_TIMER0            00000c00   00000008  00000008  00000000  RWIX
  CPU_TIMER1            00000c08   00000008  00000008  00000000  RWIX
  CPU_TIMER2            00000c10   00000008  00000008  00000000  RWIX
  PIE_CTRL              00000ce0   00000020  0000001a  00000006  RWIX
  DMA                   00001000   00000200  000000e0  00000120  RWIX
  CLA1                  00001400   00000040  00000040  00000000  RWIX
  EPWM1                 00004000   00000100  00000100  00000000  RWIX
  EPWM2                 00004100   00000100  00000100  00000000  RWIX
  EPWM3                 00004200   00000100  00000100  00000000  RWIX
  EPWM4                 00004300   00000100  00000100  00000000  RWIX
  EPWM5                 00004400   00000100  00000100  00000000  RWIX
  EPWM6                 00004500   00000100  00000100  00000000  RWIX
  EPWM7                 00004600   00000100  00000100  00000000  RWIX
  EPWM8                 00004700   00000100  00000100  00000000  RWIX
  EPWM9                 00004800   00000100  00000100  00000000  RWIX
  EPWM10                00004900   00000100  00000100  00000000  RWIX
  EPWM11                00004a00   00000100  00000100  00000000  RWIX
  EPWM12                00004b00   00000100  00000100  00000000  RWIX
  ECAP1                 00005000   00000020  00000020  00000000  RWIX
  ECAP2                 00005020   00000020  00000020  00000000  RWIX
  ECAP3                 00005040   00000020  00000020  00000000  RWIX
  ECAP4                 00005060   00000020  00000020  00000000  RWIX
  ECAP5                 00005080   00000020  00000020  00000000  RWIX
  ECAP6                 000050a0   00000020  00000020  00000000  RWIX
  EQEP1                 00005100   00000040  00000022  0000001e  RWIX
  EQEP2                 00005140   00000040  00000022  0000001e  RWIX
  EQEP3                 00005180   00000040  00000022  0000001e  RWIX
  DACA                  00005c00   00000010  00000008  00000008  RWIX
  DACB                  00005c10   00000010  00000008  00000008  RWIX
  DACC                  00005c20   00000010  00000008  00000008  RWIX
  CMPSS1                00005c80   00000020  00000020  00000000  RWIX
  CMPSS2                00005ca0   00000020  00000020  00000000  RWIX
  CMPSS3                00005cc0   00000020  00000020  00000000  RWIX
  CMPSS4                00005ce0   00000020  00000020  00000000  RWIX
  CMPSS5                00005d00   00000020  00000020  00000000  RWIX
  CMPSS6                00005d20   00000020  00000020  00000000  RWIX
  CMPSS7                00005d40   00000020  00000020  00000000  RWIX
  CMPSS8                00005d60   00000020  00000020  00000000  RWIX
  SDFM1                 00005e00   00000080  00000080  00000000  RWIX
  SDFM2                 00005e80   00000080  00000080  00000000  RWIX
  MCBSPA                00006000   00000040  00000024  0000001c  RWIX
  MCBSPB                00006040   00000040  00000024  0000001c  RWIX
  SPIA                  00006100   00000010  00000010  00000000  RWIX
  SPIB                  00006110   00000010  00000010  00000000  RWIX
  SPIC                  00006120   00000010  00000010  00000000  RWIX
  SPID                  00006130   00000010  00000010  00000000  RWIX
  WD                    00007000   00000040  0000002b  00000015  RWIX
  NMIINTRUPT            00007060   00000010  00000007  00000009  RWIX
  XINT                  00007070   00000010  0000000b  00000005  RWIX
  SCIA                  00007200   00000010  00000010  00000000  RWIX
  SCIB                  00007210   00000010  00000010  00000000  RWIX
  SCIC                  00007220   00000010  00000010  00000000  RWIX
  SCID                  00007230   00000010  00000010  00000000  RWIX
  I2CA                  00007300   00000040  00000022  0000001e  RWIX
  I2CB                  00007340   00000040  00000022  0000001e  RWIX
  ADCA                  00007400   00000080  00000080  00000000  RWIX
  ADCB                  00007480   00000080  00000080  00000000  RWIX
  ADCC                  00007500   00000080  00000080  00000000  RWIX
  ADCD                  00007580   00000080  00000080  00000000  RWIX
  TRIG                  00007900   00000050  00000000  00000050  RWIX
  DMACLASRCSEL          00007980   00000040  0000001a  00000026  RWIX
  XBAR_CONFIG           00007a00   00000200  00000000  00000200  RWIX
  GPIOCTRL              00007c00   00000180  00000000  00000180  RWIX
  GPIODAT               00007f00   00000030  00000030  00000000  RWIX
  LS05SARAM             00008000   00003000  00002b49  000004b7  RWIX
  CPU2TOCPU1RAM         0003f800   00000400  00000000  00000400  RWIX
  CPU1TOCPU2RAM         0003fc00   00000400  00000000  00000400  RWIX
  EMIF1                 00047000   00000800  00000070  00000790  RWIX
  EMIF2                 00047800   00000800  00000070  00000790  RWIX
  DCANA                 00048000   00001000  00000200  00000e00  RWIX
  DCANB                 0004a000   00001000  00000200  00000e00  RWIX
  IPC                   00050000   00001000  00000026  00000fda  RWIX
  DEV_CFG               0005d000   00000200  00000000  00000200  RWIX
  CLK_CFG               0005d200   00000100  00000032  000000ce  RWIX
  CPU_SYS               0005d300   00000100  00000082  0000007e  RWIX
  HWBIST                0005e000   00000100  000000a2  0000005e  RWIX
  DCSM_Z1               0005f000   00000030  00000024  0000000c  RWIX
  DCSM_Z2               0005f040   00000030  00000024  0000000c  RWIX
  DCSM_COMMON           0005f070   00000010  00000008  00000008  RWIX
  MEMCFG                0005f400   00000080  00000080  00000000  RWIX
  EMIF1CONFIG           0005f480   00000020  00000020  00000000  RWIX
  ACCESSPROTECTION      0005f4c0   00000040  00000040  00000000  RWIX
  MEMORYERROR           0005f500   00000040  00000040  00000000  RWIX
  FLASH_CTRL            0005f800   00000300  00000182  0000017e  RWIX
  FLASH_ECC             0005fb00   00000040  00000028  00000018  RWIX
  DCSM_OTP_Z2           00078000   00000020  0000001a  00000006  RWIX
  DCSM_OTP_Z1           00078200   00000020  0000001a  00000006  RWIX


SECTION ALLOCATION MAP

 output                                  attributes/
section   page    origin      length       input sections
--------  ----  ----------  ----------   ----------------
xdc.meta   0    00000000    000000f9     COPY SECTION
                  00000000    000000f9     blink_cpu02_p28FP.o28FP (xdc.meta)

.pinit     0    00080002    00000000     UNINITIALIZED

Cla1SoftIntRegsFile 
*          1    00000ce0    00000004     DSECT
                  00000ce0    00000004     F2837xD_GlobalVariableDefsforBIOS.obj (Cla1SoftIntRegsFile)

.flashfuncs 
*          0    0000b000    00000023     
                  0000b000    00000023     Boot.a28FP : Boot.o28FP (.flashfuncs)

GETBUFFER 
*          0    0003fc00    00000000     DSECT

GETWRITEIDX 
*          0    0003fc00    00000000     DSECT

PUTREADIDX 
*          0    0003fc00    00000000     DSECT

codestart 
*          0    00080000    00000002     
                  00080000    00000002     F2837xD_CodeStartBranch.obj (codestart)

ramfuncs   0    00080002    00000029     RUN ADDR = 0000aa00
                  00080002    00000025     F2837xD_SysCtrl.obj (ramfuncs)
                  00080027    00000004     F2837xD_usDelay.obj (ramfuncs)

.econst    0    0008002c    00001b68     
                  0008002c    000015ae     blink_cpu02_p28FP.o28FP (.econst:xdc_runtime_Text_charTab__A)
                  000815da    000001c0     blink_cpu02_p28FP.o28FP (.econst:_ti_sysbios_family_c28_Hwi_vectors)
                  0008179a    0000005d     blink_cpu02_p28FP.o28FP (.econst:.string)
                  000817f7    00000001     blink_cpu02_p28FP.o28FP (.econst:ti_sysbios_BIOS_Module__id__C)
                  000817f8    00000058     ti.targets.rts2800.a28FP : Error.o28FP (.econst:.string)
                  00081850    00000050     blink_cpu02_p28FP.o28FP (.econst:xdc_runtime_Text_nodeTab__A)
                  000818a0    0000004b     ti.targets.rts2800.a28FP : Log.o28FP (.econst:.string)
                  000818eb    00000001     blink_cpu02_p28FP.o28FP (.econst:ti_sysbios_family_c28_Hwi_Module__id__C)
                  000818ec    00000043     ti.targets.rts2800.a28FP : Text.o28FP (.econst:.string)
                  0008192f    00000001     blink_cpu02_p28FP.o28FP (.econst:ti_sysbios_family_c28_Hwi_Module__loggerDefined__C)
                  00081930    0000002a     ti.targets.rts2800.a28FP : Startup.o28FP (.econst:.string)
                  0008195a    00000014     blink_cpu02_p28FP.o28FP (.econst:ti_sysbios_heaps_HeapMem_Module__FXNS__C)
                  0008196e    00000012     blink_cpu02_p28FP.o28FP (.econst:ti_sysbios_gates_GateHwi_Module__FXNS__C)
                  00081980    00000012     blink_cpu02_p28FP.o28FP (.econst:ti_sysbios_gates_GateMutex_Module__FXNS__C)
                  00081992    00000012     blink_cpu02_p28FP.o28FP (.econst:ti_sysbios_heaps_HeapMem_Object__PARAMS__C)
                  000819a4    00000012     blink_cpu02_p28FP.o28FP (.econst:xdc_runtime_Startup_sfxnTab__A)
                  000819b6    00000011     ti.targets.rts2800.a28FP : System.o28FP (.econst:_digtohex)
                  000819c7    00000001     blink_cpu02_p28FP.o28FP (.econst:ti_sysbios_family_c28_Hwi_NUM_INTERRUPTS_ALL__C)
                  000819c8    00000010     blink_cpu02_p28FP.o28FP (.econst:ti_sysbios_gates_GateHwi_Object__DESC__C)
                  000819d8    00000010     blink_cpu02_p28FP.o28FP (.econst:ti_sysbios_gates_GateMutex_Object__DESC__C)
                  000819e8    00000010     blink_cpu02_p28FP.o28FP (.econst:ti_sysbios_heaps_HeapMem_Object__DESC__C)
                  000819f8    00000010     blink_cpu02_p28FP.o28FP (.econst:ti_sysbios_knl_Queue_Object__DESC__C)
                  00081a08    00000010     blink_cpu02_p28FP.o28FP (.econst:ti_sysbios_knl_Semaphore_Object__DESC__C)
                  00081a18    00000010     blink_cpu02_p28FP.o28FP (.econst:ti_sysbios_knl_Semaphore_Object__PARAMS__C)
                  00081a28    0000000c     blink_cpu02_p28FP.o28FP (.econst:ti_sysbios_gates_GateHwi_Object__PARAMS__C)
                  00081a34    0000000c     blink_cpu02_p28FP.o28FP (.econst:ti_sysbios_gates_GateMutex_Object__PARAMS__C)
                  00081a40    0000000c     blink_cpu02_p28FP.o28FP (.econst:ti_sysbios_knl_Queue_Object__PARAMS__C)
                  00081a4c    0000000c     blink_cpu02_p28FP.o28FP (.econst:ti_sysbios_knl_Task_hooks__A)
                  00081a58    00000009     blink_cpu02_p28FP.o28FP (.econst:xdc_runtime_Startup_sfxnRts__A)
                  00081a61    00000001     blink_cpu02_p28FP.o28FP (.econst:ti_sysbios_family_c28_Hwi_Object__count__C)
                  00081a62    00000007     ti.targets.rts2800.a28FP : System.o28FP (.econst:.string)
                  00081a69    00000001     blink_cpu02_p28FP.o28FP (.econst:ti_sysbios_family_c28_TaskSupport_Module__id__C)
                  00081a6a    00000005     ti.targets.rts2800.a28FP : Assert.o28FP (.econst:.string)
                  00081a6f    00000001     blink_cpu02_p28FP.o28FP (.econst:ti_sysbios_family_c28_Timer_startupNeeded__C)
                  00081a70    00000004     ti.targets.rts2800.a28FP : Diags.o28FP (.econst:.string)
                  00081a74    00000004     blink_cpu02_p28FP.o28FP (.econst:ti_sysbios_knl_Idle_coreList__C)
                  00081a78    00000004     blink_cpu02_p28FP.o28FP (.econst:ti_sysbios_knl_Idle_funcList__C)
                  00081a7c    00000004     blink_cpu02_p28FP.o28FP (.econst:ti_sysbios_knl_Task_hooks__C)
                  00081a80    00000004     blink_cpu02_p28FP.o28FP (.econst:xdc_runtime_Startup_firstFxns__A)
                  00081a84    00000004     blink_cpu02_p28FP.o28FP (.econst:xdc_runtime_Startup_firstFxns__C)
                  00081a88    00000004     blink_cpu02_p28FP.o28FP (.econst:xdc_runtime_Startup_lastFxns__C)
                  00081a8c    00000002     blink_cpu02_p28FP.o28FP (.econst)
                  00081a8e    00000002     blink_cpu02_p28FP.o28FP (.econst:ti_sysbios_BIOS_Module__diagsEnabled__C)
                  00081a90    00000002     blink_cpu02_p28FP.o28FP (.econst:ti_sysbios_BIOS_Module__diagsIncluded__C)
                  00081a92    00000002     blink_cpu02_p28FP.o28FP (.econst:ti_sysbios_BIOS_Module__diagsMask__C)
                  00081a94    00000002     blink_cpu02_p28FP.o28FP (.econst:ti_sysbios_BIOS_installedErrorHook__C)
                  00081a96    00000002     blink_cpu02_p28FP.o28FP (.econst:ti_sysbios_family_c28_Hwi_A_badIntNum__C)
                  00081a98    00000002     blink_cpu02_p28FP.o28FP (.econst:ti_sysbios_family_c28_Hwi_A_invalidArg__C)
                  00081a9a    00000002     blink_cpu02_p28FP.o28FP (.econst:ti_sysbios_family_c28_Hwi_E_unpluggedInterrupt__C)
                  00081a9c    00000002     blink_cpu02_p28FP.o28FP (.econst:ti_sysbios_family_c28_Hwi_LD_end__C)
                  00081a9e    00000002     blink_cpu02_p28FP.o28FP (.econst:ti_sysbios_family_c28_Hwi_LM_begin__C)
                  00081aa0    00000002     blink_cpu02_p28FP.o28FP (.econst:ti_sysbios_family_c28_Hwi_Module__diagsEnabled__C)
                  00081aa2    00000002     blink_cpu02_p28FP.o28FP (.econst:ti_sysbios_family_c28_Hwi_Module__diagsIncluded__C)
                  00081aa4    00000002     blink_cpu02_p28FP.o28FP (.econst:ti_sysbios_family_c28_Hwi_Module__diagsMask__C)
                  00081aa6    00000002     blink_cpu02_p28FP.o28FP (.econst:ti_sysbios_family_c28_Hwi_Module__loggerFxn1__C)
                  00081aa8    00000002     blink_cpu02_p28FP.o28FP (.econst:ti_sysbios_family_c28_Hwi_Module__loggerFxn8__C)
                  00081aaa    00000002     blink_cpu02_p28FP.o28FP (.econst:ti_sysbios_family_c28_Hwi_Module__loggerObj__C)
                  00081aac    00000002     blink_cpu02_p28FP.o28FP (.econst:ti_sysbios_family_c28_Hwi_Object__table__C)
                  00081aae    00000002     blink_cpu02_p28FP.o28FP (.econst:ti_sysbios_family_c28_TaskSupport_E_invalidStack__C)
                  00081ab0    00000002     blink_cpu02_p28FP.o28FP (.econst:ti_sysbios_gates_GateMutex_A_badContext__C)
                  00081ab2    00000002     blink_cpu02_p28FP.o28FP (.econst:ti_sysbios_gates_GateMutex_Instance_State_sem__O)
                  00081ab4    00000002     blink_cpu02_p28FP.o28FP (.econst:ti_sysbios_gates_GateMutex_Module__diagsEnabled__C)
                  00081ab6    00000002     blink_cpu02_p28FP.o28FP (.econst:ti_sysbios_gates_GateMutex_Module__diagsIncluded__C)
                  00081ab8    00000002     blink_cpu02_p28FP.o28FP (.econst:ti_sysbios_gates_GateMutex_Module__diagsMask__C)
                  00081aba    00000002     blink_cpu02_p28FP.o28FP (.econst:ti_sysbios_hal_Hwi_E_stackOverflow__C)
                  00081abc    00000002     blink_cpu02_p28FP.o28FP (.econst:ti_sysbios_heaps_HeapMem_A_align__C)
                  00081abe    00000002     blink_cpu02_p28FP.o28FP (.econst:ti_sysbios_heaps_HeapMem_A_heapSize__C)
                  00081ac0    00000002     blink_cpu02_p28FP.o28FP (.econst:ti_sysbios_heaps_HeapMem_A_invalidFree__C)
                  00081ac2    00000002     blink_cpu02_p28FP.o28FP (.econst:ti_sysbios_heaps_HeapMem_A_zeroBlock__C)
                  00081ac4    00000002     blink_cpu02_p28FP.o28FP (.econst:ti_sysbios_heaps_HeapMem_E_memory__C)
                  00081ac6    00000002     blink_cpu02_p28FP.o28FP (.econst:ti_sysbios_heaps_HeapMem_Module__diagsEnabled__C)
                  00081ac8    00000002     blink_cpu02_p28FP.o28FP (.econst:ti_sysbios_heaps_HeapMem_Module__diagsIncluded__C)
                  00081aca    00000002     blink_cpu02_p28FP.o28FP (.econst:ti_sysbios_heaps_HeapMem_Module__diagsMask__C)
                  00081acc    00000002     blink_cpu02_p28FP.o28FP (.econst:ti_sysbios_heaps_HeapMem_Module__gateObj__C)
                  00081ace    00000002     blink_cpu02_p28FP.o28FP (.econst:ti_sysbios_heaps_HeapMem_Object__table__C)
                  00081ad0    00000002     blink_cpu02_p28FP.o28FP (.econst:ti_sysbios_heaps_HeapMem_reqAlign__C)
                  00081ad2    00000002     blink_cpu02_p28FP.o28FP (.econst:ti_sysbios_knl_Clock_LM_begin__C)
                  00081ad4    00000002     blink_cpu02_p28FP.o28FP (.econst:ti_sysbios_knl_Clock_LM_tick__C)
                  00081ad6    00000002     blink_cpu02_p28FP.o28FP (.econst:ti_sysbios_knl_Clock_LW_delayed__C)
                  00081ad8    00000002     blink_cpu02_p28FP.o28FP (.econst:ti_sysbios_knl_Clock_Module_State_clockQ__O)
                  00081ada    00000002     blink_cpu02_p28FP.o28FP (.econst:ti_sysbios_knl_Clock_Module__diagsEnabled__C)
                  00081adc    00000002     blink_cpu02_p28FP.o28FP (.econst:ti_sysbios_knl_Clock_Module__diagsIncluded__C)
                  00081ade    00000002     blink_cpu02_p28FP.o28FP (.econst:ti_sysbios_knl_Clock_Module__diagsMask__C)
                  00081ae0    00000002     blink_cpu02_p28FP.o28FP (.econst:ti_sysbios_knl_Clock_Module__loggerFxn1__C)
                  00081ae2    00000002     blink_cpu02_p28FP.o28FP (.econst:ti_sysbios_knl_Clock_Module__loggerFxn2__C)
                  00081ae4    00000002     blink_cpu02_p28FP.o28FP (.econst:ti_sysbios_knl_Clock_Module__loggerObj__C)
                  00081ae6    00000002     blink_cpu02_p28FP.o28FP (.econst:ti_sysbios_knl_Idle_funcList__A)
                  00081ae8    00000002     blink_cpu02_p28FP.o28FP (.econst:ti_sysbios_knl_Queue_Object__table__C)
                  00081aea    00000002     blink_cpu02_p28FP.o28FP (.econst:ti_sysbios_knl_Semaphore_A_badContext__C)
                  00081aec    00000002     blink_cpu02_p28FP.o28FP (.econst:ti_sysbios_knl_Semaphore_A_noEvents__C)
                  00081aee    00000002     blink_cpu02_p28FP.o28FP (.econst:ti_sysbios_knl_Semaphore_A_overflow__C)
                  00081af0    00000002     blink_cpu02_p28FP.o28FP (.econst:ti_sysbios_knl_Semaphore_A_pendTaskDisabled__C)
                  00081af2    00000002     blink_cpu02_p28FP.o28FP (.econst:ti_sysbios_knl_Semaphore_Instance_State_pendQ__O)
                  00081af4    00000002     blink_cpu02_p28FP.o28FP (.econst:ti_sysbios_knl_Semaphore_LM_pend__C)
                  00081af6    00000002     blink_cpu02_p28FP.o28FP (.econst:ti_sysbios_knl_Semaphore_LM_post__C)
                  00081af8    00000002     blink_cpu02_p28FP.o28FP (.econst:ti_sysbios_knl_Semaphore_Module__diagsEnabled__C)
                  00081afa    00000002     blink_cpu02_p28FP.o28FP (.econst:ti_sysbios_knl_Semaphore_Module__diagsIncluded__C)
                  00081afc    00000002     blink_cpu02_p28FP.o28FP (.econst:ti_sysbios_knl_Semaphore_Module__diagsMask__C)
                  00081afe    00000002     blink_cpu02_p28FP.o28FP (.econst:ti_sysbios_knl_Semaphore_Module__loggerFxn2__C)
                  00081b00    00000002     blink_cpu02_p28FP.o28FP (.econst:ti_sysbios_knl_Semaphore_Module__loggerFxn4__C)
                  00081b02    00000002     blink_cpu02_p28FP.o28FP (.econst:ti_sysbios_knl_Semaphore_Module__loggerObj__C)
                  00081b04    00000002     blink_cpu02_p28FP.o28FP (.econst:ti_sysbios_knl_Swi_LD_end__C)
                  00081b06    00000002     blink_cpu02_p28FP.o28FP (.econst:ti_sysbios_knl_Swi_LM_begin__C)
                  00081b08    00000002     blink_cpu02_p28FP.o28FP (.econst:ti_sysbios_knl_Swi_LM_post__C)
                  00081b0a    00000002     blink_cpu02_p28FP.o28FP (.econst:ti_sysbios_knl_Swi_Module__diagsEnabled__C)
                  00081b0c    00000002     blink_cpu02_p28FP.o28FP (.econst:ti_sysbios_knl_Swi_Module__diagsIncluded__C)
                  00081b0e    00000002     blink_cpu02_p28FP.o28FP (.econst:ti_sysbios_knl_Swi_Module__diagsMask__C)
                  00081b10    00000002     blink_cpu02_p28FP.o28FP (.econst:ti_sysbios_knl_Swi_Module__loggerFxn1__C)
                  00081b12    00000002     blink_cpu02_p28FP.o28FP (.econst:ti_sysbios_knl_Swi_Module__loggerFxn4__C)
                  00081b14    00000002     blink_cpu02_p28FP.o28FP (.econst:ti_sysbios_knl_Swi_Module__loggerObj__C)
                  00081b16    00000002     blink_cpu02_p28FP.o28FP (.econst:ti_sysbios_knl_Swi_Object__table__C)
                  00081b18    00000002     blink_cpu02_p28FP.o28FP (.econst:ti_sysbios_knl_Task_E_spOutOfBounds__C)
                  00081b1a    00000002     blink_cpu02_p28FP.o28FP (.econst:ti_sysbios_knl_Task_E_stackOverflow__C)
                  00081b1c    00000002     blink_cpu02_p28FP.o28FP (.econst:ti_sysbios_knl_Task_LD_block__C)
                  00081b1e    00000002     blink_cpu02_p28FP.o28FP (.econst:ti_sysbios_knl_Task_LD_exit__C)
                  00081b20    00000002     blink_cpu02_p28FP.o28FP (.econst:ti_sysbios_knl_Task_LD_ready__C)
                  00081b22    00000002     blink_cpu02_p28FP.o28FP (.econst:ti_sysbios_knl_Task_LM_switch__C)
                  00081b24    00000002     blink_cpu02_p28FP.o28FP (.econst:ti_sysbios_knl_Task_Module_State_inactiveQ__O)
                  00081b26    00000002     blink_cpu02_p28FP.o28FP (.econst:ti_sysbios_knl_Task_Module__diagsEnabled__C)
                  00081b28    00000002     blink_cpu02_p28FP.o28FP (.econst:ti_sysbios_knl_Task_Module__diagsIncluded__C)
                  00081b2a    00000002     blink_cpu02_p28FP.o28FP (.econst:ti_sysbios_knl_Task_Module__diagsMask__C)
                  00081b2c    00000002     blink_cpu02_p28FP.o28FP (.econst:ti_sysbios_knl_Task_Module__loggerFxn2__C)
                  00081b2e    00000002     blink_cpu02_p28FP.o28FP (.econst:ti_sysbios_knl_Task_Module__loggerFxn4__C)
                  00081b30    00000002     blink_cpu02_p28FP.o28FP (.econst:ti_sysbios_knl_Task_Module__loggerObj__C)
                  00081b32    00000002     blink_cpu02_p28FP.o28FP (.econst:ti_sysbios_knl_Task_Object__table__C)
                  00081b34    00000002     blink_cpu02_p28FP.o28FP (.econst:ti_sysbios_knl_Task_allBlockedFunc__C)
                  00081b36    00000002     blink_cpu02_p28FP.o28FP (.econst:xdc_runtime_Assert_E_assertFailed__C)
                  00081b38    00000002     blink_cpu02_p28FP.o28FP (.econst:xdc_runtime_Core_A_initializedParams__C)
                  00081b3a    00000002     blink_cpu02_p28FP.o28FP (.econst:xdc_runtime_Core_Module__diagsEnabled__C)
                  00081b3c    00000002     blink_cpu02_p28FP.o28FP (.econst:xdc_runtime_Core_Module__diagsIncluded__C)
                  00081b3e    00000002     blink_cpu02_p28FP.o28FP (.econst:xdc_runtime_Core_Module__diagsMask__C)
                  00081b40    00000002     blink_cpu02_p28FP.o28FP (.econst:xdc_runtime_Error_E_memory__C)
                  00081b42    00000002     blink_cpu02_p28FP.o28FP (.econst:xdc_runtime_Error_Module__diagsEnabled__C)
                  00081b44    00000002     blink_cpu02_p28FP.o28FP (.econst:xdc_runtime_Error_Module__diagsIncluded__C)
                  00081b46    00000002     blink_cpu02_p28FP.o28FP (.econst:xdc_runtime_Error_Module__diagsMask__C)
                  00081b48    00000002     blink_cpu02_p28FP.o28FP (.econst:xdc_runtime_Error_Module__loggerFxn8__C)
                  00081b4a    00000002     blink_cpu02_p28FP.o28FP (.econst:xdc_runtime_Error_Module__loggerObj__C)
                  00081b4c    00000002     blink_cpu02_p28FP.o28FP (.econst:xdc_runtime_Error_raiseHook__C)
                  00081b4e    00000002     blink_cpu02_p28FP.o28FP (.econst:xdc_runtime_IGateProvider_Interface__BASE__C)
                  00081b50    00000002     blink_cpu02_p28FP.o28FP (.econst:xdc_runtime_IHeap_Interface__BASE__C)
                  00081b52    00000002     blink_cpu02_p28FP.o28FP (.econst:xdc_runtime_IModule_Interface__BASE__C)
                  00081b54    00000002     blink_cpu02_p28FP.o28FP (.econst:xdc_runtime_Log_L_error__C)
                  00081b56    00000002     blink_cpu02_p28FP.o28FP (.econst:xdc_runtime_Memory_defaultHeapInstance__C)
                  00081b58    00000002     blink_cpu02_p28FP.o28FP (.econst:xdc_runtime_Startup_execImpl__C)
                  00081b5a    00000002     blink_cpu02_p28FP.o28FP (.econst:xdc_runtime_Startup_lastFxns__A)
                  00081b5c    00000002     blink_cpu02_p28FP.o28FP (.econst:xdc_runtime_Startup_sfxnRts__C)
                  00081b5e    00000002     blink_cpu02_p28FP.o28FP (.econst:xdc_runtime_Startup_sfxnTab__C)
                  00081b60    00000002     blink_cpu02_p28FP.o28FP (.econst:xdc_runtime_Startup_startModsFxn__C)
                  00081b62    00000002     blink_cpu02_p28FP.o28FP (.econst:xdc_runtime_SysMin_bufSize__C)
                  00081b64    00000002     blink_cpu02_p28FP.o28FP (.econst:xdc_runtime_SysMin_outputFunc__C)
                  00081b66    00000002     blink_cpu02_p28FP.o28FP (.econst:xdc_runtime_System_Module__gateObj__C)
                  00081b68    00000002     blink_cpu02_p28FP.o28FP (.econst:xdc_runtime_System_extendFxn__C)
                  00081b6a    00000002     blink_cpu02_p28FP.o28FP (.econst:xdc_runtime_Text_charTab__C)
                  00081b6c    00000002     blink_cpu02_p28FP.o28FP (.econst:xdc_runtime_Text_nameEmpty__C)
                  00081b6e    00000002     blink_cpu02_p28FP.o28FP (.econst:xdc_runtime_Text_nameStatic__C)
                  00081b70    00000002     blink_cpu02_p28FP.o28FP (.econst:xdc_runtime_Text_nameUnknown__C)
                  00081b72    00000002     blink_cpu02_p28FP.o28FP (.econst:xdc_runtime_Text_nodeTab__C)
                  00081b74    00000002     blink_cpu02_p28FP.o28FP (.econst:xdc_runtime_Text_visitRopeFxn__C)
                  00081b76    00000001     blink_cpu02_p28FP.o28FP (.econst:ti_sysbios_gates_GateMutex_Module__id__C)
                  00081b77    00000001     blink_cpu02_p28FP.o28FP (.econst:ti_sysbios_hal_Hwi_Module__id__C)
                  00081b78    00000001     blink_cpu02_p28FP.o28FP (.econst:ti_sysbios_heaps_HeapMem_Module__id__C)
                  00081b79    00000001     blink_cpu02_p28FP.o28FP (.econst:ti_sysbios_heaps_HeapMem_Object__count__C)
                  00081b7a    00000001     blink_cpu02_p28FP.o28FP (.econst:ti_sysbios_knl_Clock_Module__id__C)
                  00081b7b    00000001     blink_cpu02_p28FP.o28FP (.econst:ti_sysbios_knl_Clock_Module__loggerDefined__C)
                  00081b7c    00000001     blink_cpu02_p28FP.o28FP (.econst:ti_sysbios_knl_Idle_coreList__A)
                  00081b7d    00000001     blink_cpu02_p28FP.o28FP (.econst:ti_sysbios_knl_Queue_Object__count__C)
                  00081b7e    00000001     blink_cpu02_p28FP.o28FP (.econst:ti_sysbios_knl_Semaphore_Module__id__C)
                  00081b7f    00000001     blink_cpu02_p28FP.o28FP (.econst:ti_sysbios_knl_Semaphore_Module__loggerDefined__C)
                  00081b80    00000001     blink_cpu02_p28FP.o28FP (.econst:ti_sysbios_knl_Swi_Module__id__C)
                  00081b81    00000001     blink_cpu02_p28FP.o28FP (.econst:ti_sysbios_knl_Swi_Module__loggerDefined__C)
                  00081b82    00000001     blink_cpu02_p28FP.o28FP (.econst:ti_sysbios_knl_Swi_Object__count__C)
                  00081b83    00000001     blink_cpu02_p28FP.o28FP (.econst:ti_sysbios_knl_Task_Module__id__C)
                  00081b84    00000001     blink_cpu02_p28FP.o28FP (.econst:ti_sysbios_knl_Task_Module__loggerDefined__C)
                  00081b85    00000001     blink_cpu02_p28FP.o28FP (.econst:ti_sysbios_knl_Task_Object__count__C)
                  00081b86    00000001     blink_cpu02_p28FP.o28FP (.econst:ti_sysbios_knl_Task_initStackFlag__C)
                  00081b87    00000001     blink_cpu02_p28FP.o28FP (.econst:ti_sysbios_knl_Task_numConstructedTasks__C)
                  00081b88    00000001     blink_cpu02_p28FP.o28FP (.econst:xdc_runtime_Core_Module__id__C)
                  00081b89    00000001     blink_cpu02_p28FP.o28FP (.econst:xdc_runtime_Error_Module__loggerDefined__C)
                  00081b8a    00000001     blink_cpu02_p28FP.o28FP (.econst:xdc_runtime_Error_maxDepth__C)
                  00081b8b    00000001     blink_cpu02_p28FP.o28FP (.econst:xdc_runtime_Error_policy__C)
                  00081b8c    00000001     blink_cpu02_p28FP.o28FP (.econst:xdc_runtime_Memory_Module__id__C)
                  00081b8d    00000001     blink_cpu02_p28FP.o28FP (.econst:xdc_runtime_Startup_maxPasses__C)
                  00081b8e    00000001     blink_cpu02_p28FP.o28FP (.econst:xdc_runtime_SysMin_flushAtExit__C)
                  00081b8f    00000001     blink_cpu02_p28FP.o28FP (.econst:xdc_runtime_System_maxAtexitHandlers__C)
                  00081b90    00000001     blink_cpu02_p28FP.o28FP (.econst:xdc_runtime_Text_charCnt__C)
                  00081b91    00000001     blink_cpu02_p28FP.o28FP (.econst:xdc_runtime_Text_isLoaded__C)
                  00081b92    00000001     blink_cpu02_p28FP.o28FP (.econst:xdc_runtime_Text_registryModsLastId__C)
                  00081b93    00000001     blink_cpu02_p28FP.o28FP (.econst:xdc_runtime_Text_unnamedModsLastId__C)

.cinit     0    00081b94    0000043c     
                  00081b94    00000414     blink_cpu02_p28FP.o28FP (.cinit)
                  00081fa8    0000000a     rts2800_fpu32.lib : _lock.obj (.cinit)
                  00081fb2    0000000a                       : exit.obj (.cinit)
                  00081fbc    00000008                       : atexit.obj (.cinit)
                  00081fc4    00000005     blink_cpu02.obj (.cinit)
                  00081fc9    00000005     rts2800_fpu32.lib : sinit.obj (.cinit)
                  00081fce    00000002     --HOLE-- [fill = 0]

.switch    0    00081fd0    0000001c     
                  00081fd0    0000001c     sysbios.a28FP : BIOS.obj (.switch:_ti_sysbios_family_c28_Hwi_clearInterrupt__E)

.text      0    00088000    0000369f     
                  00088000    0000057b     F2837xD_DefaultISR.obj (.text:retain)
                  0008857b    0000025f     ti.targets.rts2800.a28FP : System.o28FP (.text:_xdc_runtime_System_doPrint__I)
                  000887da    0000021b     F2837xD_SysCtrl.obj (.text)
                  000889f5    00000211     rts2800_fpu32.lib : trgdrv.obj (.text)
                  00088c06    000001d8     sysbios.a28FP : BIOS.obj (.text:_ti_sysbios_heaps_HeapMem_free__E)
                  00088dde    000001d0                   : BIOS.obj (.text:_ti_sysbios_heaps_HeapMem_alloc__E)
                  00088fae    000001cd                   : BIOS.obj (.text:_ti_sysbios_knl_Semaphore_pend__E)
                  0008917b    00000159     blink_cpu02.obj (.text)
                  000892d4    0000010a     blink_cpu02_p28FP.o28FP (.text:_xdc_runtime_System_printfExtend__I)
                  000893de    00000107     rts2800_fpu32.lib : ll_div.obj (.text)
                  000894e5    00000105     sysbios.a28FP : BIOS.obj (.text:_ti_sysbios_heaps_HeapMem_Instance_init__F)
                  000895ea    000000e7                   : BIOS.obj (.text:_ti_sysbios_family_c28_Hwi_clearInterrupt__E)
                  000896d1    000000d7     ti.targets.rts2800.a28FP : Core-mem.o28FP (.text:_xdc_runtime_Core_createObject__I)
                  000897a8    000000c9     F2837xD_Ipc.obj (.text)
                  00089871    000000c3     sysbios.a28FP : BIOS.obj (.text:_ti_sysbios_knl_Semaphore_post__E)
                  00089934    000000c0                   : BIOS.obj (.text:_ti_sysbios_family_c28_Hwi_dispatchCore__I)
                  000899f4    000000bd                   : BIOS.obj (.text:_ti_sysbios_knl_Clock_workFunc__E)
                  00089ab1    000000bb     ti.targets.rts2800.a28FP : Error.o28FP (.text:_xdc_runtime_Error_raiseX__F)
                  00089b6c    000000b2     sysbios.a28FP : BIOS.obj (.text:_ti_sysbios_knl_Swi_run__I)
                  00089c1e    0000009a                   : c28_Hwi_disp.obj (.text:_ti_sysbios_family_c28_Hwi_dispatch)
                  00089cb8    00000092                   : BIOS.obj (.text:_ti_sysbios_family_c28_Hwi_enableInterrupt__E)
                  00089d4a    0000008e     rts2800_fpu32.lib : ankmsg.obj (.text)
                  00089dd8    0000008a     sysbios.a28FP : BIOS.obj (.text:_ti_sysbios_knl_Task_startCore__E)
                  00089e62    00000087                   : BIOS.obj (.text:_ti_sysbios_family_c28_Hwi_disableInterrupt__E)
                  00089ee9    00000086                   : BIOS.obj (.text:_ti_sysbios_family_c28_Hwi_disablePIEIER__E)
                  00089f6f    00000084                   : BIOS.obj (.text:_ti_sysbios_knl_Task_schedule__I)
                  00089ff3    00000083                   : BIOS.obj (.text:_ti_sysbios_family_c28_Hwi_enablePIEIER__E)
                  0008a076    0000007d     ti.targets.rts2800.a28FP : Startup.o28FP (.text:_xdc_runtime_Startup_startMods__I)
                  0008a0f3    0000007b                              : Text.o28FP (.text:_xdc_runtime_Text_putSite__F)
                  0008a16e    00000078     sysbios.a28FP : BIOS.obj (.text:_ti_sysbios_family_c28_Timer_stopAndClear__I)
                  0008a1e6    00000075                   : BIOS.obj (.text:_ti_sysbios_knl_Semaphore_Instance_init__F)
                  0008a25b    00000074                   : BIOS.obj (.text:_ti_sysbios_gates_GateMutex_enter__E)
                  0008a2cf    00000070                   : BIOS.obj (.text:_ti_sysbios_knl_Task_exit__E)
                  0008a33f    00000070                   : BIOS.obj (.text:_ti_sysbios_knl_Task_postInit__I)
                  0008a3af    00000070                   : BIOS.obj (.text:_ti_sysbios_knl_Task_unblockI__E)
                  0008a41f    0000006d     Boot.a28FP : Boot.o28FP (.text:.bootCodeSection)
                  0008a48c    0000006d     sysbios.a28FP : BIOS.obj (.text:_ti_sysbios_knl_Task_checkStacks__E)
                  0008a4f9    00000066                   : BIOS.obj (.text:_ti_sysbios_knl_Task_blockI__E)
                  0008a55f    00000063     boot.a28FP : boot_cg.o28FP (.text)
                  0008a5c2    00000062     sysbios.a28FP : BIOS.obj (.text:_ti_sysbios_knl_Swi_post__E)
                  0008a624    00000051     ti.targets.rts2800.a28FP : Core-mem.o28FP (.text:_xdc_runtime_Core_deleteObject__I)
                  0008a675    0000004e                              : Memory.o28FP (.text:_xdc_runtime_Memory_alloc__F)
                  0008a6c3    0000004c                              : Text.o28FP (.text:_xdc_runtime_Text_putLab__F)
                  0008a70f    00000048     sysbios.a28FP : BIOS.obj (.text:_ti_sysbios_family_c28_Hwi_Module_startup__F)
                  0008a757    00000048                   : BIOS.obj (.text:_ti_sysbios_knl_Task_Module_startup__F)
                  0008a79f    00000046     rts2800_fpu32.lib : far_cpy_tbl.obj (.text)
                  0008a7e5    00000042     ti.targets.rts2800.a28FP : Core-params.o28FP (.text:_xdc_runtime_Core_assignParams__I)
                  0008a827    00000041     sysbios.a28FP : BIOS.obj (.text:_ti_sysbios_family_c28_Hwi_unPluggedInterrupt__I)
                  0008a868    00000040     ti.targets.rts2800.a28FP : System.o28FP (.text:_xdc_runtime_System_formatNum__I)
                  0008a8a8    0000003e     sysbios.a28FP : BIOS.obj (.text:_ti_sysbios_family_c28_TaskSupport_start__E)
                  0008a8e6    0000003c     F2837xD_Gpio_forBIOS.obj (.text)
                  0008a922    0000003a     ti.targets.rts2800.a28FP : Text.o28FP (.text:_xdc_runtime_Text_putMod__F)
                  0008a95c    00000039                              : Text.o28FP (.text:_xdc_runtime_Text_visitRope2__I)
                  0008a995    00000038     sysbios.a28FP : BIOS.obj (.text:_ti_sysbios_knl_Clock_logTick__E)
                  0008a9cd    00000037                   : BIOS.obj (.text:_ti_sysbios_knl_Swi_restoreHwi__E)
                  0008aa04    00000036                   : BIOS.obj (.text:_ti_sysbios_BIOS_rtsUnlock__I)
                  0008aa3a    00000036     ti.targets.rts2800.a28FP : Error.o28FP (.text:_xdc_runtime_Error_print__F)
                  0008aa70    00000035     sysbios.a28FP : BIOS.obj (.text:_ti_sysbios_family_c28_Timer_postInit__I)
                  0008aaa5    00000035     ti.targets.rts2800.a28FP : Startup.o28FP (.text:_xdc_runtime_Startup_exec__F)
                  0008aada    00000032     sysbios.a28FP : BIOS.obj (.text:_ti_sysbios_family_c28_Timer_start__E)
                  0008ab0c    00000032     ti.targets.rts2800.a28FP : Assert.o28FP (.text:_xdc_runtime_Assert_raise__I)
                  0008ab3e    0000002e     sysbios.a28FP : BIOS.obj (.text:_ti_sysbios_knl_Swi_runLoop__I)
                  0008ab6c    0000002e                   : BIOS.obj (.text:_ti_sysbios_knl_Swi_schedule__I)
                  0008ab9a    0000002d                   : BIOS.obj (.text:_ti_sysbios_family_c28_Hwi_getStackInfo__E)
                  0008abc7    0000002d                   : BIOS.obj (.text:_ti_sysbios_heaps_HeapMem_getStats__E)
                  0008abf4    0000002d                   : BIOS.obj (.text:_ti_sysbios_heaps_HeapMem_init__I)
                  0008ac21    0000002a     ti.targets.rts2800.a28FP : Text.o28FP (.text:_xdc_runtime_Text_xprintf__I)
                  0008ac4b    00000028                              : SysMin.o28FP (.text:_xdc_runtime_SysMin_flush__F)
                  0008ac73    00000027     rts2800_fpu32.lib : sinit.obj (.text)
                  0008ac9a    00000026     sysbios.a28FP : BIOS.obj (.text:_ti_sysbios_family_c28_Timer_setPrescale__F)
                  0008acc0    00000026     rts2800_fpu32.lib : atexit.obj (.text)
                  0008ace6    00000025     sysbios.a28FP : c28_TaskSupport_asm.obj (.text:_ti_sysbios_family_c28_TaskSupport_buildTaskStack)
                  0008ad0b    00000024     blink_cpu02_p28FP.o28FP (.text:_ti_sysbios_knl_Semaphore_Object__create__S)
                  0008ad2f    00000022     sysbios.a28FP : BIOS.obj (.text:_ti_sysbios_BIOS_errorRaiseHook__I)
                  0008ad51    00000022                   : BIOS.obj (.text:_ti_sysbios_family_c28_Timer_setPeriod__E)
                  0008ad73    00000022                   : BIOS.obj (.text:_ti_sysbios_knl_Semaphore_pendTimeout__I)
                  0008ad95    00000022     ti.targets.rts2800.a28FP : System.o28FP (.text:_xdc_runtime_System_rtsExit__I)
                  0008adb7    00000021     sysbios.a28FP : BIOS.obj (.text:_ti_sysbios_knl_Idle_run__E)
                  0008add8    00000021                   : BIOS.obj (.text:_ti_sysbios_knl_Task_allBlockedFunction__I)
                  0008adf9    00000021     ti.targets.rts2800.a28FP : System.o28FP (.text:_xdc_runtime_System_atexit__F)
                  0008ae1a    00000021     rts2800_fpu32.lib : memcpy_ff.obj (.text)
                  0008ae3b    00000020     blink_cpu02_p28FP.o28FP (.text:_ti_sysbios_gates_GateHwi_Object__create__S)
                  0008ae5b    00000020     blink_cpu02_p28FP.o28FP (.text:_ti_sysbios_gates_GateMutex_Object__create__S)
                  0008ae7b    00000020     blink_cpu02_p28FP.o28FP (.text:_ti_sysbios_heaps_HeapMem_Object__create__S)
                  0008ae9b    00000020     blink_cpu02_p28FP.o28FP (.text:_ti_sysbios_knl_Queue_Object__create__S)
                  0008aebb    0000001f     sysbios.a28FP : BIOS.obj (.text:_ti_sysbios_knl_Clock_addI__E)
                  0008aeda    0000001e     ti.targets.rts2800.a28FP : SysMin.o28FP (.text:_xdc_runtime_SysMin_putch__F)
                  0008aef8    0000001d     sysbios.a28FP : c28_TaskSupport_asm.obj (.text:_ti_sysbios_family_c28_TaskSupport_swap__E)
                  0008af15    0000001c     blink_cpu02_p28FP.o28FP (.text:_ti_sysbios_family_c28_Hwi_Object__get__S)
                  0008af31    0000001c     blink_cpu02_p28FP.o28FP (.text:_ti_sysbios_knl_Queue_Object__get__S)
                  0008af4d    0000001b     sysbios.a28FP : c28_Hwi_asm.obj (.text:_ti_sysbios_family_c28_Hwi_switchAndDispatch__I)
                  0008af68    0000001b     blink_cpu02_p28FP.o28FP (.text:_xdc_runtime_SysMin_output__I)
                  0008af83    0000001b     sysbios.a28FP : BIOS.obj (.text:ti_sysbios_hal_Hwi_checkStack:_ti_sysbios_hal_Hwi_checkStack)
                  0008af9e    0000001a                   : BIOS.obj (.text:_ti_sysbios_gates_GateMutex_Instance_init__F)
                  0008afb8    0000001a     ti.targets.rts2800.a28FP : Core-label.o28FP (.text:_xdc_runtime_Core_assignLabel__I)
                  0008afd2    0000001a     rts2800_fpu32.lib : cpy_utils.obj (.text)
                  0008afec    0000001a     sysbios.a28FP : BIOS.obj (.text:ti_sysbios_hal_Hwi_initStack:_ti_sysbios_hal_Hwi_initStack)
                  0008b006    00000019                   : BIOS.obj (.text:_ti_sysbios_BIOS_exit__E)
                  0008b01f    00000019     blink_cpu02_p28FP.o28FP (.text:_ti_sysbios_heaps_HeapMem_Object__get__S)
                  0008b038    00000019     blink_cpu02_p28FP.o28FP (.text:_ti_sysbios_knl_Swi_Object__get__S)
                  0008b051    00000019     sysbios.a28FP : BIOS.obj (.text:_ti_sysbios_knl_Swi_restore__E)
                  0008b06a    00000019     blink_cpu02_p28FP.o28FP (.text:_ti_sysbios_knl_Task_Object__get__S)
                  0008b083    00000019     ti.targets.rts2800.a28FP : Memory.o28FP (.text:_xdc_runtime_Memory_valloc__F)
                  0008b09c    00000019                              : System.o28FP (.text:_xdc_runtime_System_avprintf__F)
                  0008b0b5    00000019                              : System.o28FP (.text:_xdc_runtime_System_putchar__I)
                  0008b0ce    00000019     rts2800_fpu32.lib : args_main.obj (.text)
                  0008b0e7    00000019                       : exit.obj (.text)
                  0008b100    00000018     sysbios.a28FP : BIOS.obj (.text:_ti_sysbios_knl_Task_processVitalTaskFlag__I)
                  0008b118    00000018     ti.targets.rts2800.a28FP : System.o28FP (.text:_xdc_runtime_System_vprintf__F)
                  0008b130    00000018                              : Text.o28FP (.text:_xdc_runtime_Text_printVisFxn__I)
                  0008b148    00000018     rts2800_fpu32.lib : ll_aox.obj (.text)
                  0008b160    00000017     blink_cpu02_p28FP.o28FP (.text:_ti_sysbios_BIOS_exitFunc__I)
                  0008b177    00000017     blink_cpu02_p28FP.o28FP (.text:_ti_sysbios_knl_Clock_doTick__I)
                  0008b18e    00000017     ti.targets.rts2800.a28FP : SysMin.o28FP (.text:_xdc_runtime_SysMin_abort__F)
                  0008b1a5    00000016     sysbios.a28FP : BIOS.obj (.text:_ti_sysbios_family_c28_Timer_Module_startup__F)
                  0008b1bb    00000016                   : BIOS.obj (.text:_ti_sysbios_family_c28_Timer_startup__E)
                  0008b1d1    00000016                   : BIOS.obj (.text:_ti_sysbios_knl_Task_restore__E)
                  0008b1e7    00000015                   : BIOS.obj (.text:_ti_sysbios_knl_Swi_Module_startup__F)
                  0008b1fc    00000015     ti.targets.rts2800.a28FP : Text.o28FP (.text:_xdc_runtime_Text_cordText__F)
                  0008b211    00000013     blink_cpu02_p28FP.o28FP (.text:_ti_sysbios_gates_GateMutex_Object__delete__S)
                  0008b224    00000013     sysbios.a28FP : BIOS.obj (.text:_ti_sysbios_knl_Clock_Module_startup__F)
                  0008b237    00000012     blink_cpu02_p28FP.o28FP (.text:_ti_sysbios_family_c28_Hwi_disableIER__E)
                  0008b249    00000012     blink_cpu02_p28FP.o28FP (.text:_ti_sysbios_gates_GateHwi_Object__delete__S)
                  0008b25b    00000012     blink_cpu02_p28FP.o28FP (.text:_ti_sysbios_heaps_HeapMem_Object__delete__S)
                  0008b26d    00000011     blink_cpu02_p28FP.o28FP (.text:_ti_sysbios_gates_GateHwi_Handle__label__S)
                  0008b27e    00000011     blink_cpu02_p28FP.o28FP (.text:_ti_sysbios_gates_GateMutex_Handle__label__S)
                  0008b28f    00000011     blink_cpu02_p28FP.o28FP (.text:_ti_sysbios_heaps_HeapMem_Handle__label__S)
                  0008b2a0    00000010     sysbios.a28FP : BIOS.obj (.text:_ti_sysbios_BIOS_rtsLock__I)
                  0008b2b0    00000010     blink_cpu02_p28FP.o28FP (.text:_ti_sysbios_family_c28_Hwi_enableIER__E)
                  0008b2c0    00000010     sysbios.a28FP : BIOS.obj (.text:_ti_sysbios_knl_Task_restoreHwi__E)
                  0008b2d0    0000000f     blink_cpu02_p28FP.o28FP (.text:_ti_sysbios_BIOS_startFunc__I)
                  0008b2df    0000000f     blink_cpu02_p28FP.o28FP (.text:_ti_sysbios_knl_Semaphore_Object__destruct__S)
                  0008b2ee    0000000f     blink_cpu02_p28FP.o28FP (.text:_xdc_runtime_IHeap_alloc)
                  0008b2fd    0000000e     blink_cpu02_p28FP.o28FP (.text:_ti_sysbios_knl_Queue_Object__destruct__S)
                  0008b30b    0000000e     ti.targets.rts2800.a28FP : Registry.o28FP (.text:_xdc_runtime_Registry_findById__F)
                  0008b319    0000000e                              : SysMin.o28FP (.text:_xdc_runtime_SysMin_Module_startup__F)
                  0008b327    0000000e     blink_cpu02_p28FP.o28FP (.text:_xdc_runtime_Text_visitRope__I)
                  0008b335    0000000d     sysbios.a28FP : BIOS.obj (.text:_ti_sysbios_BIOS_registerRTSLock__I)
                  0008b342    0000000d                   : BIOS.obj (.text:_ti_sysbios_family_c28_Hwi_dispatchC__I)
                  0008b34f    0000000d     blink_cpu02_p28FP.o28FP (.text:_ti_sysbios_family_c28_Hwi_restoreIER__E)
                  0008b35c    0000000d     sysbios.a28FP : c28_Hwi_asm.obj (.text:_ti_sysbios_family_xxx_Hwi_switchToIsrStack)
                  0008b369    0000000d     blink_cpu02_p28FP.o28FP (.text:_ti_sysbios_knl_Task_SupportProxy_start__E)
                  0008b376    0000000d     sysbios.a28FP : BIOS.obj (.text:_ti_sysbios_knl_Task_enter__I)
                  0008b383    0000000d     ti.targets.rts2800.a28FP : Error.o28FP (.text:_xdc_runtime_Error_check__F)
                  0008b390    0000000d     blink_cpu02_p28FP.o28FP (.text:_xdc_runtime_IHeap_free)
                  0008b39d    0000000d     blink_cpu02_p28FP.o28FP (.text:_xdc_runtime_Memory_HeapProxy_alloc__E)
                  0008b3aa    0000000d     rts2800_fpu32.lib : memset.obj (.text)
                  0008b3b7    0000000d                       : strpbrk.obj (.text)
                  0008b3c4    0000000c     sysbios.a28FP : BIOS.obj (.text:_ti_sysbios_gates_GateMutex_leave__E)
                  0008b3d0    0000000c                   : BIOS.obj (.text:_ti_sysbios_knl_Queue_put__E)
                  0008b3dc    0000000c                   : BIOS.obj (.text:_ti_sysbios_knl_Task_enabled__E)
                  0008b3e8    0000000c     ti.targets.rts2800.a28FP : Memory.o28FP (.text:_xdc_runtime_Memory_free__F)
                  0008b3f4    0000000c                              : Text.o28FP (.text:_xdc_runtime_Text_ropeText__F)
                  0008b400    0000000b     blink_cpu02_p28FP.o28FP (.text:_ti_sysbios_family_c28_Hwi_Module__startupDone__F)
                  0008b40b    0000000b     blink_cpu02_p28FP.o28FP (.text:_ti_sysbios_family_c28_Timer_Module__startupDone__F)
                  0008b416    0000000b     sysbios.a28FP : c28_Hwi_asm.obj (.text:_ti_sysbios_family_xxx_Hwi_switchAndRunFunc)
                  0008b421    0000000b     blink_cpu02_p28FP.o28FP (.text:_ti_sysbios_hal_Timer_Module__startupDone__F)
                  0008b42c    0000000b     sysbios.a28FP : BIOS.obj (.text:_ti_sysbios_knl_Task_unblock__E)
                  0008b437    0000000b     blink_cpu02_p28FP.o28FP (.text:_xdc_runtime_Memory_HeapProxy_free__E)
                  0008b442    0000000b     ti.targets.rts2800.a28FP : SysMin.o28FP (.text:_xdc_runtime_SysMin_exit__F)
                  0008b44d    0000000b                              : System.o28FP (.text:_xdc_runtime_System_abort__F)
                  0008b458    0000000b     blink_cpu02_p28FP.o28FP (.text:_xdc_runtime_System_aprintf__E)
                  0008b463    0000000b     blink_cpu02_p28FP.o28FP (.text:_xdc_runtime_System_printf__E)
                  0008b46e    0000000a     sysbios.a28FP : c28_Hwi_asm.obj (.text:_ti_sysbios_family_xxx_Hwi_switchToTaskStack)
                  0008b478    0000000a     blink_cpu02_p28FP.o28FP (.text:_xdc_runtime_Startup_exec__I)
                  0008b482    0000000a     blink_cpu02_p28FP.o28FP (.text:_xdc_runtime_Text_putLab__E)
                  0008b48c    0000000a     blink_cpu02_p28FP.o28FP (.text:_xdc_runtime_Text_putSite__E)
                  0008b496    0000000a     rts2800_fpu32.lib : strcmp.obj (.text)
                  0008b4a0    00000009     blink_cpu02_p28FP.o28FP (.text:_ti_sysbios_BIOS_RtsGateProxy_leave__E)
                  0008b4a9    00000009     sysbios.a28FP : BIOS.obj (.text:_ti_sysbios_family_c28_TaskSupport_checkStack__E)
                  0008b4b2    00000009                   : c28_TaskSupport_asm.obj (.text:_ti_sysbios_family_c28_TaskSupport_glue)
                  0008b4bb    00000009                   : BIOS.obj (.text:_ti_sysbios_family_c28_Timer_getPeriod__E)
                  0008b4c4    00000009                   : BIOS.obj (.text:_ti_sysbios_hal_Hwi_Module_startup__F)
                  0008b4cd    00000009                   : BIOS.obj (.text:_ti_sysbios_hal_Timer_Module_startup__F)
                  0008b4d6    00000009     blink_cpu02_p28FP.o28FP (.text:_ti_sysbios_heaps_HeapMem_Module_GateProxy_leave__E)
                  0008b4df    00000009     blink_cpu02_p28FP.o28FP (.text:_ti_sysbios_knl_Task_SupportProxy_checkStack__E)
                  0008b4e8    00000009     blink_cpu02_p28FP.o28FP (.text:_ti_sysbios_knl_Task_SupportProxy_swap__E)
                  0008b4f1    00000009     blink_cpu02_p28FP.o28FP (.text:_xdc_runtime_System_Module_GateProxy_leave__E)
                  0008b4fa    00000009     ti.targets.rts2800.a28FP : System.o28FP (.text:_xdc_runtime_System_vsnprintf__F)
                  0008b503    00000009     rts2800_fpu32.lib : _lock.obj (.text)
                  0008b50c    00000008     F2837xD_CodeStartBranch.obj (.text)
                  0008b514    00000008     sysbios.a28FP : BIOS.obj (.text:_ti_sysbios_BIOS_setThreadType__E)
                  0008b51c    00000008                   : BIOS.obj (.text:_ti_sysbios_gates_GateMutex_Instance_finalize__F)
                  0008b524    00000008     blink_cpu02_p28FP.o28FP (.text:_ti_sysbios_hal_Hwi_HwiProxy_getStackInfo__E)
                  0008b52c    00000008     blink_cpu02_p28FP.o28FP (.text:_ti_sysbios_knl_Clock_Module_State_clockQ)
                  0008b534    00000008     sysbios.a28FP : BIOS.obj (.text:_ti_sysbios_knl_Queue_empty__E)
                  0008b53c    00000008                   : BIOS.obj (.text:_ti_sysbios_knl_Semaphore_Instance_finalize__F)
                  0008b544    00000008     ti.targets.rts2800.a28FP : Memory.o28FP (.text:_xdc_runtime_Memory_calloc__F)
                  0008b54c    00000008                              : SysMin.o28FP (.text:_xdc_runtime_SysMin_ready__F)
                  0008b554    00000008     rts2800_fpu32.lib : strlen.obj (.text)
                  0008b55c    00000007     blink_cpu02_p28FP.o28FP (.text:_ti_sysbios_BIOS_RtsGateProxy_enter__E)
                  0008b563    00000007     blink_cpu02_p28FP.o28FP (.text:_ti_sysbios_hal_Timer_TimerProxy_getPeriod__E)
                  0008b56a    00000007     blink_cpu02_p28FP.o28FP (.text:_ti_sysbios_heaps_HeapMem_Module_GateProxy_enter__E)
                  0008b571    00000007     ti.targets.rts2800.a28FP : Error.o28FP (.text:_xdc_runtime_Error_init__F)
                  0008b578    00000007     blink_cpu02_p28FP.o28FP (.text:_xdc_runtime_Error_print__E)
                  0008b57f    00000007     blink_cpu02_p28FP.o28FP (.text:_xdc_runtime_SysMin_abort__E)
                  0008b586    00000007     blink_cpu02_p28FP.o28FP (.text:_xdc_runtime_System_Module_GateProxy_enter__E)
                  0008b58d    00000007     blink_cpu02_p28FP.o28FP (.text:_xdc_runtime_System_SupportProxy_abort__E)
                  0008b594    00000007     blink_cpu02_p28FP.o28FP (.text:_xdc_runtime_System_atexit__E)
                  0008b59b    00000006     blink_cpu02_p28FP.o28FP (.text:_ti_sysbios_family_c28_Hwi_Module_startup__E)
                  0008b5a1    00000006     sysbios.a28FP : c28_IntrinsicsSupport_asm.obj (.text:_ti_sysbios_family_c28_IntrinsicsSupport_maxbit__E)
                  0008b5a7    00000006     blink_cpu02_p28FP.o28FP (.text:_ti_sysbios_family_c28_Timer_Module_startup__E)
                  0008b5ad    00000006     blink_cpu02_p28FP.o28FP (.text:_ti_sysbios_gates_GateHwi_query__E)
                  0008b5b3    00000006     blink_cpu02_p28FP.o28FP (.text:_ti_sysbios_gates_GateMutex_query__E)
                  0008b5b9    00000006     blink_cpu02_p28FP.o28FP (.text:_ti_sysbios_hal_Hwi_Module_startup__E)
                  0008b5bf    00000006     blink_cpu02_p28FP.o28FP (.text:_ti_sysbios_hal_Timer_Module_startup__E)
                  0008b5c5    00000006     blink_cpu02_p28FP.o28FP (.text:_ti_sysbios_heaps_HeapMem_Module_GateProxy_query__E)
                  0008b5cb    00000006     blink_cpu02_p28FP.o28FP (.text:_ti_sysbios_knl_Clock_Module_startup__E)
                  0008b5d1    00000006     sysbios.a28FP : BIOS.obj (.text:_ti_sysbios_knl_Queue_insert__E)
                  0008b5d7    00000006     blink_cpu02_p28FP.o28FP (.text:_ti_sysbios_knl_Swi_Module_startup__E)
                  0008b5dd    00000006     sysbios.a28FP : BIOS.obj (.text:_ti_sysbios_knl_Swi_disable__E)
                  0008b5e3    00000006     blink_cpu02_p28FP.o28FP (.text:_ti_sysbios_knl_Task_Module_startup__E)
                  0008b5e9    00000006     sysbios.a28FP : BIOS.obj (.text:_ti_sysbios_knl_Task_disable__E)
                  0008b5ef    00000006     ti.targets.rts2800.a28FP : Gate.o28FP (.text:_xdc_runtime_Gate_enterSystem__F)
                  0008b5f5    00000006                              : Gate.o28FP (.text:_xdc_runtime_Gate_leaveSystem__F)
                  0008b5fb    00000006     blink_cpu02_p28FP.o28FP (.text:_xdc_runtime_SysMin_Module_startup__E)
                  0008b601    00000006     blink_cpu02_p28FP.o28FP (.text:_xdc_runtime_SysMin_exit__E)
                  0008b607    00000006     blink_cpu02_p28FP.o28FP (.text:_xdc_runtime_SysMin_putch__E)
                  0008b60d    00000006     blink_cpu02_p28FP.o28FP (.text:_xdc_runtime_System_Module_startup__E)
                  0008b613    00000006     blink_cpu02_p28FP.o28FP (.text:_xdc_runtime_System_SupportProxy_exit__E)
                  0008b619    00000006     blink_cpu02_p28FP.o28FP (.text:_xdc_runtime_System_SupportProxy_putch__E)
                  0008b61f    00000006     ti.targets.rts2800.a28FP : System.o28FP (.text:_xdc_runtime_System_exit__F)
                  0008b625    00000005     sysbios.a28FP : BIOS.obj (.text:_ti_sysbios_BIOS_start__E)
                  0008b62a    00000005                   : BIOS.obj (.text:_ti_sysbios_family_c28_Hwi_switchFromBootStack__E)
                  0008b62f    00000005                   : BIOS.obj (.text:_ti_sysbios_gates_GateHwi_enter__E)
                  0008b634    00000005     blink_cpu02_p28FP.o28FP (.text:_xdc_iargToPtr)
                  0008b639    00000005     ti.targets.rts2800.a28FP : System.o28FP (.text:_xdc_runtime_System_lastFxn__I)
                  0008b63e    00000005     rts2800_fpu32.lib : strcpy.obj (.text)
                  0008b643    00000004     blink_cpu02_p28FP.o28FP (.text:_ti_sysbios_family_c28_Hwi_startup__E)
                  0008b647    00000004     sysbios.a28FP : BIOS.obj (.text:_ti_sysbios_heaps_HeapMem_isBlocking__E)
                  0008b64b    00000004                   : BIOS.obj (.text:_ti_sysbios_knl_Swi_startup__E)
                  0008b64f    00000004     ti.targets.rts2800.a28FP : Memory.o28FP (.text:_xdc_runtime_Memory_getMaxDefaultTypeAlign__F)
                  0008b653    00000003     blink_cpu02_p28FP.o28FP (.text:.bootCodeSection:_ti_catalog_c2800_initF2837x_Boot_limpAbort)
                  0008b656    00000003     ti.targets.rts2800.a28FP : xdc_noinit.o28FP (.text:___xdc__init)
                  0008b659    00000003     blink_cpu02_p28FP.o28FP (.text:_ti_sysbios_family_c28_Hwi_Module__startupDone__S)
                  0008b65c    00000003     blink_cpu02_p28FP.o28FP (.text:_ti_sysbios_family_c28_Timer_Module__startupDone__S)
                  0008b65f    00000003     sysbios.a28FP : BIOS.obj (.text:_ti_sysbios_gates_GateHwi_leave__E)
                  0008b662    00000003     blink_cpu02_p28FP.o28FP (.text:_ti_sysbios_hal_Hwi_HwiProxy_Module__startupDone__S)
                  0008b665    00000003     blink_cpu02_p28FP.o28FP (.text:_ti_sysbios_hal_Hwi_HwiProxy_startup__E)
                  0008b668    00000003     blink_cpu02_p28FP.o28FP (.text:_ti_sysbios_hal_Hwi_HwiProxy_switchFromBootStack__E)
                  0008b66b    00000003     sysbios.a28FP : BIOS.obj (.text:_ti_sysbios_hal_Hwi_startup__E)
                  0008b66e    00000003     blink_cpu02_p28FP.o28FP (.text:_ti_sysbios_hal_Timer_Module__startupDone__S)
                  0008b671    00000003     blink_cpu02_p28FP.o28FP (.text:_ti_sysbios_hal_Timer_TimerProxy_Module__startupDone__S)
                  0008b674    00000003     blink_cpu02_p28FP.o28FP (.text:_ti_sysbios_hal_Timer_TimerProxy_startup__E)
                  0008b677    00000003     sysbios.a28FP : BIOS.obj (.text:_ti_sysbios_hal_Timer_startup__E)
                  0008b67a    00000003                   : BIOS.obj (.text:_ti_sysbios_knl_Idle_loop__E)
                  0008b67d    00000003                   : BIOS.obj (.text:_ti_sysbios_knl_Queue_Instance_init__F)
                  0008b680    00000003     blink_cpu02_p28FP.o28FP (.text:_ti_sysbios_knl_Task_SupportProxy_Module__startupDone__S)
                  0008b683    00000003     sysbios.a28FP : BIOS.obj (.text:_ti_sysbios_knl_Task_startup__E)
                  0008b686    00000003     blink_cpu02_p28FP.o28FP (.text:_xdc_runtime_Startup_reset__I)
                  0008b689    00000003     blink_cpu02_p28FP.o28FP (.text:_xdc_runtime_SysMin_ready__E)
                  0008b68c    00000003     ti.targets.rts2800.a28FP : System.o28FP (.text:_xdc_runtime_System_Module_startup__F)
                  0008b68f    00000003     blink_cpu02_p28FP.o28FP (.text:_xdc_runtime_System_SupportProxy_ready__E)
                  0008b692    00000002     blink_cpu02_p28FP.o28FP (.text:_ti_sysbios_family_c28_TaskSupport_Module__startupDone__S)
                  0008b694    00000002     sysbios.a28FP : BIOS.obj (.text:_ti_sysbios_gates_GateHwi_query__F)
                  0008b696    00000002                   : BIOS.obj (.text:_ti_sysbios_gates_GateMutex_query__F)
                  0008b698    00000002     ti.targets.rts2800.a28FP : Error.o28FP (.text:_xdc_runtime_Error_getSite__F)
                  0008b69a    00000001     blink_cpu02_p28FP.o28FP (.text:.bootCodeSection:_ti_catalog_c2800_initF2837x_Boot_init)
                  0008b69b    00000001     Boot.a28FP : Boot.o28FP (.text)
                  0008b69c    00000001     sysbios.a28FP : BIOS.obj (.text:_ti_sysbios_BIOS_nullFunc__I)
                  0008b69d    00000001                   : c28_Hwi_asm.obj (.text:_ti_sysbios_family_c28_Hwi_interruptReturn__I)
                  0008b69e    00000001                   : BIOS.obj (.text:_ti_sysbios_gates_GateHwi_Instance_init__F)

AdcaResultFile 
*          1    00000b00    00000018     UNINITIALIZED
                  00000b00    00000018     F2837xD_GlobalVariableDefsforBIOS.obj (AdcaResultFile)

AdcbResultFile 
*          1    00000b20    00000018     UNINITIALIZED
                  00000b20    00000018     F2837xD_GlobalVariableDefsforBIOS.obj (AdcbResultFile)

AdccResultFile 
*          1    00000b40    00000018     UNINITIALIZED
                  00000b40    00000018     F2837xD_GlobalVariableDefsforBIOS.obj (AdccResultFile)

AdcdResultFile 
*          1    00000b60    00000018     UNINITIALIZED
                  00000b60    00000018     F2837xD_GlobalVariableDefsforBIOS.obj (AdcdResultFile)

CpuTimer0RegsFile 
*          1    00000c00    00000008     UNINITIALIZED
                  00000c00    00000008     F2837xD_GlobalVariableDefsforBIOS.obj (CpuTimer0RegsFile)

CpuTimer1RegsFile 
*          1    00000c08    00000008     UNINITIALIZED
                  00000c08    00000008     F2837xD_GlobalVariableDefsforBIOS.obj (CpuTimer1RegsFile)

CpuTimer2RegsFile 
*          1    00000c10    00000008     UNINITIALIZED
                  00000c10    00000008     F2837xD_GlobalVariableDefsforBIOS.obj (CpuTimer2RegsFile)

PieCtrlRegsFile 
*          1    00000ce0    0000001a     UNINITIALIZED
                  00000ce0    0000001a     F2837xD_GlobalVariableDefsforBIOS.obj (PieCtrlRegsFile)

DmaRegsFile 
*          1    00001000    000000e0     UNINITIALIZED
                  00001000    000000e0     F2837xD_GlobalVariableDefsforBIOS.obj (DmaRegsFile)

Cla1RegsFile 
*          1    00001400    00000040     UNINITIALIZED
                  00001400    00000040     F2837xD_GlobalVariableDefsforBIOS.obj (Cla1RegsFile)

EPwm1RegsFile 
*          1    00004000    00000100     UNINITIALIZED
                  00004000    00000100     F2837xD_GlobalVariableDefsforBIOS.obj (EPwm1RegsFile)

EPwm2RegsFile 
*          1    00004100    00000100     UNINITIALIZED
                  00004100    00000100     F2837xD_GlobalVariableDefsforBIOS.obj (EPwm2RegsFile)

EPwm3RegsFile 
*          1    00004200    00000100     UNINITIALIZED
                  00004200    00000100     F2837xD_GlobalVariableDefsforBIOS.obj (EPwm3RegsFile)

EPwm4RegsFile 
*          1    00004300    00000100     UNINITIALIZED
                  00004300    00000100     F2837xD_GlobalVariableDefsforBIOS.obj (EPwm4RegsFile)

EPwm5RegsFile 
*          1    00004400    00000100     UNINITIALIZED
                  00004400    00000100     F2837xD_GlobalVariableDefsforBIOS.obj (EPwm5RegsFile)

EPwm6RegsFile 
*          1    00004500    00000100     UNINITIALIZED
                  00004500    00000100     F2837xD_GlobalVariableDefsforBIOS.obj (EPwm6RegsFile)

EPwm7RegsFile 
*          1    00004600    00000100     UNINITIALIZED
                  00004600    00000100     F2837xD_GlobalVariableDefsforBIOS.obj (EPwm7RegsFile)

EPwm8RegsFile 
*          1    00004700    00000100     UNINITIALIZED
                  00004700    00000100     F2837xD_GlobalVariableDefsforBIOS.obj (EPwm8RegsFile)

EPwm9RegsFile 
*          1    00004800    00000100     UNINITIALIZED
                  00004800    00000100     F2837xD_GlobalVariableDefsforBIOS.obj (EPwm9RegsFile)

EPwm10RegsFile 
*          1    00004900    00000100     UNINITIALIZED
                  00004900    00000100     F2837xD_GlobalVariableDefsforBIOS.obj (EPwm10RegsFile)

EPwm11RegsFile 
*          1    00004a00    00000100     UNINITIALIZED
                  00004a00    00000100     F2837xD_GlobalVariableDefsforBIOS.obj (EPwm11RegsFile)

EPwm12RegsFile 
*          1    00004b00    00000100     UNINITIALIZED
                  00004b00    00000100     F2837xD_GlobalVariableDefsforBIOS.obj (EPwm12RegsFile)

ECap1RegsFile 
*          1    00005000    00000020     UNINITIALIZED
                  00005000    00000020     F2837xD_GlobalVariableDefsforBIOS.obj (ECap1RegsFile)

ECap2RegsFile 
*          1    00005020    00000020     UNINITIALIZED
                  00005020    00000020     F2837xD_GlobalVariableDefsforBIOS.obj (ECap2RegsFile)

ECap3RegsFile 
*          1    00005040    00000020     UNINITIALIZED
                  00005040    00000020     F2837xD_GlobalVariableDefsforBIOS.obj (ECap3RegsFile)

ECap4RegsFile 
*          1    00005060    00000020     UNINITIALIZED
                  00005060    00000020     F2837xD_GlobalVariableDefsforBIOS.obj (ECap4RegsFile)

ECap5RegsFile 
*          1    00005080    00000020     UNINITIALIZED
                  00005080    00000020     F2837xD_GlobalVariableDefsforBIOS.obj (ECap5RegsFile)

ECap6RegsFile 
*          1    000050a0    00000020     UNINITIALIZED
                  000050a0    00000020     F2837xD_GlobalVariableDefsforBIOS.obj (ECap6RegsFile)

EQep1RegsFile 
*          1    00005100    00000022     UNINITIALIZED
                  00005100    00000022     F2837xD_GlobalVariableDefsforBIOS.obj (EQep1RegsFile)

EQep2RegsFile 
*          1    00005140    00000022     UNINITIALIZED
                  00005140    00000022     F2837xD_GlobalVariableDefsforBIOS.obj (EQep2RegsFile)

EQep3RegsFile 
*          1    00005180    00000022     UNINITIALIZED
                  00005180    00000022     F2837xD_GlobalVariableDefsforBIOS.obj (EQep3RegsFile)

DacaRegsFile 
*          1    00005c00    00000008     UNINITIALIZED
                  00005c00    00000008     F2837xD_GlobalVariableDefsforBIOS.obj (DacaRegsFile)

DacbRegsFile 
*          1    00005c10    00000008     UNINITIALIZED
                  00005c10    00000008     F2837xD_GlobalVariableDefsforBIOS.obj (DacbRegsFile)

DaccRegsFile 
*          1    00005c20    00000008     UNINITIALIZED
                  00005c20    00000008     F2837xD_GlobalVariableDefsforBIOS.obj (DaccRegsFile)

Cmpss1RegsFile 
*          1    00005c80    00000020     UNINITIALIZED
                  00005c80    00000020     F2837xD_GlobalVariableDefsforBIOS.obj (Cmpss1RegsFile)

Cmpss2RegsFile 
*          1    00005ca0    00000020     UNINITIALIZED
                  00005ca0    00000020     F2837xD_GlobalVariableDefsforBIOS.obj (Cmpss2RegsFile)

Cmpss3RegsFile 
*          1    00005cc0    00000020     UNINITIALIZED
                  00005cc0    00000020     F2837xD_GlobalVariableDefsforBIOS.obj (Cmpss3RegsFile)

Cmpss4RegsFile 
*          1    00005ce0    00000020     UNINITIALIZED
                  00005ce0    00000020     F2837xD_GlobalVariableDefsforBIOS.obj (Cmpss4RegsFile)

Cmpss5RegsFile 
*          1    00005d00    00000020     UNINITIALIZED
                  00005d00    00000020     F2837xD_GlobalVariableDefsforBIOS.obj (Cmpss5RegsFile)

Cmpss6RegsFile 
*          1    00005d20    00000020     UNINITIALIZED
                  00005d20    00000020     F2837xD_GlobalVariableDefsforBIOS.obj (Cmpss6RegsFile)

Cmpss7RegsFile 
*          1    00005d40    00000020     UNINITIALIZED
                  00005d40    00000020     F2837xD_GlobalVariableDefsforBIOS.obj (Cmpss7RegsFile)

Cmpss8RegsFile 
*          1    00005d60    00000020     UNINITIALIZED
                  00005d60    00000020     F2837xD_GlobalVariableDefsforBIOS.obj (Cmpss8RegsFile)

Sdfm1RegsFile 
*          1    00005e00    00000080     UNINITIALIZED
                  00005e00    00000080     F2837xD_GlobalVariableDefsforBIOS.obj (Sdfm1RegsFile)

Sdfm2RegsFile 
*          1    00005e80    00000080     UNINITIALIZED
                  00005e80    00000080     F2837xD_GlobalVariableDefsforBIOS.obj (Sdfm2RegsFile)

McbspaRegsFile 
*          1    00006000    00000024     UNINITIALIZED
                  00006000    00000024     F2837xD_GlobalVariableDefsforBIOS.obj (McbspaRegsFile)

McbspbRegsFile 
*          1    00006040    00000024     UNINITIALIZED
                  00006040    00000024     F2837xD_GlobalVariableDefsforBIOS.obj (McbspbRegsFile)

SpiaRegsFile 
*          1    00006100    00000010     UNINITIALIZED
                  00006100    00000010     F2837xD_GlobalVariableDefsforBIOS.obj (SpiaRegsFile)

SpibRegsFile 
*          1    00006110    00000010     UNINITIALIZED
                  00006110    00000010     F2837xD_GlobalVariableDefsforBIOS.obj (SpibRegsFile)

SpicRegsFile 
*          1    00006120    00000010     UNINITIALIZED
                  00006120    00000010     F2837xD_GlobalVariableDefsforBIOS.obj (SpicRegsFile)

SpidRegsFile 
*          1    00006130    00000010     UNINITIALIZED
                  00006130    00000010     F2837xD_GlobalVariableDefsforBIOS.obj (SpidRegsFile)

WdRegsFile 
*          1    00007000    0000002b     UNINITIALIZED
                  00007000    0000002b     F2837xD_GlobalVariableDefsforBIOS.obj (WdRegsFile)

NmiIntruptRegsFile 
*          1    00007060    00000007     UNINITIALIZED
                  00007060    00000007     F2837xD_GlobalVariableDefsforBIOS.obj (NmiIntruptRegsFile)

XintRegsFile 
*          1    00007070    0000000b     UNINITIALIZED
                  00007070    0000000b     F2837xD_GlobalVariableDefsforBIOS.obj (XintRegsFile)

SciaRegsFile 
*          1    00007200    00000010     UNINITIALIZED
                  00007200    00000010     F2837xD_GlobalVariableDefsforBIOS.obj (SciaRegsFile)

ScibRegsFile 
*          1    00007210    00000010     UNINITIALIZED
                  00007210    00000010     F2837xD_GlobalVariableDefsforBIOS.obj (ScibRegsFile)

ScicRegsFile 
*          1    00007220    00000010     UNINITIALIZED
                  00007220    00000010     F2837xD_GlobalVariableDefsforBIOS.obj (ScicRegsFile)

ScidRegsFile 
*          1    00007230    00000010     UNINITIALIZED
                  00007230    00000010     F2837xD_GlobalVariableDefsforBIOS.obj (ScidRegsFile)

I2caRegsFile 
*          1    00007300    00000022     UNINITIALIZED
                  00007300    00000022     F2837xD_GlobalVariableDefsforBIOS.obj (I2caRegsFile)

I2cbRegsFile 
*          1    00007340    00000022     UNINITIALIZED
                  00007340    00000022     F2837xD_GlobalVariableDefsforBIOS.obj (I2cbRegsFile)

AdcaRegsFile 
*          1    00007400    00000080     UNINITIALIZED
                  00007400    00000080     F2837xD_GlobalVariableDefsforBIOS.obj (AdcaRegsFile)

AdcbRegsFile 
*          1    00007480    00000080     UNINITIALIZED
                  00007480    00000080     F2837xD_GlobalVariableDefsforBIOS.obj (AdcbRegsFile)

AdccRegsFile 
*          1    00007500    00000080     UNINITIALIZED
                  00007500    00000080     F2837xD_GlobalVariableDefsforBIOS.obj (AdccRegsFile)

AdcdRegsFile 
*          1    00007580    00000080     UNINITIALIZED
                  00007580    00000080     F2837xD_GlobalVariableDefsforBIOS.obj (AdcdRegsFile)

DmaClaSrcSelRegsFile 
*          1    00007980    0000001a     UNINITIALIZED
                  00007980    0000001a     F2837xD_GlobalVariableDefsforBIOS.obj (DmaClaSrcSelRegsFile)

GpioDataRegsFile 
*          1    00007f00    00000030     UNINITIALIZED
                  00007f00    00000030     F2837xD_GlobalVariableDefsforBIOS.obj (GpioDataRegsFile)

.ebss      1    00008000    00001a00     UNINITIALIZED
                  00008000    00001103     blink_cpu02_p28FP.o28FP (.ebss:taskStackSection)
                  00009103    00000008     rts2800_fpu32.lib : trgdrv.obj (.ebss)
                  0000910b    00000001     --HOLE--
                  0000910c    00000004                       : _lock.obj (.ebss)
                  00009110    00000004                       : exit.obj (.ebss)
                  00009114    00000002     blink_cpu02.obj (.ebss)
                  00009116    00000002     rts2800_fpu32.lib : sinit.obj (.ebss)
                  00009118    00000028     --HOLE--
                  00009140    000007c0     blink_cpu02_p28FP.o28FP (.ebss)
                  00009900    00000100     rts2800_fpu32.lib : atexit.obj (.ebss)

.stack     1    00009a00    00001000     UNINITIALIZED
                  00009a00    00001000     --HOLE--

.cio       1    0000aa40    00000120     UNINITIALIZED
                  0000aa40    00000120     rts2800_fpu32.lib : ankmsg.obj (.cio)

Emif1RegsFile 
*          1    00047000    00000070     UNINITIALIZED
                  00047000    00000070     F2837xD_GlobalVariableDefsforBIOS.obj (Emif1RegsFile)

Emif2RegsFile 
*          1    00047800    00000070     UNINITIALIZED
                  00047800    00000070     F2837xD_GlobalVariableDefsforBIOS.obj (Emif2RegsFile)

DcanaRegsFile 
*          1    00048000    00000200     UNINITIALIZED
                  00048000    00000200     F2837xD_GlobalVariableDefsforBIOS.obj (DcanaRegsFile)

DcanbRegsFile 
*          1    0004a000    00000200     UNINITIALIZED
                  0004a000    00000200     F2837xD_GlobalVariableDefsforBIOS.obj (DcanbRegsFile)

IpcRegsFile 
*          1    00050000    00000026     UNINITIALIZED
                  00050000    00000026     F2837xD_GlobalVariableDefsforBIOS.obj (IpcRegsFile)

ClkCfgRegsFile 
*          1    0005d200    00000032     UNINITIALIZED
                  0005d200    00000032     F2837xD_GlobalVariableDefsforBIOS.obj (ClkCfgRegsFile)

CpuSysRegsFile 
*          1    0005d300    00000082     UNINITIALIZED
                  0005d300    00000082     F2837xD_GlobalVariableDefsforBIOS.obj (CpuSysRegsFile)

HwbistRegsFile 
*          1    0005e000    000000a2     UNINITIALIZED
                  0005e000    000000a2     F2837xD_GlobalVariableDefsforBIOS.obj (HwbistRegsFile)

DcsmRegsZ1File 
*          1    0005f000    00000024     UNINITIALIZED
                  0005f000    00000024     F2837xD_GlobalVariableDefsforBIOS.obj (DcsmRegsZ1File)

DcsmRegsZ2File 
*          1    0005f040    00000024     UNINITIALIZED
                  0005f040    00000024     F2837xD_GlobalVariableDefsforBIOS.obj (DcsmRegsZ2File)

DcsmRegsCommonFile 
*          1    0005f070    00000008     UNINITIALIZED
                  0005f070    00000008     F2837xD_GlobalVariableDefsforBIOS.obj (DcsmRegsCommonFile)

MemCfgRegsFile 
*          1    0005f400    00000080     UNINITIALIZED
                  0005f400    00000080     F2837xD_GlobalVariableDefsforBIOS.obj (MemCfgRegsFile)

Emif1ConfigRegsFile 
*          1    0005f480    00000020     UNINITIALIZED
                  0005f480    00000020     F2837xD_GlobalVariableDefsforBIOS.obj (Emif1ConfigRegsFile)

AccessProtectionRegsFile 
*          1    0005f4c0    00000040     UNINITIALIZED
                  0005f4c0    00000040     F2837xD_GlobalVariableDefsforBIOS.obj (AccessProtectionRegsFile)

MemoryErrorRegsFile 
*          1    0005f500    00000040     UNINITIALIZED
                  0005f500    00000040     F2837xD_GlobalVariableDefsforBIOS.obj (MemoryErrorRegsFile)

FlashCtrlRegsFile 
*          1    0005f800    00000182     UNINITIALIZED
                  0005f800    00000182     F2837xD_GlobalVariableDefsforBIOS.obj (FlashCtrlRegsFile)

FlashEccRegsFile 
*          1    0005fb00    00000028     UNINITIALIZED
                  0005fb00    00000028     F2837xD_GlobalVariableDefsforBIOS.obj (FlashEccRegsFile)

DcsmOtpZ2File 
*          1    00078000    0000001a     UNINITIALIZED
                  00078000    0000001a     F2837xD_GlobalVariableDefsforBIOS.obj (DcsmOtpZ2File)

DcsmOtpZ1File 
*          1    00078200    0000001a     UNINITIALIZED
                  00078200    0000001a     F2837xD_GlobalVariableDefsforBIOS.obj (DcsmOtpZ1File)


GLOBAL DATA SYMBOLS: SORTED BY DATA PAGE

address     data page           name
--------    ----------------    ----
00000000       0 (00000000)     ___ISA__
00000013       0 (00000000)     ___TARG__
00000037       0 (00000000)     ___PLAT__

0000005d       1 (00000040)     ___TRDR__

00000084       2 (00000080)     ___ASM__

00000b00      2c (00000b00)     _AdcaResultRegs
00000b20      2c (00000b00)     _AdcbResultRegs

00000b40      2d (00000b40)     _AdccResultRegs
00000b60      2d (00000b40)     _AdcdResultRegs

00000c00      30 (00000c00)     _CpuTimer0Regs
00000c08      30 (00000c00)     _CpuTimer1Regs
00000c10      30 (00000c00)     _CpuTimer2Regs

00000ce0      33 (00000cc0)     _Cla1SoftIntRegs
00000ce0      33 (00000cc0)     _PieCtrlRegs

00001000      40 (00001000)     _DmaRegs

00001400      50 (00001400)     _Cla1Regs

00004000     100 (00004000)     _EPwm1Regs

00004100     104 (00004100)     _EPwm2Regs

00004200     108 (00004200)     _EPwm3Regs

00004300     10c (00004300)     _EPwm4Regs

00004400     110 (00004400)     _EPwm5Regs

00004500     114 (00004500)     _EPwm6Regs

00004600     118 (00004600)     _EPwm7Regs

00004700     11c (00004700)     _EPwm8Regs

00004800     120 (00004800)     _EPwm9Regs

00004900     124 (00004900)     _EPwm10Regs

00004a00     128 (00004a00)     _EPwm11Regs

00004b00     12c (00004b00)     _EPwm12Regs

00005000     140 (00005000)     _ECap1Regs
00005020     140 (00005000)     _ECap2Regs

00005040     141 (00005040)     _ECap3Regs
00005060     141 (00005040)     _ECap4Regs

00005080     142 (00005080)     _ECap5Regs
000050a0     142 (00005080)     _ECap6Regs

00005100     144 (00005100)     _EQep1Regs

00005140     145 (00005140)     _EQep2Regs

00005180     146 (00005180)     _EQep3Regs

00005c00     170 (00005c00)     _DacaRegs
00005c10     170 (00005c00)     _DacbRegs
00005c20     170 (00005c00)     _DaccRegs

00005c80     172 (00005c80)     _Cmpss1Regs
00005ca0     172 (00005c80)     _Cmpss2Regs

00005cc0     173 (00005cc0)     _Cmpss3Regs
00005ce0     173 (00005cc0)     _Cmpss4Regs

00005d00     174 (00005d00)     _Cmpss5Regs
00005d20     174 (00005d00)     _Cmpss6Regs

00005d40     175 (00005d40)     _Cmpss7Regs
00005d60     175 (00005d40)     _Cmpss8Regs

00005e00     178 (00005e00)     _Sdfm1Regs

00005e80     17a (00005e80)     _Sdfm2Regs

00006000     180 (00006000)     _McbspaRegs

00006040     181 (00006040)     _McbspbRegs

00006100     184 (00006100)     _SpiaRegs
00006110     184 (00006100)     _SpibRegs
00006120     184 (00006100)     _SpicRegs
00006130     184 (00006100)     _SpidRegs

00007000     1c0 (00007000)     _WdRegs

00007060     1c1 (00007040)     _NmiIntruptRegs
00007070     1c1 (00007040)     _XintRegs

00007200     1c8 (00007200)     _SciaRegs
00007210     1c8 (00007200)     _ScibRegs
00007220     1c8 (00007200)     _ScicRegs
00007230     1c8 (00007200)     _ScidRegs

00007300     1cc (00007300)     _I2caRegs

00007340     1cd (00007340)     _I2cbRegs

00007400     1d0 (00007400)     _AdcaRegs

00007480     1d2 (00007480)     _AdcbRegs

00007500     1d4 (00007500)     _AdccRegs

00007580     1d6 (00007580)     _AdcdRegs

[...]
00081b36   _xdc_runtime_Assert_E_assertFailed__C
00081b38   _xdc_runtime_Core_A_initializedParams__C
00081b3a   _xdc_runtime_Core_Module__diagsEnabled__C
00081b3c   _xdc_runtime_Core_Module__diagsIncluded__C
00081b3e   _xdc_runtime_Core_Module__diagsMask__C
00081b40   _xdc_runtime_Error_E_memory__C
00081b42   _xdc_runtime_Error_Module__diagsEnabled__C
00081b44   _xdc_runtime_Error_Module__diagsIncluded__C
00081b46   _xdc_runtime_Error_Module__diagsMask__C
00081b48   _xdc_runtime_Error_Module__loggerFxn8__C
00081b4a   _xdc_runtime_Error_Module__loggerObj__C
00081b4c   _xdc_runtime_Error_raiseHook__C
00081b4e   _xdc_runtime_IGateProvider_Interface__BASE__C
00081b50   _xdc_runtime_IHeap_Interface__BASE__C
00081b52   _xdc_runtime_IModule_Interface__BASE__C
00081b54   _xdc_runtime_Log_L_error__C
00081b56   _xdc_runtime_Memory_defaultHeapInstance__C
00081b58   _xdc_runtime_Startup_execImpl__C
00081b5a   _xdc_runtime_Startup_lastFxns__A
00081b5c   _xdc_runtime_Startup_sfxnRts__C
00081b5e   _xdc_runtime_Startup_sfxnTab__C
00081b60   _xdc_runtime_Startup_startModsFxn__C
00081b62   _xdc_runtime_SysMin_bufSize__C
00081b64   _xdc_runtime_SysMin_outputFunc__C
00081b66   _xdc_runtime_System_Module__gateObj__C
00081b68   _xdc_runtime_System_extendFxn__C
00081b6a   _xdc_runtime_Text_charTab__C
00081b6c   _xdc_runtime_Text_nameEmpty__C
00081b6e   _xdc_runtime_Text_nameStatic__C
00081b70   _xdc_runtime_Text_nameUnknown__C
00081b72   _xdc_runtime_Text_nodeTab__C
00081b74   _xdc_runtime_Text_visitRopeFxn__C
00081b76   _ti_sysbios_gates_GateMutex_Module__id__C
00081b77   _ti_sysbios_hal_Hwi_Module__id__C
00081b78   _ti_sysbios_heaps_HeapMem_Module__id__C
00081b79   _ti_sysbios_heaps_HeapMem_Object__count__C
00081b7a   _ti_sysbios_knl_Clock_Module__id__C
00081b7b   _ti_sysbios_knl_Clock_Module__loggerDefined__C
00081b7c   _ti_sysbios_knl_Idle_coreList__A
00081b7d   _ti_sysbios_knl_Queue_Object__count__C
00081b7e   _ti_sysbios_knl_Semaphore_Module__id__C
00081b7f   _ti_sysbios_knl_Semaphore_Module__loggerDefined__C
00081b80   _ti_sysbios_knl_Swi_Module__id__C
00081b81   _ti_sysbios_knl_Swi_Module__loggerDefined__C
00081b82   _ti_sysbios_knl_Swi_Object__count__C
00081b83   _ti_sysbios_knl_Task_Module__id__C
00081b84   _ti_sysbios_knl_Task_Module__loggerDefined__C
00081b85   _ti_sysbios_knl_Task_Object__count__C
00081b86   _ti_sysbios_knl_Task_initStackFlag__C
00081b87   _ti_sysbios_knl_Task_numConstructedTasks__C
00081b88   _xdc_runtime_Core_Module__id__C
00081b89   _xdc_runtime_Error_Module__loggerDefined__C
00081b8a   _xdc_runtime_Error_maxDepth__C
00081b8b   _xdc_runtime_Error_policy__C
00081b8c   _xdc_runtime_Memory_Module__id__C
00081b8d   _xdc_runtime_Startup_maxPasses__C
00081b8e   _xdc_runtime_SysMin_flushAtExit__C
00081b8f   _xdc_runtime_System_maxAtexitHandlers__C
00081b90   _xdc_runtime_Text_charCnt__C
00081b91   _xdc_runtime_Text_isLoaded__C
00081b92   _xdc_runtime_Text_registryModsLastId__C
00081b93   _xdc_runtime_Text_unnamedModsLastId__C
00081b94   ___cinit__
00081b94   cinit
00088000   .text
00088000   _TIMER1_ISR
00088000   ___text__
0008800a   _TIMER2_ISR
00088014   _DATALOG_ISR
0008801e   _RTOS_ISR
00088028   _EMU_ISR
00088032   _NMI_ISR
0008803c   _ILLEGAL_ISR
00088046   _USER1_ISR
00088050   _USER2_ISR
0008805a   _USER3_ISR
00088064   _USER4_ISR
0008806e   _USER5_ISR
00088078   _USER6_ISR
00088082   _USER7_ISR
0008808c   _USER8_ISR
00088096   _USER9_ISR
000880a0   _USER10_ISR
000880aa   _USER11_ISR
000880b4   _USER12_ISR
000880be   _ADCA1_ISR
000880c8   _ADCB1_ISR
000880d2   _ADCC1_ISR
000880dc   _XINT1_ISR
000880e6   _XINT2_ISR
000880f0   _ADCD1_ISR
000880fa   _TIMER0_ISR
00088104   _WAKE_ISR
0008810e   _EPWM1_TZ_ISR
00088118   _EPWM2_TZ_ISR
00088122   _EPWM3_TZ_ISR
0008812c   _EPWM4_TZ_ISR
00088136   _EPWM5_TZ_ISR
00088140   _EPWM6_TZ_ISR
0008814a   _EPWM7_TZ_ISR
00088154   _EPWM8_TZ_ISR
0008815e   _EPWM1_ISR
00088168   _EPWM2_ISR
00088172   _EPWM3_ISR
0008817c   _EPWM4_ISR
00088186   _EPWM5_ISR
00088190   _EPWM6_ISR
0008819a   _EPWM7_ISR
000881a4   _EPWM8_ISR
000881ae   _ECAP1_ISR
000881b8   _ECAP2_ISR
000881c2   _ECAP3_ISR
000881cc   _ECAP4_ISR
000881d6   _ECAP5_ISR
000881e0   _ECAP6_ISR
000881ea   _EQEP1_ISR
000881f4   _EQEP2_ISR
000881fe   _EQEP3_ISR
00088208   _SPIA_RX_ISR
00088212   _SPIA_TX_ISR
0008821c   _SPIB_RX_ISR
00088226   _SPIB_TX_ISR
00088230   _MCBSPA_RX_ISR
0008823a   _MCBSPA_TX_ISR
00088244   _MCBSPB_RX_ISR
0008824e   _MCBSPB_TX_ISR
00088258   _DMA_CH1_ISR
00088262   _DMA_CH2_ISR
0008826c   _DMA_CH3_ISR
00088276   _DMA_CH4_ISR
00088280   _DMA_CH5_ISR
0008828a   _DMA_CH6_ISR
00088294   _I2CA_ISR
0008829e   _I2CA_FIFO_ISR
000882a8   _I2CB_ISR
000882b2   _I2CB_FIFO_ISR
000882bc   _SCIC_RX_ISR
000882c6   _SCIC_TX_ISR
000882d0   _SCID_RX_ISR
000882da   _SCID_TX_ISR
000882e4   _SCIA_RX_ISR
000882ee   _SCIA_TX_ISR
000882f8   _SCIB_RX_ISR
00088302   _SCIB_TX_ISR
0008830c   _DCANA_1_ISR
00088316   _DCANA_2_ISR
00088320   _DCANB_1_ISR
0008832a   _DCANB_2_ISR
00088334   _ADCA_EVT_ISR
0008833e   _ADCA2_ISR
00088348   _ADCA3_ISR
00088352   _ADCA4_ISR
0008835c   _ADCB_EVT_ISR
00088366   _ADCB2_ISR
00088370   _ADCB3_ISR
0008837a   _ADCB4_ISR
00088384   _CLA1_1_ISR
0008838e   _CLA1_2_ISR
00088398   _CLA1_3_ISR
000883a2   _CLA1_4_ISR
000883ac   _CLA1_5_ISR
000883b6   _CLA1_6_ISR
000883c0   _CLA1_7_ISR
000883ca   _CLA1_8_ISR
000883d4   _XINT3_ISR
000883de   _XINT4_ISR
000883e8   _XINT5_ISR
000883f2   _PBIST_ISR
000883fc   _VCU_ISR
00088406   _FPU_OVERFLOW_ISR
00088410   _FPU_UNDERFLOW_ISR
0008841a   _IPC1_ISR
00088424   _IPC2_ISR
0008842e   _IPC3_ISR
00088438   _IPC4_ISR
00088442   _EPWM9_TZ_ISR
0008844c   _EPWM10_TZ_ISR
00088456   _EPWM11_TZ_ISR
00088460   _EPWM12_TZ_ISR
0008846a   _EPWM9_ISR
00088474   _EPWM10_ISR
0008847e   _EPWM11_ISR
00088488   _EPWM12_ISR
00088492   _SD1_ISR
0008849c   _SD2_ISR
000884a6   _SPIC_RX_ISR
000884b0   _SPIC_TX_ISR
000884ba   _ADCC_EVT_ISR
000884c4   _ADCC2_ISR
000884ce   _ADCC3_ISR
000884d8   _ADCC4_ISR
000884e2   _ADCD_EVT_ISR
000884ec   _ADCD2_ISR
000884f6   _ADCD3_ISR
00088500   _ADCD4_ISR
0008850a   _EMIF_ERROR_ISR
00088514   _RAM_CORRECTABLE_ERROR_ISR
0008851e   _FLASH_CORRECTABLE_ERROR_ISR
00088528   _RAM_ACCESS_VIOLATION_ISR
00088532   _SYS_PLL_SLIP_ISR
0008853c   _AUX_PLL_SLIP_ISR
00088546   _CLA_OVERFLOW_ISR
00088550   _CLA_UNDERFLOW_ISR
0008855a   _PIE_RESERVED_ISR
00088564   _EMPTY_ISR
00088571   _NOTUSED_ISR
0008857b   _xdc_runtime_System_doPrint__I
000887da   _InitSysCtrl
000887e8   _InitPeripheralClocks
0008886c   _ServiceDog
0008887a   _DisableDog
00088888   _InitSysPll
00088905   _InitAuxPll
00088972   _CsmUnlock
00088993   _SysIntOsc1Sel
000889a1   _SysIntOsc2Sel
000889ad   _SysXtalOscSel
000889bb   _AuxIntOsc2Sel
000889c5   _AuxXtalOscSel
000889d1   _AuxAuxClkSel
000889db   _IDLE
000889e4   _STANDBY
000889ef   _HALT
000889f2   _HIB
000889f5   _HOSTwrite
00088a2c   _HOSTunlink
00088a54   _HOSTtime
00088a7f   _HOSTrename
00088abd   _HOSTread
00088afb   _HOSTopen
00088b3a   _HOSTlseek
00088b87   _HOSTgetenv
00088bb1   _HOSTclose
00088bdb   _HOSTclock
00088c06   _ti_sysbios_heaps_HeapMem_free__E
00088dde   _ti_sysbios_heaps_HeapMem_alloc__E
00088fae   _ti_sysbios_knl_Semaphore_pend__E
0008917b   _clkfunc
00089180   _main
000892d4   _xdc_runtime_System_printfExtend__I
000893de   LL$$DIV
0008941a   LL$$MOD
00089454   ULL$$DIV
00089483   ULL$$MOD
000894e5   _ti_sysbios_heaps_HeapMem_Instance_init__F
000895ea   _ti_sysbios_family_c28_Hwi_clearInterrupt__E
000896d1   _xdc_runtime_Core_createObject__I
000897a8   _InitIpc
000897b6   _ReadIpcTimer
000897ca   _SendIpcData
000897e1   _RecvIpcData
000897f2   _FillIpcSendData
000897fd   _SendIpcCommand
0008980f   _SendIpcFlag
00089819   _AckIpcFlag
00089823   _CancelIpcFlag
0008982d   _WaitForIpcFlag
0008983b   _WaitForIpcAck
00089849   _IpcSync
00089858   _SeizeFlashPump
00089867   _ReleaseFlashPump
00089871   _ti_sysbios_knl_Semaphore_post__E
00089934   _ti_sysbios_family_c28_Hwi_dispatchCore__I
000899f4   _ti_sysbios_knl_Clock_workFunc__E
00089ab1   _xdc_runtime_Error_raiseX__F
00089b6c   _ti_sysbios_knl_Swi_run__I
00089c1e   _ti_sysbios_family_c28_Hwi_dispatchTable
00089c7b   _ti_sysbios_family_c28_Hwi_dispatchPie
00089cb8   _ti_sysbios_family_c28_Hwi_enableInterrupt__E
00089d4a   ___TI_writemsg
00089d9a   C$$IO$$
00089d9e   ___TI_readmsg
00089dd8   _ti_sysbios_knl_Task_startCore__E
00089e62   _ti_sysbios_family_c28_Hwi_disableInterrupt__E
00089ee9   _ti_sysbios_family_c28_Hwi_disablePIEIER__E
00089f6f   _ti_sysbios_knl_Task_schedule__I
00089ff3   _ti_sysbios_family_c28_Hwi_enablePIEIER__E
0008a076   _xdc_runtime_Startup_startMods__I
0008a0f3   _xdc_runtime_Text_putSite__F
0008a16e   _ti_sysbios_family_c28_Timer_stopAndClear__I
0008a1e6   _ti_sysbios_knl_Semaphore_Instance_init__F
0008a25b   _ti_sysbios_gates_GateMutex_enter__E
0008a2cf   _ti_sysbios_knl_Task_exit__E
0008a33f   _ti_sysbios_knl_Task_postInit__I
0008a3af   _ti_sysbios_knl_Task_unblockI__E
0008a41f   _ti_catalog_c2800_initF2837x_Boot_initSharedRAMs
0008a427   _ti_catalog_c2800_initF2837x_Boot_disableWatchdog
0008a42f   _ti_catalog_c2800_initF2837x_Boot_configurePllDivs
0008a46d   _ti_catalog_c2800_initF2837x_Boot_bootCPU2
0008a48c   _ti_sysbios_knl_Task_checkStacks__E
0008a4f9   _ti_sysbios_knl_Task_blockI__E
0008a55f   _c_int00
0008a5c2   _ti_sysbios_knl_Swi_post__E
0008a624   _xdc_runtime_Core_deleteObject__I
0008a675   _xdc_runtime_Memory_alloc__F
0008a6c3   _xdc_runtime_Text_putLab__F
0008a70f   _ti_sysbios_family_c28_Hwi_Module_startup__F
0008a757   _ti_sysbios_knl_Task_Module_startup__F
0008a79f   _far_copy_in
0008a7e5   _xdc_runtime_Core_assignParams__I
0008a827   _ti_sysbios_family_c28_Hwi_unPluggedInterrupt__I
0008a868   _xdc_runtime_System_formatNum__I
0008a8a8   _ti_sysbios_family_c28_TaskSupport_start__E
0008a8e6   _GPIO_ReadPin
0008a8fd   _GPIO_WritePin
0008a91c   _GPIO_SelectIpcInt
0008a922   _xdc_runtime_Text_putMod__F
0008a95c   _xdc_runtime_Text_visitRope2__I
0008a995   _ti_sysbios_knl_Clock_logTick__E
0008a9cd   _ti_sysbios_knl_Swi_restoreHwi__E
0008aa04   _ti_sysbios_BIOS_rtsUnlock__I
0008aa3a   _xdc_runtime_Error_print__F
0008aa70   _ti_sysbios_family_c28_Timer_postInit__I
0008aaa5   _xdc_runtime_Startup_exec__F
0008aada   _ti_sysbios_family_c28_Timer_start__E
0008ab0c   _xdc_runtime_Assert_raise__I
0008ab3e   _ti_sysbios_knl_Swi_runLoop__I
0008ab6c   _ti_sysbios_knl_Swi_schedule__I
0008ab9a   _ti_sysbios_family_c28_Hwi_getStackInfo__E
0008abc7   _ti_sysbios_heaps_HeapMem_getStats__E
0008abf4   _ti_sysbios_heaps_HeapMem_init__I
0008ac21   _xdc_runtime_Text_xprintf__I
0008ac4b   _xdc_runtime_SysMin_flush__F
0008ac8d   ___add_dtor
0008ac9a   _ti_sysbios_family_c28_Timer_setPrescale__F
0008acc0   _atexit
0008ace6   _ti_sysbios_family_c28_TaskSupport_buildTaskStack
0008ad0b   _ti_sysbios_knl_Semaphore_Object__create__S
0008ad2f   _ti_sysbios_BIOS_errorRaiseHook__I
0008ad51   _ti_sysbios_family_c28_Timer_setPeriod__E
0008ad73   _ti_sysbios_knl_Semaphore_pendTimeout__I
0008ad95   _xdc_runtime_System_rtsExit__I
0008adb7   _ti_sysbios_knl_Idle_run__E
0008add8   _ti_sysbios_knl_Task_allBlockedFunction__I
0008adf9   _xdc_runtime_System_atexit__F
0008ae1a   ___memcpy_ff
0008ae3b   _ti_sysbios_gates_GateHwi_Object__create__S
0008ae5b   _ti_sysbios_gates_GateMutex_Object__create__S
0008ae7b   _ti_sysbios_heaps_HeapMem_Object__create__S
0008ae9b   _ti_sysbios_knl_Queue_Object__create__S
0008aebb   _ti_sysbios_knl_Clock_addI__E
0008aeda   _xdc_runtime_SysMin_putch__F
0008aef8   _ti_sysbios_family_c28_TaskSupport_swap__E
0008af15   _ti_sysbios_family_c28_Hwi_Object__get__S
0008af31   _ti_sysbios_knl_Queue_Object__get__S
0008af4d   _ti_sysbios_family_c28_Hwi_switchAndDispatch__I
0008af68   _xdc_runtime_SysMin_output__I
0008af83   _ti_sysbios_hal_Hwi_checkStack
0008af9e   _ti_sysbios_gates_GateMutex_Instance_init__F
0008afb8   _xdc_runtime_Core_assignLabel__I
0008afd2   _ddcopy
0008afd2   _dpcopy
0008afd2   _pdcopy
0008afd2   _ppcopy
0008afec   _ti_sysbios_hal_Hwi_initStack
0008b006   _ti_sysbios_BIOS_exit__E
0008b01f   _ti_sysbios_heaps_HeapMem_Object__get__S
0008b038   _ti_sysbios_knl_Swi_Object__get__S
0008b051   _ti_sysbios_knl_Swi_restore__E
0008b06a   _ti_sysbios_knl_Task_Object__get__S
0008b083   _xdc_runtime_Memory_valloc__F
0008b09c   _xdc_runtime_System_aprintf_va__F
0008b09c   _xdc_runtime_System_avprintf__F
0008b0b5   _xdc_runtime_System_putchar__I
0008b0ce   __args_main
0008b0e7   C$$EXIT
0008b0e7   _abort
0008b0e9   _exit
0008b100   _ti_sysbios_knl_Task_processVitalTaskFlag__I
0008b118   _xdc_runtime_System_printf_va__F
0008b118   _xdc_runtime_System_vprintf__F
0008b130   _xdc_runtime_Text_printVisFxn__I
0008b148   LL$$AND
0008b150   LL$$OR
0008b158   LL$$XOR
0008b160   _ti_sysbios_BIOS_exitFunc__I
0008b177   _ti_sysbios_knl_Clock_doTick__I
0008b18e   _xdc_runtime_SysMin_abort__F
0008b1a5   _ti_sysbios_family_c28_Timer_Module_startup__F
0008b1bb   _ti_sysbios_family_c28_Timer_startup__E
0008b1d1   _ti_sysbios_knl_Task_restore__E
0008b1e7   _ti_sysbios_knl_Swi_Module_startup__F
0008b1fc   _xdc_runtime_Text_cordText__F
0008b211   _ti_sysbios_gates_GateMutex_Object__delete__S
0008b224   _ti_sysbios_knl_Clock_Module_startup__F
0008b237   _ti_sysbios_family_c28_Hwi_disableIER__E
0008b249   _ti_sysbios_gates_GateHwi_Object__delete__S
0008b25b   _ti_sysbios_heaps_HeapMem_Object__delete__S
0008b26d   _ti_sysbios_gates_GateHwi_Handle__label__S
0008b27e   _ti_sysbios_gates_GateMutex_Handle__label__S
0008b28f   _ti_sysbios_heaps_HeapMem_Handle__label__S
0008b2a0   _ti_sysbios_BIOS_rtsLock__I
0008b2b0   _ti_sysbios_family_c28_Hwi_enableIER__E
0008b2c0   _ti_sysbios_knl_Task_restoreHwi__E
0008b2d0   _ti_sysbios_BIOS_startFunc__I
0008b2df   _ti_sysbios_knl_Semaphore_Object__destruct__S
0008b2fd   _ti_sysbios_knl_Queue_Object__destruct__S
0008b30b   _xdc_runtime_Registry_findById__F
0008b319   _xdc_runtime_SysMin_Module_startup__F
0008b327   _xdc_runtime_Text_visitRope__I
0008b335   _ti_sysbios_BIOS_registerRTSLock__I
0008b342   _ti_sysbios_family_c28_Hwi_dispatchC__I
0008b34f   _ti_sysbios_family_c28_Hwi_restoreIER__E
0008b35c   _ti_sysbios_family_xxx_Hwi_switchToIsrStack
0008b369   _ti_sysbios_knl_Task_SupportProxy_start__E
0008b376   _ti_sysbios_knl_Task_enter__I
0008b383   _xdc_runtime_Error_check__F
0008b39d   _xdc_runtime_Memory_HeapProxy_alloc__E
0008b3aa   _memset
0008b3b7   _strpbrk
0008b3c4   _ti_sysbios_gates_GateMutex_leave__E
0008b3d0   _ti_sysbios_knl_Queue_put__E
0008b3dc   _ti_sysbios_knl_Task_enabled__E
0008b3e8   _xdc_runtime_Memory_free__F
0008b3f4   _xdc_runtime_Text_ropeText__F
0008b400   _ti_sysbios_family_c28_Hwi_Module__startupDone__F
0008b40b   _ti_sysbios_family_c28_Timer_Module__startupDone__F
0008b416   _ti_sysbios_family_xxx_Hwi_switchAndRunFunc
0008b421   _ti_sysbios_hal_Timer_Module__startupDone__F
0008b42c   _ti_sysbios_knl_Task_unblock__E
0008b437   _xdc_runtime_Memory_HeapProxy_free__E
0008b442   _xdc_runtime_SysMin_exit__F
0008b44d   _xdc_runtime_System_abort__F
0008b458   _xdc_runtime_System_aprintf__E
0008b463   _xdc_runtime_System_printf__E
0008b46e   _ti_sysbios_family_xxx_Hwi_switchToTaskStack
0008b478   _xdc_runtime_Startup_exec__I
0008b482   _xdc_runtime_Text_putLab__E
0008b48c   _xdc_runtime_Text_putSite__E
0008b496   _strcmp
0008b4a0   _ti_sysbios_BIOS_RtsGateProxy_leave__E
0008b4a9   _ti_sysbios_family_c28_TaskSupport_checkStack__E
0008b4b2   _ti_sysbios_family_c28_TaskSupport_glue
0008b4bb   _ti_sysbios_family_c28_Timer_getPeriod__E
0008b4c4   _ti_sysbios_hal_Hwi_Module_startup__F
0008b4cd   _ti_sysbios_hal_Timer_Module_startup__F
0008b4d6   _ti_sysbios_heaps_HeapMem_Module_GateProxy_leave__E
0008b4df   _ti_sysbios_knl_Task_SupportProxy_checkStack__E
0008b4e8   _ti_sysbios_knl_Task_SupportProxy_swap__E
0008b4f1   _xdc_runtime_System_Module_GateProxy_leave__E
0008b4fa   _xdc_runtime_System_snprintf_va__F
0008b4fa   _xdc_runtime_System_vsnprintf__F
0008b503   __register_unlock
0008b507   __register_lock
0008b50b   __nop
0008b514   _ti_sysbios_BIOS_setThreadType__E
0008b51c   _ti_sysbios_gates_GateMutex_Instance_finalize__F
0008b524   _ti_sysbios_hal_Hwi_HwiProxy_getStackInfo__E
0008b534   _ti_sysbios_knl_Queue_empty__E
0008b53c   _ti_sysbios_knl_Semaphore_Instance_finalize__F
0008b544   _xdc_runtime_Memory_calloc__F
0008b54c   _xdc_runtime_SysMin_ready__F
0008b554   _strlen
0008b55c   _ti_sysbios_BIOS_RtsGateProxy_enter__E
0008b563   _ti_sysbios_hal_Timer_TimerProxy_getPeriod__E
0008b56a   _ti_sysbios_heaps_HeapMem_Module_GateProxy_enter__E
0008b571   _xdc_runtime_Error_init__F
0008b578   _xdc_runtime_Error_print__E
0008b57f   _xdc_runtime_SysMin_abort__E
0008b586   _xdc_runtime_System_Module_GateProxy_enter__E
0008b58d   _xdc_runtime_System_SupportProxy_abort__E
0008b594   _xdc_runtime_System_atexit__E
0008b59b   _ti_sysbios_family_c28_Hwi_Module_startup__E
0008b5a1   _ti_sysbios_family_c28_IntrinsicsSupport_maxbit__E
0008b5a7   _ti_sysbios_family_c28_Timer_Module_startup__E
0008b5ad   _ti_sysbios_gates_GateHwi_query__E
0008b5b3   _ti_sysbios_gates_GateMutex_query__E
0008b5b9   _ti_sysbios_hal_Hwi_Module_startup__E
0008b5bf   _ti_sysbios_hal_Timer_Module_startup__E
0008b5c5   _ti_sysbios_heaps_HeapMem_Module_GateProxy_query__E
0008b5cb   _ti_sysbios_knl_Clock_Module_startup__E
0008b5d1   _ti_sysbios_knl_Queue_insert__E
0008b5d7   _ti_sysbios_knl_Swi_Module_startup__E
0008b5dd   _ti_sysbios_knl_Swi_disable__E
0008b5e3   _ti_sysbios_knl_Task_Module_startup__E
0008b5e9   _ti_sysbios_knl_Task_disable__E
0008b5ef   _xdc_runtime_Gate_enterSystem__F
0008b5f5   _xdc_runtime_Gate_leaveSystem__F
0008b5fb   _xdc_runtime_SysMin_Module_startup__E
0008b601   _xdc_runtime_SysMin_exit__E
0008b607   _xdc_runtime_SysMin_putch__E
0008b60d   _xdc_runtime_System_Module_startup__E
0008b613   _xdc_runtime_System_SupportProxy_exit__E
0008b619   _xdc_runtime_System_SupportProxy_putch__E
0008b61f   _xdc_runtime_System_exit__F
0008b625   _ti_sysbios_BIOS_start__E
0008b62a   _ti_sysbios_family_c28_Hwi_switchFromBootStack__E
0008b62f   _ti_sysbios_gates_GateHwi_enter__E
0008b639   _xdc_runtime_System_lastFxn__I
0008b63e   _strcpy
0008b643   _ti_sysbios_family_c28_Hwi_startup__E
0008b647   _ti_sysbios_heaps_HeapMem_isBlocking__E
0008b64b   _ti_sysbios_knl_Swi_startup__E
0008b64f   _xdc_runtime_Memory_getMaxDefaultTypeAlign__F
0008b653   _ti_catalog_c2800_initF2837x_Boot_limpAbort
0008b656   ___xdc__init
0008b659   _ti_sysbios_family_c28_Hwi_Module__startupDone__S
0008b65c   _ti_sysbios_family_c28_Timer_Module__startupDone__S
0008b65f   _ti_sysbios_gates_GateHwi_leave__E
0008b662   _ti_sysbios_hal_Hwi_HwiProxy_Module__startupDone__S
0008b665   _ti_sysbios_hal_Hwi_HwiProxy_startup__E
0008b668   _ti_sysbios_hal_Hwi_HwiProxy_switchFromBootStack__E
0008b66b   _ti_sysbios_hal_Hwi_startup__E
0008b66e   _ti_sysbios_hal_Timer_Module__startupDone__S
0008b671   _ti_sysbios_hal_Timer_TimerProxy_Module__startupDone__S
0008b674   _ti_sysbios_hal_Timer_TimerProxy_startup__E
0008b677   _ti_sysbios_hal_Timer_startup__E
0008b67a   _ti_sysbios_knl_Idle_loop__E
0008b67d   _ti_sysbios_knl_Queue_Instance_init__F
0008b680   _ti_sysbios_knl_Task_SupportProxy_Module__startupDone__S
0008b683   _ti_sysbios_knl_Task_startup__E
0008b686   _xdc_runtime_Startup_reset__I
0008b689   _xdc_runtime_SysMin_ready__E
0008b68c   _xdc_runtime_System_Module_startup__F
0008b68f   _xdc_runtime_System_SupportProxy_ready__E
0008b692   _ti_sysbios_family_c28_TaskSupport_Module__startupDone__S
0008b694   _ti_sysbios_gates_GateHwi_query__F
0008b696   _ti_sysbios_gates_GateMutex_query__F
0008b698   _xdc_runtime_Error_getSite__F
0008b69a   _ti_catalog_c2800_initF2837x_Boot_init
0008b69b   _ti_catalog_c2800_initF2837x_Boot_defaultLimpAbortFunction
0008b69c   _ti_sysbios_BIOS_nullFunc__I
0008b69d   _ti_sysbios_family_c28_Hwi_interruptReturn__I
0008b69e   _ti_sysbios_gates_GateHwi_Instance_init__F
0008b69f   ___etext__
0008b69f   etext
ffffffff   ___binit__
ffffffff   ___c_args__
ffffffff   ___pinit__
ffffffff   binit
ffffffff   pinit

[806 symbols]
