******************************************************************************
             TMS320C2000 Linker PC v18.1.1                     
******************************************************************************
>> Linked Tue Apr  9 11:03:11 2019

OUTPUT FILE NAME:   <blink_cpu02.out>
ENTRY POINT SYMBOL: "_c_int00"  address: 0008a90f


MEMORY CONFIGURATION

         name            origin    length      used     unused   attr    fill
----------------------  --------  ---------  --------  --------  ----  --------
PAGE 0:
  D01SARAM              0000b000   00001000  00000000  00001000  RWIX
  BEGIN                 00080000   00000002  00000002  00000000  RWIX
  FLASHA                00080002   00001ffe  00001ffb  00000003  RWIX
  FLASHB                00082000   00002000  0000048b  00001b75  RWIX
  FLASHC                00084000   00002000  00000000  00002000  RWIX
  FLASHD                00086000   00002000  00000000  00002000  RWIX
  FLASHE                00088000   00008000  00003d4b  000042b5  RWIX
  FLASHF                00090000   00008000  00000000  00008000  RWIX
  FLASHG                00098000   00008000  00000000  00008000  RWIX
  FLASHH                000a0000   00008000  00000000  00008000  RWIX
  FLASHI                000a8000   00008000  00000000  00008000  RWIX
  FLASHJ                000b0000   00008000  00000000  00008000  RWIX
  FLASHK                000b8000   00002000  00000000  00002000  RWIX
  FLASHL                000ba000   00002000  00000000  00002000  RWIX
  FLASHM                000bc000   00002000  00000000  00002000  RWIX
  FLASHN                000be000   00002000  00000000  00002000  RWIX
  RESET                 003fffc0   00000002  00000000  00000002  RWIX

PAGE 1:
  BOOT_RSVD             00000002   0000007e  00000056  00000028  RWIX
  M1SARAM               00000400   00000400  000003a6  0000005a  RWIX
  ADCA_RESULT           00000b00   00000020  00000018  00000008  RWIX
  ADCB_RESULT           00000b20   00000020  00000018  00000008  RWIX
  ADCC_RESULT           00000b40   00000020  00000018  00000008  RWIX
  ADCD_RESULT           00000b60   00000020  00000018  00000008  RWIX
  CPU_TIMER0            00000c00   00000008  00000008  00000000  RWIX
  CPU_TIMER1            00000c08   00000008  00000008  00000000  RWIX
  CPU_TIMER2            00000c10   00000008  00000008  00000000  RWIX
  PIE_CTRL              00000ce0   00000020  0000001a  00000006  RWIX
  DMA                   00001000   00000200  000000e0  00000120  RWIX
  CLA1                  00001400   00000040  0000003c  00000004  RWIX
  EPWM1                 00004000   00000100  00000100  00000000  RWIX
  EPWM2                 00004100   00000100  00000100  00000000  RWIX
  EPWM3                 00004200   00000100  00000100  00000000  RWIX
  EPWM4                 00004300   00000100  00000100  00000000  RWIX
  EPWM5                 00004400   00000100  00000100  00000000  RWIX
  EPWM6                 00004500   00000100  00000100  00000000  RWIX
  EPWM7                 00004600   00000100  00000100  00000000  RWIX
  EPWM8                 00004700   00000100  00000100  00000000  RWIX
  EPWM9                 00004800   00000100  00000100  00000000  RWIX
  EPWM10                00004900   00000100  00000100  00000000  RWIX
  EPWM11                00004a00   00000100  00000100  00000000  RWIX
  EPWM12                00004b00   00000100  00000100  00000000  RWIX
  ECAP1                 00005000   00000020  00000020  00000000  RWIX
  ECAP2                 00005020   00000020  00000020  00000000  RWIX
  ECAP3                 00005040   00000020  00000020  00000000  RWIX
  ECAP4                 00005060   00000020  00000020  00000000  RWIX
  ECAP5                 00005080   00000020  00000020  00000000  RWIX
  ECAP6                 000050a0   00000020  00000020  00000000  RWIX
  EQEP1                 00005100   00000040  00000022  0000001e  RWIX
  EQEP2                 00005140   00000040  00000022  0000001e  RWIX
  EQEP3                 00005180   00000040  00000022  0000001e  RWIX
  DACA                  00005c00   00000010  00000008  00000008  RWIX
  DACB                  00005c10   00000010  00000008  00000008  RWIX
  DACC                  00005c20   00000010  00000008  00000008  RWIX
  CMPSS1                00005c80   00000020  00000020  00000000  RWIX
  CMPSS2                00005ca0   00000020  00000020  00000000  RWIX
  CMPSS3                00005cc0   00000020  00000020  00000000  RWIX
  CMPSS4                00005ce0   00000020  00000020  00000000  RWIX
  CMPSS5                00005d00   00000020  00000020  00000000  RWIX
  CMPSS6                00005d20   00000020  00000020  00000000  RWIX
  CMPSS7                00005d40   00000020  00000020  00000000  RWIX
  CMPSS8                00005d60   00000020  00000020  00000000  RWIX
  SDFM1                 00005e00   00000080  00000080  00000000  RWIX
  SDFM2                 00005e80   00000080  00000080  00000000  RWIX
  MCBSPA                00006000   00000040  00000024  0000001c  RWIX
  MCBSPB                00006040   00000040  00000024  0000001c  RWIX
  SPIA                  00006100   00000010  00000010  00000000  RWIX
  SPIB                  00006110   00000010  00000010  00000000  RWIX
  SPIC                  00006120   00000010  00000010  00000000  RWIX
  SPID                  00006130   00000010  00000000  00000010  RWIX
  WD                    00007000   00000040  0000002b  00000015  RWIX
  NMIINTRUPT            00007060   00000010  00000007  00000009  RWIX
  XINT                  00007070   00000010  0000000b  00000005  RWIX
  SCIA                  00007200   00000010  00000010  00000000  RWIX
  SCIB                  00007210   00000010  00000010  00000000  RWIX
  SCIC                  00007220   00000010  00000010  00000000  RWIX
  SCID                  00007230   00000010  00000010  00000000  RWIX
  I2CA                  00007300   00000040  00000022  0000001e  RWIX
  I2CB                  00007340   00000040  00000022  0000001e  RWIX
  ADCA                  00007400   00000080  00000080  00000000  RWIX
  ADCB                  00007480   00000080  00000080  00000000  RWIX
  ADCC                  00007500   00000080  00000080  00000000  RWIX
  ADCD                  00007580   00000080  00000080  00000000  RWIX
  TRIG                  00007900   00000050  00000000  00000050  RWIX
  DMACLASRCSEL          00007980   00000040  0000001a  00000026  RWIX
  XBAR_CONFIG           00007a00   00000200  00000000  00000200  RWIX
  GPIOCTRL              00007c00   00000180  00000000  00000180  RWIX
  GPIODAT               00007f00   00000030  00000030  00000000  RWIX
  LS05SARAM             00008000   00003000  000012b7  00001d49  RWIX
  CPU2TOCPU1RAM         0003f800   00000400  00000000  00000400  RWIX
  CPU1TOCPU2RAM         0003fc00   00000400  00000000  00000400  RWIX
  EMIF1                 00047000   00000800  00000070  00000790  RWIX
  EMIF2                 00047800   00000800  00000070  00000790  RWIX
  DCANA                 00048000   00001000  00000000  00001000  RWIX
  DCANB                 0004a000   00001000  00000000  00001000  RWIX
  IPC                   00050000   00001000  00000026  00000fda  RWIX
  DEV_CFG               0005d000   00000200  00000000  00000200  RWIX
  CLK_CFG               0005d200   00000100  00000032  000000ce  RWIX
  CPU_SYS               0005d300   00000100  00000082  0000007e  RWIX
  HWBIST                0005e000   00000100  00000000  00000100  RWIX
  DCSM_Z1               0005f000   00000030  00000000  00000030  RWIX
  DCSM_Z2               0005f040   00000030  00000000  00000030  RWIX
  DCSM_COMMON           0005f070   00000010  00000000  00000010  RWIX
  MEMCFG                0005f400   00000080  00000080  00000000  RWIX
  EMIF1CONFIG           0005f480   00000020  00000020  00000000  RWIX
  ACCESSPROTECTION      0005f4c0   00000040  00000040  00000000  RWIX
  MEMORYERROR           0005f500   00000040  00000040  00000000  RWIX
  FLASH_CTRL            0005f800   00000300  00000000  00000300  RWIX
  FLASH_ECC             0005fb00   00000040  00000000  00000040  RWIX
  DCSM_OTP_Z2           00078000   00000020  00000000  00000020  RWIX
  DCSM_OTP_Z1           00078200   00000020  00000000  00000020  RWIX


SECTION ALLOCATION MAP

 output                                  attributes/
section   page    origin      length       input sections
--------  ----  ----------  ----------   ----------------
xdc.meta   0    00000000    000000fa     COPY SECTION
                  00000000    000000fa     blink_cpu02_p28FP.o28FP (xdc.meta)

.ebss      1    00000000    000060c0     FAILED TO ALLOCATE
codestart 
*          0    00080000    00000002     
                  00080000    00000002     F2837xD_CodeStartBranch.obj (codestart)

ramfuncs   0    00080002    00000197     RUN ADDR = 00009000
                  00080002    0000016e     f28377sSerial.obj (ramfuncs)
                  00080170    00000025     F2837xD_SysCtrl.obj (ramfuncs)
                  00080195    00000004     F2837xD_usDelay.obj (ramfuncs)

.binit     0    00080004    00000000     

.econst    0    0008019a    00001e64     
                  0008019a    00001777     blink_cpu02_p28FP.o28FP (.econst:xdc_runtime_Text_charTab__A)
                  00081911    00000001     blink_cpu02_p28FP.o28FP (.econst:ti_sysbios_family_c28_Hwi_Module__id__C)
                  00081912    000001c0     blink_cpu02_p28FP.o28FP (.econst:_ti_sysbios_family_c28_Hwi_vectors)
                  00081ad2    00000101     rts2800_fpu32.lib : ctype.c.obj (.econst:.string:__ctypes_)
                  00081bd3    00000001     blink_cpu02_p28FP.o28FP (.econst:ti_sysbios_family_c28_Hwi_Module__loggerDefined__C)
                  00081bd4    0000008c     blink_cpu02_p28FP.o28FP (.econst:.string)
                  00081c60    00000058     ti.targets.rts2800.a28FP : Error.o28FP (.econst:.string)
                  00081cb8    0000004e     blink_cpu02_p28FP.o28FP (.econst:xdc_runtime_Text_nodeTab__A)
                  00081d06    00000043     ti.targets.rts2800.a28FP : Text.o28FP (.econst:.string)
                  00081d49    00000001     blink_cpu02_p28FP.o28FP (.econst:ti_sysbios_family_c28_Hwi_NUM_INTERRUPTS_ALL__C)
                  00081d4a    0000002a     ti.targets.rts2800.a28FP : Startup.o28FP (.econst:.string)
                  00081d74    00000026     rts2800_fpu32.lib : _printfi.c.obj (.econst:.string)
                  00081d9a    0000001c                       : _printfi.c.obj (.econst)
                  00081db6    0000001c                       : s_scalbn.c.obj (.econst)
                  00081dd2    00000019     ti.targets.rts2800.a28FP : System.o28FP (.econst:.string)
                  00081deb    00000001     blink_cpu02_p28FP.o28FP (.econst:ti_sysbios_family_c28_Hwi_Object__count__C)
                  00081dec    00000014     blink_cpu02_p28FP.o28FP (.econst:ti_sysbios_heaps_HeapMem_Module__FXNS__C)
                  00081e00    00000012     blink_cpu02_p28FP.o28FP (.econst:ti_sysbios_gates_GateHwi_Module__FXNS__C)
                  00081e12    00000012     blink_cpu02_p28FP.o28FP (.econst:ti_sysbios_gates_GateMutex_Module__FXNS__C)
                  00081e24    00000012     blink_cpu02_p28FP.o28FP (.econst:ti_sysbios_heaps_HeapMem_Object__PARAMS__C)
                  00081e36    00000010     blink_cpu02_p28FP.o28FP (.econst:ti_sysbios_gates_GateHwi_Object__DESC__C)
                  00081e46    00000010     blink_cpu02_p28FP.o28FP (.econst:ti_sysbios_gates_GateMutex_Object__DESC__C)
                  00081e56    00000010     blink_cpu02_p28FP.o28FP (.econst:ti_sysbios_heaps_HeapMem_Object__DESC__C)
                  00081e66    00000010     blink_cpu02_p28FP.o28FP (.econst:ti_sysbios_knl_Queue_Object__DESC__C)
                  00081e76    00000010     blink_cpu02_p28FP.o28FP (.econst:ti_sysbios_knl_Semaphore_Object__DESC__C)
                  00081e86    00000010     blink_cpu02_p28FP.o28FP (.econst:ti_sysbios_knl_Semaphore_Object__PARAMS__C)
                  00081e96    00000010     blink_cpu02_p28FP.o28FP (.econst:xdc_runtime_Startup_sfxnTab__A)
                  00081ea6    0000000c     blink_cpu02_p28FP.o28FP (.econst:ti_sysbios_gates_GateHwi_Object__PARAMS__C)
                  00081eb2    0000000c     blink_cpu02_p28FP.o28FP (.econst:ti_sysbios_gates_GateMutex_Object__PARAMS__C)
                  00081ebe    0000000c     blink_cpu02_p28FP.o28FP (.econst:ti_sysbios_knl_Queue_Object__PARAMS__C)
                  00081eca    00000008     rts2800_fpu32.lib : s_frexp.c.obj (.econst)
                  00081ed2    00000008     blink_cpu02_p28FP.o28FP (.econst:xdc_runtime_Startup_sfxnRts__A)
                  00081eda    00000005     blink_cpu02.obj (.econst:.string)
                  00081edf    00000001     blink_cpu02_p28FP.o28FP (.econst:ti_sysbios_family_c28_TaskSupport_Module__id__C)
                  00081ee0    00000005     ti.targets.rts2800.a28FP : Assert.o28FP (.econst:.string)
                  00081ee5    00000001     blink_cpu02_p28FP.o28FP (.econst:ti_sysbios_family_c28_Timer_startupNeeded__C)
                  00081ee6    00000004     blink_cpu02_p28FP.o28FP (.econst:ti_sysbios_knl_Idle_funcList__C)
                  00081eea    00000004     blink_cpu02_p28FP.o28FP (.econst:xdc_runtime_Startup_firstFxns__A)
                  00081eee    00000004     blink_cpu02_p28FP.o28FP (.econst:xdc_runtime_Startup_firstFxns__C)
                  00081ef2    00000004     blink_cpu02_p28FP.o28FP (.econst:xdc_runtime_Startup_lastFxns__C)
                  00081ef6    00000002     blink_cpu02_p28FP.o28FP (.econst)
                  00081ef8    00000002     blink_cpu02_p28FP.o28FP (.econst:ti_sysbios_BIOS_installedErrorHook__C)
                  00081efa    00000002     blink_cpu02_p28FP.o28FP (.econst:ti_sysbios_family_c28_Hwi_A_badIntNum__C)
                  00081efc    00000002     blink_cpu02_p28FP.o28FP (.econst:ti_sysbios_family_c28_Hwi_A_invalidArg__C)
                  00081efe    00000002     blink_cpu02_p28FP.o28FP (.econst:ti_sysbios_family_c28_Hwi_E_unpluggedInterrupt__C)
                  00081f00    00000002     blink_cpu02_p28FP.o28FP (.econst:ti_sysbios_family_c28_Hwi_LD_end__C)
                  00081f02    00000002     blink_cpu02_p28FP.o28FP (.econst:ti_sysbios_family_c28_Hwi_LM_begin__C)
                  00081f04    00000002     blink_cpu02_p28FP.o28FP (.econst:ti_sysbios_family_c28_Hwi_Module__diagsEnabled__C)
                  00081f06    00000002     blink_cpu02_p28FP.o28FP (.econst:ti_sysbios_family_c28_Hwi_Module__diagsIncluded__C)
                  00081f08    00000002     blink_cpu02_p28FP.o28FP (.econst:ti_sysbios_family_c28_Hwi_Module__diagsMask__C)
                  00081f0a    00000002     blink_cpu02_p28FP.o28FP (.econst:ti_sysbios_family_c28_Hwi_Module__loggerFxn1__C)
                  00081f0c    00000002     blink_cpu02_p28FP.o28FP (.econst:ti_sysbios_family_c28_Hwi_Module__loggerFxn8__C)
                  00081f0e    00000002     blink_cpu02_p28FP.o28FP (.econst:ti_sysbios_family_c28_Hwi_Module__loggerObj__C)
                  00081f10    00000002     blink_cpu02_p28FP.o28FP (.econst:ti_sysbios_family_c28_Hwi_Object__table__C)
                  00081f12    00000002     blink_cpu02_p28FP.o28FP (.econst:ti_sysbios_family_c28_TaskSupport_E_invalidStack__C)
                  00081f14    00000002     blink_cpu02_p28FP.o28FP (.econst:ti_sysbios_gates_GateMutex_A_badContext__C)
                  00081f16    00000002     blink_cpu02_p28FP.o28FP (.econst:ti_sysbios_gates_GateMutex_Instance_State_sem__O)
                  00081f18    00000002     blink_cpu02_p28FP.o28FP (.econst:ti_sysbios_gates_GateMutex_Module__diagsEnabled__C)
                  00081f1a    00000002     blink_cpu02_p28FP.o28FP (.econst:ti_sysbios_gates_GateMutex_Module__diagsIncluded__C)
                  00081f1c    00000002     blink_cpu02_p28FP.o28FP (.econst:ti_sysbios_gates_GateMutex_Module__diagsMask__C)
                  00081f1e    00000002     blink_cpu02_p28FP.o28FP (.econst:ti_sysbios_hal_Hwi_E_stackOverflow__C)
                  00081f20    00000002     blink_cpu02_p28FP.o28FP (.econst:ti_sysbios_heaps_HeapMem_A_align__C)
                  00081f22    00000002     blink_cpu02_p28FP.o28FP (.econst:ti_sysbios_heaps_HeapMem_A_heapSize__C)
                  00081f24    00000002     blink_cpu02_p28FP.o28FP (.econst:ti_sysbios_heaps_HeapMem_A_invalidFree__C)
                  00081f26    00000002     blink_cpu02_p28FP.o28FP (.econst:ti_sysbios_heaps_HeapMem_A_zeroBlock__C)
                  00081f28    00000002     blink_cpu02_p28FP.o28FP (.econst:ti_sysbios_heaps_HeapMem_E_memory__C)
                  00081f2a    00000002     blink_cpu02_p28FP.o28FP (.econst:ti_sysbios_heaps_HeapMem_Module__diagsEnabled__C)
                  00081f2c    00000002     blink_cpu02_p28FP.o28FP (.econst:ti_sysbios_heaps_HeapMem_Module__diagsIncluded__C)
                  00081f2e    00000002     blink_cpu02_p28FP.o28FP (.econst:ti_sysbios_heaps_HeapMem_Module__diagsMask__C)
                  00081f30    00000002     blink_cpu02_p28FP.o28FP (.econst:ti_sysbios_heaps_HeapMem_Module__gateObj__C)
                  00081f32    00000002     blink_cpu02_p28FP.o28FP (.econst:ti_sysbios_heaps_HeapMem_Object__table__C)
                  00081f34    00000002     blink_cpu02_p28FP.o28FP (.econst:ti_sysbios_heaps_HeapMem_reqAlign__C)
                  00081f36    00000002     blink_cpu02_p28FP.o28FP (.econst:ti_sysbios_knl_Clock_LM_begin__C)
                  00081f38    00000002     blink_cpu02_p28FP.o28FP (.econst:ti_sysbios_knl_Clock_LM_tick__C)
                  00081f3a    00000002     blink_cpu02_p28FP.o28FP (.econst:ti_sysbios_knl_Clock_LW_delayed__C)
                  00081f3c    00000002     blink_cpu02_p28FP.o28FP (.econst:ti_sysbios_knl_Clock_Module_State_clockQ__O)
                  00081f3e    00000002     blink_cpu02_p28FP.o28FP (.econst:ti_sysbios_knl_Clock_Module__diagsEnabled__C)
                  00081f40    00000002     blink_cpu02_p28FP.o28FP (.econst:ti_sysbios_knl_Clock_Module__diagsIncluded__C)
                  00081f42    00000002     blink_cpu02_p28FP.o28FP (.econst:ti_sysbios_knl_Clock_Module__diagsMask__C)
                  00081f44    00000002     blink_cpu02_p28FP.o28FP (.econst:ti_sysbios_knl_Clock_Module__loggerFxn1__C)
                  00081f46    00000002     blink_cpu02_p28FP.o28FP (.econst:ti_sysbios_knl_Clock_Module__loggerFxn2__C)
                  00081f48    00000002     blink_cpu02_p28FP.o28FP (.econst:ti_sysbios_knl_Clock_Module__loggerObj__C)
                  00081f4a    00000002     blink_cpu02_p28FP.o28FP (.econst:ti_sysbios_knl_Idle_funcList__A)
                  00081f4c    00000002     blink_cpu02_p28FP.o28FP (.econst:ti_sysbios_knl_Semaphore_A_badContext__C)
                  00081f4e    00000002     blink_cpu02_p28FP.o28FP (.econst:ti_sysbios_knl_Semaphore_A_noEvents__C)
                  00081f50    00000002     blink_cpu02_p28FP.o28FP (.econst:ti_sysbios_knl_Semaphore_A_overflow__C)
                  00081f52    00000002     blink_cpu02_p28FP.o28FP (.econst:ti_sysbios_knl_Semaphore_A_pendTaskDisabled__C)
                  00081f54    00000002     blink_cpu02_p28FP.o28FP (.econst:ti_sysbios_knl_Semaphore_Instance_State_pendQ__O)
                  00081f56    00000002     blink_cpu02_p28FP.o28FP (.econst:ti_sysbios_knl_Semaphore_LM_pend__C)
                  00081f58    00000002     blink_cpu02_p28FP.o28FP (.econst:ti_sysbios_knl_Semaphore_LM_post__C)
                  00081f5a    00000002     blink_cpu02_p28FP.o28FP (.econst:ti_sysbios_knl_Semaphore_Module__diagsEnabled__C)
                  00081f5c    00000002     blink_cpu02_p28FP.o28FP (.econst:ti_sysbios_knl_Semaphore_Module__diagsIncluded__C)
                  00081f5e    00000002     blink_cpu02_p28FP.o28FP (.econst:ti_sysbios_knl_Semaphore_Module__diagsMask__C)
                  00081f60    00000002     blink_cpu02_p28FP.o28FP (.econst:ti_sysbios_knl_Semaphore_Module__loggerFxn2__C)
                  00081f62    00000002     blink_cpu02_p28FP.o28FP (.econst:ti_sysbios_knl_Semaphore_Module__loggerFxn4__C)
                  00081f64    00000002     blink_cpu02_p28FP.o28FP (.econst:ti_sysbios_knl_Semaphore_Module__loggerObj__C)
                  00081f66    00000002     blink_cpu02_p28FP.o28FP (.econst:ti_sysbios_knl_Swi_LD_end__C)
                  00081f68    00000002     blink_cpu02_p28FP.o28FP (.econst:ti_sysbios_knl_Swi_LM_begin__C)
                  00081f6a    00000002     blink_cpu02_p28FP.o28FP (.econst:ti_sysbios_knl_Swi_LM_post__C)
                  00081f6c    00000002     blink_cpu02_p28FP.o28FP (.econst:ti_sysbios_knl_Swi_Module__diagsEnabled__C)
                  00081f6e    00000002     blink_cpu02_p28FP.o28FP (.econst:ti_sysbios_knl_Swi_Module__diagsIncluded__C)
                  00081f70    00000002     blink_cpu02_p28FP.o28FP (.econst:ti_sysbios_knl_Swi_Module__diagsMask__C)
                  00081f72    00000002     blink_cpu02_p28FP.o28FP (.econst:ti_sysbios_knl_Swi_Module__loggerFxn1__C)
                  00081f74    00000002     blink_cpu02_p28FP.o28FP (.econst:ti_sysbios_knl_Swi_Module__loggerFxn4__C)
                  00081f76    00000002     blink_cpu02_p28FP.o28FP (.econst:ti_sysbios_knl_Swi_Module__loggerObj__C)
                  00081f78    00000002     blink_cpu02_p28FP.o28FP (.econst:ti_sysbios_knl_Swi_Object__table__C)
                  00081f7a    00000002     blink_cpu02_p28FP.o28FP (.econst:ti_sysbios_knl_Task_E_spOutOfBounds__C)
                  00081f7c    00000002     blink_cpu02_p28FP.o28FP (.econst:ti_sysbios_knl_Task_E_stackOverflow__C)
                  00081f7e    00000002     blink_cpu02_p28FP.o28FP (.econst:ti_sysbios_knl_Task_LD_block__C)
                  00081f80    00000002     blink_cpu02_p28FP.o28FP (.econst:ti_sysbios_knl_Task_LD_exit__C)
                  00081f82    00000002     blink_cpu02_p28FP.o28FP (.econst:ti_sysbios_knl_Task_LD_ready__C)
                  00081f84    00000002     blink_cpu02_p28FP.o28FP (.econst:ti_sysbios_knl_Task_LM_switch__C)
                  00081f86    00000002     blink_cpu02_p28FP.o28FP (.econst:ti_sysbios_knl_Task_Module_State_inactiveQ__O)
                  00081f88    00000002     blink_cpu02_p28FP.o28FP (.econst:ti_sysbios_knl_Task_Module__diagsEnabled__C)
                  00081f8a    00000002     blink_cpu02_p28FP.o28FP (.econst:ti_sysbios_knl_Task_Module__diagsIncluded__C)
                  00081f8c    00000002     blink_cpu02_p28FP.o28FP (.econst:ti_sysbios_knl_Task_Module__diagsMask__C)
                  00081f8e    00000002     blink_cpu02_p28FP.o28FP (.econst:ti_sysbios_knl_Task_Module__loggerFxn2__C)
                  00081f90    00000002     blink_cpu02_p28FP.o28FP (.econst:ti_sysbios_knl_Task_Module__loggerFxn4__C)
                  00081f92    00000002     blink_cpu02_p28FP.o28FP (.econst:ti_sysbios_knl_Task_Module__loggerObj__C)
                  00081f94    00000002     blink_cpu02_p28FP.o28FP (.econst:ti_sysbios_knl_Task_Object__table__C)
                  00081f96    00000002     blink_cpu02_p28FP.o28FP (.econst:ti_sysbios_knl_Task_allBlockedFunc__C)
                  00081f98    00000002     blink_cpu02_p28FP.o28FP (.econst:xdc_runtime_Assert_E_assertFailed__C)
                  00081f9a    00000002     blink_cpu02_p28FP.o28FP (.econst:xdc_runtime_Core_A_initializedParams__C)
                  00081f9c    00000002     blink_cpu02_p28FP.o28FP (.econst:xdc_runtime_Core_Module__diagsEnabled__C)
                  00081f9e    00000002     blink_cpu02_p28FP.o28FP (.econst:xdc_runtime_Core_Module__diagsIncluded__C)
                  00081fa0    00000002     blink_cpu02_p28FP.o28FP (.econst:xdc_runtime_Core_Module__diagsMask__C)
                  00081fa2    00000002     blink_cpu02_p28FP.o28FP (.econst:xdc_runtime_Error_E_memory__C)
                  00081fa4    00000002     blink_cpu02_p28FP.o28FP (.econst:xdc_runtime_Error_Module__diagsEnabled__C)
                  00081fa6    00000002     blink_cpu02_p28FP.o28FP (.econst:xdc_runtime_Error_Module__diagsIncluded__C)
                  00081fa8    00000002     blink_cpu02_p28FP.o28FP (.econst:xdc_runtime_Error_Module__diagsMask__C)
                  00081faa    00000002     blink_cpu02_p28FP.o28FP (.econst:xdc_runtime_Error_Module__loggerFxn8__C)
                  00081fac    00000002     blink_cpu02_p28FP.o28FP (.econst:xdc_runtime_Error_Module__loggerObj__C)
                  00081fae    00000002     blink_cpu02_p28FP.o28FP (.econst:xdc_runtime_Error_policyFxn__C)
                  00081fb0    00000002     blink_cpu02_p28FP.o28FP (.econst:xdc_runtime_Error_raiseHook__C)
                  00081fb2    00000002     blink_cpu02_p28FP.o28FP (.econst:xdc_runtime_IGateProvider_Interface__BASE__C)
                  00081fb4    00000002     blink_cpu02_p28FP.o28FP (.econst:xdc_runtime_IHeap_Interface__BASE__C)
                  00081fb6    00000002     blink_cpu02_p28FP.o28FP (.econst:xdc_runtime_IModule_Interface__BASE__C)
                  00081fb8    00000002     blink_cpu02_p28FP.o28FP (.econst:xdc_runtime_Log_L_error__C)
                  00081fba    00000002     blink_cpu02_p28FP.o28FP (.econst:xdc_runtime_Main_Module__diagsEnabled__C)
                  00081fbc    00000002     blink_cpu02_p28FP.o28FP (.econst:xdc_runtime_Main_Module__diagsIncluded__C)
                  00081fbe    00000002     blink_cpu02_p28FP.o28FP (.econst:xdc_runtime_Main_Module__diagsMask__C)
                  00081fc0    00000002     blink_cpu02_p28FP.o28FP (.econst:xdc_runtime_Memory_defaultHeapInstance__C)
                  00081fc2    00000002     blink_cpu02_p28FP.o28FP (.econst:xdc_runtime_Startup_execImpl__C)
                  00081fc4    00000002     blink_cpu02_p28FP.o28FP (.econst:xdc_runtime_Startup_sfxnRts__C)
                  00081fc6    00000002     blink_cpu02_p28FP.o28FP (.econst:xdc_runtime_Startup_sfxnTab__C)
                  00081fc8    00000002     blink_cpu02_p28FP.o28FP (.econst:xdc_runtime_Startup_startModsFxn__C)
                  00081fca    00000002     blink_cpu02_p28FP.o28FP (.econst:xdc_runtime_SysMin_bufSize__C)
                  00081fcc    00000002     blink_cpu02_p28FP.o28FP (.econst:xdc_runtime_SysMin_outputFunc__C)
                  00081fce    00000002     blink_cpu02_p28FP.o28FP (.econst:xdc_runtime_System_Module__gateObj__C)
                  00081fd0    00000002     blink_cpu02_p28FP.o28FP (.econst:xdc_runtime_System_abortFxn__C)
                  00081fd2    00000002     blink_cpu02_p28FP.o28FP (.econst:xdc_runtime_System_exitFxn__C)
                  00081fd4    00000002     blink_cpu02_p28FP.o28FP (.econst:xdc_runtime_System_extendFxn__C)
                  00081fd6    00000002     blink_cpu02_p28FP.o28FP (.econst:xdc_runtime_Text_charTab__C)
                  00081fd8    00000002     blink_cpu02_p28FP.o28FP (.econst:xdc_runtime_Text_nameEmpty__C)
                  00081fda    00000002     blink_cpu02_p28FP.o28FP (.econst:xdc_runtime_Text_nameStatic__C)
                  00081fdc    00000002     blink_cpu02_p28FP.o28FP (.econst:xdc_runtime_Text_nameUnknown__C)
                  00081fde    00000002     blink_cpu02_p28FP.o28FP (.econst:xdc_runtime_Text_nodeTab__C)
                  00081fe0    00000002     blink_cpu02_p28FP.o28FP (.econst:xdc_runtime_Text_visitRopeFxn__C)
                  00081fe2    00000001     blink_cpu02_p28FP.o28FP (.econst:ti_sysbios_gates_GateMutex_Module__id__C)
                  00081fe3    00000001     blink_cpu02_p28FP.o28FP (.econst:ti_sysbios_hal_Hwi_Module__id__C)
                  00081fe4    00000001     blink_cpu02_p28FP.o28FP (.econst:ti_sysbios_heaps_HeapMem_Module__id__C)
                  00081fe5    00000001     blink_cpu02_p28FP.o28FP (.econst:ti_sysbios_heaps_HeapMem_Object__count__C)
                  00081fe6    00000001     blink_cpu02_p28FP.o28FP (.econst:ti_sysbios_knl_Clock_Module__id__C)
                  00081fe7    00000001     blink_cpu02_p28FP.o28FP (.econst:ti_sysbios_knl_Clock_Module__loggerDefined__C)
                  00081fe8    00000001     blink_cpu02_p28FP.o28FP (.econst:ti_sysbios_knl_Semaphore_Module__id__C)
                  00081fe9    00000001     blink_cpu02_p28FP.o28FP (.econst:ti_sysbios_knl_Semaphore_Module__loggerDefined__C)
                  00081fea    00000001     blink_cpu02_p28FP.o28FP (.econst:ti_sysbios_knl_Swi_Module__id__C)
                  00081feb    00000001     blink_cpu02_p28FP.o28FP (.econst:ti_sysbios_knl_Swi_Module__loggerDefined__C)
                  00081fec    00000001     blink_cpu02_p28FP.o28FP (.econst:ti_sysbios_knl_Swi_Object__count__C)
                  00081fed    00000001     blink_cpu02_p28FP.o28FP (.econst:ti_sysbios_knl_Task_Module__id__C)
                  00081fee    00000001     blink_cpu02_p28FP.o28FP (.econst:ti_sysbios_knl_Task_Module__loggerDefined__C)
                  00081fef    00000001     blink_cpu02_p28FP.o28FP (.econst:ti_sysbios_knl_Task_Object__count__C)
                  00081ff0    00000001     blink_cpu02_p28FP.o28FP (.econst:ti_sysbios_knl_Task_numConstructedTasks__C)
                  00081ff1    00000001     blink_cpu02_p28FP.o28FP (.econst:xdc_runtime_Core_Module__id__C)
                  00081ff2    00000001     blink_cpu02_p28FP.o28FP (.econst:xdc_runtime_Error_Module__loggerDefined__C)
                  00081ff3    00000001     blink_cpu02_p28FP.o28FP (.econst:xdc_runtime_Error_maxDepth__C)
                  00081ff4    00000001     blink_cpu02_p28FP.o28FP (.econst:xdc_runtime_Error_policy__C)
                  00081ff5    00000001     blink_cpu02_p28FP.o28FP (.econst:xdc_runtime_Main_Module__id__C)
                  00081ff6    00000001     blink_cpu02_p28FP.o28FP (.econst:xdc_runtime_Memory_Module__id__C)
                  00081ff7    00000001     blink_cpu02_p28FP.o28FP (.econst:xdc_runtime_Startup_maxPasses__C)
                  00081ff8    00000001     blink_cpu02_p28FP.o28FP (.econst:xdc_runtime_SysMin_flushAtExit__C)
                  00081ff9    00000001     blink_cpu02_p28FP.o28FP (.econst:xdc_runtime_System_maxAtexitHandlers__C)
                  00081ffa    00000001     blink_cpu02_p28FP.o28FP (.econst:xdc_runtime_Text_charCnt__C)
                  00081ffb    00000001     blink_cpu02_p28FP.o28FP (.econst:xdc_runtime_Text_isLoaded__C)
                  00081ffc    00000001     blink_cpu02_p28FP.o28FP (.econst:xdc_runtime_Text_registryModsLastId__C)
                  00081ffd    00000001     blink_cpu02_p28FP.o28FP (.econst:xdc_runtime_Text_unnamedModsLastId__C)

.cinit     0    00082000    0000046f     
                  00082000    00000425     blink_cpu02_p28FP.o28FP (.cinit)
                  00082425    0000002c     blink_cpu02.obj (.cinit)
                  00082451    0000000e     rts2800_fpu32.lib : exit.c.obj (.cinit)
                  0008245f    00000005                       : _lock.c.obj (.cinit:__lock)
                  00082464    00000005                       : _lock.c.obj (.cinit:__unlock)
                  00082469    00000004                       : errno.c.obj (.cinit)
                  0008246d    00000002     --HOLE-- [fill = 0]

.pinit     0    00080002    00000000     UNINITIALIZED

.switch    0    00082470    0000001c     
                  00082470    0000001c     sysbios.a28FP : BIOS.obj (.switch:_ti_sysbios_family_c28_Hwi_clearInterrupt__E)

.text      0    00088000    00003d4b     
                  00088000    00000d47     rts2800_fpu32.lib : _printfi.c.obj (.text)
                  00088d47    0000024c     F2837xD_SysCtrl.obj (.text)
                  00088f93    00000232     ti.targets.rts2800.a28FP : System.o28FP (.text:_xdc_runtime_System_doPrint__I)
                  000891c5    000001dc     sysbios.a28FP : BIOS.obj (.text:_ti_sysbios_knl_Semaphore_pend__E)
                  000893a1    000001a1                   : BIOS.obj (.text:_ti_sysbios_heaps_HeapMem_freeUnprotected__E)
                  00089542    00000181                   : BIOS.obj (.text:_ti_sysbios_heaps_HeapMem_allocUnprotected__E)
                  000896c3    0000010a     blink_cpu02_p28FP.o28FP (.text:_xdc_runtime_System_printfExtend__I)
                  000897cd    00000107     rts2800_fpu32.lib : ll_div28.asm.obj (.text)
                  000898d4    00000101     f28377sSerial.obj (.text)
                  000899d5    000000ed     sysbios.a28FP : BIOS.obj (.text:_ti_sysbios_heaps_HeapMem_Instance_init__E)
                  00089ac2    000000e0                   : BIOS.obj (.text:_ti_sysbios_family_c28_Hwi_clearInterrupt__E)
                  00089ba2    000000c2                   : BIOS.obj (.text:_ti_sysbios_family_c28_Hwi_dispatchCore__I)
                  00089c64    000000ba                   : BIOS.obj (.text:_ti_sysbios_knl_Clock_workFunc__E)
                  00089d1e    000000b8                   : BIOS.obj (.text:_ti_sysbios_knl_Semaphore_post__E)
                  00089dd6    000000b1                   : BIOS.obj (.text:_ti_sysbios_knl_Swi_run__I)
                  00089e87    000000ac     ti.targets.rts2800.a28FP : Core-mem.o28FP (.text:_xdc_runtime_Core_createObject__I)
                  00089f33    000000ab     rts2800_fpu32.lib : s_scalbn.c.obj (.text)
                  00089fde    0000009c     ti.targets.rts2800.a28FP : Error.o28FP (.text:_xdc_runtime_Error_policyDefault__E)
                  0008a07a    0000009c     rts2800_fpu32.lib : fd_add28.asm.obj (.text)
                  0008a116    0000009b     sysbios.a28FP : c28_Hwi_disp_asm.obj (.text:_ti_sysbios_family_c28_Hwi_dispatch)
                  0008a1b1    0000009a     ti.targets.rts2800.a28FP : Core-smem.o28FP (.text:_xdc_runtime_Core_constructObject__I)
                  0008a24b    00000001     blink_cpu02_p28FP.o28FP (.text:.bootCodeSection:_ti_catalog_c2800_initF2837x_Boot_init)
                  0008a24c    00000094     rts2800_fpu32.lib : trgmsg.c.obj (.text)
                  0008a2e0    0000008e     sysbios.a28FP : BIOS.obj (.text:_ti_sysbios_family_c28_Hwi_enableInterrupt__E)
                  0008a36e    0000008b     rts2800_fpu32.lib : fd_div28.asm.obj (.text)
                  0008a3f9    00000083                       : fd_mpy28.asm.obj (.text)
                  0008a47c    00000081     sysbios.a28FP : BIOS.obj (.text:_ti_sysbios_family_c28_Hwi_disableInterrupt__E)
                  0008a4fd    00000080                   : BIOS.obj (.text:_ti_sysbios_family_c28_Hwi_disablePIEIER__E)
                  0008a57d    0000007f                   : BIOS.obj (.text:_ti_sysbios_family_c28_Hwi_enablePIEIER__E)
                  0008a5fc    00000079     ti.targets.rts2800.a28FP : Startup.o28FP (.text:_xdc_runtime_Startup_startMods__I)
                  0008a675    00000073     sysbios.a28FP : BIOS.obj (.text:_ti_sysbios_knl_Task_checkStacks__E)
                  0008a6e8    00000072                   : BIOS.obj (.text:_ti_sysbios_knl_Task_startCore__E)
                  0008a75a    00000071                   : BIOS.obj (.text:_ti_sysbios_gates_GateMutex_enter__E)
                  0008a7cb    0000006f                   : BIOS.obj (.text:_ti_sysbios_knl_Task_schedule__I)
                  0008a83a    0000006b     ti.targets.rts2800.a28FP : Text.o28FP (.text:_xdc_runtime_Text_putSite__E)
                  0008a8a5    0000006a     sysbios.a28FP : BIOS.obj (.text:_ti_sysbios_knl_Semaphore_Instance_init__E)
                  0008a90f    00000069     boot.a28FP : boot_cg.o28FP (.text)
                  0008a978    00000066     sysbios.a28FP : BIOS.obj (.text:_ti_sysbios_family_c28_Timer_stopAndClear__I)
                  0008a9de    00000061                   : BIOS.obj (.text:_ti_sysbios_knl_Swi_post__E)
                  0008aa3f    00000061                   : BIOS.obj (.text:_ti_sysbios_knl_Task_blockI__E)
                  0008aaa0    0000005a     rts2800_fpu32.lib : s_frexp.c.obj (.text)
                  0008aafa    00000058     sysbios.a28FP : BIOS.obj (.text:_ti_sysbios_knl_Task_exit__E)
                  0008ab52    00000052                   : BIOS.obj (.text:_ti_sysbios_knl_Task_unblockI__E)
                  0008aba4    0000004f     ti.targets.rts2800.a28FP : Memory.o28FP (.text:_xdc_runtime_Memory_alloc__E)
                  0008abf3    0000004b                              : Text.o28FP (.text:_xdc_runtime_Text_putLab__E)
                  0008ac3e    0000004a     sysbios.a28FP : BIOS.obj (.text:_ti_sysbios_heaps_HeapMem_alloc__E)
                  0008ac88    00000049                   : BIOS.obj (.text:_ti_sysbios_knl_Task_postInit__I)
                  0008acd1    00000047                   : BIOS.obj (.text:_ti_sysbios_family_c28_Hwi_Module_startup__E)
                  0008ad18    00000046     ti.targets.rts2800.a28FP : Core-mem.o28FP (.text:_xdc_runtime_Core_deleteObject__I)
                  0008ad5e    00000043     sysbios.a28FP : BIOS.obj (.text:_ti_sysbios_family_c28_Timer_postInit__I)
                  0008ada1    00000042                   : BIOS.obj (.text:_ti_sysbios_family_c28_Hwi_unPluggedInterrupt__I)
                  0008ade3    0000003f     ti.targets.rts2800.a28FP : Text.o28FP (.text:_xdc_runtime_Text_putMod__E)
                  0008ae22    0000003f     blink_cpu02.obj (.text)
                  0008ae61    0000003e     sysbios.a28FP : BIOS.obj (.text:_ti_sysbios_knl_Swi_restoreHwi__E)
                  0008ae9f    0000003d     ti.targets.rts2800.a28FP : Core-params.o28FP (.text:_xdc_runtime_Core_assignParams__I)
                  0008aedc    0000003c                              : System.o28FP (.text:_xdc_runtime_System_formatNum__I)
                  0008af18    0000003a     sysbios.a28FP : BIOS.obj (.text:_ti_sysbios_family_c28_TaskSupport_start__E)
                  0008af52    00000038     rts2800_fpu32.lib : hostwrite.c.obj (.text)
                  0008af8a    00000037     sysbios.a28FP : BIOS.obj (.text:_ti_sysbios_knl_Clock_logTick__E)
                  0008afc1    00000034     blink_cpu02_p28FP.o28FP (.text:_ti_sysbios_BIOS_rtsUnlock__I)
                  0008aff5    00000032     sysbios.a28FP : BIOS.obj (.text:_ti_sysbios_knl_Task_Module_startup__E)
                  0008b027    00000032     ti.targets.rts2800.a28FP : Assert.o28FP (.text:_xdc_runtime_Assert_raise__I)
                  0008b059    00000032                              : Text.o28FP (.text:_xdc_runtime_Text_visitRope2__I)
                  0008b08b    00000031     rts2800_fpu32.lib : atoi.c.obj (.text)
                  0008b0bc    00000030     ti.targets.rts2800.a28FP : Error.o28FP (.text:_xdc_runtime_Error_print__E)
                  0008b0ec    00000030                              : Error.o28FP (.text:_xdc_runtime_Error_setX__E)
                  0008b11c    00000030     rts2800_fpu32.lib : vsprintf.c.obj (.text)
                  0008b14c    0000002f     ti.targets.rts2800.a28FP : Startup.o28FP (.text:_xdc_runtime_Startup_exec__E)
                  0008b17b    0000002e     sysbios.a28FP : BIOS.obj (.text:_ti_sysbios_knl_Swi_runLoop__I)
                  0008b1a9    0000002e                   : BIOS.obj (.text:_ti_sysbios_knl_Swi_schedule__I)
                  0008b1d7    0000002e     rts2800_fpu32.lib : ltoa.c.obj (.text)
                  0008b205    0000002d     sysbios.a28FP : BIOS.obj (.text:_ti_sysbios_family_c28_Hwi_getStackInfo__E)
                  0008b232    0000002d                   : BIOS.obj (.text:_ti_sysbios_heaps_HeapMem_getStats__E)
                  0008b25f    0000002c                   : BIOS.obj (.text:_ti_sysbios_family_c28_Timer_start__E)
                  0008b28b    0000002a     rts2800_fpu32.lib : fd_cmp28.asm.obj (.text)
                  0008b2b5    0000002a                       : l_div28.asm.obj (.text)
                  0008b2df    00000029                       : exit.c.obj (.text)
                  0008b308    00000028     ti.targets.rts2800.a28FP : Text.o28FP (.text:_xdc_runtime_Text_xprintf__I)
                  0008b330    00000027     sysbios.a28FP : BIOS.obj (.text:_ti_sysbios_heaps_HeapMem_free__E)
                  0008b357    00000027                   : BIOS.obj (.text:_ti_sysbios_heaps_HeapMem_init__I)
                  0008b37e    00000026     ti.targets.rts2800.a28FP : SysMin.o28FP (.text:_xdc_runtime_SysMin_flush__E)
                  0008b3a4    00000025     sysbios.a28FP : c28_TaskSupport_asm.obj (.text:_ti_sysbios_family_c28_TaskSupport_buildTaskStack)
                  0008b3c9    00000024     rts2800_fpu32.lib : cpy_tbl.c.obj (.text)
                  0008b3ed    00000024                       : s_copysign.c.obj (.text)
                  0008b411    00000023     ti.targets.rts2800.a28FP : System.o28FP (.text:_xdc_runtime_System_processAtExit__E)
                  0008b434    00000021     sysbios.a28FP : BIOS.obj (.text:_ti_sysbios_knl_Task_allBlockedFunction__I)
                  0008b455    00000021     rts2800_fpu32.lib : fd_toi28.asm.obj (.text)
                  0008b476    00000020     sysbios.a28FP : BIOS.obj (.text:_ti_sysbios_family_c28_Timer_setPrescale__E)
                  0008b496    00000020     ti.targets.rts2800.a28FP : System.o28FP (.text:_xdc_runtime_System_atexit__E)
                  0008b4b6    0000001f     blink_cpu02_p28FP.o28FP (.text:_ti_sysbios_gates_GateHwi_Object__create__S)
                  0008b4d5    0000001f     blink_cpu02_p28FP.o28FP (.text:_ti_sysbios_gates_GateMutex_Object__create__S)
                  0008b4f4    0000001f     blink_cpu02_p28FP.o28FP (.text:_ti_sysbios_heaps_HeapMem_Object__create__S)
                  0008b513    0000001f     rts2800_fpu32.lib : fd_tol28.asm.obj (.text)
                  0008b532    0000001e     ti.targets.rts2800.a28FP : SysMin.o28FP (.text:_xdc_runtime_SysMin_putch__E)
                  0008b550    0000001e     rts2800_fpu32.lib : ll_cmp28.asm.obj (.text)
                  0008b56e    0000001e                       : memcpy.c.obj (.text)
                  0008b58c    0000001d     sysbios.a28FP : c28_TaskSupport_asm.obj (.text:_ti_sysbios_family_c28_TaskSupport_swap__E)
                  0008b5a9    0000001d     rts2800_fpu32.lib : i_tofd28.asm.obj (.text)
                  0008b5c6    0000001c     sysbios.a28FP : BIOS.obj (.text:_ti_sysbios_hal_Hwi_checkStack)
                  0008b5e2    0000001c     rts2800_fpu32.lib : fs_tofdfpu32.asm.obj (.text)
                  0008b5fe    0000001c                       : l_tofd28.asm.obj (.text)
                  0008b61a    0000001b     sysbios.a28FP : c28_Hwi_asm.obj (.text:_ti_sysbios_family_c28_Hwi_switchAndDispatch__I)
                  0008b635    0000001b                   : BIOS.obj (.text:_ti_sysbios_hal_Hwi_initStack)
                  0008b650    0000001b                   : BIOS.obj (.text:_ti_sysbios_knl_Task_processVitalTaskFlag__I)
                  0008b66b    0000001b     blink_cpu02_p28FP.o28FP (.text:_xdc_runtime_SysMin_output__I)
                  0008b686    0000001a     sysbios.a28FP : BIOS.obj (.text:_ti_sysbios_knl_Clock_addI__E)
                  0008b6a0    0000001a     blink_cpu02_p28FP.o28FP (.text:_ti_sysbios_knl_Semaphore_construct)
                  0008b6ba    0000001a     ti.targets.rts2800.a28FP : Core-label.o28FP (.text:_xdc_runtime_Core_assignLabel__I)
                  0008b6d4    0000001a                              : System.o28FP (.text:_xdc_runtime_System_avprintf__E)
                  0008b6ee    00000019     sysbios.a28FP : BIOS.obj (.text:_ti_sysbios_knl_Semaphore_pendTimeout__I)
                  0008b707    00000019                   : BIOS.obj (.text:_ti_sysbios_knl_Swi_restore__E)
                  0008b720    00000019     ti.targets.rts2800.a28FP : System.o28FP (.text:_xdc_runtime_System_putchar__I)
                  0008b739    00000019                              : System.o28FP (.text:_xdc_runtime_System_vprintf__E)
                  0008b752    00000019     rts2800_fpu32.lib : args_main.c.obj (.text)
                  0008b76b    00000018     sysbios.a28FP : c28_Hwi_asm.obj (.text:_ti_sysbios_family_xxx_Hwi_switchAndRunFunc)
                  0008b783    00000018     blink_cpu02_p28FP.o28FP (.text:_ti_sysbios_knl_Queue_construct)
                  0008b79b    00000018     ti.targets.rts2800.a28FP : Text.o28FP (.text:_xdc_runtime_Text_printVisFxn__I)
                  0008b7b3    00000018     rts2800_fpu32.lib : ll_aox28.asm.obj (.text)
                  0008b7cb    00000017     blink_cpu02_p28FP.o28FP (.text:_ti_sysbios_BIOS_atExitFunc__I)
                  0008b7e2    00000017     sysbios.a28FP : BIOS.obj (.text:_ti_sysbios_family_c28_Timer_startup__E)
                  0008b7f9    00000017     blink_cpu02_p28FP.o28FP (.text:_ti_sysbios_knl_Clock_doTick__I)
                  0008b810    00000017     sysbios.a28FP : BIOS.obj (.text:_ti_sysbios_knl_Task_restore__E)
                  0008b827    00000017     ti.targets.rts2800.a28FP : Memory.o28FP (.text:_xdc_runtime_Memory_valloc__E)
                  0008b83e    00000016     sysbios.a28FP : BIOS.obj (.text:_ti_sysbios_family_c28_Timer_Module_startup__E)
                  0008b854    00000016     ti.targets.rts2800.a28FP : SysMin.o28FP (.text:_xdc_runtime_SysMin_abort__E)
                  0008b86a    00000015     blink_cpu02_p28FP.o28FP (.text:_ti_sysbios_BIOS_startFunc__I)
                  0008b87f    00000015     sysbios.a28FP : BIOS.obj (.text:_ti_sysbios_knl_Swi_Module_startup__E)
                  0008b894    00000014                   : BIOS.obj (.text:_ti_sysbios_knl_Idle_run__E)
                  0008b8a8    00000013     blink_cpu02_p28FP.o28FP (.text:_ti_sysbios_BIOS_errorRaiseHook__I)
                  0008b8bb    00000013     blink_cpu02_p28FP.o28FP (.text:_ti_sysbios_family_c28_Hwi_Object__get__S)
                  0008b8ce    00000013     blink_cpu02_p28FP.o28FP (.text:_ti_sysbios_gates_GateMutex_Object__delete__S)
                  0008b8e1    00000013     ti.targets.rts2800.a28FP : Error.o28FP (.text:_xdc_runtime_Error_raiseX__E)
                  0008b8f4    00000012     blink_cpu02_p28FP.o28FP (.text:_ti_sysbios_family_c28_Hwi_disableIER__E)
                  0008b906    00000012     blink_cpu02_p28FP.o28FP (.text:_ti_sysbios_gates_GateHwi_Object__delete__S)
                  0008b918    00000012     blink_cpu02_p28FP.o28FP (.text:_ti_sysbios_heaps_HeapMem_Object__delete__S)
                  0008b92a    00000012     sysbios.a28FP : BIOS.obj (.text:_ti_sysbios_knl_Clock_Module_startup__E)
                  0008b93c    00000011     blink_cpu02_p28FP.o28FP (.text:_ti_sysbios_gates_GateHwi_Handle__label__S)
                  0008b94d    00000011     blink_cpu02_p28FP.o28FP (.text:_ti_sysbios_gates_GateMutex_Handle__label__S)
                  0008b95e    00000011     blink_cpu02_p28FP.o28FP (.text:_ti_sysbios_heaps_HeapMem_Handle__label__S)
                  0008b96f    00000011     blink_cpu02_p28FP.o28FP (.text:_ti_sysbios_heaps_HeapMem_Object__get__S)
                  0008b980    00000011     blink_cpu02_p28FP.o28FP (.text:_ti_sysbios_knl_Swi_Object__get__S)
                  0008b991    00000011     blink_cpu02_p28FP.o28FP (.text:_ti_sysbios_knl_Task_Object__get__S)
                  0008b9a2    00000011     sysbios.a28FP : BIOS.obj (.text:_ti_sysbios_knl_Task_restoreHwi__E)
                  0008b9b3    00000011     ti.targets.rts2800.a28FP : Text.o28FP (.text:_xdc_runtime_Text_cordText__E)
                  0008b9c4    00000010     blink_cpu02_p28FP.o28FP (.text:_ti_sysbios_BIOS_rtsLock__I)
                  0008b9d4    00000010     blink_cpu02_p28FP.o28FP (.text:_ti_sysbios_family_c28_Hwi_enableIER__E)
                  0008b9e4    00000010     sysbios.a28FP : BIOS.obj (.text:_ti_sysbios_family_c28_Timer_stop__E)
                  0008b9f4    00000010     ti.targets.rts2800.a28FP : SysMin.o28FP (.text:_xdc_runtime_SysMin_Module_startup__E)
                  0008ba04    0000000f     sysbios.a28FP : BIOS.obj (.text:_ti_sysbios_gates_GateMutex_Instance_init__E)
                  0008ba13    0000000f     blink_cpu02_p28FP.o28FP (.text:_ti_sysbios_knl_Semaphore_destruct)
                  0008ba22    0000000f     ti.targets.rts2800.a28FP : Registry.o28FP (.text:_xdc_runtime_Registry_findById__E)
                  0008ba31    0000000f     blink_cpu02_p28FP.o28FP (.text:_xdc_runtime_Text_visitRope__I)
                  0008ba40    0000000e     blink_cpu02_p28FP.o28FP (.text:_ti_sysbios_knl_Queue_Object__get__S)
                  0008ba4e    0000000e     blink_cpu02_p28FP.o28FP (.text:_ti_sysbios_knl_Queue_destruct)
                  0008ba5c    0000000e     blink_cpu02_p28FP.o28FP (.text:_xdc_runtime_IHeap_alloc)
                  0008ba6a    0000000e     rts2800_fpu32.lib : fd_sub28.asm.obj (.text)
                  0008ba78    0000000d     blink_cpu02_p28FP.o28FP (.text:_ti_sysbios_BIOS_registerRTSLock__I)
                  0008ba85    0000000d     blink_cpu02_p28FP.o28FP (.text:_ti_sysbios_BIOS_removeRTSLock__I)
                  0008ba92    0000000d     sysbios.a28FP : BIOS.obj (.text:_ti_sysbios_family_c28_Hwi_dispatchC__I)
                  0008ba9f    0000000d     blink_cpu02_p28FP.o28FP (.text:_ti_sysbios_family_c28_Hwi_restoreIER__E)
                  0008baac    0000000d     blink_cpu02_p28FP.o28FP (.text:_ti_sysbios_knl_Task_SupportProxy_start__E)
                  0008bab9    0000000d     sysbios.a28FP : BIOS.obj (.text:_ti_sysbios_knl_Task_enter__I)
                  0008bac6    0000000d     ti.targets.rts2800.a28FP : Error.o28FP (.text:_xdc_runtime_Error_check__E)
                  0008bad3    0000000d     blink_cpu02_p28FP.o28FP (.text:_xdc_runtime_Memory_HeapProxy_alloc__E)
                  0008bae0    0000000d     ti.targets.rts2800.a28FP : System.o28FP (.text:_xdc_runtime_System_abort__E)
                  0008baed    0000000d     rts2800_fpu32.lib : memccpy.c.obj (.text)
                  0008bafa    0000000c     blink_cpu02_p28FP.o28FP (.text:_ti_sysbios_BIOS_exitFunc__I)
                  0008bb06    0000000c     sysbios.a28FP : BIOS.obj (.text:_ti_sysbios_gates_GateMutex_leave__E)
                  0008bb12    0000000c                   : BIOS.obj (.text:_ti_sysbios_knl_Queue_put__E)
                  0008bb1e    0000000c                   : BIOS.obj (.text:_ti_sysbios_knl_Task_enabled__E)
                  0008bb2a    0000000c     blink_cpu02_p28FP.o28FP (.text:_xdc_runtime_System_aprintf__E)
                  0008bb36    0000000c     blink_cpu02_p28FP.o28FP (.text:_xdc_runtime_System_printf__E)
                  0008bb42    0000000c     rts2800_fpu32.lib : memset.c.obj (.text)
                  0008bb4e    0000000c                       : strchr.c.obj (.text)
                  0008bb5a    0000000b     blink_cpu02_p28FP.o28FP (.text:_ti_sysbios_family_c28_Hwi_Module__startupDone__F)
                  0008bb65    0000000b     blink_cpu02_p28FP.o28FP (.text:_ti_sysbios_family_c28_Timer_Module__startupDone__F)
                  0008bb70    0000000b     sysbios.a28FP : BIOS.obj (.text:_ti_sysbios_knl_Task_unblock__E)
                  0008bb7b    0000000b     blink_cpu02_p28FP.o28FP (.text:_xdc_runtime_Startup_exec__I)
                  0008bb86    0000000b     ti.targets.rts2800.a28FP : SysMin.o28FP (.text:_xdc_runtime_SysMin_exit__E)
                  0008bb91    0000000b                              : System.o28FP (.text:_xdc_runtime_System_exit__E)
                  0008bb9c    0000000b     rts2800_fpu32.lib : u_div28.asm.obj (.text)
                  0008bba7    0000000a     ti.targets.rts2800.a28FP : Error.o28FP (.text:_xdc_runtime_Error_init__E)
                  0008bbb1    0000000a     blink_cpu02_p28FP.o28FP (.text:_xdc_runtime_IHeap_free)
                  0008bbbb    0000000a     ti.targets.rts2800.a28FP : Memory.o28FP (.text:_xdc_runtime_Memory_free__E)
                  0008bbc5    0000000a                              : System.o28FP (.text:_xdc_runtime_System_vsnprintf__E)
                  0008bbcf    0000000a                              : Text.o28FP (.text:_xdc_runtime_Text_ropeText__E)
                  0008bbd9    00000009     sysbios.a28FP : BIOS.obj (.text:_ti_sysbios_family_c28_TaskSupport_checkStack__E)
                  0008bbe2    00000009                   : c28_TaskSupport_asm.obj (.text:_ti_sysbios_family_c28_TaskSupport_glue)
                  0008bbeb    00000009                   : BIOS.obj (.text:_ti_sysbios_hal_Hwi_Module_startup__E)
                  0008bbf4    00000009     rts2800_fpu32.lib : _lock.c.obj (.text)
                  0008bbfd    00000009                       : fd_neg28.asm.obj (.text)
                  0008bc06    00000009                       : wcslen.c.obj (.text)
                  0008bc0f    00000008     F2837xD_CodeStartBranch.obj (.text)
                  0008bc17    00000008     sysbios.a28FP : BIOS.obj (.text:_ti_sysbios_BIOS_setThreadType__E)
                  0008bc1f    00000008                   : BIOS.obj (.text:_ti_sysbios_gates_GateMutex_Instance_finalize__E)
                  0008bc27    00000008     blink_cpu02_p28FP.o28FP (.text:_ti_sysbios_knl_Clock_Module_State_clockQ)
                  0008bc2f    00000008     sysbios.a28FP : BIOS.obj (.text:_ti_sysbios_knl_Semaphore_Instance_finalize__E)
                  0008bc37    00000008     blink_cpu02_p28FP.o28FP (.text:_xdc_runtime_Memory_HeapProxy_free__E)
                  0008bc3f    00000008     ti.targets.rts2800.a28FP : Memory.o28FP (.text:_xdc_runtime_Memory_calloc__E)
                  0008bc47    00000008                              : SysMin.o28FP (.text:_xdc_runtime_SysMin_ready__E)
                  0008bc4f    00000008     rts2800_fpu32.lib : strlen.c.obj (.text)
                  0008bc57    00000007     blink_cpu02_p28FP.o28FP (.text:_ti_sysbios_BIOS_RtsGateProxy_leave__E)
                  0008bc5e    00000007     blink_cpu02_p28FP.o28FP (.text:_ti_sysbios_hal_Hwi_HwiProxy_getStackInfo__E)
                  0008bc65    00000007     blink_cpu02_p28FP.o28FP (.text:_ti_sysbios_heaps_HeapMem_Module_GateProxy_leave__E)
                  0008bc6c    00000007     sysbios.a28FP : BIOS.obj (.text:_ti_sysbios_knl_Queue_empty__E)
                  0008bc73    00000007     blink_cpu02_p28FP.o28FP (.text:_ti_sysbios_knl_Task_SupportProxy_checkStack__E)
                  0008bc7a    00000007     blink_cpu02_p28FP.o28FP (.text:_ti_sysbios_knl_Task_SupportProxy_swap__E)
                  0008bc81    00000007     blink_cpu02_p28FP.o28FP (.text:_xdc_runtime_System_Module_GateProxy_leave__E)
                  0008bc88    00000006     blink_cpu02_p28FP.o28FP (.text:_ti_sysbios_BIOS_RtsGateProxy_enter__E)
                  0008bc8e    00000006     sysbios.a28FP : BIOS.obj (.text:_ti_sysbios_BIOS_start__E)
                  0008bc94    00000006                   : c28_IntrinsicsSupport_asm.obj (.text:_ti_sysbios_family_c28_IntrinsicsSupport_maxbit__E)
                  0008bc9a    00000006     blink_cpu02_p28FP.o28FP (.text:_ti_sysbios_heaps_HeapMem_Module_GateProxy_enter__E)
                  0008bca0    00000006     blink_cpu02_p28FP.o28FP (.text:_ti_sysbios_heaps_HeapMem_Module_GateProxy_query__E)
                  0008bca6    00000006     blink_cpu02_p28FP.o28FP (.text:_ti_sysbios_knl_Clock_TimerProxy_getMaxTicks__E)
                  0008bcac    00000006     sysbios.a28FP : BIOS.obj (.text:_ti_sysbios_knl_Swi_disable__E)
                  0008bcb2    00000006                   : BIOS.obj (.text:_ti_sysbios_knl_Task_disable__E)
                  0008bcb8    00000006     ti.targets.rts2800.a28FP : Gate.o28FP (.text:_xdc_runtime_Gate_enterSystem__E)
                  0008bcbe    00000006                              : Gate.o28FP (.text:_xdc_runtime_Gate_leaveSystem__E)
                  0008bcc4    00000006     blink_cpu02_p28FP.o28FP (.text:_xdc_runtime_System_Module_GateProxy_enter__E)
                  0008bcca    00000006     blink_cpu02_p28FP.o28FP (.text:_xdc_runtime_System_SupportProxy_abort__E)
                  0008bcd0    00000006     blink_cpu02_p28FP.o28FP (.text:_xdc_runtime_System_SupportProxy_exit__E)
                  0008bcd6    00000006     blink_cpu02_p28FP.o28FP (.text:_xdc_runtime_System_SupportProxy_putch__E)
                  0008bcdc    00000005     sysbios.a28FP : BIOS.obj (.text:_ti_sysbios_family_c28_Hwi_switchFromBootStack__E)
                  0008bce1    00000005                   : BIOS.obj (.text:_ti_sysbios_gates_GateHwi_enter__E)
                  0008bce6    00000005     blink_cpu02_p28FP.o28FP (.text:_xdc_iargToPtr)
                  0008bceb    00000005     rts2800_fpu32.lib : strcpy.c.obj (.text)
                  0008bcf0    00000004     blink_cpu02_p28FP.o28FP (.text:_ti_sysbios_family_c28_Hwi_startup__E)
                  0008bcf4    00000004     sysbios.a28FP : BIOS.obj (.text:_ti_sysbios_heaps_HeapMem_isBlocking__E)
                  0008bcf8    00000004                   : BIOS.obj (.text:_ti_sysbios_knl_Swi_startup__E)
                  0008bcfc    00000004     ti.targets.rts2800.a28FP : Memory.o28FP (.text:_xdc_runtime_Memory_getMaxDefaultTypeAlign__E)
                  0008bd00    00000004                              : Startup.o28FP (.text:_xdc_runtime_Startup_rtsDone__E)
                  0008bd04    00000003                              : xdc_noinit.o28FP (.text:___xdc__init)
                  0008bd07    00000003     blink_cpu02_p28FP.o28FP (.text:_ti_sysbios_family_c28_Hwi_Module__startupDone__S)
                  0008bd0a    00000003     blink_cpu02_p28FP.o28FP (.text:_ti_sysbios_family_c28_Timer_Module__startupDone__S)
                  0008bd0d    00000003     sysbios.a28FP : BIOS.obj (.text:_ti_sysbios_gates_GateHwi_leave__E)
                  0008bd10    00000003     blink_cpu02_p28FP.o28FP (.text:_ti_sysbios_hal_Hwi_HwiProxy_Module__startupDone__S)
                  0008bd13    00000003     blink_cpu02_p28FP.o28FP (.text:_ti_sysbios_hal_Hwi_HwiProxy_startup__E)
                  0008bd16    00000003     blink_cpu02_p28FP.o28FP (.text:_ti_sysbios_hal_Hwi_HwiProxy_switchFromBootStack__E)
                  0008bd19    00000003     sysbios.a28FP : BIOS.obj (.text:_ti_sysbios_hal_Hwi_startup__E)
                  0008bd1c    00000003     blink_cpu02_p28FP.o28FP (.text:_ti_sysbios_knl_Clock_TimerProxy_Module__startupDone__S)
                  0008bd1f    00000003     sysbios.a28FP : BIOS.obj (.text:_ti_sysbios_knl_Idle_loop__E)
                  0008bd22    00000003                   : BIOS.obj (.text:_ti_sysbios_knl_Queue_Instance_init__E)
                  0008bd25    00000003     blink_cpu02_p28FP.o28FP (.text:_ti_sysbios_knl_Task_SupportProxy_Module__startupDone__S)
                  0008bd28    00000003     sysbios.a28FP : BIOS.obj (.text:_ti_sysbios_knl_Task_startup__E)
                  0008bd2b    00000003     blink_cpu02_p28FP.o28FP (.text:_xdc_runtime_Startup_reset__I)
                  0008bd2e    00000003     ti.targets.rts2800.a28FP : System.o28FP (.text:_xdc_runtime_System_Module_startup__E)
                  0008bd31    00000003     blink_cpu02_p28FP.o28FP (.text:_xdc_runtime_System_SupportProxy_ready__E)
                  0008bd34    00000003     ti.targets.rts2800.a28FP : System.o28FP (.text:_xdc_runtime_System_abortStd__E)
                  0008bd37    00000003                              : System.o28FP (.text:_xdc_runtime_System_exitStd__E)
                  0008bd3a    00000002     blink_cpu02_p28FP.o28FP (.text:_ti_sysbios_family_c28_TaskSupport_Module__startupDone__S)
                  0008bd3c    00000002     sysbios.a28FP : BIOS.obj (.text:_ti_sysbios_family_c28_Timer_getMaxTicks__E)
                  0008bd3e    00000002                   : BIOS.obj (.text:_ti_sysbios_gates_GateHwi_query__E)
                  0008bd40    00000002                   : BIOS.obj (.text:_ti_sysbios_gates_GateMutex_query__E)
                  0008bd42    00000002     ti.targets.rts2800.a28FP : Error.o28FP (.text:_xdc_runtime_Error_getSite__E)
                  0008bd44    00000002     rts2800_fpu32.lib : pre_init.c.obj (.text)
                  0008bd46    00000001     sysbios.a28FP : BIOS.obj (.text:_ti_sysbios_BIOS_linkedWithIncorrectBootLibrary__E)
                  0008bd47    00000001     blink_cpu02_p28FP.o28FP (.text:_ti_sysbios_BIOS_nullFunc__I)
                  0008bd48    00000001     sysbios.a28FP : c28_Hwi_asm.obj (.text:_ti_sysbios_family_c28_Hwi_interruptReturn__I)
                  0008bd49    00000001                   : BIOS.obj (.text:_ti_sysbios_gates_GateHwi_Instance_init__E)
                  0008bd4a    00000001     rts2800_fpu32.lib : startup.c.obj (.text)

.stack     1    00008000    00001000     UNINITIALIZED
                  00008000    00001000     --HOLE--

.cio       1    000091c0    00000120     UNINITIALIZED
                  000091c0    00000120     rts2800_fpu32.lib : trgmsg.c.obj (.cio)

GETBUFFER 
*          0    0003fc00    00000000     DSECT

GETWRITEIDX 
*          0    0003fc00    00000000     DSECT

PUTREADIDX 
*          0    0003fc00    00000000     DSECT

Flash0EccRegsFile 
*          1    00000002    00000028     UNINITIALIZED
                  00000002    00000028     F2837xD_GlobalVariableDefs.obj (Flash0EccRegsFile)

DcsmCommonRegsFile 
*          1    0000002a    00000008     UNINITIALIZED
                  0000002a    00000008     F2837xD_GlobalVariableDefs.obj (DcsmCommonRegsFile)

EmuBModeVar 
*          1    00000032    00000001     UNINITIALIZED
                  00000032    00000001     F2837xD_GlobalVariableDefs.obj (EmuBModeVar)

DcsmZ1RegsFile 
*          1    00000040    00000024     UNINITIALIZED
                  00000040    00000024     F2837xD_GlobalVariableDefs.obj (DcsmZ1RegsFile)

PieVectTableFile 
*          1    00000400    000001c0     UNINITIALIZED
                  00000400    000001c0     F2837xD_GlobalVariableDefs.obj (PieVectTableFile)

Flash0CtrlRegsFile 
*          1    000005c0    00000182     UNINITIALIZED
                  000005c0    00000182     F2837xD_GlobalVariableDefs.obj (Flash0CtrlRegsFile)

DcsmZ2RegsFile 
*          1    00000742    00000024     UNINITIALIZED
                  00000742    00000024     F2837xD_GlobalVariableDefs.obj (DcsmZ2RegsFile)

AdcaResultFile 
*          1    00000b00    00000018     UNINITIALIZED
                  00000b00    00000018     F2837xD_GlobalVariableDefs.obj (AdcaResultFile)

AdcbResultFile 
*          1    00000b20    00000018     UNINITIALIZED
                  00000b20    00000018     F2837xD_GlobalVariableDefs.obj (AdcbResultFile)

AdccResultFile 
*          1    00000b40    00000018     UNINITIALIZED
                  00000b40    00000018     F2837xD_GlobalVariableDefs.obj (AdccResultFile)

AdcdResultFile 
*          1    00000b60    00000018     UNINITIALIZED
                  00000b60    00000018     F2837xD_GlobalVariableDefs.obj (AdcdResultFile)

CpuTimer0RegsFile 
*          1    00000c00    00000008     UNINITIALIZED
                  00000c00    00000008     F2837xD_GlobalVariableDefs.obj (CpuTimer0RegsFile)

CpuTimer1RegsFile 
*          1    00000c08    00000008     UNINITIALIZED
                  00000c08    00000008     F2837xD_GlobalVariableDefs.obj (CpuTimer1RegsFile)

CpuTimer2RegsFile 
*          1    00000c10    00000008     UNINITIALIZED
                  00000c10    00000008     F2837xD_GlobalVariableDefs.obj (CpuTimer2RegsFile)

PieCtrlRegsFile 
*          1    00000ce0    0000001a     UNINITIALIZED
                  00000ce0    0000001a     F2837xD_GlobalVariableDefs.obj (PieCtrlRegsFile)

Cla1RegsFile 
*          1    00001400    0000003c     UNINITIALIZED
                  00001400    0000003c     F2837xD_GlobalVariableDefs.obj (Cla1RegsFile)

EPwm1RegsFile 
*          1    00004000    00000100     UNINITIALIZED
                  00004000    00000100     F2837xD_GlobalVariableDefs.obj (EPwm1RegsFile)

EPwm2RegsFile 
*          1    00004100    00000100     UNINITIALIZED
                  00004100    00000100     F2837xD_GlobalVariableDefs.obj (EPwm2RegsFile)

EPwm3RegsFile 
*          1    00004200    00000100     UNINITIALIZED
                  00004200    00000100     F2837xD_GlobalVariableDefs.obj (EPwm3RegsFile)

EPwm4RegsFile 
*          1    00004300    00000100     UNINITIALIZED
                  00004300    00000100     F2837xD_GlobalVariableDefs.obj (EPwm4RegsFile)

EPwm5RegsFile 
*          1    00004400    00000100     UNINITIALIZED
                  00004400    00000100     F2837xD_GlobalVariableDefs.obj (EPwm5RegsFile)

EPwm6RegsFile 
*          1    00004500    00000100     UNINITIALIZED
                  00004500    00000100     F2837xD_GlobalVariableDefs.obj (EPwm6RegsFile)

EPwm7RegsFile 
*          1    00004600    00000100     UNINITIALIZED
                  00004600    00000100     F2837xD_GlobalVariableDefs.obj (EPwm7RegsFile)

EPwm8RegsFile 
*          1    00004700    00000100     UNINITIALIZED
                  00004700    00000100     F2837xD_GlobalVariableDefs.obj (EPwm8RegsFile)

EPwm9RegsFile 
*          1    00004800    00000100     UNINITIALIZED
                  00004800    00000100     F2837xD_GlobalVariableDefs.obj (EPwm9RegsFile)

EPwm10RegsFile 
*          1    00004900    00000100     UNINITIALIZED
                  00004900    00000100     F2837xD_GlobalVariableDefs.obj (EPwm10RegsFile)

EPwm11RegsFile 
*          1    00004a00    00000100     UNINITIALIZED
                  00004a00    00000100     F2837xD_GlobalVariableDefs.obj (EPwm11RegsFile)

EPwm12RegsFile 
*          1    00004b00    00000100     UNINITIALIZED
                  00004b00    00000100     F2837xD_GlobalVariableDefs.obj (EPwm12RegsFile)

ECap1RegsFile 
*          1    00005000    00000020     UNINITIALIZED
                  00005000    00000020     F2837xD_GlobalVariableDefs.obj (ECap1RegsFile)

ECap2RegsFile 
*          1    00005020    00000020     UNINITIALIZED
                  00005020    00000020     F2837xD_GlobalVariableDefs.obj (ECap2RegsFile)

ECap3RegsFile 
*          1    00005040    00000020     UNINITIALIZED
                  00005040    00000020     F2837xD_GlobalVariableDefs.obj (ECap3RegsFile)

ECap4RegsFile 
*          1    00005060    00000020     UNINITIALIZED
                  00005060    00000020     F2837xD_GlobalVariableDefs.obj (ECap4RegsFile)

ECap5RegsFile 
*          1    00005080    00000020     UNINITIALIZED
                  00005080    00000020     F2837xD_GlobalVariableDefs.obj (ECap5RegsFile)

ECap6RegsFile 
*          1    000050a0    00000020     UNINITIALIZED
                  000050a0    00000020     F2837xD_GlobalVariableDefs.obj (ECap6RegsFile)

EQep1RegsFile 
*          1    00005100    00000022     UNINITIALIZED
                  00005100    00000022     F2837xD_GlobalVariableDefs.obj (EQep1RegsFile)

EQep2RegsFile 
*          1    00005140    00000022     UNINITIALIZED
                  00005140    00000022     F2837xD_GlobalVariableDefs.obj (EQep2RegsFile)

EQep3RegsFile 
*          1    00005180    00000022     UNINITIALIZED
                  00005180    00000022     F2837xD_GlobalVariableDefs.obj (EQep3RegsFile)

DacaRegsFile 
*          1    00005c00    00000008     UNINITIALIZED
                  00005c00    00000008     F2837xD_GlobalVariableDefs.obj (DacaRegsFile)

DacbRegsFile 
*          1    00005c10    00000008     UNINITIALIZED
                  00005c10    00000008     F2837xD_GlobalVariableDefs.obj (DacbRegsFile)

DaccRegsFile 
*          1    00005c20    00000008     UNINITIALIZED
                  00005c20    00000008     F2837xD_GlobalVariableDefs.obj (DaccRegsFile)

Sdfm1RegsFile 
*          1    00005e00    00000080     UNINITIALIZED
                  00005e00    00000080     F2837xD_GlobalVariableDefs.obj (Sdfm1RegsFile)

Sdfm2RegsFile 
*          1    00005e80    00000080     UNINITIALIZED
                  00005e80    00000080     F2837xD_GlobalVariableDefs.obj (Sdfm2RegsFile)

McbspaRegsFile 
*          1    00006000    00000024     UNINITIALIZED
                  00006000    00000024     F2837xD_GlobalVariableDefs.obj (McbspaRegsFile)

McbspbRegsFile 
*          1    00006040    00000024     UNINITIALIZED
                  00006040    00000024     F2837xD_GlobalVariableDefs.obj (McbspbRegsFile)

SpiaRegsFile 
*          1    00006100    00000010     UNINITIALIZED
                  00006100    00000010     F2837xD_GlobalVariableDefs.obj (SpiaRegsFile)

SpibRegsFile 
*          1    00006110    00000010     UNINITIALIZED
                  00006110    00000010     F2837xD_GlobalVariableDefs.obj (SpibRegsFile)

SpicRegsFile 
*          1    00006120    00000010     UNINITIALIZED
                  00006120    00000010     F2837xD_GlobalVariableDefs.obj (SpicRegsFile)

NmiIntruptRegsFile 
*          1    00007060    00000007     UNINITIALIZED
                  00007060    00000007     F2837xD_GlobalVariableDefs.obj (NmiIntruptRegsFile)

SciaRegsFile 
*          1    00007200    00000010     UNINITIALIZED
                  00007200    00000010     F2837xD_GlobalVariableDefs.obj (SciaRegsFile)

ScibRegsFile 
*          1    00007210    00000010     UNINITIALIZED
                  00007210    00000010     F2837xD_GlobalVariableDefs.obj (ScibRegsFile)

ScicRegsFile 
*          1    00007220    00000010     UNINITIALIZED
                  00007220    00000010     F2837xD_GlobalVariableDefs.obj (ScicRegsFile)

ScidRegsFile 
*          1    00007230    00000010     UNINITIALIZED
                  00007230    00000010     F2837xD_GlobalVariableDefs.obj (ScidRegsFile)

AdcaRegsFile 
*          1    00007400    00000080     UNINITIALIZED
                  00007400    00000080     F2837xD_GlobalVariableDefs.obj (AdcaRegsFile)

AdcbRegsFile 
*          1    00007480    00000080     UNINITIALIZED
                  00007480    00000080     F2837xD_GlobalVariableDefs.obj (AdcbRegsFile)

AdccRegsFile 
*          1    00007500    00000080     UNINITIALIZED
                  00007500    00000080     F2837xD_GlobalVariableDefs.obj (AdccRegsFile)

AdcdRegsFile 
*          1    00007580    00000080     UNINITIALIZED
                  00007580    00000080     F2837xD_GlobalVariableDefs.obj (AdcdRegsFile)

Cla1SoftIntRegsFile 
*          1    00000ce0    00000004     DSECT
                  00000ce0    00000004     F2837xD_GlobalVariableDefs.obj (Cla1SoftIntRegsFile)

Cmpss1RegsFile 
*          1    00005c80    00000020     UNINITIALIZED
                  00005c80    00000020     F2837xD_GlobalVariableDefs.obj (Cmpss1RegsFile)

Cmpss2RegsFile 
*          1    00005ca0    00000020     UNINITIALIZED
                  00005ca0    00000020     F2837xD_GlobalVariableDefs.obj (Cmpss2RegsFile)

Cmpss3RegsFile 
*          1    00005cc0    00000020     UNINITIALIZED
                  00005cc0    00000020     F2837xD_GlobalVariableDefs.obj (Cmpss3RegsFile)

Cmpss4RegsFile 
*          1    00005ce0    00000020     UNINITIALIZED
                  00005ce0    00000020     F2837xD_GlobalVariableDefs.obj (Cmpss4RegsFile)

Cmpss5RegsFile 
*          1    00005d00    00000020     UNINITIALIZED
                  00005d00    00000020     F2837xD_GlobalVariableDefs.obj (Cmpss5RegsFile)

Cmpss6RegsFile 
*          1    00005d20    00000020     UNINITIALIZED
                  00005d20    00000020     F2837xD_GlobalVariableDefs.obj (Cmpss6RegsFile)

Cmpss7RegsFile 
*          1    00005d40    00000020     UNINITIALIZED
                  00005d40    00000020     F2837xD_GlobalVariableDefs.obj (Cmpss7RegsFile)

Cmpss8RegsFile 
*          1    00005d60    00000020     UNINITIALIZED
                  00005d60    00000020     F2837xD_GlobalVariableDefs.obj (Cmpss8RegsFile)

DmaRegsFile 
*          1    00001000    000000e0     UNINITIALIZED
                  00001000    000000e0     F2837xD_GlobalVariableDefs.obj (DmaRegsFile)

DmaClaSrcSelRegsFile 
*          1    00007980    0000001a     UNINITIALIZED
                  00007980    0000001a     F2837xD_GlobalVariableDefs.obj (DmaClaSrcSelRegsFile)

Emif1RegsFile 
*          1    00047000    00000070     UNINITIALIZED
                  00047000    00000070     F2837xD_GlobalVariableDefs.obj (Emif1RegsFile)

Emif2RegsFile 
*          1    00047800    00000070     UNINITIALIZED
                  00047800    00000070     F2837xD_GlobalVariableDefs.obj (Emif2RegsFile)

GpioDataRegsFile 
*          1    00007f00    00000030     UNINITIALIZED
                  00007f00    00000030     F2837xD_GlobalVariableDefs.obj (GpioDataRegsFile)

I2caRegsFile 
*          1    00007300    00000022     UNINITIALIZED
                  00007300    00000022     F2837xD_GlobalVariableDefs.obj (I2caRegsFile)

I2cbRegsFile 
*          1    00007340    00000022     UNINITIALIZED
                  00007340    00000022     F2837xD_GlobalVariableDefs.obj (I2cbRegsFile)

IpcRegsFile 
*          1    00050000    00000026     UNINITIALIZED
                  00050000    00000026     F2837xD_GlobalVariableDefs.obj (IpcRegsFile)

MemCfgRegsFile 
*          1    0005f400    00000080     UNINITIALIZED
                  0005f400    00000080     F2837xD_GlobalVariableDefs.obj (MemCfgRegsFile)

Emif1ConfigRegsFile 
*          1    0005f480    00000020     UNINITIALIZED
                  0005f480    00000020     F2837xD_GlobalVariableDefs.obj (Emif1ConfigRegsFile)

AccessProtectionRegsFile 
*          1    0005f4c0    00000040     UNINITIALIZED
                  0005f4c0    00000040     F2837xD_GlobalVariableDefs.obj (AccessProtectionRegsFile)

MemoryErrorRegsFile 
*          1    0005f500    00000040     UNINITIALIZED
                  0005f500    00000040     F2837xD_GlobalVariableDefs.obj (MemoryErrorRegsFile)

ClkCfgRegsFile 
*          1    0005d200    00000032     UNINITIALIZED
                  0005d200    00000032     F2837xD_GlobalVariableDefs.obj (ClkCfgRegsFile)

CpuSysRegsFile 
*          1    0005d300    00000082     UNINITIALIZED
                  0005d300    00000082     F2837xD_GlobalVariableDefs.obj (CpuSysRegsFile)

WdRegsFile 
*          1    00007000    0000002b     UNINITIALIZED
                  00007000    0000002b     F2837xD_GlobalVariableDefs.obj (WdRegsFile)

XintRegsFile 
*          1    00007070    0000000b     UNINITIALIZED
                  00007070    0000000b     F2837xD_GlobalVariableDefs.obj (XintRegsFile)

EmuKeyVar 
*          1    00000033    00000001     UNINITIALIZED
                  00000033    00000001     F2837xD_GlobalVariableDefs.obj (EmuKeyVar)

DcsmZ1OtpFile 
*          1    00000780    00000020     UNINITIALIZED
                  00000780    00000020     F2837xD_GlobalVariableDefs.obj (DcsmZ1OtpFile)

DcsmZ2OtpFile 
*          1    000007a0    00000020     UNINITIALIZED
                  000007a0    00000020     F2837xD_GlobalVariableDefs.obj (DcsmZ2OtpFile)

MODULE SUMMARY

       Module                           code    initialized data   uninitialized data
       ------                           ----    ----------------   ------------------
    .\
       F2837xD_GlobalVariableDefs.obj   0       0                  6981              
       f28377sSerial.obj                989     0                  0                 
       F2837xD_SysCtrl.obj              662     0                  0                 
       blink_cpu02.obj                  63      49                 0                 
       F2837xD_CodeStartBranch.obj      10      0                  0                 
       F2837xD_usDelay.obj              8       0                  0                 
    +--+--------------------------------+-------+------------------+--------------------+
       Total:                           1732    49                 6981              
                                                                                     
    C:\ayush2\F28379D_Guide\F2837xD\Labs\blink\cpu02\ccs\CPU2_FLASH\configPkg\package\cfg\
       blink_cpu02_p28FP.o28FP          1162    8250               0                 
    +--+--------------------------------+-------+------------------+--------------------+
       Total:                           1162    8250               0                 
                                                                                     
    C:/CCStudio_v8/ccsv8/tools/compiler/ti-cgt-c2000_18.1.1.LTS/lib/rts2800_fpu32.lib
       _printfi.c.obj                   3399    66                 0                 
       trgmsg.c.obj                     148     0                  288               
       ll_div28.asm.obj                 263     0                  0                 
       ctype.c.obj                      0       257                0                 
       s_scalbn.c.obj                   171     28                 0                 
       fd_add28.asm.obj                 156     0                  0                 
       fd_div28.asm.obj                 139     0                  0                 
       fd_mpy28.asm.obj                 131     0                  0                 
       s_frexp.c.obj                    90      8                  0                 
       hostwrite.c.obj                  56      0                  0                 
       exit.c.obj                       41      14                 0                 
       atoi.c.obj                       49      0                  0                 
       vsprintf.c.obj                   48      0                  0                 
       ltoa.c.obj                       46      0                  0                 
       fd_cmp28.asm.obj                 42      0                  0                 
       l_div28.asm.obj                  42      0                  0                 
       cpy_tbl.c.obj                    36      0                  0                 
       s_copysign.c.obj                 36      0                  0                 
       fd_toi28.asm.obj                 33      0                  0                 
       fd_tol28.asm.obj                 31      0                  0                 
       ll_cmp28.asm.obj                 30      0                  0                 
       memcpy.c.obj                     30      0                  0                 
       i_tofd28.asm.obj                 29      0                  0                 
       fs_tofdfpu32.asm.obj             28      0                  0                 
       l_tofd28.asm.obj                 28      0                  0                 
       args_main.c.obj                  25      0                  0                 
       ll_aox28.asm.obj                 24      0                  0                 
       _lock.c.obj                      9       10                 0                 
       fd_sub28.asm.obj                 14      0                  0                 
       memccpy.c.obj                    13      0                  0                 
       memset.c.obj                     12      0                  0                 
       strchr.c.obj                     12      0                  0                 
       u_div28.asm.obj                  11      0                  0                 
       fd_neg28.asm.obj                 9       0                  0                 
       wcslen.c.obj                     9       0                  0                 
       strlen.c.obj                     8       0                  0                 
       strcpy.c.obj                     5       0                  0                 
       errno.c.obj                      0       4                  0                 
       pre_init.c.obj                   2       0                  0                 
       startup.c.obj                    1       0                  0                 
    +--+--------------------------------+-------+------------------+--------------------+
       Total:                           5256    387                288               
                                                                                     
    C:\CCStudio_v8\bios_6_70_01_03\packages\ti\targets\rts2800\lib\boot.a28FP
       boot_cg.o28FP                    105     0                  0                 
    +--+--------------------------------+-------+------------------+--------------------+
       Total:                           105     0                  0                 
                                                                                     
[...]
0     0008b5c6  _ti_sysbios_hal_Hwi_checkStack                            
0     0008b5e2  FS$$TOFD                                                  
0     0008b5fe  L$$TOFD                                                   
0     0008b61a  _ti_sysbios_family_c28_Hwi_switchAndDispatch__I           
0     0008b635  _ti_sysbios_hal_Hwi_initStack                             
0     0008b650  _ti_sysbios_knl_Task_processVitalTaskFlag__I              
0     0008b66b  _xdc_runtime_SysMin_output__I                             
0     0008b686  _ti_sysbios_knl_Clock_addI__E                             
0     0008b6a0  _ti_sysbios_knl_Semaphore_construct                       
0     0008b6ba  _xdc_runtime_Core_assignLabel__I                          
0     0008b6d4  _xdc_runtime_System_aprintf_va__F                         
0     0008b6d4  _xdc_runtime_System_avprintf__E                           
0     0008b6ee  _ti_sysbios_knl_Semaphore_pendTimeout__I                  
0     0008b707  _ti_sysbios_knl_Swi_restore__E                            
0     0008b720  _xdc_runtime_System_putchar__I                            
0     0008b739  _xdc_runtime_System_printf_va__F                          
0     0008b739  _xdc_runtime_System_vprintf__E                            
0     0008b752  __args_main                                               
0     0008b76b  _ti_sysbios_family_xxx_Hwi_switchAndRunFunc               
0     0008b783  _ti_sysbios_knl_Queue_construct                           
0     0008b79b  _xdc_runtime_Text_printVisFxn__I                          
0     0008b7b3  LL$$AND                                                   
0     0008b7bb  LL$$OR                                                    
0     0008b7c3  LL$$XOR                                                   
0     0008b7cb  _ti_sysbios_BIOS_atExitFunc__I                            
0     0008b7e2  _ti_sysbios_family_c28_Timer_startup__E                   
0     0008b7f9  _ti_sysbios_knl_Clock_doTick__I                           
0     0008b810  _ti_sysbios_knl_Task_restore__E                           
0     0008b827  _xdc_runtime_Memory_valloc__E                             
0     0008b83e  _ti_sysbios_family_c28_Timer_Module_startup__E            
0     0008b854  _xdc_runtime_SysMin_abort__E                              
0     0008b86a  _ti_sysbios_BIOS_startFunc__I                             
0     0008b87f  _ti_sysbios_knl_Swi_Module_startup__E                     
0     0008b894  _ti_sysbios_knl_Idle_run__E                               
0     0008b8a8  _ti_sysbios_BIOS_errorRaiseHook__I                        
0     0008b8bb  _ti_sysbios_family_c28_Hwi_Object__get__S                 
0     0008b8ce  _ti_sysbios_gates_GateMutex_Object__delete__S             
0     0008b8e1  _xdc_runtime_Error_raiseX__E                              
0     0008b8f4  _ti_sysbios_family_c28_Hwi_disableIER__E                  
0     0008b906  _ti_sysbios_gates_GateHwi_Object__delete__S               
0     0008b918  _ti_sysbios_heaps_HeapMem_Object__delete__S               
0     0008b92a  _ti_sysbios_knl_Clock_Module_startup__E                   
0     0008b93c  _ti_sysbios_gates_GateHwi_Handle__label__S                
0     0008b94d  _ti_sysbios_gates_GateMutex_Handle__label__S              
0     0008b95e  _ti_sysbios_heaps_HeapMem_Handle__label__S                
0     0008b96f  _ti_sysbios_heaps_HeapMem_Object__get__S                  
0     0008b980  _ti_sysbios_knl_Swi_Object__get__S                        
0     0008b991  _ti_sysbios_knl_Task_Object__get__S                       
0     0008b9a2  _ti_sysbios_knl_Task_restoreHwi__E                        
0     0008b9b3  _xdc_runtime_Text_cordText__E                             
0     0008b9c4  _ti_sysbios_BIOS_rtsLock__I                               
0     0008b9d4  _ti_sysbios_family_c28_Hwi_enableIER__E                   
0     0008b9e4  _ti_sysbios_family_c28_Timer_stop__E                      
0     0008b9f4  _xdc_runtime_SysMin_Module_startup__E                     
0     0008ba04  _ti_sysbios_gates_GateMutex_Instance_init__E              
0     0008ba13  _ti_sysbios_knl_Semaphore_destruct                        
0     0008ba22  _xdc_runtime_Registry_findById__E                         
0     0008ba31  _xdc_runtime_Text_visitRope__I                            
0     0008ba40  _ti_sysbios_knl_Queue_Object__get__S                      
0     0008ba4e  _ti_sysbios_knl_Queue_destruct                            
0     0008ba6a  FD$$SUB                                                   
0     0008ba78  _ti_sysbios_BIOS_registerRTSLock__I                       
0     0008ba85  _ti_sysbios_BIOS_removeRTSLock__I                         
0     0008ba92  _ti_sysbios_family_c28_Hwi_dispatchC__I                   
0     0008ba9f  _ti_sysbios_family_c28_Hwi_restoreIER__E                  
0     0008baac  _ti_sysbios_knl_Task_SupportProxy_start__E                
0     0008bab9  _ti_sysbios_knl_Task_enter__I                             
0     0008bac6  _xdc_runtime_Error_check__E                               
0     0008bad3  _xdc_runtime_Memory_HeapProxy_alloc__E                    
0     0008bae0  _xdc_runtime_System_abort__E                              
0     0008baed  _memccpy                                                  
0     0008bafa  _ti_sysbios_BIOS_exitFunc__I                              
0     0008bb06  _ti_sysbios_gates_GateMutex_leave__E                      
0     0008bb12  _ti_sysbios_knl_Queue_put__E                              
0     0008bb1e  _ti_sysbios_knl_Task_enabled__E                           
0     0008bb2a  _xdc_runtime_System_aprintf__E                            
0     0008bb36  _xdc_runtime_System_printf__E                             
0     0008bb42  _memset                                                   
0     0008bb4e  _strchr                                                   
0     0008bb5a  _ti_sysbios_family_c28_Hwi_Module__startupDone__F         
0     0008bb65  _ti_sysbios_family_c28_Timer_Module__startupDone__F       
0     0008bb70  _ti_sysbios_knl_Task_unblock__E                           
0     0008bb7b  _xdc_runtime_Startup_exec__I                              
0     0008bb86  _xdc_runtime_SysMin_exit__E                               
0     0008bb91  _xdc_runtime_System_exit__E                               
0     0008bb9c  U$$DIV                                                    
0     0008bba1  U$$MOD                                                    
0     0008bba7  _xdc_runtime_Error_init__E                                
0     0008bbbb  _xdc_runtime_Memory_free__E                               
0     0008bbc5  _xdc_runtime_System_snprintf_va__F                        
0     0008bbc5  _xdc_runtime_System_vsnprintf__E                          
0     0008bbcf  _xdc_runtime_Text_ropeText__E                             
0     0008bbd9  _ti_sysbios_family_c28_TaskSupport_checkStack__E          
0     0008bbe2  _ti_sysbios_family_c28_TaskSupport_glue                   
0     0008bbeb  _ti_sysbios_hal_Hwi_Module_startup__E                     
0     0008bbf4  __register_unlock                                         
0     0008bbf8  __register_lock                                           
0     0008bbfc  __nop                                                     
0     0008bbfd  FD$$NEG                                                   
0     0008bc06  _wcslen                                                   
0     0008bc17  _ti_sysbios_BIOS_setThreadType__E                         
0     0008bc1f  _ti_sysbios_gates_GateMutex_Instance_finalize__E          
0     0008bc2f  _ti_sysbios_knl_Semaphore_Instance_finalize__E            
0     0008bc37  _xdc_runtime_Memory_HeapProxy_free__E                     
0     0008bc3f  _xdc_runtime_Memory_calloc__E                             
0     0008bc47  _xdc_runtime_SysMin_ready__E                              
0     0008bc4f  _strlen                                                   
0     0008bc57  _ti_sysbios_BIOS_RtsGateProxy_leave__E                    
0     0008bc5e  _ti_sysbios_hal_Hwi_HwiProxy_getStackInfo__E              
0     0008bc65  _ti_sysbios_heaps_HeapMem_Module_GateProxy_leave__E       
0     0008bc6c  _ti_sysbios_knl_Queue_empty__E                            
0     0008bc73  _ti_sysbios_knl_Task_SupportProxy_checkStack__E           
0     0008bc7a  _ti_sysbios_knl_Task_SupportProxy_swap__E                 
0     0008bc81  _xdc_runtime_System_Module_GateProxy_leave__E             
0     0008bc88  _ti_sysbios_BIOS_RtsGateProxy_enter__E                    
0     0008bc8e  _ti_sysbios_BIOS_start__E                                 
0     0008bc94  _ti_sysbios_family_c28_IntrinsicsSupport_maxbit__E        
0     0008bc9a  _ti_sysbios_heaps_HeapMem_Module_GateProxy_enter__E       
0     0008bca0  _ti_sysbios_heaps_HeapMem_Module_GateProxy_query__E       
0     0008bca6  _ti_sysbios_knl_Clock_TimerProxy_getMaxTicks__E           
0     0008bcac  _ti_sysbios_knl_Swi_disable__E                            
0     0008bcb2  _ti_sysbios_knl_Task_disable__E                           
0     0008bcb8  _xdc_runtime_Gate_enterSystem__E                          
0     0008bcbe  _xdc_runtime_Gate_leaveSystem__E                          
0     0008bcc4  _xdc_runtime_System_Module_GateProxy_enter__E             
0     0008bcca  _xdc_runtime_System_SupportProxy_abort__E                 
0     0008bcd0  _xdc_runtime_System_SupportProxy_exit__E                  
0     0008bcd6  _xdc_runtime_System_SupportProxy_putch__E                 
0     0008bcdc  _ti_sysbios_family_c28_Hwi_switchFromBootStack__E         
0     0008bce1  _ti_sysbios_gates_GateHwi_enter__E                        
0     0008bceb  _strcpy                                                   
0     0008bcf0  _ti_sysbios_family_c28_Hwi_startup__E                     
0     0008bcf4  _ti_sysbios_heaps_HeapMem_isBlocking__E                   
0     0008bcf8  _ti_sysbios_knl_Swi_startup__E                            
0     0008bcfc  _xdc_runtime_Memory_getMaxDefaultTypeAlign__E             
0     0008bd00  _xdc_runtime_Startup_rtsDone__E                           
0     0008bd04  ___xdc__init                                              
0     0008bd07  _ti_sysbios_family_c28_Hwi_Module__startupDone__S         
0     0008bd0a  _ti_sysbios_family_c28_Timer_Module__startupDone__S       
0     0008bd0d  _ti_sysbios_gates_GateHwi_leave__E                        
0     0008bd10  _ti_sysbios_hal_Hwi_HwiProxy_Module__startupDone__S       
0     0008bd13  _ti_sysbios_hal_Hwi_HwiProxy_startup__E                   
0     0008bd16  _ti_sysbios_hal_Hwi_HwiProxy_switchFromBootStack__E       
0     0008bd19  _ti_sysbios_hal_Hwi_startup__E                            
0     0008bd1c  _ti_sysbios_knl_Clock_TimerProxy_Module__startupDone__S   
0     0008bd1f  _ti_sysbios_knl_Idle_loop__E                              
0     0008bd22  _ti_sysbios_knl_Queue_Instance_init__E                    
0     0008bd25  _ti_sysbios_knl_Task_SupportProxy_Module__startupDone__S  
0     0008bd28  _ti_sysbios_knl_Task_startup__E                           
0     0008bd2b  _xdc_runtime_Startup_reset__I                             
0     0008bd2e  _xdc_runtime_System_Module_startup__E                     
0     0008bd31  _xdc_runtime_System_SupportProxy_ready__E                 
0     0008bd34  _xdc_runtime_System_abortStd__E                           
0     0008bd37  _xdc_runtime_System_exitStd__E                            
0     0008bd3a  _ti_sysbios_family_c28_TaskSupport_Module__startupDone__S 
0     0008bd3c  _ti_sysbios_family_c28_Timer_getMaxTicks__E               
0     0008bd3e  _ti_sysbios_gates_GateHwi_query__E                        
0     0008bd40  _ti_sysbios_gates_GateMutex_query__E                      
0     0008bd42  _xdc_runtime_Error_getSite__E                             
0     0008bd44  __system_pre_init                                         
0     0008bd46  _ti_sysbios_BIOS_linkedWithIncorrectBootLibrary__E        
0     0008bd47  _ti_sysbios_BIOS_nullFunc__I                              
0     0008bd48  _ti_sysbios_family_c28_Hwi_interruptReturn__I             
0     0008bd49  _ti_sysbios_gates_GateHwi_Instance_init__E                
0     0008bd4a  __system_post_cinit                                       
0     0008bd4b  ___etext__                                                
0     0008bd4b  etext                                                     
1     00000002  _Flash0EccRegs                                            
1     0000002a  _DcsmCommonRegs                                           
1     00000032  _EmuBMode                                                 
1     00000033  _EmuKey                                                   
1     00000040  _DcsmZ1Regs                                               
1     00000400  _PieVectTable                                             
1     000005c0  _Flash0CtrlRegs                                           
1     00000742  _DcsmZ2Regs                                               
1     00000780  _DcsmZ1Otp                                                
1     000007a0  _DcsmZ2Otp                                                
1     00000b00  _AdcaResultRegs                                           
1     00000b20  _AdcbResultRegs                                           
1     00000b40  _AdccResultRegs                                           
1     00000b60  _AdcdResultRegs                                           
1     00000c00  _CpuTimer0Regs                                            
1     00000c08  _CpuTimer1Regs                                            
1     00000c10  _CpuTimer2Regs                                            
1     00000ce0  _PieCtrlRegs                                              
1     00001000  _DmaRegs                                                  
1     00001400  _Cla1Regs                                                 
1     00004000  _EPwm1Regs                                                
1     00004100  _EPwm2Regs                                                
1     00004200  _EPwm3Regs                                                
1     00004300  _EPwm4Regs                                                
1     00004400  _EPwm5Regs                                                
1     00004500  _EPwm6Regs                                                
1     00004600  _EPwm7Regs                                                
1     00004700  _EPwm8Regs                                                
1     00004800  _EPwm9Regs                                                
1     00004900  _EPwm10Regs                                               
1     00004a00  _EPwm11Regs                                               
1     00004b00  _EPwm12Regs                                               
1     00005000  _ECap1Regs                                                
1     00005020  _ECap2Regs                                                
1     00005040  _ECap3Regs                                                
1     00005060  _ECap4Regs                                                
1     00005080  _ECap5Regs                                                
1     000050a0  _ECap6Regs                                                
1     00005100  _EQep1Regs                                                
1     00005140  _EQep2Regs                                                
1     00005180  _EQep3Regs                                                
1     00005c00  _DacaRegs                                                 
1     00005c10  _DacbRegs                                                 
1     00005c20  _DaccRegs                                                 
1     00005c80  _Cmpss1Regs                                               
1     00005ca0  _Cmpss2Regs                                               
1     00005cc0  _Cmpss3Regs                                               
1     00005ce0  _Cmpss4Regs                                               
1     00005d00  _Cmpss5Regs                                               
1     00005d20  _Cmpss6Regs                                               
1     00005d40  _Cmpss7Regs                                               
1     00005d60  _Cmpss8Regs                                               
1     00005e00  _Sdfm1Regs                                                
1     00005e80  _Sdfm2Regs                                                
1     00006000  _McbspaRegs                                               
1     00006040  _McbspbRegs                                               
1     00006100  _SpiaRegs                                                 
1     00006110  _SpibRegs                                                 
1     00006120  _SpicRegs                                                 
1     00007000  _WdRegs                                                   
1     00007060  _NmiIntruptRegs                                           
1     00007070  _XintRegs                                                 
1     00007200  _SciaRegs                                                 
1     00007210  _ScibRegs                                                 
1     00007220  _ScicRegs                                                 
1     00007230  _ScidRegs                                                 
1     00007300  _I2caRegs                                                 
1     00007340  _I2cbRegs                                                 
1     00007400  _AdcaRegs                                                 
1     00007480  _AdcbRegs                                                 
1     00007500  _AdccRegs                                                 
1     00007580  _AdcdRegs                                                 
1     00007980  _DmaClaSrcSelRegs                                         
1     00007f00  _GpioDataRegs                                             
1     00008000  __stack                                                   
1     00009000  __STACK_END                                               
1     000091c0  __CIOBUF_                                                 
1     00047000  _Emif1Regs                                                
1     00047800  _Emif2Regs                                                
1     00050000  _IpcRegs                                                  
1     0005d200  _ClkCfgRegs                                               
1     0005d300  _CpuSysRegs                                               
1     0005f400  _MemCfgRegs                                               
1     0005f480  _Emif1ConfigRegs                                          
1     0005f4c0  _AccessProtectionRegs                                     
1     0005f500  _MemoryErrorRegs                                          
abs   00000001  _xdc_runtime_Startup__EXECFXN__C                          
abs   00000001  _xdc_runtime_Startup__RESETFXN__C                         
abs   00000197  _RamfuncsLoadSize                                         
abs   00000197  _RamfuncsRunSize                                          
abs   00001000  __STACK_SIZE                                              
abs   ffffffff  ___TI_pprof_out_hndl                                      
abs   ffffffff  ___TI_prof_data_size                                      
abs   ffffffff  ___TI_prof_data_start                                     
abs   ffffffff  ___binit__                                                
abs   ffffffff  ___c_args__                                               
abs   ffffffff  ___pinit__                                                
abs   ffffffff  binit                                                     
abs   ffffffff  pinit                                                     

[663 symbols]
