******************************************************************************
             TMS320C2000 Linker PC v18.1.1                     
******************************************************************************
>> Linked Mon Apr 15 12:58:52 2019

OUTPUT FILE NAME:   <blink_cpu02.out>
ENTRY POINT SYMBOL: "_c_int00"  address: 00089b03


MEMORY CONFIGURATION

         name            origin    length      used     unused   attr    fill
----------------------  --------  ---------  --------  --------  ----  --------
PAGE 0:
  D01SARAM              0000b000   00001000  00000000  00001000  RWIX
  BEGIN                 00080000   00000002  00000002  00000000  RWIX
  FLASHA                00080002   00001ffe  00001dec  00000212  RWIX
  FLASHB                00082000   00002000  0000046f  00001b91  RWIX
  FLASHC                00084000   00002000  00000000  00002000  RWIX
  FLASHD                00086000   00002000  00000000  00002000  RWIX
  FLASHE                00088000   00008000  00002dcc  00005234  RWIX
  FLASHF                00090000   00008000  00000000  00008000  RWIX
  FLASHG                00098000   00008000  00000000  00008000  RWIX
  FLASHH                000a0000   00008000  00000000  00008000  RWIX
  FLASHI                000a8000   00008000  00000000  00008000  RWIX
  FLASHJ                000b0000   00008000  00000000  00008000  RWIX
  FLASHK                000b8000   00002000  00000000  00002000  RWIX
  FLASHL                000ba000   00002000  00000000  00002000  RWIX
  FLASHM                000bc000   00002000  00000000  00002000  RWIX
  FLASHN                000be000   00002000  00000000  00002000  RWIX
  RESET                 003fffc0   00000002  00000000  00000002  RWIX

PAGE 1:
  BOOT_RSVD             00000002   0000007e  00000000  0000007e  RWIX
  M1SARAM               00000400   00000400  00000000  00000400  RWIX
  ADCA_RESULT           00000b00   00000020  00000018  00000008  RWIX
  ADCB_RESULT           00000b20   00000020  00000018  00000008  RWIX
  ADCC_RESULT           00000b40   00000020  00000018  00000008  RWIX
  ADCD_RESULT           00000b60   00000020  00000018  00000008  RWIX
  CPU_TIMER0            00000c00   00000008  00000008  00000000  RWIX
  CPU_TIMER1            00000c08   00000008  00000008  00000000  RWIX
  CPU_TIMER2            00000c10   00000008  00000008  00000000  RWIX
  PIE_CTRL              00000ce0   00000020  0000001a  00000006  RWIX
  PIE_VECT              00000d00   00000200  00000000  00000200  RWIX
  DMA                   00001000   00000200  000000e0  00000120  RWIX
  CLA1                  00001400   00000040  0000003c  00000004  RWIX
  EPWM1                 00004000   00000100  00000100  00000000  RWIX
  EPWM2                 00004100   00000100  00000100  00000000  RWIX
  EPWM3                 00004200   00000100  00000100  00000000  RWIX
  EPWM4                 00004300   00000100  00000100  00000000  RWIX
  EPWM5                 00004400   00000100  00000100  00000000  RWIX
  EPWM6                 00004500   00000100  00000100  00000000  RWIX
  EPWM7                 00004600   00000100  00000100  00000000  RWIX
  EPWM8                 00004700   00000100  00000100  00000000  RWIX
  EPWM9                 00004800   00000100  00000100  00000000  RWIX
  EPWM10                00004900   00000100  00000100  00000000  RWIX
  EPWM11                00004a00   00000100  00000100  00000000  RWIX
  EPWM12                00004b00   00000100  00000100  00000000  RWIX
  ECAP1                 00005000   00000020  00000020  00000000  RWIX
  ECAP2                 00005020   00000020  00000020  00000000  RWIX
  ECAP3                 00005040   00000020  00000020  00000000  RWIX
  ECAP4                 00005060   00000020  00000020  00000000  RWIX
  ECAP5                 00005080   00000020  00000020  00000000  RWIX
  ECAP6                 000050a0   00000020  00000020  00000000  RWIX
  EQEP1                 00005100   00000040  00000022  0000001e  RWIX
  EQEP2                 00005140   00000040  00000022  0000001e  RWIX
  EQEP3                 00005180   00000040  00000022  0000001e  RWIX
  DACA                  00005c00   00000010  00000008  00000008  RWIX
  DACB                  00005c10   00000010  00000008  00000008  RWIX
  DACC                  00005c20   00000010  00000008  00000008  RWIX
  CMPSS1                00005c80   00000020  00000020  00000000  RWIX
  CMPSS2                00005ca0   00000020  00000020  00000000  RWIX
  CMPSS3                00005cc0   00000020  00000020  00000000  RWIX
  CMPSS4                00005ce0   00000020  00000020  00000000  RWIX
  CMPSS5                00005d00   00000020  00000020  00000000  RWIX
  CMPSS6                00005d20   00000020  00000020  00000000  RWIX
  CMPSS7                00005d40   00000020  00000020  00000000  RWIX
  CMPSS8                00005d60   00000020  00000020  00000000  RWIX
  SDFM1                 00005e00   00000080  00000080  00000000  RWIX
  SDFM2                 00005e80   00000080  00000080  00000000  RWIX
  MCBSPA                00006000   00000040  00000024  0000001c  RWIX
  MCBSPB                00006040   00000040  00000024  0000001c  RWIX
  SPIA                  00006100   00000010  00000010  00000000  RWIX
  SPIB                  00006110   00000010  00000010  00000000  RWIX
  SPIC                  00006120   00000010  00000010  00000000  RWIX
  SPID                  00006130   00000010  00000000  00000010  RWIX
  WD                    00007000   00000040  0000002b  00000015  RWIX
  NMIINTRUPT            00007060   00000010  00000007  00000009  RWIX
  XINT                  00007070   00000010  0000000b  00000005  RWIX
  SCIA                  00007200   00000010  00000010  00000000  RWIX
  SCIB                  00007210   00000010  00000010  00000000  RWIX
  SCIC                  00007220   00000010  00000010  00000000  RWIX
  SCID                  00007230   00000010  00000010  00000000  RWIX
  I2CA                  00007300   00000040  00000022  0000001e  RWIX
  I2CB                  00007340   00000040  00000022  0000001e  RWIX
  ADCA                  00007400   00000080  00000080  00000000  RWIX
  ADCB                  00007480   00000080  00000080  00000000  RWIX
  ADCC                  00007500   00000080  00000080  00000000  RWIX
  ADCD                  00007580   00000080  00000080  00000000  RWIX
  TRIG                  00007900   00000050  00000000  00000050  RWIX
  DMACLASRCSEL          00007980   00000040  0000001a  00000026  RWIX
  GPIOCTRL              00007c00   00000180  00000000  00000180  RWIX
  GPIODAT               00007f00   00000030  00000030  00000000  RWIX
  LS05SARAM             00008000   00003000  00001149  00001eb7  RWIX
  RAMGS07               0000c000   00008000  000060c0  00001f40  RWIX
  RAMGS815              00014000   00008000  00000000  00008000  RWIX
  CPU2TOCPU1RAM         0003f800   00000400  00000000  00000400  RWIX
  CPU1TOCPU2RAM         0003fc00   00000400  00000000  00000400  RWIX
  EMIF1                 00047000   00000800  00000070  00000790  RWIX
  EMIF2                 00047800   00000800  00000070  00000790  RWIX
  IPC                   00050000   00001000  00000026  00000fda  RWIX
  DEV_CFG               0005d000   00000200  00000000  00000200  RWIX
  CLK_CFG               0005d200   00000100  00000032  000000ce  RWIX
  CPU_SYS               0005d300   00000100  00000082  0000007e  RWIX
  DCSM_Z1               0005f000   00000030  00000024  0000000c  RWIX
  DCSM_Z2               0005f040   00000030  00000024  0000000c  RWIX
  DCSM_COMMON           0005f070   00000010  00000008  00000008  RWIX
  MEMCFG                0005f400   00000080  00000080  00000000  RWIX
  EMIF1CONFIG           0005f480   00000020  00000020  00000000  RWIX
  ACCESSPROTECTION      0005f4c0   00000040  00000040  00000000  RWIX
  MEMORYERROR           0005f500   00000040  00000040  00000000  RWIX
  FLASH0_CTRL           0005f800   00000300  00000182  0000017e  RWIX
  FLASH0_ECC            0005fb00   00000040  00000028  00000018  RWIX
  DCSM_Z1_OTP           00078000   00000020  00000020  00000000  RWIX
  DCSM_Z2_OTP           00078200   00000020  00000020  00000000  RWIX


SECTION ALLOCATION MAP

 output                                  attributes/
section   page    origin      length       input sections
--------  ----  ----------  ----------   ----------------
xdc.meta   0    00000000    000000fa     COPY SECTION
                  00000000    000000fa     blink_cpu02_p28FP.o28FP (xdc.meta)

codestart 
*          0    00080000    00000002     
                  00080000    00000002     F2837xD_CodeStartBranch.obj (codestart)

ramfuncs   0    00080002    00000029     RUN ADDR = 00009000
                  00080002    00000025     F2837xD_SysCtrl.obj (ramfuncs)
                  00080027    00000004     F2837xD_usDelay.obj (ramfuncs)

.binit     0    00080004    00000000     

.econst    0    0008002c    00001da7     
                  0008002c    00001777     blink_cpu02_p28FP.o28FP (.econst:xdc_runtime_Text_charTab__A)
                  000817a3    00000001     blink_cpu02_p28FP.o28FP (.econst:ti_sysbios_family_c28_Hwi_Module__id__C)
                  000817a4    000001c0     blink_cpu02_p28FP.o28FP (.econst:_ti_sysbios_family_c28_Hwi_vectors)
                  00081964    0000008c     blink_cpu02_p28FP.o28FP (.econst:.string)
                  000819f0    00000058     ti.targets.rts2800.a28FP : Error.o28FP (.econst:.string)
                  00081a48    0000004e     blink_cpu02_p28FP.o28FP (.econst:xdc_runtime_Text_nodeTab__A)
                  00081a96    00000049     blink_cpu02.obj (.econst:.string)
                  00081adf    00000001     blink_cpu02_p28FP.o28FP (.econst:ti_sysbios_family_c28_Hwi_Module__loggerDefined__C)
                  00081ae0    00000043     ti.targets.rts2800.a28FP : Text.o28FP (.econst:.string)
                  00081b23    00000001     blink_cpu02_p28FP.o28FP (.econst:ti_sysbios_family_c28_Hwi_NUM_INTERRUPTS_ALL__C)
                  00081b24    0000002a     ti.targets.rts2800.a28FP : Startup.o28FP (.econst:.string)
                  00081b4e    00000026     rts2800_fpu32.lib : _printfi.c.obj (.econst:.string)
                  00081b74    0000001c                       : _printfi.c.obj (.econst)
                  00081b90    0000001c                       : s_scalbn.c.obj (.econst)
                  00081bac    00000019     ti.targets.rts2800.a28FP : System.o28FP (.econst:.string)
                  00081bc5    00000001     blink_cpu02_p28FP.o28FP (.econst:ti_sysbios_family_c28_Hwi_Object__count__C)
                  00081bc6    00000014     blink_cpu02_p28FP.o28FP (.econst:ti_sysbios_heaps_HeapMem_Module__FXNS__C)
                  00081bda    00000012     blink_cpu02_p28FP.o28FP (.econst:ti_sysbios_gates_GateHwi_Module__FXNS__C)
                  00081bec    00000012     blink_cpu02_p28FP.o28FP (.econst:ti_sysbios_gates_GateMutex_Module__FXNS__C)
                  00081bfe    00000012     blink_cpu02_p28FP.o28FP (.econst:ti_sysbios_heaps_HeapMem_Object__PARAMS__C)
                  00081c10    00000010     blink_cpu02_p28FP.o28FP (.econst:ti_sysbios_gates_GateHwi_Object__DESC__C)
                  00081c20    00000010     blink_cpu02_p28FP.o28FP (.econst:ti_sysbios_gates_GateMutex_Object__DESC__C)
                  00081c30    00000010     blink_cpu02_p28FP.o28FP (.econst:ti_sysbios_heaps_HeapMem_Object__DESC__C)
                  00081c40    00000010     blink_cpu02_p28FP.o28FP (.econst:ti_sysbios_knl_Queue_Object__DESC__C)
                  00081c50    00000010     blink_cpu02_p28FP.o28FP (.econst:ti_sysbios_knl_Semaphore_Object__DESC__C)
                  00081c60    00000010     blink_cpu02_p28FP.o28FP (.econst:ti_sysbios_knl_Semaphore_Object__PARAMS__C)
                  00081c70    00000010     blink_cpu02_p28FP.o28FP (.econst:xdc_runtime_Startup_sfxnTab__A)
                  00081c80    0000000c     blink_cpu02_p28FP.o28FP (.econst:ti_sysbios_gates_GateHwi_Object__PARAMS__C)
                  00081c8c    0000000c     blink_cpu02_p28FP.o28FP (.econst:ti_sysbios_gates_GateMutex_Object__PARAMS__C)
                  00081c98    0000000c     blink_cpu02_p28FP.o28FP (.econst:ti_sysbios_knl_Queue_Object__PARAMS__C)
                  00081ca4    00000008     rts2800_fpu32.lib : s_frexp.c.obj (.econst)
                  00081cac    00000008     blink_cpu02_p28FP.o28FP (.econst:xdc_runtime_Startup_sfxnRts__A)
                  00081cb4    00000005     ti.targets.rts2800.a28FP : Assert.o28FP (.econst:.string)
                  00081cb9    00000001     blink_cpu02_p28FP.o28FP (.econst:ti_sysbios_family_c28_TaskSupport_Module__id__C)
                  00081cba    00000004     blink_cpu02_p28FP.o28FP (.econst:ti_sysbios_knl_Idle_funcList__C)
                  00081cbe    00000004     blink_cpu02_p28FP.o28FP (.econst:xdc_runtime_Startup_firstFxns__A)
                  00081cc2    00000004     blink_cpu02_p28FP.o28FP (.econst:xdc_runtime_Startup_firstFxns__C)
                  00081cc6    00000004     blink_cpu02_p28FP.o28FP (.econst:xdc_runtime_Startup_lastFxns__C)
                  00081cca    00000002     blink_cpu02_p28FP.o28FP (.econst)
                  00081ccc    00000002     blink_cpu02_p28FP.o28FP (.econst:ti_sysbios_BIOS_installedErrorHook__C)
                  00081cce    00000002     blink_cpu02_p28FP.o28FP (.econst:ti_sysbios_family_c28_Hwi_A_badIntNum__C)
                  00081cd0    00000002     blink_cpu02_p28FP.o28FP (.econst:ti_sysbios_family_c28_Hwi_A_invalidArg__C)
                  00081cd2    00000002     blink_cpu02_p28FP.o28FP (.econst:ti_sysbios_family_c28_Hwi_E_unpluggedInterrupt__C)
                  00081cd4    00000002     blink_cpu02_p28FP.o28FP (.econst:ti_sysbios_family_c28_Hwi_LD_end__C)
                  00081cd6    00000002     blink_cpu02_p28FP.o28FP (.econst:ti_sysbios_family_c28_Hwi_LM_begin__C)
                  00081cd8    00000002     blink_cpu02_p28FP.o28FP (.econst:ti_sysbios_family_c28_Hwi_Module__diagsEnabled__C)
                  00081cda    00000002     blink_cpu02_p28FP.o28FP (.econst:ti_sysbios_family_c28_Hwi_Module__diagsIncluded__C)
                  00081cdc    00000002     blink_cpu02_p28FP.o28FP (.econst:ti_sysbios_family_c28_Hwi_Module__diagsMask__C)
                  00081cde    00000002     blink_cpu02_p28FP.o28FP (.econst:ti_sysbios_family_c28_Hwi_Module__loggerFxn1__C)
                  00081ce0    00000002     blink_cpu02_p28FP.o28FP (.econst:ti_sysbios_family_c28_Hwi_Module__loggerFxn8__C)
                  00081ce2    00000002     blink_cpu02_p28FP.o28FP (.econst:ti_sysbios_family_c28_Hwi_Module__loggerObj__C)
                  00081ce4    00000002     blink_cpu02_p28FP.o28FP (.econst:ti_sysbios_family_c28_Hwi_Object__table__C)
                  00081ce6    00000002     blink_cpu02_p28FP.o28FP (.econst:ti_sysbios_family_c28_TaskSupport_E_invalidStack__C)
                  00081ce8    00000002     blink_cpu02_p28FP.o28FP (.econst:ti_sysbios_gates_GateMutex_A_badContext__C)
                  00081cea    00000002     blink_cpu02_p28FP.o28FP (.econst:ti_sysbios_gates_GateMutex_Instance_State_sem__O)
                  00081cec    00000002     blink_cpu02_p28FP.o28FP (.econst:ti_sysbios_gates_GateMutex_Module__diagsEnabled__C)
                  00081cee    00000002     blink_cpu02_p28FP.o28FP (.econst:ti_sysbios_gates_GateMutex_Module__diagsIncluded__C)
                  00081cf0    00000002     blink_cpu02_p28FP.o28FP (.econst:ti_sysbios_gates_GateMutex_Module__diagsMask__C)
                  00081cf2    00000002     blink_cpu02_p28FP.o28FP (.econst:ti_sysbios_hal_Hwi_E_stackOverflow__C)
                  00081cf4    00000002     blink_cpu02_p28FP.o28FP (.econst:ti_sysbios_heaps_HeapMem_A_align__C)
                  00081cf6    00000002     blink_cpu02_p28FP.o28FP (.econst:ti_sysbios_heaps_HeapMem_A_heapSize__C)
                  00081cf8    00000002     blink_cpu02_p28FP.o28FP (.econst:ti_sysbios_heaps_HeapMem_A_invalidFree__C)
                  00081cfa    00000002     blink_cpu02_p28FP.o28FP (.econst:ti_sysbios_heaps_HeapMem_A_zeroBlock__C)
                  00081cfc    00000002     blink_cpu02_p28FP.o28FP (.econst:ti_sysbios_heaps_HeapMem_E_memory__C)
                  00081cfe    00000002     blink_cpu02_p28FP.o28FP (.econst:ti_sysbios_heaps_HeapMem_Module__diagsEnabled__C)
                  00081d00    00000002     blink_cpu02_p28FP.o28FP (.econst:ti_sysbios_heaps_HeapMem_Module__diagsIncluded__C)
                  00081d02    00000002     blink_cpu02_p28FP.o28FP (.econst:ti_sysbios_heaps_HeapMem_Module__diagsMask__C)
                  00081d04    00000002     blink_cpu02_p28FP.o28FP (.econst:ti_sysbios_heaps_HeapMem_Module__gateObj__C)
                  00081d06    00000002     blink_cpu02_p28FP.o28FP (.econst:ti_sysbios_heaps_HeapMem_Object__table__C)
                  00081d08    00000002     blink_cpu02_p28FP.o28FP (.econst:ti_sysbios_heaps_HeapMem_reqAlign__C)
                  00081d0a    00000002     blink_cpu02_p28FP.o28FP (.econst:ti_sysbios_knl_Clock_LM_begin__C)
                  00081d0c    00000002     blink_cpu02_p28FP.o28FP (.econst:ti_sysbios_knl_Clock_LM_tick__C)
                  00081d0e    00000002     blink_cpu02_p28FP.o28FP (.econst:ti_sysbios_knl_Clock_LW_delayed__C)
                  00081d10    00000002     blink_cpu02_p28FP.o28FP (.econst:ti_sysbios_knl_Clock_Module_State_clockQ__O)
                  00081d12    00000002     blink_cpu02_p28FP.o28FP (.econst:ti_sysbios_knl_Clock_Module__diagsEnabled__C)
                  00081d14    00000002     blink_cpu02_p28FP.o28FP (.econst:ti_sysbios_knl_Clock_Module__diagsIncluded__C)
                  00081d16    00000002     blink_cpu02_p28FP.o28FP (.econst:ti_sysbios_knl_Clock_Module__diagsMask__C)
                  00081d18    00000002     blink_cpu02_p28FP.o28FP (.econst:ti_sysbios_knl_Clock_Module__loggerFxn1__C)
                  00081d1a    00000002     blink_cpu02_p28FP.o28FP (.econst:ti_sysbios_knl_Clock_Module__loggerFxn2__C)
                  00081d1c    00000002     blink_cpu02_p28FP.o28FP (.econst:ti_sysbios_knl_Clock_Module__loggerObj__C)
                  00081d1e    00000002     blink_cpu02_p28FP.o28FP (.econst:ti_sysbios_knl_Idle_funcList__A)
                  00081d20    00000002     blink_cpu02_p28FP.o28FP (.econst:ti_sysbios_knl_Semaphore_A_badContext__C)
                  00081d22    00000002     blink_cpu02_p28FP.o28FP (.econst:ti_sysbios_knl_Semaphore_A_noEvents__C)
                  00081d24    00000002     blink_cpu02_p28FP.o28FP (.econst:ti_sysbios_knl_Semaphore_A_overflow__C)
                  00081d26    00000002     blink_cpu02_p28FP.o28FP (.econst:ti_sysbios_knl_Semaphore_A_pendTaskDisabled__C)
                  00081d28    00000002     blink_cpu02_p28FP.o28FP (.econst:ti_sysbios_knl_Semaphore_Instance_State_pendQ__O)
                  00081d2a    00000002     blink_cpu02_p28FP.o28FP (.econst:ti_sysbios_knl_Semaphore_LM_pend__C)
                  00081d2c    00000002     blink_cpu02_p28FP.o28FP (.econst:ti_sysbios_knl_Semaphore_LM_post__C)
                  00081d2e    00000002     blink_cpu02_p28FP.o28FP (.econst:ti_sysbios_knl_Semaphore_Module__diagsEnabled__C)
                  00081d30    00000002     blink_cpu02_p28FP.o28FP (.econst:ti_sysbios_knl_Semaphore_Module__diagsIncluded__C)
                  00081d32    00000002     blink_cpu02_p28FP.o28FP (.econst:ti_sysbios_knl_Semaphore_Module__diagsMask__C)
                  00081d34    00000002     blink_cpu02_p28FP.o28FP (.econst:ti_sysbios_knl_Semaphore_Module__loggerFxn2__C)
                  00081d36    00000002     blink_cpu02_p28FP.o28FP (.econst:ti_sysbios_knl_Semaphore_Module__loggerFxn4__C)
                  00081d38    00000002     blink_cpu02_p28FP.o28FP (.econst:ti_sysbios_knl_Semaphore_Module__loggerObj__C)
                  00081d3a    00000002     blink_cpu02_p28FP.o28FP (.econst:ti_sysbios_knl_Swi_LD_end__C)
                  00081d3c    00000002     blink_cpu02_p28FP.o28FP (.econst:ti_sysbios_knl_Swi_LM_begin__C)
                  00081d3e    00000002     blink_cpu02_p28FP.o28FP (.econst:ti_sysbios_knl_Swi_LM_post__C)
                  00081d40    00000002     blink_cpu02_p28FP.o28FP (.econst:ti_sysbios_knl_Swi_Module__diagsEnabled__C)
                  00081d42    00000002     blink_cpu02_p28FP.o28FP (.econst:ti_sysbios_knl_Swi_Module__diagsIncluded__C)
                  00081d44    00000002     blink_cpu02_p28FP.o28FP (.econst:ti_sysbios_knl_Swi_Module__diagsMask__C)
                  00081d46    00000002     blink_cpu02_p28FP.o28FP (.econst:ti_sysbios_knl_Swi_Module__loggerFxn1__C)
                  00081d48    00000002     blink_cpu02_p28FP.o28FP (.econst:ti_sysbios_knl_Swi_Module__loggerFxn4__C)
                  00081d4a    00000002     blink_cpu02_p28FP.o28FP (.econst:ti_sysbios_knl_Swi_Module__loggerObj__C)
                  00081d4c    00000002     blink_cpu02_p28FP.o28FP (.econst:ti_sysbios_knl_Swi_Object__table__C)
                  00081d4e    00000002     blink_cpu02_p28FP.o28FP (.econst:ti_sysbios_knl_Task_E_spOutOfBounds__C)
                  00081d50    00000002     blink_cpu02_p28FP.o28FP (.econst:ti_sysbios_knl_Task_E_stackOverflow__C)
                  00081d52    00000002     blink_cpu02_p28FP.o28FP (.econst:ti_sysbios_knl_Task_LD_block__C)
                  00081d54    00000002     blink_cpu02_p28FP.o28FP (.econst:ti_sysbios_knl_Task_LD_exit__C)
                  00081d56    00000002     blink_cpu02_p28FP.o28FP (.econst:ti_sysbios_knl_Task_LD_ready__C)
                  00081d58    00000002     blink_cpu02_p28FP.o28FP (.econst:ti_sysbios_knl_Task_LM_switch__C)
                  00081d5a    00000002     blink_cpu02_p28FP.o28FP (.econst:ti_sysbios_knl_Task_Module_State_inactiveQ__O)
                  00081d5c    00000002     blink_cpu02_p28FP.o28FP (.econst:ti_sysbios_knl_Task_Module__diagsEnabled__C)
                  00081d5e    00000002     blink_cpu02_p28FP.o28FP (.econst:ti_sysbios_knl_Task_Module__diagsIncluded__C)
                  00081d60    00000002     blink_cpu02_p28FP.o28FP (.econst:ti_sysbios_knl_Task_Module__diagsMask__C)
                  00081d62    00000002     blink_cpu02_p28FP.o28FP (.econst:ti_sysbios_knl_Task_Module__loggerFxn2__C)
                  00081d64    00000002     blink_cpu02_p28FP.o28FP (.econst:ti_sysbios_knl_Task_Module__loggerFxn4__C)
                  00081d66    00000002     blink_cpu02_p28FP.o28FP (.econst:ti_sysbios_knl_Task_Module__loggerObj__C)
                  00081d68    00000002     blink_cpu02_p28FP.o28FP (.econst:ti_sysbios_knl_Task_Object__table__C)
                  00081d6a    00000002     blink_cpu02_p28FP.o28FP (.econst:ti_sysbios_knl_Task_allBlockedFunc__C)
                  00081d6c    00000002     blink_cpu02_p28FP.o28FP (.econst:xdc_runtime_Assert_E_assertFailed__C)
                  00081d6e    00000002     blink_cpu02_p28FP.o28FP (.econst:xdc_runtime_Core_A_initializedParams__C)
                  00081d70    00000002     blink_cpu02_p28FP.o28FP (.econst:xdc_runtime_Core_Module__diagsEnabled__C)
                  00081d72    00000002     blink_cpu02_p28FP.o28FP (.econst:xdc_runtime_Core_Module__diagsIncluded__C)
                  00081d74    00000002     blink_cpu02_p28FP.o28FP (.econst:xdc_runtime_Core_Module__diagsMask__C)
                  00081d76    00000002     blink_cpu02_p28FP.o28FP (.econst:xdc_runtime_Error_E_memory__C)
                  00081d78    00000002     blink_cpu02_p28FP.o28FP (.econst:xdc_runtime_Error_Module__diagsEnabled__C)
                  00081d7a    00000002     blink_cpu02_p28FP.o28FP (.econst:xdc_runtime_Error_Module__diagsIncluded__C)
                  00081d7c    00000002     blink_cpu02_p28FP.o28FP (.econst:xdc_runtime_Error_Module__diagsMask__C)
                  00081d7e    00000002     blink_cpu02_p28FP.o28FP (.econst:xdc_runtime_Error_Module__loggerFxn8__C)
                  00081d80    00000002     blink_cpu02_p28FP.o28FP (.econst:xdc_runtime_Error_Module__loggerObj__C)
                  00081d82    00000002     blink_cpu02_p28FP.o28FP (.econst:xdc_runtime_Error_policyFxn__C)
                  00081d84    00000002     blink_cpu02_p28FP.o28FP (.econst:xdc_runtime_Error_raiseHook__C)
                  00081d86    00000002     blink_cpu02_p28FP.o28FP (.econst:xdc_runtime_IGateProvider_Interface__BASE__C)
                  00081d88    00000002     blink_cpu02_p28FP.o28FP (.econst:xdc_runtime_IHeap_Interface__BASE__C)
                  00081d8a    00000002     blink_cpu02_p28FP.o28FP (.econst:xdc_runtime_IModule_Interface__BASE__C)
                  00081d8c    00000002     blink_cpu02_p28FP.o28FP (.econst:xdc_runtime_Log_L_error__C)
                  00081d8e    00000002     blink_cpu02_p28FP.o28FP (.econst:xdc_runtime_Main_Module__diagsEnabled__C)
                  00081d90    00000002     blink_cpu02_p28FP.o28FP (.econst:xdc_runtime_Main_Module__diagsIncluded__C)
                  00081d92    00000002     blink_cpu02_p28FP.o28FP (.econst:xdc_runtime_Main_Module__diagsMask__C)
                  00081d94    00000002     blink_cpu02_p28FP.o28FP (.econst:xdc_runtime_Memory_defaultHeapInstance__C)
                  00081d96    00000002     blink_cpu02_p28FP.o28FP (.econst:xdc_runtime_Startup_execImpl__C)
                  00081d98    00000002     blink_cpu02_p28FP.o28FP (.econst:xdc_runtime_Startup_sfxnRts__C)
                  00081d9a    00000002     blink_cpu02_p28FP.o28FP (.econst:xdc_runtime_Startup_sfxnTab__C)
                  00081d9c    00000002     blink_cpu02_p28FP.o28FP (.econst:xdc_runtime_Startup_startModsFxn__C)
                  00081d9e    00000002     blink_cpu02_p28FP.o28FP (.econst:xdc_runtime_SysMin_bufSize__C)
                  00081da0    00000002     blink_cpu02_p28FP.o28FP (.econst:xdc_runtime_SysMin_outputFunc__C)
                  00081da2    00000002     blink_cpu02_p28FP.o28FP (.econst:xdc_runtime_System_Module__gateObj__C)
                  00081da4    00000002     blink_cpu02_p28FP.o28FP (.econst:xdc_runtime_System_abortFxn__C)
                  00081da6    00000002     blink_cpu02_p28FP.o28FP (.econst:xdc_runtime_System_exitFxn__C)
                  00081da8    00000002     blink_cpu02_p28FP.o28FP (.econst:xdc_runtime_System_extendFxn__C)
                  00081daa    00000002     blink_cpu02_p28FP.o28FP (.econst:xdc_runtime_Text_charTab__C)
                  00081dac    00000002     blink_cpu02_p28FP.o28FP (.econst:xdc_runtime_Text_nameEmpty__C)
                  00081dae    00000002     blink_cpu02_p28FP.o28FP (.econst:xdc_runtime_Text_nameStatic__C)
                  00081db0    00000002     blink_cpu02_p28FP.o28FP (.econst:xdc_runtime_Text_nameUnknown__C)
                  00081db2    00000002     blink_cpu02_p28FP.o28FP (.econst:xdc_runtime_Text_nodeTab__C)
                  00081db4    00000002     blink_cpu02_p28FP.o28FP (.econst:xdc_runtime_Text_visitRopeFxn__C)
                  00081db6    00000001     blink_cpu02_p28FP.o28FP (.econst:ti_sysbios_family_c28_Timer_startupNeeded__C)
                  00081db7    00000001     blink_cpu02_p28FP.o28FP (.econst:ti_sysbios_gates_GateMutex_Module__id__C)
                  00081db8    00000001     blink_cpu02_p28FP.o28FP (.econst:ti_sysbios_hal_Hwi_Module__id__C)
                  00081db9    00000001     blink_cpu02_p28FP.o28FP (.econst:ti_sysbios_heaps_HeapMem_Module__id__C)
                  00081dba    00000001     blink_cpu02_p28FP.o28FP (.econst:ti_sysbios_heaps_HeapMem_Object__count__C)
                  00081dbb    00000001     blink_cpu02_p28FP.o28FP (.econst:ti_sysbios_knl_Clock_Module__id__C)
                  00081dbc    00000001     blink_cpu02_p28FP.o28FP (.econst:ti_sysbios_knl_Clock_Module__loggerDefined__C)
                  00081dbd    00000001     blink_cpu02_p28FP.o28FP (.econst:ti_sysbios_knl_Semaphore_Module__id__C)
                  00081dbe    00000001     blink_cpu02_p28FP.o28FP (.econst:ti_sysbios_knl_Semaphore_Module__loggerDefined__C)
                  00081dbf    00000001     blink_cpu02_p28FP.o28FP (.econst:ti_sysbios_knl_Swi_Module__id__C)
                  00081dc0    00000001     blink_cpu02_p28FP.o28FP (.econst:ti_sysbios_knl_Swi_Module__loggerDefined__C)
                  00081dc1    00000001     blink_cpu02_p28FP.o28FP (.econst:ti_sysbios_knl_Swi_Object__count__C)
                  00081dc2    00000001     blink_cpu02_p28FP.o28FP (.econst:ti_sysbios_knl_Task_Module__id__C)
                  00081dc3    00000001     blink_cpu02_p28FP.o28FP (.econst:ti_sysbios_knl_Task_Module__loggerDefined__C)
                  00081dc4    00000001     blink_cpu02_p28FP.o28FP (.econst:ti_sysbios_knl_Task_Object__count__C)
                  00081dc5    00000001     blink_cpu02_p28FP.o28FP (.econst:ti_sysbios_knl_Task_numConstructedTasks__C)
                  00081dc6    00000001     blink_cpu02_p28FP.o28FP (.econst:xdc_runtime_Core_Module__id__C)
                  00081dc7    00000001     blink_cpu02_p28FP.o28FP (.econst:xdc_runtime_Error_Module__loggerDefined__C)
                  00081dc8    00000001     blink_cpu02_p28FP.o28FP (.econst:xdc_runtime_Error_maxDepth__C)
                  00081dc9    00000001     blink_cpu02_p28FP.o28FP (.econst:xdc_runtime_Error_policy__C)
                  00081dca    00000001     blink_cpu02_p28FP.o28FP (.econst:xdc_runtime_Main_Module__id__C)
                  00081dcb    00000001     blink_cpu02_p28FP.o28FP (.econst:xdc_runtime_Memory_Module__id__C)
                  00081dcc    00000001     blink_cpu02_p28FP.o28FP (.econst:xdc_runtime_Startup_maxPasses__C)
                  00081dcd    00000001     blink_cpu02_p28FP.o28FP (.econst:xdc_runtime_SysMin_flushAtExit__C)
                  00081dce    00000001     blink_cpu02_p28FP.o28FP (.econst:xdc_runtime_System_maxAtexitHandlers__C)
                  00081dcf    00000001     blink_cpu02_p28FP.o28FP (.econst:xdc_runtime_Text_charCnt__C)
                  00081dd0    00000001     blink_cpu02_p28FP.o28FP (.econst:xdc_runtime_Text_isLoaded__C)
                  00081dd1    00000001     blink_cpu02_p28FP.o28FP (.econst:xdc_runtime_Text_registryModsLastId__C)
                  00081dd2    00000001     blink_cpu02_p28FP.o28FP (.econst:xdc_runtime_Text_unnamedModsLastId__C)

.switch    0    00081dd4    0000001c     
                  00081dd4    0000001c     sysbios.a28FP : BIOS.obj (.switch:_ti_sysbios_family_c28_Hwi_clearInterrupt__E)

.cinit     0    00082000    0000046f     
                  00082000    00000425     blink_cpu02_p28FP.o28FP (.cinit)
                  00082425    0000002c     blink_cpu02.obj (.cinit)
                  00082451    0000000e     rts2800_fpu32.lib : exit.c.obj (.cinit)
                  0008245f    00000005                       : _lock.c.obj (.cinit:__lock)
                  00082464    00000005                       : _lock.c.obj (.cinit:__unlock)
                  00082469    00000004                       : errno.c.obj (.cinit)
                  0008246d    00000002     --HOLE-- [fill = 0]

.pinit     0    00080002    00000000     UNINITIALIZED

.text      0    00088000    00002dcc     
                  00088000    0000024c     F2837xD_SysCtrl.obj (.text)
                  0008824c    00000232     ti.targets.rts2800.a28FP : System.o28FP (.text:_xdc_runtime_System_doPrint__I)
                  0008847e    000001dc     sysbios.a28FP : BIOS.obj (.text:_ti_sysbios_knl_Semaphore_pend__E)
                  0008865a    000001a1                   : BIOS.obj (.text:_ti_sysbios_heaps_HeapMem_freeUnprotected__E)
                  000887fb    00000181                   : BIOS.obj (.text:_ti_sysbios_heaps_HeapMem_allocUnprotected__E)
                  0008897c    0000010a     blink_cpu02_p28FP.o28FP (.text:_xdc_runtime_System_printfExtend__I)
                  00088a86    00000107     rts2800_fpu32.lib : ll_div28.asm.obj (.text)
                  00088b8d    000000ed     sysbios.a28FP : BIOS.obj (.text:_ti_sysbios_heaps_HeapMem_Instance_init__E)
                  00088c7a    000000e7     blink_cpu02.obj (.text)
                  00088d61    000000e0     sysbios.a28FP : BIOS.obj (.text:_ti_sysbios_family_c28_Hwi_clearInterrupt__E)
                  00088e41    000000c2                   : BIOS.obj (.text:_ti_sysbios_family_c28_Hwi_dispatchCore__I)
                  00088f03    000000ba                   : BIOS.obj (.text:_ti_sysbios_knl_Clock_workFunc__E)
                  00088fbd    000000b8                   : BIOS.obj (.text:_ti_sysbios_knl_Semaphore_post__E)
                  00089075    000000b1                   : BIOS.obj (.text:_ti_sysbios_knl_Swi_run__I)
                  00089126    000000ac     ti.targets.rts2800.a28FP : Core-mem.o28FP (.text:_xdc_runtime_Core_createObject__I)
                  000891d2    0000009c                              : Error.o28FP (.text:_xdc_runtime_Error_policyDefault__E)
                  0008926e    0000009c     rts2800_fpu32.lib : fd_add28.asm.obj (.text)
                  0008930a    0000009b     sysbios.a28FP : c28_Hwi_disp_asm.obj (.text:_ti_sysbios_family_c28_Hwi_dispatch)
                  000893a5    0000009a     ti.targets.rts2800.a28FP : Core-smem.o28FP (.text:_xdc_runtime_Core_constructObject__I)
                  0008943f    00000001     blink_cpu02_p28FP.o28FP (.text:.bootCodeSection:_ti_catalog_c2800_initF2837x_Boot_init)
                  00089440    00000094     rts2800_fpu32.lib : trgmsg.c.obj (.text)
                  000894d4    0000008e     sysbios.a28FP : BIOS.obj (.text:_ti_sysbios_family_c28_Hwi_enableInterrupt__E)
                  00089562    0000008b     rts2800_fpu32.lib : fd_div28.asm.obj (.text)
                  000895ed    00000083                       : fd_mpy28.asm.obj (.text)
                  00089670    00000081     sysbios.a28FP : BIOS.obj (.text:_ti_sysbios_family_c28_Hwi_disableInterrupt__E)
                  000896f1    00000080                   : BIOS.obj (.text:_ti_sysbios_family_c28_Hwi_disablePIEIER__E)
                  00089771    0000007f                   : BIOS.obj (.text:_ti_sysbios_family_c28_Hwi_enablePIEIER__E)
                  000897f0    00000079     ti.targets.rts2800.a28FP : Startup.o28FP (.text:_xdc_runtime_Startup_startMods__I)
                  00089869    00000073     sysbios.a28FP : BIOS.obj (.text:_ti_sysbios_knl_Task_checkStacks__E)
                  000898dc    00000072                   : BIOS.obj (.text:_ti_sysbios_knl_Task_startCore__E)
                  0008994e    00000071                   : BIOS.obj (.text:_ti_sysbios_gates_GateMutex_enter__E)
                  000899bf    0000006f                   : BIOS.obj (.text:_ti_sysbios_knl_Task_schedule__I)
                  00089a2e    0000006b     ti.targets.rts2800.a28FP : Text.o28FP (.text:_xdc_runtime_Text_putSite__E)
                  00089a99    0000006a     sysbios.a28FP : BIOS.obj (.text:_ti_sysbios_knl_Semaphore_Instance_init__E)
                  00089b03    00000069     boot.a28FP : boot_cg.o28FP (.text)
                  00089b6c    00000066     sysbios.a28FP : BIOS.obj (.text:_ti_sysbios_family_c28_Timer_stopAndClear__I)
                  00089bd2    00000061                   : BIOS.obj (.text:_ti_sysbios_knl_Swi_post__E)
                  00089c33    00000061                   : BIOS.obj (.text:_ti_sysbios_knl_Task_blockI__E)
                  00089c94    00000058                   : BIOS.obj (.text:_ti_sysbios_knl_Task_exit__E)
                  00089cec    00000052                   : BIOS.obj (.text:_ti_sysbios_knl_Task_unblockI__E)
                  00089d3e    0000004f     ti.targets.rts2800.a28FP : Memory.o28FP (.text:_xdc_runtime_Memory_alloc__E)
                  00089d8d    0000004b                              : Text.o28FP (.text:_xdc_runtime_Text_putLab__E)
                  00089dd8    0000004a     sysbios.a28FP : BIOS.obj (.text:_ti_sysbios_heaps_HeapMem_alloc__E)
                  00089e22    00000049                   : BIOS.obj (.text:_ti_sysbios_knl_Task_postInit__I)
                  00089e6b    00000047                   : BIOS.obj (.text:_ti_sysbios_family_c28_Hwi_Module_startup__E)
                  00089eb2    00000046     ti.targets.rts2800.a28FP : Core-mem.o28FP (.text:_xdc_runtime_Core_deleteObject__I)
                  00089ef8    00000043     sysbios.a28FP : BIOS.obj (.text:_ti_sysbios_family_c28_Timer_postInit__I)
                  00089f3b    00000042                   : BIOS.obj (.text:_ti_sysbios_family_c28_Hwi_unPluggedInterrupt__I)
                  00089f7d    0000003f     ti.targets.rts2800.a28FP : Text.o28FP (.text:_xdc_runtime_Text_putMod__E)
                  00089fbc    0000003e     sysbios.a28FP : BIOS.obj (.text:_ti_sysbios_knl_Swi_restoreHwi__E)
                  00089ffa    0000003d     ti.targets.rts2800.a28FP : Core-params.o28FP (.text:_xdc_runtime_Core_assignParams__I)
                  0008a037    0000003c                              : System.o28FP (.text:_xdc_runtime_System_formatNum__I)
                  0008a073    0000003a     sysbios.a28FP : BIOS.obj (.text:_ti_sysbios_family_c28_TaskSupport_start__E)
                  0008a0ad    00000038     rts2800_fpu32.lib : hostwrite.c.obj (.text)
                  0008a0e5    00000037     sysbios.a28FP : BIOS.obj (.text:_ti_sysbios_knl_Clock_logTick__E)
                  0008a11c    00000034     blink_cpu02_p28FP.o28FP (.text:_ti_sysbios_BIOS_rtsUnlock__I)
                  0008a150    00000032     sysbios.a28FP : BIOS.obj (.text:_ti_sysbios_knl_Task_Module_startup__E)
                  0008a182    00000032     ti.targets.rts2800.a28FP : Assert.o28FP (.text:_xdc_runtime_Assert_raise__I)
                  0008a1b4    00000032                              : Text.o28FP (.text:_xdc_runtime_Text_visitRope2__I)
                  0008a1e6    00000030                              : Error.o28FP (.text:_xdc_runtime_Error_print__E)
                  0008a216    00000030                              : Error.o28FP (.text:_xdc_runtime_Error_setX__E)
                  0008a246    0000002f                              : Startup.o28FP (.text:_xdc_runtime_Startup_exec__E)
                  0008a275    0000002e     sysbios.a28FP : BIOS.obj (.text:_ti_sysbios_knl_Swi_runLoop__I)
                  0008a2a3    0000002e                   : BIOS.obj (.text:_ti_sysbios_knl_Swi_schedule__I)
                  0008a2d1    0000002d                   : BIOS.obj (.text:_ti_sysbios_family_c28_Hwi_getStackInfo__E)
                  0008a2fe    0000002d                   : BIOS.obj (.text:_ti_sysbios_heaps_HeapMem_getStats__E)
                  0008a32b    0000002c                   : BIOS.obj (.text:_ti_sysbios_family_c28_Timer_start__E)
                  0008a357    0000002a     rts2800_fpu32.lib : fd_cmp28.asm.obj (.text)
                  0008a381    0000002a                       : l_div28.asm.obj (.text)
                  0008a3ab    00000029                       : exit.c.obj (.text)
                  0008a3d4    00000028     ti.targets.rts2800.a28FP : Text.o28FP (.text:_xdc_runtime_Text_xprintf__I)
                  0008a3fc    00000027     sysbios.a28FP : BIOS.obj (.text:_ti_sysbios_heaps_HeapMem_free__E)
                  0008a423    00000027                   : BIOS.obj (.text:_ti_sysbios_heaps_HeapMem_init__I)
                  0008a44a    00000026     ti.targets.rts2800.a28FP : SysMin.o28FP (.text:_xdc_runtime_SysMin_flush__E)
                  0008a470    00000025     sysbios.a28FP : c28_TaskSupport_asm.obj (.text:_ti_sysbios_family_c28_TaskSupport_buildTaskStack)
                  0008a495    00000024     rts2800_fpu32.lib : cpy_tbl.c.obj (.text)
                  0008a4b9    00000023     ti.targets.rts2800.a28FP : System.o28FP (.text:_xdc_runtime_System_processAtExit__E)
                  0008a4dc    00000021     sysbios.a28FP : BIOS.obj (.text:_ti_sysbios_knl_Task_allBlockedFunction__I)
                  0008a4fd    00000021     rts2800_fpu32.lib : fd_toi28.asm.obj (.text)
                  0008a51e    00000020     sysbios.a28FP : BIOS.obj (.text:_ti_sysbios_family_c28_Timer_setPrescale__E)
                  0008a53e    00000020     ti.targets.rts2800.a28FP : System.o28FP (.text:_xdc_runtime_System_atexit__E)
                  0008a55e    0000001f     blink_cpu02_p28FP.o28FP (.text:_ti_sysbios_gates_GateHwi_Object__create__S)
                  0008a57d    0000001f     blink_cpu02_p28FP.o28FP (.text:_ti_sysbios_gates_GateMutex_Object__create__S)
                  0008a59c    0000001f     blink_cpu02_p28FP.o28FP (.text:_ti_sysbios_heaps_HeapMem_Object__create__S)
                  0008a5bb    0000001f     rts2800_fpu32.lib : fd_tol28.asm.obj (.text)
                  0008a5da    0000001e     ti.targets.rts2800.a28FP : SysMin.o28FP (.text:_xdc_runtime_SysMin_putch__E)
                  0008a5f8    0000001e     rts2800_fpu32.lib : ll_cmp28.asm.obj (.text)
                  0008a616    0000001e                       : memcpy.c.obj (.text)
                  0008a634    0000001d     sysbios.a28FP : c28_TaskSupport_asm.obj (.text:_ti_sysbios_family_c28_TaskSupport_swap__E)
                  0008a651    0000001d     rts2800_fpu32.lib : i_tofd28.asm.obj (.text)
                  0008a66e    0000001c     sysbios.a28FP : BIOS.obj (.text:_ti_sysbios_hal_Hwi_checkStack)
                  0008a68a    0000001c     rts2800_fpu32.lib : fs_tofdfpu32.asm.obj (.text)
                  0008a6a6    0000001c                       : l_tofd28.asm.obj (.text)
                  0008a6c2    0000001b     sysbios.a28FP : c28_Hwi_asm.obj (.text:_ti_sysbios_family_c28_Hwi_switchAndDispatch__I)
                  0008a6dd    0000001b                   : BIOS.obj (.text:_ti_sysbios_hal_Hwi_initStack)
                  0008a6f8    0000001b                   : BIOS.obj (.text:_ti_sysbios_knl_Task_processVitalTaskFlag__I)
                  0008a713    0000001b     blink_cpu02_p28FP.o28FP (.text:_xdc_runtime_SysMin_output__I)
                  0008a72e    0000001a     sysbios.a28FP : BIOS.obj (.text:_ti_sysbios_knl_Clock_addI__E)
                  0008a748    0000001a     blink_cpu02_p28FP.o28FP (.text:_ti_sysbios_knl_Semaphore_construct)
                  0008a762    0000001a     ti.targets.rts2800.a28FP : Core-label.o28FP (.text:_xdc_runtime_Core_assignLabel__I)
                  0008a77c    0000001a                              : System.o28FP (.text:_xdc_runtime_System_avprintf__E)
                  0008a796    00000019     sysbios.a28FP : BIOS.obj (.text:_ti_sysbios_knl_Semaphore_pendTimeout__I)
                  0008a7af    00000019                   : BIOS.obj (.text:_ti_sysbios_knl_Swi_restore__E)
                  0008a7c8    00000019     ti.targets.rts2800.a28FP : System.o28FP (.text:_xdc_runtime_System_putchar__I)
                  0008a7e1    00000019                              : System.o28FP (.text:_xdc_runtime_System_vprintf__E)
                  0008a7fa    00000019     rts2800_fpu32.lib : args_main.c.obj (.text)
                  0008a813    00000018     sysbios.a28FP : c28_Hwi_asm.obj (.text:_ti_sysbios_family_xxx_Hwi_switchAndRunFunc)
                  0008a82b    00000018     blink_cpu02_p28FP.o28FP (.text:_ti_sysbios_knl_Queue_construct)
                  0008a843    00000018     ti.targets.rts2800.a28FP : Text.o28FP (.text:_xdc_runtime_Text_printVisFxn__I)
                  0008a85b    00000018     rts2800_fpu32.lib : ll_aox28.asm.obj (.text)
                  0008a873    00000017     blink_cpu02_p28FP.o28FP (.text:_ti_sysbios_BIOS_atExitFunc__I)
                  0008a88a    00000017     sysbios.a28FP : BIOS.obj (.text:_ti_sysbios_family_c28_Timer_startup__E)
                  0008a8a1    00000017     blink_cpu02_p28FP.o28FP (.text:_ti_sysbios_knl_Clock_doTick__I)
                  0008a8b8    00000017     sysbios.a28FP : BIOS.obj (.text:_ti_sysbios_knl_Task_restore__E)
                  0008a8cf    00000017     ti.targets.rts2800.a28FP : Memory.o28FP (.text:_xdc_runtime_Memory_valloc__E)
                  0008a8e6    00000016     sysbios.a28FP : BIOS.obj (.text:_ti_sysbios_family_c28_Timer_Module_startup__E)
                  0008a8fc    00000016     ti.targets.rts2800.a28FP : SysMin.o28FP (.text:_xdc_runtime_SysMin_abort__E)
                  0008a912    00000015     blink_cpu02_p28FP.o28FP (.text:_ti_sysbios_BIOS_startFunc__I)
                  0008a927    00000015     sysbios.a28FP : BIOS.obj (.text:_ti_sysbios_knl_Swi_Module_startup__E)
                  0008a93c    00000014                   : BIOS.obj (.text:_ti_sysbios_knl_Idle_run__E)
                  0008a950    00000013     blink_cpu02_p28FP.o28FP (.text:_ti_sysbios_BIOS_errorRaiseHook__I)
                  0008a963    00000013     blink_cpu02_p28FP.o28FP (.text:_ti_sysbios_family_c28_Hwi_Object__get__S)
                  0008a976    00000013     blink_cpu02_p28FP.o28FP (.text:_ti_sysbios_gates_GateMutex_Object__delete__S)
                  0008a989    00000013     ti.targets.rts2800.a28FP : Error.o28FP (.text:_xdc_runtime_Error_raiseX__E)
                  0008a99c    00000012     blink_cpu02_p28FP.o28FP (.text:_ti_sysbios_family_c28_Hwi_disableIER__E)
                  0008a9ae    00000012     blink_cpu02_p28FP.o28FP (.text:_ti_sysbios_gates_GateHwi_Object__delete__S)
                  0008a9c0    00000012     blink_cpu02_p28FP.o28FP (.text:_ti_sysbios_heaps_HeapMem_Object__delete__S)
                  0008a9d2    00000012     sysbios.a28FP : BIOS.obj (.text:_ti_sysbios_knl_Clock_Module_startup__E)
                  0008a9e4    00000011     blink_cpu02_p28FP.o28FP (.text:_ti_sysbios_gates_GateHwi_Handle__label__S)
                  0008a9f5    00000011     blink_cpu02_p28FP.o28FP (.text:_ti_sysbios_gates_GateMutex_Handle__label__S)
                  0008aa06    00000011     blink_cpu02_p28FP.o28FP (.text:_ti_sysbios_heaps_HeapMem_Handle__label__S)
                  0008aa17    00000011     blink_cpu02_p28FP.o28FP (.text:_ti_sysbios_heaps_HeapMem_Object__get__S)
                  0008aa28    00000011     blink_cpu02_p28FP.o28FP (.text:_ti_sysbios_knl_Swi_Object__get__S)
                  0008aa39    00000011     blink_cpu02_p28FP.o28FP (.text:_ti_sysbios_knl_Task_Object__get__S)
                  0008aa4a    00000011     sysbios.a28FP : BIOS.obj (.text:_ti_sysbios_knl_Task_restoreHwi__E)
                  0008aa5b    00000011     ti.targets.rts2800.a28FP : Text.o28FP (.text:_xdc_runtime_Text_cordText__E)
                  0008aa6c    00000010     blink_cpu02_p28FP.o28FP (.text:_ti_sysbios_BIOS_rtsLock__I)
                  0008aa7c    00000010     blink_cpu02_p28FP.o28FP (.text:_ti_sysbios_family_c28_Hwi_enableIER__E)
                  0008aa8c    00000010     sysbios.a28FP : BIOS.obj (.text:_ti_sysbios_family_c28_Timer_stop__E)
                  0008aa9c    00000010     ti.targets.rts2800.a28FP : SysMin.o28FP (.text:_xdc_runtime_SysMin_Module_startup__E)
                  0008aaac    0000000f     sysbios.a28FP : BIOS.obj (.text:_ti_sysbios_gates_GateMutex_Instance_init__E)
                  0008aabb    0000000f     blink_cpu02_p28FP.o28FP (.text:_ti_sysbios_knl_Semaphore_destruct)
                  0008aaca    0000000f     ti.targets.rts2800.a28FP : Registry.o28FP (.text:_xdc_runtime_Registry_findById__E)
                  0008aad9    0000000f     blink_cpu02_p28FP.o28FP (.text:_xdc_runtime_Text_visitRope__I)
                  0008aae8    0000000e     blink_cpu02_p28FP.o28FP (.text:_ti_sysbios_knl_Queue_Object__get__S)
                  0008aaf6    0000000e     blink_cpu02_p28FP.o28FP (.text:_ti_sysbios_knl_Queue_destruct)
                  0008ab04    0000000e     blink_cpu02_p28FP.o28FP (.text:_xdc_runtime_IHeap_alloc)
                  0008ab12    0000000e     rts2800_fpu32.lib : fd_sub28.asm.obj (.text)
                  0008ab20    0000000d     blink_cpu02_p28FP.o28FP (.text:_ti_sysbios_BIOS_registerRTSLock__I)
                  0008ab2d    0000000d     blink_cpu02_p28FP.o28FP (.text:_ti_sysbios_BIOS_removeRTSLock__I)
                  0008ab3a    0000000d     sysbios.a28FP : BIOS.obj (.text:_ti_sysbios_family_c28_Hwi_dispatchC__I)
                  0008ab47    0000000d     blink_cpu02_p28FP.o28FP (.text:_ti_sysbios_family_c28_Hwi_restoreIER__E)
                  0008ab54    0000000d     blink_cpu02_p28FP.o28FP (.text:_ti_sysbios_knl_Task_SupportProxy_start__E)
                  0008ab61    0000000d     sysbios.a28FP : BIOS.obj (.text:_ti_sysbios_knl_Task_enter__I)
                  0008ab6e    0000000d     ti.targets.rts2800.a28FP : Error.o28FP (.text:_xdc_runtime_Error_check__E)
                  0008ab7b    0000000d     blink_cpu02_p28FP.o28FP (.text:_xdc_runtime_Memory_HeapProxy_alloc__E)
                  0008ab88    0000000d     ti.targets.rts2800.a28FP : System.o28FP (.text:_xdc_runtime_System_abort__E)
                  0008ab95    0000000c     blink_cpu02_p28FP.o28FP (.text:_ti_sysbios_BIOS_exitFunc__I)
                  0008aba1    0000000c     sysbios.a28FP : BIOS.obj (.text:_ti_sysbios_gates_GateMutex_leave__E)
                  0008abad    0000000c                   : BIOS.obj (.text:_ti_sysbios_knl_Queue_put__E)
                  0008abb9    0000000c                   : BIOS.obj (.text:_ti_sysbios_knl_Task_enabled__E)
                  0008abc5    0000000c     blink_cpu02_p28FP.o28FP (.text:_xdc_runtime_System_aprintf__E)
                  0008abd1    0000000c     blink_cpu02_p28FP.o28FP (.text:_xdc_runtime_System_printf__E)
                  0008abdd    0000000c     rts2800_fpu32.lib : memset.c.obj (.text)
                  0008abe9    0000000b     blink_cpu02_p28FP.o28FP (.text:_ti_sysbios_family_c28_Hwi_Module__startupDone__F)
                  0008abf4    0000000b     blink_cpu02_p28FP.o28FP (.text:_ti_sysbios_family_c28_Timer_Module__startupDone__F)
                  0008abff    0000000b     sysbios.a28FP : BIOS.obj (.text:_ti_sysbios_knl_Task_unblock__E)
                  0008ac0a    0000000b     blink_cpu02_p28FP.o28FP (.text:_xdc_runtime_Startup_exec__I)
                  0008ac15    0000000b     ti.targets.rts2800.a28FP : SysMin.o28FP (.text:_xdc_runtime_SysMin_exit__E)
                  0008ac20    0000000b                              : System.o28FP (.text:_xdc_runtime_System_exit__E)
                  0008ac2b    0000000b     rts2800_fpu32.lib : u_div28.asm.obj (.text)
                  0008ac36    0000000a     ti.targets.rts2800.a28FP : Error.o28FP (.text:_xdc_runtime_Error_init__E)
                  0008ac40    0000000a     blink_cpu02_p28FP.o28FP (.text:_xdc_runtime_IHeap_free)
                  0008ac4a    0000000a     ti.targets.rts2800.a28FP : Memory.o28FP (.text:_xdc_runtime_Memory_free__E)
                  0008ac54    0000000a                              : System.o28FP (.text:_xdc_runtime_System_vsnprintf__E)
                  0008ac5e    0000000a                              : Text.o28FP (.text:_xdc_runtime_Text_ropeText__E)
                  0008ac68    00000009     sysbios.a28FP : BIOS.obj (.text:_ti_sysbios_family_c28_TaskSupport_checkStack__E)
                  0008ac71    00000009                   : c28_TaskSupport_asm.obj (.text:_ti_sysbios_family_c28_TaskSupport_glue)
                  0008ac7a    00000009                   : BIOS.obj (.text:_ti_sysbios_hal_Hwi_Module_startup__E)
                  0008ac83    00000009     rts2800_fpu32.lib : _lock.c.obj (.text)
                  0008ac8c    00000009                       : fd_neg28.asm.obj (.text)
                  0008ac95    00000008     F2837xD_CodeStartBranch.obj (.text)
                  0008ac9d    00000008     sysbios.a28FP : BIOS.obj (.text:_ti_sysbios_BIOS_setThreadType__E)
                  0008aca5    00000008                   : BIOS.obj (.text:_ti_sysbios_gates_GateMutex_Instance_finalize__E)
                  0008acad    00000008     blink_cpu02_p28FP.o28FP (.text:_ti_sysbios_knl_Clock_Module_State_clockQ)
                  0008acb5    00000008     sysbios.a28FP : BIOS.obj (.text:_ti_sysbios_knl_Semaphore_Instance_finalize__E)
                  0008acbd    00000008     blink_cpu02_p28FP.o28FP (.text:_xdc_runtime_Memory_HeapProxy_free__E)
                  0008acc5    00000008     ti.targets.rts2800.a28FP : Memory.o28FP (.text:_xdc_runtime_Memory_calloc__E)
                  0008accd    00000008                              : SysMin.o28FP (.text:_xdc_runtime_SysMin_ready__E)
                  0008acd5    00000008     rts2800_fpu32.lib : strlen.c.obj (.text)
                  0008acdd    00000007     blink_cpu02_p28FP.o28FP (.text:_ti_sysbios_BIOS_RtsGateProxy_leave__E)
                  0008ace4    00000007     blink_cpu02_p28FP.o28FP (.text:_ti_sysbios_hal_Hwi_HwiProxy_getStackInfo__E)
                  0008aceb    00000007     blink_cpu02_p28FP.o28FP (.text:_ti_sysbios_heaps_HeapMem_Module_GateProxy_leave__E)
                  0008acf2    00000007     sysbios.a28FP : BIOS.obj (.text:_ti_sysbios_knl_Queue_empty__E)
                  0008acf9    00000007     blink_cpu02_p28FP.o28FP (.text:_ti_sysbios_knl_Task_SupportProxy_checkStack__E)
                  0008ad00    00000007     blink_cpu02_p28FP.o28FP (.text:_ti_sysbios_knl_Task_SupportProxy_swap__E)
                  0008ad07    00000007     blink_cpu02_p28FP.o28FP (.text:_xdc_runtime_System_Module_GateProxy_leave__E)
                  0008ad0e    00000006     blink_cpu02_p28FP.o28FP (.text:_ti_sysbios_BIOS_RtsGateProxy_enter__E)
                  0008ad14    00000006     sysbios.a28FP : BIOS.obj (.text:_ti_sysbios_BIOS_start__E)
                  0008ad1a    00000006                   : c28_IntrinsicsSupport_asm.obj (.text:_ti_sysbios_family_c28_IntrinsicsSupport_maxbit__E)
                  0008ad20    00000006     blink_cpu02_p28FP.o28FP (.text:_ti_sysbios_heaps_HeapMem_Module_GateProxy_enter__E)
                  0008ad26    00000006     blink_cpu02_p28FP.o28FP (.text:_ti_sysbios_heaps_HeapMem_Module_GateProxy_query__E)
                  0008ad2c    00000006     blink_cpu02_p28FP.o28FP (.text:_ti_sysbios_knl_Clock_TimerProxy_getMaxTicks__E)
                  0008ad32    00000006     sysbios.a28FP : BIOS.obj (.text:_ti_sysbios_knl_Swi_disable__E)
                  0008ad38    00000006                   : BIOS.obj (.text:_ti_sysbios_knl_Task_disable__E)
                  0008ad3e    00000006     ti.targets.rts2800.a28FP : Gate.o28FP (.text:_xdc_runtime_Gate_enterSystem__E)
                  0008ad44    00000006                              : Gate.o28FP (.text:_xdc_runtime_Gate_leaveSystem__E)
                  0008ad4a    00000006     blink_cpu02_p28FP.o28FP (.text:_xdc_runtime_System_Module_GateProxy_enter__E)
                  0008ad50    00000006     blink_cpu02_p28FP.o28FP (.text:_xdc_runtime_System_SupportProxy_abort__E)
                  0008ad56    00000006     blink_cpu02_p28FP.o28FP (.text:_xdc_runtime_System_SupportProxy_exit__E)
                  0008ad5c    00000006     blink_cpu02_p28FP.o28FP (.text:_xdc_runtime_System_SupportProxy_putch__E)
                  0008ad62    00000005     sysbios.a28FP : BIOS.obj (.text:_ti_sysbios_family_c28_Hwi_switchFromBootStack__E)
                  0008ad67    00000005                   : BIOS.obj (.text:_ti_sysbios_gates_GateHwi_enter__E)
                  0008ad6c    00000005     blink_cpu02_p28FP.o28FP (.text:_xdc_iargToPtr)
                  0008ad71    00000004     blink_cpu02_p28FP.o28FP (.text:_ti_sysbios_family_c28_Hwi_startup__E)
                  0008ad75    00000004     sysbios.a28FP : BIOS.obj (.text:_ti_sysbios_heaps_HeapMem_isBlocking__E)
                  0008ad79    00000004                   : BIOS.obj (.text:_ti_sysbios_knl_Swi_startup__E)
                  0008ad7d    00000004     ti.targets.rts2800.a28FP : Memory.o28FP (.text:_xdc_runtime_Memory_getMaxDefaultTypeAlign__E)
                  0008ad81    00000004                              : Startup.o28FP (.text:_xdc_runtime_Startup_rtsDone__E)
                  0008ad85    00000003                              : xdc_noinit.o28FP (.text:___xdc__init)
                  0008ad88    00000003     blink_cpu02_p28FP.o28FP (.text:_ti_sysbios_family_c28_Hwi_Module__startupDone__S)
                  0008ad8b    00000003     blink_cpu02_p28FP.o28FP (.text:_ti_sysbios_family_c28_Timer_Module__startupDone__S)
                  0008ad8e    00000003     sysbios.a28FP : BIOS.obj (.text:_ti_sysbios_gates_GateHwi_leave__E)
                  0008ad91    00000003     blink_cpu02_p28FP.o28FP (.text:_ti_sysbios_hal_Hwi_HwiProxy_Module__startupDone__S)
                  0008ad94    00000003     blink_cpu02_p28FP.o28FP (.text:_ti_sysbios_hal_Hwi_HwiProxy_startup__E)
                  0008ad97    00000003     blink_cpu02_p28FP.o28FP (.text:_ti_sysbios_hal_Hwi_HwiProxy_switchFromBootStack__E)
                  0008ad9a    00000003     sysbios.a28FP : BIOS.obj (.text:_ti_sysbios_hal_Hwi_startup__E)
                  0008ad9d    00000003     blink_cpu02_p28FP.o28FP (.text:_ti_sysbios_knl_Clock_TimerProxy_Module__startupDone__S)
                  0008ada0    00000003     sysbios.a28FP : BIOS.obj (.text:_ti_sysbios_knl_Idle_loop__E)
                  0008ada3    00000003                   : BIOS.obj (.text:_ti_sysbios_knl_Queue_Instance_init__E)
                  0008ada6    00000003     blink_cpu02_p28FP.o28FP (.text:_ti_sysbios_knl_Task_SupportProxy_Module__startupDone__S)
                  0008ada9    00000003     sysbios.a28FP : BIOS.obj (.text:_ti_sysbios_knl_Task_startup__E)
                  0008adac    00000003     blink_cpu02_p28FP.o28FP (.text:_xdc_runtime_Startup_reset__I)
                  0008adaf    00000003     ti.targets.rts2800.a28FP : System.o28FP (.text:_xdc_runtime_System_Module_startup__E)
                  0008adb2    00000003     blink_cpu02_p28FP.o28FP (.text:_xdc_runtime_System_SupportProxy_ready__E)
                  0008adb5    00000003     ti.targets.rts2800.a28FP : System.o28FP (.text:_xdc_runtime_System_abortStd__E)
                  0008adb8    00000003                              : System.o28FP (.text:_xdc_runtime_System_exitStd__E)
                  0008adbb    00000002     blink_cpu02_p28FP.o28FP (.text:_ti_sysbios_family_c28_TaskSupport_Module__startupDone__S)
                  0008adbd    00000002     sysbios.a28FP : BIOS.obj (.text:_ti_sysbios_family_c28_Timer_getMaxTicks__E)
                  0008adbf    00000002                   : BIOS.obj (.text:_ti_sysbios_gates_GateHwi_query__E)
                  0008adc1    00000002                   : BIOS.obj (.text:_ti_sysbios_gates_GateMutex_query__E)
                  0008adc3    00000002     ti.targets.rts2800.a28FP : Error.o28FP (.text:_xdc_runtime_Error_getSite__E)
                  0008adc5    00000002     rts2800_fpu32.lib : pre_init.c.obj (.text)
                  0008adc7    00000001     sysbios.a28FP : BIOS.obj (.text:_ti_sysbios_BIOS_linkedWithIncorrectBootLibrary__E)
                  0008adc8    00000001     blink_cpu02_p28FP.o28FP (.text:_ti_sysbios_BIOS_nullFunc__I)
                  0008adc9    00000001     sysbios.a28FP : c28_Hwi_asm.obj (.text:_ti_sysbios_family_c28_Hwi_interruptReturn__I)
                  0008adca    00000001                   : BIOS.obj (.text:_ti_sysbios_gates_GateHwi_Instance_init__E)
                  0008adcb    00000001     rts2800_fpu32.lib : startup.c.obj (.text)

Cla1RegsFile 
*          1    00001400    0000003c     UNINITIALIZED
                  00001400    0000003c     F2837xD_GlobalVariableDefs.obj (Cla1RegsFile)

.stack     1    00008000    00001000     UNINITIALIZED
                  00008000    00001000     --HOLE--

.ebss      1    0000c000    000060c0     UNINITIALIZED
                  0000c000    00002f30     f28377sSerial.obj (.ebss)
                  0000ef30    00000008     rts2800_fpu32.lib : hostopen.c.obj (.ebss)
                  0000ef38    00000006                       : exit.c.obj (.ebss)
                  0000ef3e    00000002                       : _lock.c.obj (.ebss:__lock)
                  0000ef40    00001840     blink_cpu02.obj (.ebss)
                  00010780    00001103     blink_cpu02_p28FP.o28FP (.ebss:taskStackSection)
                  00011883    00000001     rts2800_fpu32.lib : errno.c.obj (.ebss)
                  00011884    00000002                       : _lock.c.obj (.ebss:__unlock)
                  00011886    0000003a     --HOLE--
                  000118c0    00000800     blink_cpu02_p28FP.o28FP (.ebss)

.cio       1    00009040    00000120     UNINITIALIZED
                  00009040    00000120     rts2800_fpu32.lib : trgmsg.c.obj (.cio)

GETBUFFER 
*          0    0003fc00    00000000     DSECT

GETWRITEIDX 
*          0    0003fc00    00000000     DSECT

PUTREADIDX 
*          0    0003fc00    00000000     DSECT

PieVectTableFile 
*          0    00000d00    000001c0     DSECT
                  00000d00    000001c0     F2837xD_GlobalVariableDefs.obj (PieVectTableFile)

EmuKeyVar 
*          0    00000d00    00000001     DSECT
                  00000d00    00000001     F2837xD_GlobalVariableDefs.obj (EmuKeyVar)

EmuBModeVar 
*          0    00000d01    00000001     DSECT
                  00000d01    00000001     F2837xD_GlobalVariableDefs.obj (EmuBModeVar)

FlashCallbackVar 
*          0    00000d02    00000000     DSECT

FlashScalingVar 
*          0    00000d02    00000000     DSECT

AdcaResultFile 
*          1    00000b00    00000018     UNINITIALIZED
                  00000b00    00000018     F2837xD_GlobalVariableDefs.obj (AdcaResultFile)

AdcbResultFile 
*          1    00000b20    00000018     UNINITIALIZED
                  00000b20    00000018     F2837xD_GlobalVariableDefs.obj (AdcbResultFile)

AdccResultFile 
*          1    00000b40    00000018     UNINITIALIZED
                  00000b40    00000018     F2837xD_GlobalVariableDefs.obj (AdccResultFile)

AdcdResultFile 
*          1    00000b60    00000018     UNINITIALIZED
                  00000b60    00000018     F2837xD_GlobalVariableDefs.obj (AdcdResultFile)

CpuTimer0RegsFile 
*          1    00000c00    00000008     UNINITIALIZED
                  00000c00    00000008     F2837xD_GlobalVariableDefs.obj (CpuTimer0RegsFile)

CpuTimer1RegsFile 
*          1    00000c08    00000008     UNINITIALIZED
                  00000c08    00000008     F2837xD_GlobalVariableDefs.obj (CpuTimer1RegsFile)

CpuTimer2RegsFile 
*          1    00000c10    00000008     UNINITIALIZED
                  00000c10    00000008     F2837xD_GlobalVariableDefs.obj (CpuTimer2RegsFile)

PieCtrlRegsFile 
*          1    00000ce0    0000001a     UNINITIALIZED
                  00000ce0    0000001a     F2837xD_GlobalVariableDefs.obj (PieCtrlRegsFile)

DmaRegsFile 
*          1    00001000    000000e0     UNINITIALIZED
                  00001000    000000e0     F2837xD_GlobalVariableDefs.obj (DmaRegsFile)

EPwm1RegsFile 
*          1    00004000    00000100     UNINITIALIZED
                  00004000    00000100     F2837xD_GlobalVariableDefs.obj (EPwm1RegsFile)

EPwm2RegsFile 
*          1    00004100    00000100     UNINITIALIZED
                  00004100    00000100     F2837xD_GlobalVariableDefs.obj (EPwm2RegsFile)

EPwm3RegsFile 
*          1    00004200    00000100     UNINITIALIZED
                  00004200    00000100     F2837xD_GlobalVariableDefs.obj (EPwm3RegsFile)

EPwm4RegsFile 
*          1    00004300    00000100     UNINITIALIZED
                  00004300    00000100     F2837xD_GlobalVariableDefs.obj (EPwm4RegsFile)

EPwm5RegsFile 
*          1    00004400    00000100     UNINITIALIZED
                  00004400    00000100     F2837xD_GlobalVariableDefs.obj (EPwm5RegsFile)

EPwm6RegsFile 
*          1    00004500    00000100     UNINITIALIZED
                  00004500    00000100     F2837xD_GlobalVariableDefs.obj (EPwm6RegsFile)

EPwm7RegsFile 
*          1    00004600    00000100     UNINITIALIZED
                  00004600    00000100     F2837xD_GlobalVariableDefs.obj (EPwm7RegsFile)

EPwm8RegsFile 
*          1    00004700    00000100     UNINITIALIZED
                  00004700    00000100     F2837xD_GlobalVariableDefs.obj (EPwm8RegsFile)

EPwm9RegsFile 
*          1    00004800    00000100     UNINITIALIZED
                  00004800    00000100     F2837xD_GlobalVariableDefs.obj (EPwm9RegsFile)

EPwm10RegsFile 
*          1    00004900    00000100     UNINITIALIZED
                  00004900    00000100     F2837xD_GlobalVariableDefs.obj (EPwm10RegsFile)

EPwm11RegsFile 
*          1    00004a00    00000100     UNINITIALIZED
                  00004a00    00000100     F2837xD_GlobalVariableDefs.obj (EPwm11RegsFile)

EPwm12RegsFile 
*          1    00004b00    00000100     UNINITIALIZED
                  00004b00    00000100     F2837xD_GlobalVariableDefs.obj (EPwm12RegsFile)

ECap1RegsFile 
*          1    00005000    00000020     UNINITIALIZED
                  00005000    00000020     F2837xD_GlobalVariableDefs.obj (ECap1RegsFile)

ECap2RegsFile 
*          1    00005020    00000020     UNINITIALIZED
                  00005020    00000020     F2837xD_GlobalVariableDefs.obj (ECap2RegsFile)

ECap3RegsFile 
*          1    00005040    00000020     UNINITIALIZED
                  00005040    00000020     F2837xD_GlobalVariableDefs.obj (ECap3RegsFile)

ECap4RegsFile 
*          1    00005060    00000020     UNINITIALIZED
                  00005060    00000020     F2837xD_GlobalVariableDefs.obj (ECap4RegsFile)

ECap5RegsFile 
*          1    00005080    00000020     UNINITIALIZED
                  00005080    00000020     F2837xD_GlobalVariableDefs.obj (ECap5RegsFile)

ECap6RegsFile 
*          1    000050a0    00000020     UNINITIALIZED
                  000050a0    00000020     F2837xD_GlobalVariableDefs.obj (ECap6RegsFile)

EQep1RegsFile 
*          1    00005100    00000022     UNINITIALIZED
                  00005100    00000022     F2837xD_GlobalVariableDefs.obj (EQep1RegsFile)

EQep2RegsFile 
*          1    00005140    00000022     UNINITIALIZED
                  00005140    00000022     F2837xD_GlobalVariableDefs.obj (EQep2RegsFile)

EQep3RegsFile 
*          1    00005180    00000022     UNINITIALIZED
                  00005180    00000022     F2837xD_GlobalVariableDefs.obj (EQep3RegsFile)

DacaRegsFile 
*          1    00005c00    00000008     UNINITIALIZED
                  00005c00    00000008     F2837xD_GlobalVariableDefs.obj (DacaRegsFile)

DacbRegsFile 
*          1    00005c10    00000008     UNINITIALIZED
                  00005c10    00000008     F2837xD_GlobalVariableDefs.obj (DacbRegsFile)

DaccRegsFile 
*          1    00005c20    00000008     UNINITIALIZED
                  00005c20    00000008     F2837xD_GlobalVariableDefs.obj (DaccRegsFile)

AdcaRegsFile 
*          1    00007400    00000080     UNINITIALIZED
                  00007400    00000080     F2837xD_GlobalVariableDefs.obj (AdcaRegsFile)

AdcbRegsFile 
*          1    00007480    00000080     UNINITIALIZED
                  00007480    00000080     F2837xD_GlobalVariableDefs.obj (AdcbRegsFile)

AdccRegsFile 
*          1    00007500    00000080     UNINITIALIZED
                  00007500    00000080     F2837xD_GlobalVariableDefs.obj (AdccRegsFile)

AdcdRegsFile 
*          1    00007580    00000080     UNINITIALIZED
                  00007580    00000080     F2837xD_GlobalVariableDefs.obj (AdcdRegsFile)

Cla1SoftIntRegsFile 
*          1    00000ce0    00000004     DSECT
                  00000ce0    00000004     F2837xD_GlobalVariableDefs.obj (Cla1SoftIntRegsFile)

Cmpss1RegsFile 
*          1    00005c80    00000020     UNINITIALIZED
                  00005c80    00000020     F2837xD_GlobalVariableDefs.obj (Cmpss1RegsFile)

Cmpss2RegsFile 
*          1    00005ca0    00000020     UNINITIALIZED
                  00005ca0    00000020     F2837xD_GlobalVariableDefs.obj (Cmpss2RegsFile)

Cmpss3RegsFile 
*          1    00005cc0    00000020     UNINITIALIZED
                  00005cc0    00000020     F2837xD_GlobalVariableDefs.obj (Cmpss3RegsFile)

Cmpss4RegsFile 
*          1    00005ce0    00000020     UNINITIALIZED
                  00005ce0    00000020     F2837xD_GlobalVariableDefs.obj (Cmpss4RegsFile)

Cmpss5RegsFile 
*          1    00005d00    00000020     UNINITIALIZED
                  00005d00    00000020     F2837xD_GlobalVariableDefs.obj (Cmpss5RegsFile)

Cmpss6RegsFile 
*          1    00005d20    00000020     UNINITIALIZED
                  00005d20    00000020     F2837xD_GlobalVariableDefs.obj (Cmpss6RegsFile)

Cmpss7RegsFile 
*          1    00005d40    00000020     UNINITIALIZED
                  00005d40    00000020     F2837xD_GlobalVariableDefs.obj (Cmpss7RegsFile)

Cmpss8RegsFile 
*          1    00005d60    00000020     UNINITIALIZED
                  00005d60    00000020     F2837xD_GlobalVariableDefs.obj (Cmpss8RegsFile)

Sdfm1RegsFile 
*          1    00005e00    00000080     UNINITIALIZED
                  00005e00    00000080     F2837xD_GlobalVariableDefs.obj (Sdfm1RegsFile)

Sdfm2RegsFile 
*          1    00005e80    00000080     UNINITIALIZED
                  00005e80    00000080     F2837xD_GlobalVariableDefs.obj (Sdfm2RegsFile)

McbspaRegsFile 
*          1    00006000    00000024     UNINITIALIZED
                  00006000    00000024     F2837xD_GlobalVariableDefs.obj (McbspaRegsFile)

McbspbRegsFile 
*          1    00006040    00000024     UNINITIALIZED
                  00006040    00000024     F2837xD_GlobalVariableDefs.obj (McbspbRegsFile)

SpiaRegsFile 
*          1    00006100    00000010     UNINITIALIZED
                  00006100    00000010     F2837xD_GlobalVariableDefs.obj (SpiaRegsFile)

SpibRegsFile 
*          1    00006110    00000010     UNINITIALIZED
                  00006110    00000010     F2837xD_GlobalVariableDefs.obj (SpibRegsFile)

SpicRegsFile 
*          1    00006120    00000010     UNINITIALIZED
                  00006120    00000010     F2837xD_GlobalVariableDefs.obj (SpicRegsFile)

NmiIntruptRegsFile 
*          1    00007060    00000007     UNINITIALIZED
                  00007060    00000007     F2837xD_GlobalVariableDefs.obj (NmiIntruptRegsFile)

SciaRegsFile 
*          1    00007200    00000010     UNINITIALIZED
                  00007200    00000010     F2837xD_GlobalVariableDefs.obj (SciaRegsFile)

ScibRegsFile 
*          1    00007210    00000010     UNINITIALIZED
                  00007210    00000010     F2837xD_GlobalVariableDefs.obj (ScibRegsFile)

ScicRegsFile 
*          1    00007220    00000010     UNINITIALIZED
                  00007220    00000010     F2837xD_GlobalVariableDefs.obj (ScicRegsFile)

ScidRegsFile 
*          1    00007230    00000010     UNINITIALIZED
                  00007230    00000010     F2837xD_GlobalVariableDefs.obj (ScidRegsFile)

I2caRegsFile 
*          1    00007300    00000022     UNINITIALIZED
                  00007300    00000022     F2837xD_GlobalVariableDefs.obj (I2caRegsFile)

I2cbRegsFile 
*          1    00007340    00000022     UNINITIALIZED
                  00007340    00000022     F2837xD_GlobalVariableDefs.obj (I2cbRegsFile)

DmaClaSrcSelRegsFile 
*          1    00007980    0000001a     UNINITIALIZED
                  00007980    0000001a     F2837xD_GlobalVariableDefs.obj (DmaClaSrcSelRegsFile)

Emif1RegsFile 
*          1    00047000    00000070     UNINITIALIZED
                  00047000    00000070     F2837xD_GlobalVariableDefs.obj (Emif1RegsFile)

Emif2RegsFile 
*          1    00047800    00000070     UNINITIALIZED
                  00047800    00000070     F2837xD_GlobalVariableDefs.obj (Emif2RegsFile)

IpcRegsFile 
*          1    00050000    00000026     UNINITIALIZED
                  00050000    00000026     F2837xD_GlobalVariableDefs.obj (IpcRegsFile)

DcsmZ1RegsFile 
*          1    0005f000    00000024     UNINITIALIZED
                  0005f000    00000024     F2837xD_GlobalVariableDefs.obj (DcsmZ1RegsFile)

DcsmZ2RegsFile 
*          1    0005f040    00000024     UNINITIALIZED
                  0005f040    00000024     F2837xD_GlobalVariableDefs.obj (DcsmZ2RegsFile)

DcsmCommonRegsFile 
*          1    0005f070    00000008     UNINITIALIZED
                  0005f070    00000008     F2837xD_GlobalVariableDefs.obj (DcsmCommonRegsFile)

MemCfgRegsFile 
*          1    0005f400    00000080     UNINITIALIZED
                  0005f400    00000080     F2837xD_GlobalVariableDefs.obj (MemCfgRegsFile)

Emif1ConfigRegsFile 
*          1    0005f480    00000020     UNINITIALIZED
                  0005f480    00000020     F2837xD_GlobalVariableDefs.obj (Emif1ConfigRegsFile)

AccessProtectionRegsFile 
*          1    0005f4c0    00000040     UNINITIALIZED
                  0005f4c0    00000040     F2837xD_GlobalVariableDefs.obj (AccessProtectionRegsFile)

MemoryErrorRegsFile 
*          1    0005f500    00000040     UNINITIALIZED
                  0005f500    00000040     F2837xD_GlobalVariableDefs.obj (MemoryErrorRegsFile)

DcsmZ1OtpFile 
*          1    00078000    00000020     NOLOAD SECTION
                  00078000    00000020     F2837xD_GlobalVariableDefs.obj (DcsmZ1OtpFile)

DcsmZ2OtpFile 
*          1    00078200    00000020     NOLOAD SECTION
                  00078200    00000020     F2837xD_GlobalVariableDefs.obj (DcsmZ2OtpFile)

GpioDataRegsFile 
*          1    00007f00    00000030     UNINITIALIZED
                  00007f00    00000030     F2837xD_GlobalVariableDefs.obj (GpioDataRegsFile)

Flash0CtrlRegsFile 
*          1    0005f800    00000182     UNINITIALIZED
                  0005f800    00000182     F2837xD_GlobalVariableDefs.obj (Flash0CtrlRegsFile)

Flash0EccRegsFile 
*          1    0005fb00    00000028     UNINITIALIZED
                  0005fb00    00000028     F2837xD_GlobalVariableDefs.obj (Flash0EccRegsFile)

ClkCfgRegsFile 
*          1    0005d200    00000032     UNINITIALIZED
                  0005d200    00000032     F2837xD_GlobalVariableDefs.obj (ClkCfgRegsFile)

CpuSysRegsFile 
*          1    0005d300    00000082     UNINITIALIZED
                  0005d300    00000082     F2837xD_GlobalVariableDefs.obj (CpuSysRegsFile)

WdRegsFile 
*          1    00007000    0000002b     UNINITIALIZED
                  00007000    0000002b     F2837xD_GlobalVariableDefs.obj (WdRegsFile)

XintRegsFile 
*          1    00007070    0000000b     UNINITIALIZED
                  00007070    0000000b     F2837xD_GlobalVariableDefs.obj (XintRegsFile)

MODULE SUMMARY

       Module                           code    initialized data   uninitialized data
       ------                           ----    ----------------   ------------------
    .\
       f28377sSerial.obj                0       0                  12080             
       blink_cpu02.obj                  231     117                6208              
       F2837xD_GlobalVariableDefs.obj   0       0                  6531              
       F2837xD_SysCtrl.obj              662     0                  0                 
       F2837xD_CodeStartBranch.obj      10      0                  0                 
       F2837xD_usDelay.obj              8       0                  0                 
    +--+--------------------------------+-------+------------------+--------------------+
       Total:                           911     117                24819             
                                                                                     
    C:\ayush2\F28379D_Guide\F2837xD\Labs\blink\cpu02\ccs\CPU2_FLASH\configPkg\package\cfg\
       blink_cpu02_p28FP.o28FP          1162    8250               6403              
    +--+--------------------------------+-------+------------------+--------------------+
       Total:                           1162    8250               6403              
                                                                                     
    C:/CCStudio_v8/ccsv8/tools/compiler/ti-cgt-c2000_18.1.1.LTS/lib/rts2800_fpu32.lib
       trgmsg.c.obj                     148     0                  288               
       ll_div28.asm.obj                 263     0                  0                 
       fd_add28.asm.obj                 156     0                  0                 
       fd_div28.asm.obj                 139     0                  0                 
       fd_mpy28.asm.obj                 131     0                  0                 
       _printfi.c.obj                   0       66                 0                 
       exit.c.obj                       41      14                 6                 
       hostwrite.c.obj                  56      0                  0                 
       fd_cmp28.asm.obj                 42      0                  0                 
       l_div28.asm.obj                  42      0                  0                 
       cpy_tbl.c.obj                    36      0                  0                 
       fd_toi28.asm.obj                 33      0                  0                 
       fd_tol28.asm.obj                 31      0                  0                 
       ll_cmp28.asm.obj                 30      0                  0                 
       memcpy.c.obj                     30      0                  0                 
       i_tofd28.asm.obj                 29      0                  0                 
       fs_tofdfpu32.asm.obj             28      0                  0                 
       l_tofd28.asm.obj                 28      0                  0                 
       s_scalbn.c.obj                   0       28                 0                 
       args_main.c.obj                  25      0                  0                 
       ll_aox28.asm.obj                 24      0                  0                 
       _lock.c.obj                      9       10                 4                 
       fd_sub28.asm.obj                 14      0                  0                 
       memset.c.obj                     12      0                  0                 
       u_div28.asm.obj                  11      0                  0                 
       fd_neg28.asm.obj                 9       0                  0                 
       hostopen.c.obj                   0       0                  8                 
       s_frexp.c.obj                    0       8                  0                 
       strlen.c.obj                     8       0                  0                 
       errno.c.obj                      0       4                  1                 
       pre_init.c.obj                   2       0                  0                 
       startup.c.obj                    1       0                  0                 
    +--+--------------------------------+-------+------------------+--------------------+
       Total:                           1378    130                307               
                                                                                     
    C:\CCStudio_v8\bios_6_70_01_03\packages\ti\targets\rts2800\lib\boot.a28FP
       boot_cg.o28FP                    105     0                  0                 
    +--+--------------------------------+-------+------------------+--------------------+
       Total:                           105     0                  0                 
                                                                                     
    C:\CCStudio_v8\bios_6_70_01_03\packages\ti\targets\rts2800\lib\ti.targets.rts2800.a28FP
       System.o28FP                     808     25                 0                 
       Text.o28FP                       386     67                 0                 
       Error.o28FP                      296     88                 0                 
       Core-mem.o28FP                   242     0                  0                 
       Startup.o28FP                    172     42                 0                 
       Core-smem.o28FP                  154     0                  0                 
       SysMin.o28FP                     125     0                  0                 
       Memory.o28FP                     124     0                  0                 
       Core-params.o28FP                61      0                  0                 
       Assert.o28FP                     50      5                  0                 
       Core-label.o28FP                 26      0                  0                 
[...]
0     0008aaf6  _ti_sysbios_knl_Queue_destruct                            
0     0008ab12  FD$$SUB                                                   
0     0008ab20  _ti_sysbios_BIOS_registerRTSLock__I                       
0     0008ab2d  _ti_sysbios_BIOS_removeRTSLock__I                         
0     0008ab3a  _ti_sysbios_family_c28_Hwi_dispatchC__I                   
0     0008ab47  _ti_sysbios_family_c28_Hwi_restoreIER__E                  
0     0008ab54  _ti_sysbios_knl_Task_SupportProxy_start__E                
0     0008ab61  _ti_sysbios_knl_Task_enter__I                             
0     0008ab6e  _xdc_runtime_Error_check__E                               
0     0008ab7b  _xdc_runtime_Memory_HeapProxy_alloc__E                    
0     0008ab88  _xdc_runtime_System_abort__E                              
0     0008ab95  _ti_sysbios_BIOS_exitFunc__I                              
0     0008aba1  _ti_sysbios_gates_GateMutex_leave__E                      
0     0008abad  _ti_sysbios_knl_Queue_put__E                              
0     0008abb9  _ti_sysbios_knl_Task_enabled__E                           
0     0008abc5  _xdc_runtime_System_aprintf__E                            
0     0008abd1  _xdc_runtime_System_printf__E                             
0     0008abdd  _memset                                                   
0     0008abe9  _ti_sysbios_family_c28_Hwi_Module__startupDone__F         
0     0008abf4  _ti_sysbios_family_c28_Timer_Module__startupDone__F       
0     0008abff  _ti_sysbios_knl_Task_unblock__E                           
0     0008ac0a  _xdc_runtime_Startup_exec__I                              
0     0008ac15  _xdc_runtime_SysMin_exit__E                               
0     0008ac20  _xdc_runtime_System_exit__E                               
0     0008ac2b  U$$DIV                                                    
0     0008ac30  U$$MOD                                                    
0     0008ac36  _xdc_runtime_Error_init__E                                
0     0008ac4a  _xdc_runtime_Memory_free__E                               
0     0008ac54  _xdc_runtime_System_snprintf_va__F                        
0     0008ac54  _xdc_runtime_System_vsnprintf__E                          
0     0008ac5e  _xdc_runtime_Text_ropeText__E                             
0     0008ac68  _ti_sysbios_family_c28_TaskSupport_checkStack__E          
0     0008ac71  _ti_sysbios_family_c28_TaskSupport_glue                   
0     0008ac7a  _ti_sysbios_hal_Hwi_Module_startup__E                     
0     0008ac83  __register_unlock                                         
0     0008ac87  __register_lock                                           
0     0008ac8b  __nop                                                     
0     0008ac8c  FD$$NEG                                                   
0     0008ac9d  _ti_sysbios_BIOS_setThreadType__E                         
0     0008aca5  _ti_sysbios_gates_GateMutex_Instance_finalize__E          
0     0008acb5  _ti_sysbios_knl_Semaphore_Instance_finalize__E            
0     0008acbd  _xdc_runtime_Memory_HeapProxy_free__E                     
0     0008acc5  _xdc_runtime_Memory_calloc__E                             
0     0008accd  _xdc_runtime_SysMin_ready__E                              
0     0008acd5  _strlen                                                   
0     0008acdd  _ti_sysbios_BIOS_RtsGateProxy_leave__E                    
0     0008ace4  _ti_sysbios_hal_Hwi_HwiProxy_getStackInfo__E              
0     0008aceb  _ti_sysbios_heaps_HeapMem_Module_GateProxy_leave__E       
0     0008acf2  _ti_sysbios_knl_Queue_empty__E                            
0     0008acf9  _ti_sysbios_knl_Task_SupportProxy_checkStack__E           
0     0008ad00  _ti_sysbios_knl_Task_SupportProxy_swap__E                 
0     0008ad07  _xdc_runtime_System_Module_GateProxy_leave__E             
0     0008ad0e  _ti_sysbios_BIOS_RtsGateProxy_enter__E                    
0     0008ad14  _ti_sysbios_BIOS_start__E                                 
0     0008ad1a  _ti_sysbios_family_c28_IntrinsicsSupport_maxbit__E        
0     0008ad20  _ti_sysbios_heaps_HeapMem_Module_GateProxy_enter__E       
0     0008ad26  _ti_sysbios_heaps_HeapMem_Module_GateProxy_query__E       
0     0008ad2c  _ti_sysbios_knl_Clock_TimerProxy_getMaxTicks__E           
0     0008ad32  _ti_sysbios_knl_Swi_disable__E                            
0     0008ad38  _ti_sysbios_knl_Task_disable__E                           
0     0008ad3e  _xdc_runtime_Gate_enterSystem__E                          
0     0008ad44  _xdc_runtime_Gate_leaveSystem__E                          
0     0008ad4a  _xdc_runtime_System_Module_GateProxy_enter__E             
0     0008ad50  _xdc_runtime_System_SupportProxy_abort__E                 
0     0008ad56  _xdc_runtime_System_SupportProxy_exit__E                  
0     0008ad5c  _xdc_runtime_System_SupportProxy_putch__E                 
0     0008ad62  _ti_sysbios_family_c28_Hwi_switchFromBootStack__E         
0     0008ad67  _ti_sysbios_gates_GateHwi_enter__E                        
0     0008ad71  _ti_sysbios_family_c28_Hwi_startup__E                     
0     0008ad75  _ti_sysbios_heaps_HeapMem_isBlocking__E                   
0     0008ad79  _ti_sysbios_knl_Swi_startup__E                            
0     0008ad7d  _xdc_runtime_Memory_getMaxDefaultTypeAlign__E             
0     0008ad81  _xdc_runtime_Startup_rtsDone__E                           
0     0008ad85  ___xdc__init                                              
0     0008ad88  _ti_sysbios_family_c28_Hwi_Module__startupDone__S         
0     0008ad8b  _ti_sysbios_family_c28_Timer_Module__startupDone__S       
0     0008ad8e  _ti_sysbios_gates_GateHwi_leave__E                        
0     0008ad91  _ti_sysbios_hal_Hwi_HwiProxy_Module__startupDone__S       
0     0008ad94  _ti_sysbios_hal_Hwi_HwiProxy_startup__E                   
0     0008ad97  _ti_sysbios_hal_Hwi_HwiProxy_switchFromBootStack__E       
0     0008ad9a  _ti_sysbios_hal_Hwi_startup__E                            
0     0008ad9d  _ti_sysbios_knl_Clock_TimerProxy_Module__startupDone__S   
0     0008ada0  _ti_sysbios_knl_Idle_loop__E                              
0     0008ada3  _ti_sysbios_knl_Queue_Instance_init__E                    
0     0008ada6  _ti_sysbios_knl_Task_SupportProxy_Module__startupDone__S  
0     0008ada9  _ti_sysbios_knl_Task_startup__E                           
0     0008adac  _xdc_runtime_Startup_reset__I                             
0     0008adaf  _xdc_runtime_System_Module_startup__E                     
0     0008adb2  _xdc_runtime_System_SupportProxy_ready__E                 
0     0008adb5  _xdc_runtime_System_abortStd__E                           
0     0008adb8  _xdc_runtime_System_exitStd__E                            
0     0008adbb  _ti_sysbios_family_c28_TaskSupport_Module__startupDone__S 
0     0008adbd  _ti_sysbios_family_c28_Timer_getMaxTicks__E               
0     0008adbf  _ti_sysbios_gates_GateHwi_query__E                        
0     0008adc1  _ti_sysbios_gates_GateMutex_query__E                      
0     0008adc3  _xdc_runtime_Error_getSite__E                             
0     0008adc5  __system_pre_init                                         
0     0008adc7  _ti_sysbios_BIOS_linkedWithIncorrectBootLibrary__E        
0     0008adc8  _ti_sysbios_BIOS_nullFunc__I                              
0     0008adc9  _ti_sysbios_family_c28_Hwi_interruptReturn__I             
0     0008adca  _ti_sysbios_gates_GateHwi_Instance_init__E                
0     0008adcb  __system_post_cinit                                       
0     0008adcc  ___etext__                                                
0     0008adcc  etext                                                     
1     00000b00  _AdcaResultRegs                                           
1     00000b20  _AdcbResultRegs                                           
1     00000b40  _AdccResultRegs                                           
1     00000b60  _AdcdResultRegs                                           
1     00000c00  _CpuTimer0Regs                                            
1     00000c08  _CpuTimer1Regs                                            
1     00000c10  _CpuTimer2Regs                                            
1     00000ce0  _PieCtrlRegs                                              
1     00001000  _DmaRegs                                                  
1     00001400  _Cla1Regs                                                 
1     00004000  _EPwm1Regs                                                
1     00004100  _EPwm2Regs                                                
1     00004200  _EPwm3Regs                                                
1     00004300  _EPwm4Regs                                                
1     00004400  _EPwm5Regs                                                
1     00004500  _EPwm6Regs                                                
1     00004600  _EPwm7Regs                                                
1     00004700  _EPwm8Regs                                                
1     00004800  _EPwm9Regs                                                
1     00004900  _EPwm10Regs                                               
1     00004a00  _EPwm11Regs                                               
1     00004b00  _EPwm12Regs                                               
1     00005000  _ECap1Regs                                                
1     00005020  _ECap2Regs                                                
1     00005040  _ECap3Regs                                                
1     00005060  _ECap4Regs                                                
1     00005080  _ECap5Regs                                                
1     000050a0  _ECap6Regs                                                
1     00005100  _EQep1Regs                                                
1     00005140  _EQep2Regs                                                
1     00005180  _EQep3Regs                                                
1     00005c00  _DacaRegs                                                 
1     00005c10  _DacbRegs                                                 
1     00005c20  _DaccRegs                                                 
1     00005c80  _Cmpss1Regs                                               
1     00005ca0  _Cmpss2Regs                                               
1     00005cc0  _Cmpss3Regs                                               
1     00005ce0  _Cmpss4Regs                                               
1     00005d00  _Cmpss5Regs                                               
1     00005d20  _Cmpss6Regs                                               
1     00005d40  _Cmpss7Regs                                               
1     00005d60  _Cmpss8Regs                                               
1     00005e00  _Sdfm1Regs                                                
1     00005e80  _Sdfm2Regs                                                
1     00006000  _McbspaRegs                                               
1     00006040  _McbspbRegs                                               
1     00006100  _SpiaRegs                                                 
1     00006110  _SpibRegs                                                 
1     00006120  _SpicRegs                                                 
1     00007000  _WdRegs                                                   
1     00007060  _NmiIntruptRegs                                           
1     00007070  _XintRegs                                                 
1     00007200  _SciaRegs                                                 
1     00007210  _ScibRegs                                                 
1     00007220  _ScicRegs                                                 
1     00007230  _ScidRegs                                                 
1     00007300  _I2caRegs                                                 
1     00007340  _I2cbRegs                                                 
1     00007400  _AdcaRegs                                                 
1     00007480  _AdcbRegs                                                 
1     00007500  _AdccRegs                                                 
1     00007580  _AdcdRegs                                                 
1     00007980  _DmaClaSrcSelRegs                                         
1     00007f00  _GpioDataRegs                                             
1     00008000  __stack                                                   
1     00009000  __STACK_END                                               
1     00009040  __CIOBUF_                                                 
1     0000c000  _SerialB                                                  
1     0000cfc0  _SerialC                                                  
1     0000df80  _SerialA                                                  
1     0000ef30  _parmbuf                                                  
1     0000ef38  ___TI_enable_exit_profile_output                          
1     0000ef3a  ___TI_cleanup_ptr                                         
1     0000ef3c  ___TI_dtors_ptr                                           
1     0000ef3e  __lock                                                    
1     0000ef40  _ADDR_FLAG                                                
1     0000ef41  _esp_lv                                                   
1     0000ef42  _MODE_FLAG                                                
1     0000ef43  _PORT_FLAG                                                
1     0000ef44  _msglen                                                   
1     0000ef45  _len                                                      
1     0000ef46  _beginwrite                                               
1     0000ef47  _AT_FLAG                                                  
1     0000ef48  _LOGIN_FLAG                                               
1     0000ef49  _CW_FLAG                                                  
1     0000ef4a  _arrlen                                                   
1     0000ef80  _esp_receive                                              
1     0000f780  _msg                                                      
1     0000ff80  _espmsg                                                   
1     00010780  _ti_sysbios_knl_Task_Instance_State_0_stack__A            
1     00010880  _ti_sysbios_heaps_HeapMem_Instance_State_0_buf__A         
1     00011883  _errno                                                    
1     00011884  __unlock                                                  
1     000118c0  _xdc_runtime_Error_Module__state__V                       
1     000118c2  ___xdc__init__addr                                        
1     000118c4  _xdc_runtime_Memory_Module__state__V                      
1     000118c6  _ti_sysbios_gates_GateHwi_Object__table__V                
1     000118c8  _ti_sysbios_knl_Task_Module_State_0_idleTask__A           
1     000118ca  _ti_sysbios_knl_Clock_Module__root__V                     
1     000118ce  _ti_sysbios_heaps_HeapMem_Module__root__V                 
1     000118d2  _ti_sysbios_gates_GateMutex_Module__root__V               
1     000118d6  _xdc_runtime_Registry_Module__state__V                    
1     000118da  _ti_sysbios_knl_Swi_Module__root__V                       
1     000118de  _ti_sysbios_knl_Task_Module__root__V                      
1     000118e2  _ti_sysbios_knl_Queue_Module__root__V                     
1     000118e6  _ti_sysbios_hal_Hwi_Module__root__V                       
1     000118ea  _xdc_runtime_System_Module__state__V                      
1     000118ee  _ti_sysbios_family_c28_Hwi_Module__root__V                
1     000118f2  _xdc_runtime_SysMin_Module__state__V                      
1     000118f6  _xdc_runtime_Startup_Module__state__V                     
1     000118fa  _ti_sysbios_knl_Semaphore_Module__root__V                 
1     00011900  _xdc_runtime_Text_Module__state__V                        
1     00011904  _ti_sysbios_gates_GateHwi_Module__root__V                 
1     00011908  _ti_sysbios_family_c28_Timer_Module__root__V              
1     0001190c  _ti_sysbios_family_c28_Timer_Module__state__V             
1     00011914  _ti_sysbios_heaps_HeapMem_Object__table__V                
1     00011920  _ti_sysbios_knl_Swi_Module__state__V                      
1     0001192c  _xdc_runtime_System_Module_State_0_atexitHandlers__A      
1     00011940  _ti_sysbios_family_c28_Hwi_Object__table__V               
1     00011950  _ti_sysbios_family_c28_Hwi_Module__state__V               
1     00011960  _xdc_runtime_Error_IgnoreBlock                            
1     00011970  _ti_sysbios_knl_Clock_Object__table__V                    
1     00011980  _ti_sysbios_BIOS_Module__state__V                         
1     00011992  _ti_sysbios_knl_Swi_Object__table__V                      
1     000119a6  _ti_sysbios_knl_Clock_Module__state__V                    
1     000119c0  _ti_sysbios_family_c28_Timer_Object__table__V             
1     000119d8  _ti_sysbios_gates_GateMutex_Object__table__V              
1     00011a00  _ti_sysbios_knl_Task_Module__state__V                     
1     00011a40  _ti_sysbios_knl_Task_Object__table__V                     
1     00011a80  _ti_sysbios_knl_Swi_Module_State_0_readyQ__A              
1     00011ac0  _ti_sysbios_knl_Task_Module_State_0_readyQ__A             
1     00011b00  _ti_sysbios_family_c28_Hwi_Module_State_0_dispatchTable__A
1     00011cc0  _xdc_runtime_SysMin_Module_State_0_outbuf__A              
1     00047000  _Emif1Regs                                                
1     00047800  _Emif2Regs                                                
1     00050000  _IpcRegs                                                  
1     0005d200  _ClkCfgRegs                                               
1     0005d300  _CpuSysRegs                                               
1     0005f000  _DcsmZ1Regs                                               
1     0005f040  _DcsmZ2Regs                                               
1     0005f070  _DcsmCommonRegs                                           
1     0005f400  _MemCfgRegs                                               
1     0005f480  _Emif1ConfigRegs                                          
1     0005f4c0  _AccessProtectionRegs                                     
1     0005f500  _MemoryErrorRegs                                          
1     0005f800  _Flash0CtrlRegs                                           
1     0005fb00  _Flash0EccRegs                                            
1     00078000  _DcsmZ1Otp                                                
1     00078200  _DcsmZ2Otp                                                
abs   00000001  _xdc_runtime_Startup__EXECFXN__C                          
abs   00000001  _xdc_runtime_Startup__RESETFXN__C                         
abs   00000029  _RamfuncsLoadSize                                         
abs   00000029  _RamfuncsRunSize                                          
abs   00001000  __STACK_SIZE                                              
abs   ffffffff  ___TI_pprof_out_hndl                                      
abs   ffffffff  ___TI_prof_data_size                                      
abs   ffffffff  ___TI_prof_data_start                                     
abs   ffffffff  ___binit__                                                
abs   ffffffff  ___c_args__                                               
abs   ffffffff  ___pinit__                                                
abs   ffffffff  binit                                                     
abs   ffffffff  pinit                                                     

[641 symbols]
