<?xml version="1.0" encoding="ISO-8859-1" ?>
<link_info>
   <banner>TMS320C2000 Linker PC v18.1.1.LTS</banner>
   <copyright>Copyright (c) 1996-2017 Texas Instruments Incorporated</copyright>
   <link_time>0x5c911d67</link_time>
   <link_errors>0x0</link_errors>
   <output_file>blink_cpu02.out</output_file>
   <entry_point>
      <name>_c_int00</name>
      <address>0x89871</address>
   </entry_point>
   <input_file_list>
      <input_file id="fl-2">
         <path>.\</path>
         <kind>object</kind>
         <file>F2837xD_CodeStartBranch.obj</file>
         <name>F2837xD_CodeStartBranch.obj</name>
      </input_file>
      <input_file id="fl-3">
         <path>.\</path>
         <kind>object</kind>
         <file>F2837xD_GlobalVariableDefsforBIOS.obj</file>
         <name>F2837xD_GlobalVariableDefsforBIOS.obj</name>
      </input_file>
      <input_file id="fl-4">
         <path>.\</path>
         <kind>object</kind>
         <file>F2837xD_Gpio_forBIOS.obj</file>
         <name>F2837xD_Gpio_forBIOS.obj</name>
      </input_file>
      <input_file id="fl-5">
         <path>.\</path>
         <kind>object</kind>
         <file>F2837xD_Ipc.obj</file>
         <name>F2837xD_Ipc.obj</name>
      </input_file>
      <input_file id="fl-6">
         <path>.\</path>
         <kind>object</kind>
         <file>F2837xD_SysCtrl.obj</file>
         <name>F2837xD_SysCtrl.obj</name>
      </input_file>
      <input_file id="fl-7">
         <path>.\</path>
         <kind>object</kind>
         <file>F2837xD_usDelay.obj</file>
         <name>F2837xD_usDelay.obj</name>
      </input_file>
      <input_file id="fl-8">
         <path>.\</path>
         <kind>object</kind>
         <file>blink_cpu02.obj</file>
         <name>blink_cpu02.obj</name>
      </input_file>
      <input_file id="fl-a">
         <path>C:\ayush2\F28379D_Guide\F2837xD\Labs\blink\cpu02\ccs\CPU2_FLASH\configPkg\package\cfg\</path>
         <kind>object</kind>
         <file>blink_cpu02_p28FP.o28FP</file>
         <name>blink_cpu02_p28FP.o28FP</name>
      </input_file>
      <input_file id="fl-15">
         <kind>object</kind>
         <file>&lt;internal&gt;</file>
         <name>&lt;internal&gt;</name>
      </input_file>
      <input_file id="fl-16">
         <path>C:\ayush2\F28379D_Guide\F2837xD\Labs\blink\cpu02\ccs\src\sysbios\</path>
         <kind>archive</kind>
         <file>sysbios.a28FP</file>
         <name>BIOS.obj</name>
      </input_file>
      <input_file id="fl-17">
         <path>C:\ayush2\F28379D_Guide\F2837xD\Labs\blink\cpu02\ccs\src\sysbios\</path>
         <kind>archive</kind>
         <file>sysbios.a28FP</file>
         <name>c28_Hwi_asm.obj</name>
      </input_file>
      <input_file id="fl-18">
         <path>C:\ayush2\F28379D_Guide\F2837xD\Labs\blink\cpu02\ccs\src\sysbios\</path>
         <kind>archive</kind>
         <file>sysbios.a28FP</file>
         <name>c28_Hwi_disp_asm.obj</name>
      </input_file>
      <input_file id="fl-19">
         <path>C:\ayush2\F28379D_Guide\F2837xD\Labs\blink\cpu02\ccs\src\sysbios\</path>
         <kind>archive</kind>
         <file>sysbios.a28FP</file>
         <name>c28_IntrinsicsSupport_asm.obj</name>
      </input_file>
      <input_file id="fl-1a">
         <path>C:\ayush2\F28379D_Guide\F2837xD\Labs\blink\cpu02\ccs\src\sysbios\</path>
         <kind>archive</kind>
         <file>sysbios.a28FP</file>
         <name>c28_TaskSupport_asm.obj</name>
      </input_file>
      <input_file id="fl-1b">
         <path>C:\CCStudio_v8\bios_6_70_01_03\packages\ti\targets\rts2800\lib\</path>
         <kind>archive</kind>
         <file>ti.targets.rts2800.a28FP</file>
         <name>Assert.o28FP</name>
      </input_file>
      <input_file id="fl-1c">
         <path>C:\CCStudio_v8\bios_6_70_01_03\packages\ti\targets\rts2800\lib\</path>
         <kind>archive</kind>
         <file>ti.targets.rts2800.a28FP</file>
         <name>Core-mem.o28FP</name>
      </input_file>
      <input_file id="fl-1d">
         <path>C:\CCStudio_v8\bios_6_70_01_03\packages\ti\targets\rts2800\lib\</path>
         <kind>archive</kind>
         <file>ti.targets.rts2800.a28FP</file>
         <name>Core-smem.o28FP</name>
      </input_file>
      <input_file id="fl-1e">
         <path>C:\CCStudio_v8\bios_6_70_01_03\packages\ti\targets\rts2800\lib\</path>
         <kind>archive</kind>
         <file>ti.targets.rts2800.a28FP</file>
         <name>Core-label.o28FP</name>
      </input_file>
      <input_file id="fl-1f">
         <path>C:\CCStudio_v8\bios_6_70_01_03\packages\ti\targets\rts2800\lib\</path>
         <kind>archive</kind>
         <file>ti.targets.rts2800.a28FP</file>
         <name>Core-params.o28FP</name>
      </input_file>
      <input_file id="fl-20">
         <path>C:\CCStudio_v8\bios_6_70_01_03\packages\ti\targets\rts2800\lib\</path>
         <kind>archive</kind>
         <file>ti.targets.rts2800.a28FP</file>
         <name>Error.o28FP</name>
      </input_file>
      <input_file id="fl-21">
         <path>C:\CCStudio_v8\bios_6_70_01_03\packages\ti\targets\rts2800\lib\</path>
         <kind>archive</kind>
         <file>ti.targets.rts2800.a28FP</file>
         <name>Gate.o28FP</name>
      </input_file>
      <input_file id="fl-22">
         <path>C:\CCStudio_v8\bios_6_70_01_03\packages\ti\targets\rts2800\lib\</path>
         <kind>archive</kind>
         <file>ti.targets.rts2800.a28FP</file>
         <name>Memory.o28FP</name>
      </input_file>
      <input_file id="fl-23">
         <path>C:\CCStudio_v8\bios_6_70_01_03\packages\ti\targets\rts2800\lib\</path>
         <kind>archive</kind>
         <file>ti.targets.rts2800.a28FP</file>
         <name>Startup.o28FP</name>
      </input_file>
      <input_file id="fl-24">
         <path>C:\CCStudio_v8\bios_6_70_01_03\packages\ti\targets\rts2800\lib\</path>
         <kind>archive</kind>
         <file>ti.targets.rts2800.a28FP</file>
         <name>System.o28FP</name>
      </input_file>
      <input_file id="fl-25">
         <path>C:\CCStudio_v8\bios_6_70_01_03\packages\ti\targets\rts2800\lib\</path>
         <kind>archive</kind>
         <file>ti.targets.rts2800.a28FP</file>
         <name>SysMin.o28FP</name>
      </input_file>
      <input_file id="fl-26">
         <path>C:\CCStudio_v8\bios_6_70_01_03\packages\ti\targets\rts2800\lib\</path>
         <kind>archive</kind>
         <file>ti.targets.rts2800.a28FP</file>
         <name>Text.o28FP</name>
      </input_file>
      <input_file id="fl-27">
         <path>C:\CCStudio_v8\bios_6_70_01_03\packages\ti\targets\rts2800\lib\</path>
         <kind>archive</kind>
         <file>ti.targets.rts2800.a28FP</file>
         <name>xdc_noinit.o28FP</name>
      </input_file>
      <input_file id="fl-28">
         <path>C:\CCStudio_v8\bios_6_70_01_03\packages\ti\targets\rts2800\lib\</path>
         <kind>archive</kind>
         <file>ti.targets.rts2800.a28FP</file>
         <name>Registry.o28FP</name>
      </input_file>
      <input_file id="fl-29">
         <path>C:\CCStudio_v8\bios_6_70_01_03\packages\ti\targets\rts2800\lib\</path>
         <kind>archive</kind>
         <file>boot.a28FP</file>
         <name>boot_cg.o28FP</name>
      </input_file>
      <input_file id="fl-2a">
         <path>C:\CCStudio_v8\bios_6_70_01_03\packages\ti\catalog\c2800\initF2837x\lib\</path>
         <kind>archive</kind>
         <file>Boot.a28FP</file>
         <name>Boot.o28FP</name>
      </input_file>
      <input_file id="fl-2b">
         <path>C:\CCStudio_v8\ccsv8\tools\compiler\ti-cgt-c2000_18.1.1.LTS\lib\</path>
         <kind>archive</kind>
         <file>rts2800_fpu32.lib</file>
         <name>ll_aox28.asm.obj</name>
      </input_file>
      <input_file id="fl-2c">
         <path>C:\CCStudio_v8\ccsv8\tools\compiler\ti-cgt-c2000_18.1.1.LTS\lib\</path>
         <kind>archive</kind>
         <file>rts2800_fpu32.lib</file>
         <name>ll_div28.asm.obj</name>
      </input_file>
      <input_file id="fl-2d">
         <path>C:\CCStudio_v8\ccsv8\tools\compiler\ti-cgt-c2000_18.1.1.LTS\lib\</path>
         <kind>archive</kind>
         <file>rts2800_fpu32.lib</file>
         <name>cpy_tbl.c.obj</name>
      </input_file>
      <input_file id="fl-2e">
         <path>C:\CCStudio_v8\ccsv8\tools\compiler\ti-cgt-c2000_18.1.1.LTS\lib\</path>
         <kind>archive</kind>
         <file>rts2800_fpu32.lib</file>
         <name>memcpy.c.obj</name>
      </input_file>
      <input_file id="fl-2f">
         <path>C:\CCStudio_v8\ccsv8\tools\compiler\ti-cgt-c2000_18.1.1.LTS\lib\</path>
         <kind>archive</kind>
         <file>rts2800_fpu32.lib</file>
         <name>pre_init.c.obj</name>
      </input_file>
      <input_file id="fl-30">
         <path>C:\CCStudio_v8\ccsv8\tools\compiler\ti-cgt-c2000_18.1.1.LTS\lib\</path>
         <kind>archive</kind>
         <file>rts2800_fpu32.lib</file>
         <name>startup.c.obj</name>
      </input_file>
      <input_file id="fl-31">
         <path>C:\CCStudio_v8\ccsv8\tools\compiler\ti-cgt-c2000_18.1.1.LTS\lib\</path>
         <kind>archive</kind>
         <file>rts2800_fpu32.lib</file>
         <name>exit.c.obj</name>
      </input_file>
      <input_file id="fl-32">
         <path>C:\CCStudio_v8\ccsv8\tools\compiler\ti-cgt-c2000_18.1.1.LTS\lib\</path>
         <kind>archive</kind>
         <file>rts2800_fpu32.lib</file>
         <name>_lock.c.obj</name>
      </input_file>
      <input_file id="fl-33">
         <path>C:\CCStudio_v8\ccsv8\tools\compiler\ti-cgt-c2000_18.1.1.LTS\lib\</path>
         <kind>archive</kind>
         <file>rts2800_fpu32.lib</file>
         <name>args_main.c.obj</name>
      </input_file>
      <input_file id="fl-34">
         <path>C:\CCStudio_v8\ccsv8\tools\compiler\ti-cgt-c2000_18.1.1.LTS\lib\</path>
         <kind>archive</kind>
         <file>rts2800_fpu32.lib</file>
         <name>memset.c.obj</name>
      </input_file>
      <input_file id="fl-35">
         <path>C:\CCStudio_v8\ccsv8\tools\compiler\ti-cgt-c2000_18.1.1.LTS\lib\</path>
         <kind>archive</kind>
         <file>rts2800_fpu32.lib</file>
         <name>strcmp.c.obj</name>
      </input_file>
      <input_file id="fl-36">
         <path>C:\CCStudio_v8\ccsv8\tools\compiler\ti-cgt-c2000_18.1.1.LTS\lib\</path>
         <kind>archive</kind>
         <file>rts2800_fpu32.lib</file>
         <name>strlen.c.obj</name>
      </input_file>
      <input_file id="fl-37">
         <path>C:\CCStudio_v8\ccsv8\tools\compiler\ti-cgt-c2000_18.1.1.LTS\lib\</path>
         <kind>archive</kind>
         <file>rts2800_fpu32.lib</file>
         <name>hostwrite.c.obj</name>
      </input_file>
      <input_file id="fl-38">
         <path>C:\CCStudio_v8\ccsv8\tools\compiler\ti-cgt-c2000_18.1.1.LTS\lib\</path>
         <kind>archive</kind>
         <file>rts2800_fpu32.lib</file>
         <name>trgmsg.c.obj</name>
      </input_file>
      <input_file id="fl-39">
         <path>C:\CCStudio_v8\ccsv8\tools\compiler\ti-cgt-c2000_18.1.1.LTS\lib\</path>
         <kind>archive</kind>
         <file>rts2800_fpu32.lib</file>
         <name>hostopen.c.obj</name>
      </input_file>
   </input_file_list>
   <object_component_list>
      <object_component id="oc-f1">
         <name>xdc.meta</name>
         <load_address>0x0</load_address>
         <run_address>0x0</run_address>
         <size>0xfa</size>
         <input_file_ref idref="fl-a"/>
      </object_component>
      <object_component id="oc-ee">
         <name>.cinit</name>
         <load_address>0x82000</load_address>
         <run_address>0x82000</run_address>
         <size>0x425</size>
         <input_file_ref idref="fl-a"/>
      </object_component>
      <object_component id="oc-182">
         <name>.cinit</name>
         <load_address>0x82425</load_address>
         <run_address>0x82425</run_address>
         <size>0xe</size>
         <input_file_ref idref="fl-31"/>
      </object_component>
      <object_component id="oc-225">
         <name>.cinit:__lock</name>
         <load_address>0x82433</load_address>
         <run_address>0x82433</run_address>
         <size>0x5</size>
         <input_file_ref idref="fl-32"/>
      </object_component>
      <object_component id="oc-226">
         <name>.cinit:__unlock</name>
         <load_address>0x82438</load_address>
         <run_address>0x82438</run_address>
         <size>0x5</size>
         <input_file_ref idref="fl-32"/>
      </object_component>
      <object_component id="oc-e7">
         <name>.cinit</name>
         <load_address>0x8243d</load_address>
         <run_address>0x8243d</run_address>
         <size>0x5</size>
         <input_file_ref idref="fl-8"/>
      </object_component>
      <object_component id="oc-34a">
         <name>.binit</name>
         <load_address>0x80004</load_address>
         <run_address>0x80004</run_address>
         <size>0x0</size>
      </object_component>
      <object_component id="oc-1e2">
         <name>.text</name>
         <load_address>0x88000</load_address>
         <run_address>0x88000</run_address>
         <size>0x24c</size>
         <input_file_ref idref="fl-6"/>
      </object_component>
      <object_component id="oc-328">
         <name>.text:_xdc_runtime_System_doPrint__I</name>
         <load_address>0x8824c</load_address>
         <run_address>0x8824c</run_address>
         <size>0x232</size>
         <input_file_ref idref="fl-24"/>
      </object_component>
      <object_component id="oc-238">
         <name>.text:_ti_sysbios_knl_Semaphore_pend__E</name>
         <load_address>0x8847e</load_address>
         <run_address>0x8847e</run_address>
         <size>0x1dc</size>
         <input_file_ref idref="fl-16"/>
      </object_component>
      <object_component id="oc-214">
         <name>.text:_ti_sysbios_heaps_HeapMem_freeUnprotected__E</name>
         <load_address>0x8865a</load_address>
         <run_address>0x8865a</run_address>
         <size>0x1a1</size>
         <input_file_ref idref="fl-16"/>
      </object_component>
      <object_component id="oc-210">
         <name>.text:_ti_sysbios_heaps_HeapMem_allocUnprotected__E</name>
         <load_address>0x887fb</load_address>
         <run_address>0x887fb</run_address>
         <size>0x181</size>
         <input_file_ref idref="fl-16"/>
      </object_component>
      <object_component id="oc-33c">
         <name>.text:_xdc_runtime_System_printfExtend__I</name>
         <load_address>0x8897c</load_address>
         <run_address>0x8897c</run_address>
         <size>0x10a</size>
         <input_file_ref idref="fl-a"/>
      </object_component>
      <object_component id="oc-168">
         <name>.text</name>
         <load_address>0x88a86</load_address>
         <run_address>0x88a86</run_address>
         <size>0x107</size>
         <input_file_ref idref="fl-2c"/>
      </object_component>
      <object_component id="oc-217">
         <name>.text:_ti_sysbios_heaps_HeapMem_Instance_init__E</name>
         <load_address>0x88b8d</load_address>
         <run_address>0x88b8d</run_address>
         <size>0xed</size>
         <input_file_ref idref="fl-16"/>
      </object_component>
      <object_component id="oc-269">
         <name>.text:_ti_sysbios_family_c28_Hwi_clearInterrupt__E</name>
         <load_address>0x88c7a</load_address>
         <run_address>0x88c7a</run_address>
         <size>0xe0</size>
         <input_file_ref idref="fl-16"/>
      </object_component>
      <object_component id="oc-33e">
         <name>.text:_ti_sysbios_family_c28_Hwi_dispatchCore__I</name>
         <load_address>0x88d5a</load_address>
         <run_address>0x88d5a</run_address>
         <size>0xc2</size>
         <input_file_ref idref="fl-16"/>
      </object_component>
      <object_component id="oc-1c2">
         <name>.text:_ti_sysbios_knl_Clock_workFunc__E</name>
         <load_address>0x88e1c</load_address>
         <run_address>0x88e1c</run_address>
         <size>0xba</size>
         <input_file_ref idref="fl-16"/>
      </object_component>
      <object_component id="oc-239">
         <name>.text:_ti_sysbios_knl_Semaphore_post__E</name>
         <load_address>0x88ed6</load_address>
         <run_address>0x88ed6</run_address>
         <size>0xb8</size>
         <input_file_ref idref="fl-16"/>
      </object_component>
      <object_component id="oc-2aa">
         <name>.text:_ti_sysbios_knl_Swi_run__I</name>
         <load_address>0x88f8e</load_address>
         <run_address>0x88f8e</run_address>
         <size>0xb1</size>
         <input_file_ref idref="fl-16"/>
      </object_component>
      <object_component id="oc-20a">
         <name>.text:_xdc_runtime_Core_createObject__I</name>
         <load_address>0x8903f</load_address>
         <run_address>0x8903f</run_address>
         <size>0xac</size>
         <input_file_ref idref="fl-1c"/>
      </object_component>
      <object_component id="oc-23e">
         <name>.text:_xdc_runtime_Error_policyDefault__E</name>
         <load_address>0x890eb</load_address>
         <run_address>0x890eb</run_address>
         <size>0x9c</size>
         <input_file_ref idref="fl-20"/>
      </object_component>
      <object_component id="oc-310">
         <name>.text:_ti_sysbios_family_c28_Hwi_dispatch</name>
         <load_address>0x89187</load_address>
         <run_address>0x89187</run_address>
         <size>0x9b</size>
         <input_file_ref idref="fl-18"/>
      </object_component>
      <object_component id="oc-2c2">
         <name>.text:_xdc_runtime_Core_constructObject__I</name>
         <load_address>0x89222</load_address>
         <run_address>0x89222</run_address>
         <size>0x9a</size>
         <input_file_ref idref="fl-1d"/>
      </object_component>
      <object_component id="oc-30a">
         <name>.text</name>
         <load_address>0x892bc</load_address>
         <run_address>0x892bc</run_address>
         <size>0x94</size>
         <input_file_ref idref="fl-38"/>
      </object_component>
      <object_component id="oc-26a">
         <name>.text:_ti_sysbios_family_c28_Hwi_enableInterrupt__E</name>
         <load_address>0x89350</load_address>
         <run_address>0x89350</run_address>
         <size>0x8e</size>
         <input_file_ref idref="fl-16"/>
      </object_component>
      <object_component id="oc-32a">
         <name>.text:_ti_sysbios_family_c28_Hwi_disableInterrupt__E</name>
         <load_address>0x893de</load_address>
         <run_address>0x893de</run_address>
         <size>0x81</size>
         <input_file_ref idref="fl-16"/>
      </object_component>
      <object_component id="oc-2b4">
         <name>.text:_ti_sysbios_family_c28_Hwi_disablePIEIER__E</name>
         <load_address>0x8945f</load_address>
         <run_address>0x8945f</run_address>
         <size>0x80</size>
         <input_file_ref idref="fl-16"/>
      </object_component>
      <object_component id="oc-2b3">
         <name>.text:_ti_sysbios_family_c28_Hwi_enablePIEIER__E</name>
         <load_address>0x894df</load_address>
         <run_address>0x894df</run_address>
         <size>0x7f</size>
         <input_file_ref idref="fl-16"/>
      </object_component>
      <object_component id="oc-2a1">
         <name>.text:_xdc_runtime_Startup_startMods__I</name>
         <load_address>0x8955e</load_address>
         <run_address>0x8955e</run_address>
         <size>0x79</size>
         <input_file_ref idref="fl-23"/>
      </object_component>
      <object_component id="oc-26d">
         <name>.text:_ti_sysbios_knl_Task_checkStacks__E</name>
         <load_address>0x895d7</load_address>
         <run_address>0x895d7</run_address>
         <size>0x73</size>
         <input_file_ref idref="fl-16"/>
      </object_component>
      <object_component id="oc-22f">
         <name>.text:_ti_sysbios_knl_Task_startCore__E</name>
         <load_address>0x8964a</load_address>
         <run_address>0x8964a</run_address>
         <size>0x72</size>
         <input_file_ref idref="fl-16"/>
      </object_component>
      <object_component id="oc-1fc">
         <name>.text:_ti_sysbios_gates_GateMutex_enter__E</name>
         <load_address>0x896bc</load_address>
         <run_address>0x896bc</run_address>
         <size>0x71</size>
         <input_file_ref idref="fl-16"/>
      </object_component>
      <object_component id="oc-2ab">
         <name>.text:_ti_sysbios_knl_Task_schedule__I</name>
         <load_address>0x8972d</load_address>
         <run_address>0x8972d</run_address>
         <size>0x6f</size>
         <input_file_ref idref="fl-16"/>
      </object_component>
      <object_component id="oc-2f9">
         <name>.text:_xdc_runtime_Text_putSite__E</name>
         <load_address>0x8979c</load_address>
         <run_address>0x8979c</run_address>
         <size>0x6b</size>
         <input_file_ref idref="fl-26"/>
      </object_component>
      <object_component id="oc-2c3">
         <name>.text:_ti_sysbios_knl_Semaphore_Instance_init__E</name>
         <load_address>0x89807</load_address>
         <run_address>0x89807</run_address>
         <size>0x6a</size>
         <input_file_ref idref="fl-16"/>
      </object_component>
      <object_component id="oc-74">
         <name>.text</name>
         <load_address>0x89871</load_address>
         <run_address>0x89871</run_address>
         <size>0x69</size>
         <input_file_ref idref="fl-29"/>
      </object_component>
      <object_component id="oc-312">
         <name>.text:_ti_sysbios_family_c28_Timer_stopAndClear__I</name>
         <load_address>0x898da</load_address>
         <run_address>0x898da</run_address>
         <size>0x66</size>
         <input_file_ref idref="fl-16"/>
      </object_component>
      <object_component id="oc-1e1">
         <name>.text:_ti_sysbios_knl_Swi_post__E</name>
         <load_address>0x89940</load_address>
         <run_address>0x89940</run_address>
         <size>0x61</size>
         <input_file_ref idref="fl-16"/>
      </object_component>
      <object_component id="oc-289">
         <name>.text:_ti_sysbios_knl_Task_blockI__E</name>
         <load_address>0x899a1</load_address>
         <run_address>0x899a1</run_address>
         <size>0x61</size>
         <input_file_ref idref="fl-16"/>
      </object_component>
      <object_component id="oc-31a">
         <name>.text:_ti_sysbios_knl_Task_exit__E</name>
         <load_address>0x89a02</load_address>
         <run_address>0x89a02</run_address>
         <size>0x58</size>
         <input_file_ref idref="fl-16"/>
      </object_component>
      <object_component id="oc-28c">
         <name>.text:_ti_sysbios_knl_Task_unblockI__E</name>
         <load_address>0x89a5a</load_address>
         <run_address>0x89a5a</run_address>
         <size>0x52</size>
         <input_file_ref idref="fl-16"/>
      </object_component>
      <object_component id="oc-2d0">
         <name>.text:_xdc_runtime_Memory_alloc__E</name>
         <load_address>0x89aac</load_address>
         <run_address>0x89aac</run_address>
         <size>0x4f</size>
         <input_file_ref idref="fl-22"/>
      </object_component>
      <object_component id="oc-342">
         <name>.text:_xdc_runtime_Text_putLab__E</name>
         <load_address>0x89afb</load_address>
         <run_address>0x89afb</run_address>
         <size>0x4b</size>
         <input_file_ref idref="fl-26"/>
      </object_component>
      <object_component id="oc-1d7">
         <name>.text:_ti_sysbios_heaps_HeapMem_alloc__E</name>
         <load_address>0x89b46</load_address>
         <run_address>0x89b46</run_address>
         <size>0x4a</size>
         <input_file_ref idref="fl-16"/>
      </object_component>
      <object_component id="oc-307">
         <name>.text:_ti_sysbios_knl_Task_postInit__I</name>
         <load_address>0x89b90</load_address>
         <run_address>0x89b90</run_address>
         <size>0x49</size>
         <input_file_ref idref="fl-16"/>
      </object_component>
      <object_component id="oc-2ef">
         <name>.text:_ti_sysbios_family_c28_Hwi_Module_startup__E</name>
         <load_address>0x89bd9</load_address>
         <run_address>0x89bd9</run_address>
         <size>0x47</size>
         <input_file_ref idref="fl-16"/>
      </object_component>
      <object_component id="oc-20c">
         <name>.text:_xdc_runtime_Core_deleteObject__I</name>
         <load_address>0x89c20</load_address>
         <run_address>0x89c20</run_address>
         <size>0x46</size>
         <input_file_ref idref="fl-1c"/>
      </object_component>
      <object_component id="oc-2ff">
         <name>.text:_ti_sysbios_family_c28_Timer_postInit__I</name>
         <load_address>0x89c66</load_address>
         <run_address>0x89c66</run_address>
         <size>0x43</size>
         <input_file_ref idref="fl-16"/>
      </object_component>
      <object_component id="oc-f9">
         <name>.text:_ti_sysbios_family_c28_Hwi_unPluggedInterrupt__I</name>
         <load_address>0x89ca9</load_address>
         <run_address>0x89ca9</run_address>
         <size>0x42</size>
         <input_file_ref idref="fl-16"/>
      </object_component>
      <object_component id="oc-30b">
         <name>.text:_xdc_runtime_Text_putMod__E</name>
         <load_address>0x89ceb</load_address>
         <run_address>0x89ceb</run_address>
         <size>0x3f</size>
         <input_file_ref idref="fl-26"/>
      </object_component>
      <object_component id="oc-349">
         <name>.text:_ti_sysbios_knl_Swi_restoreHwi__E</name>
         <load_address>0x89d2a</load_address>
         <run_address>0x89d2a</run_address>
         <size>0x3e</size>
         <input_file_ref idref="fl-16"/>
      </object_component>
      <object_component id="oc-24c">
         <name>.text:_xdc_runtime_Core_assignParams__I</name>
         <load_address>0x89d68</load_address>
         <run_address>0x89d68</run_address>
         <size>0x3d</size>
         <input_file_ref idref="fl-1f"/>
      </object_component>
      <object_component id="oc-333">
         <name>.text:_xdc_runtime_System_formatNum__I</name>
         <load_address>0x89da5</load_address>
         <run_address>0x89da5</run_address>
         <size>0x3c</size>
         <input_file_ref idref="fl-24"/>
      </object_component>
      <object_component id="oc-32e">
         <name>.text:_ti_sysbios_family_c28_TaskSupport_start__E</name>
         <load_address>0x89de1</load_address>
         <run_address>0x89de1</run_address>
         <size>0x3a</size>
         <input_file_ref idref="fl-16"/>
      </object_component>
      <object_component id="oc-2f5">
         <name>.text</name>
         <load_address>0x89e1b</load_address>
         <run_address>0x89e1b</run_address>
         <size>0x38</size>
         <input_file_ref idref="fl-37"/>
      </object_component>
      <object_component id="oc-1de">
         <name>.text:_ti_sysbios_knl_Clock_logTick__E</name>
         <load_address>0x89e53</load_address>
         <run_address>0x89e53</run_address>
         <size>0x37</size>
         <input_file_ref idref="fl-16"/>
      </object_component>
      <object_component id="oc-22a">
         <name>.text:_ti_sysbios_BIOS_rtsUnlock__I</name>
         <load_address>0x89e8a</load_address>
         <run_address>0x89e8a</run_address>
         <size>0x34</size>
         <input_file_ref idref="fl-a"/>
      </object_component>
      <object_component id="oc-2f3">
         <name>.text:_ti_sysbios_knl_Task_Module_startup__E</name>
         <load_address>0x89ebe</load_address>
         <run_address>0x89ebe</run_address>
         <size>0x32</size>
         <input_file_ref idref="fl-16"/>
      </object_component>
      <object_component id="oc-236">
         <name>.text:_xdc_runtime_Assert_raise__I</name>
         <load_address>0x89ef0</load_address>
         <run_address>0x89ef0</run_address>
         <size>0x32</size>
         <input_file_ref idref="fl-1b"/>
      </object_component>
      <object_component id="oc-33b">
         <name>.text:_xdc_runtime_Text_visitRope2__I</name>
         <load_address>0x89f22</load_address>
         <run_address>0x89f22</run_address>
         <size>0x32</size>
         <input_file_ref idref="fl-26"/>
      </object_component>
      <object_component id="oc-2eb">
         <name>.text:_xdc_runtime_Error_print__E</name>
         <load_address>0x89f54</load_address>
         <run_address>0x89f54</run_address>
         <size>0x30</size>
         <input_file_ref idref="fl-20"/>
      </object_component>
      <object_component id="oc-292">
         <name>.text:_xdc_runtime_Error_setX__E</name>
         <load_address>0x89f84</load_address>
         <run_address>0x89f84</run_address>
         <size>0x30</size>
         <input_file_ref idref="fl-20"/>
      </object_component>
      <object_component id="oc-1b5">
         <name>.text:_xdc_runtime_Startup_exec__E</name>
         <load_address>0x89fb4</load_address>
         <run_address>0x89fb4</run_address>
         <size>0x2f</size>
         <input_file_ref idref="fl-23"/>
      </object_component>
      <object_component id="oc-25d">
         <name>.text:_ti_sysbios_knl_Swi_runLoop__I</name>
         <load_address>0x89fe3</load_address>
         <run_address>0x89fe3</run_address>
         <size>0x2e</size>
         <input_file_ref idref="fl-16"/>
      </object_component>
      <object_component id="oc-221">
         <name>.text:_ti_sysbios_knl_Swi_schedule__I</name>
         <load_address>0x8a011</load_address>
         <run_address>0x8a011</run_address>
         <size>0x2e</size>
         <input_file_ref idref="fl-16"/>
      </object_component>
      <object_component id="oc-2cb">
         <name>.text:_ti_sysbios_family_c28_Hwi_getStackInfo__E</name>
         <load_address>0x8a03f</load_address>
         <run_address>0x8a03f</run_address>
         <size>0x2d</size>
         <input_file_ref idref="fl-16"/>
      </object_component>
      <object_component id="oc-1da">
         <name>.text:_ti_sysbios_heaps_HeapMem_getStats__E</name>
         <load_address>0x8a06c</load_address>
         <run_address>0x8a06c</run_address>
         <size>0x2d</size>
         <input_file_ref idref="fl-16"/>
      </object_component>
      <object_component id="oc-22c">
         <name>.text:_ti_sysbios_family_c28_Timer_start__E</name>
         <load_address>0x8a099</load_address>
         <run_address>0x8a099</run_address>
         <size>0x2c</size>
         <input_file_ref idref="fl-16"/>
      </object_component>
      <object_component id="oc-245">
         <name>.text</name>
         <load_address>0x8a0c5</load_address>
         <run_address>0x8a0c5</run_address>
         <size>0x29</size>
         <input_file_ref idref="fl-31"/>
      </object_component>
      <object_component id="oc-30c">
         <name>.text:_xdc_runtime_Text_xprintf__I</name>
         <load_address>0x8a0ee</load_address>
         <run_address>0x8a0ee</run_address>
         <size>0x28</size>
         <input_file_ref idref="fl-26"/>
      </object_component>
      <object_component id="oc-1d8">
         <name>.text:_ti_sysbios_heaps_HeapMem_free__E</name>
         <load_address>0x8a116</load_address>
         <run_address>0x8a116</run_address>
         <size>0x27</size>
         <input_file_ref idref="fl-16"/>
      </object_component>
      <object_component id="oc-23f">
         <name>.text:_ti_sysbios_heaps_HeapMem_init__I</name>
         <load_address>0x8a13d</load_address>
         <run_address>0x8a13d</run_address>
         <size>0x27</size>
         <input_file_ref idref="fl-16"/>
      </object_component>
      <object_component id="oc-2a4">
         <name>.text:_xdc_runtime_SysMin_flush__E</name>
         <load_address>0x8a164</load_address>
         <run_address>0x8a164</run_address>
         <size>0x26</size>
         <input_file_ref idref="fl-25"/>
      </object_component>
      <object_component id="oc-33a">
         <name>.text:_ti_sysbios_family_c28_TaskSupport_buildTaskStack</name>
         <load_address>0x8a18a</load_address>
         <run_address>0x8a18a</run_address>
         <size>0x25</size>
         <input_file_ref idref="fl-1a"/>
      </object_component>
      <object_component id="oc-1b4">
         <name>.text</name>
         <load_address>0x8a1af</load_address>
         <run_address>0x8a1af</run_address>
         <size>0x24</size>
         <input_file_ref idref="fl-2d"/>
      </object_component>
      <object_component id="oc-1cd">
         <name>.text:_xdc_runtime_System_processAtExit__E</name>
         <load_address>0x8a1d3</load_address>
         <run_address>0x8a1d3</run_address>
         <size>0x23</size>
         <input_file_ref idref="fl-24"/>
      </object_component>
      <object_component id="oc-26c">
         <name>.text:_ti_sysbios_knl_Task_allBlockedFunction__I</name>
         <load_address>0x8a1f6</load_address>
         <run_address>0x8a1f6</run_address>
         <size>0x21</size>
         <input_file_ref idref="fl-16"/>
      </object_component>
      <object_component id="oc-314">
         <name>.text:_ti_sysbios_family_c28_Timer_setPrescale__E</name>
         <load_address>0x8a217</load_address>
         <run_address>0x8a217</run_address>
         <size>0x20</size>
         <input_file_ref idref="fl-16"/>
      </object_component>
      <object_component id="oc-1e8">
         <name>.text:_xdc_runtime_System_atexit__E</name>
         <load_address>0x8a237</load_address>
         <run_address>0x8a237</run_address>
         <size>0x20</size>
         <input_file_ref idref="fl-24"/>
      </object_component>
      <object_component id="oc-1d3">
         <name>.text:_ti_sysbios_gates_GateHwi_Object__create__S</name>
         <load_address>0x8a257</load_address>
         <run_address>0x8a257</run_address>
         <size>0x1f</size>
         <input_file_ref idref="fl-a"/>
      </object_component>
      <object_component id="oc-1fe">
         <name>.text:_ti_sysbios_gates_GateMutex_Object__create__S</name>
         <load_address>0x8a276</load_address>
         <run_address>0x8a276</run_address>
         <size>0x1f</size>
         <input_file_ref idref="fl-a"/>
      </object_component>
      <object_component id="oc-1db">
         <name>.text:_ti_sysbios_heaps_HeapMem_Object__create__S</name>
         <load_address>0x8a295</load_address>
         <run_address>0x8a295</run_address>
         <size>0x1f</size>
         <input_file_ref idref="fl-a"/>
      </object_component>
      <object_component id="oc-2ec">
         <name>.text:_xdc_runtime_SysMin_putch__E</name>
         <load_address>0x8a2b4</load_address>
         <run_address>0x8a2b4</run_address>
         <size>0x1e</size>
         <input_file_ref idref="fl-25"/>
      </object_component>
      <object_component id="oc-1bf">
         <name>.text</name>
         <load_address>0x8a2d2</load_address>
         <run_address>0x8a2d2</run_address>
         <size>0x1e</size>
         <input_file_ref idref="fl-8"/>
      </object_component>
      <object_component id="oc-1c9">
         <name>.text</name>
         <load_address>0x8a2f0</load_address>
         <run_address>0x8a2f0</run_address>
         <size>0x1e</size>
         <input_file_ref idref="fl-2e"/>
      </object_component>
      <object_component id="oc-2bc">
         <name>.text:_ti_sysbios_family_c28_TaskSupport_swap__E</name>
         <load_address>0x8a30e</load_address>
         <run_address>0x8a30e</run_address>
         <size>0x1d</size>
         <input_file_ref idref="fl-1a"/>
      </object_component>
      <object_component id="oc-2c5">
         <name>.text:_ti_sysbios_hal_Hwi_checkStack</name>
         <load_address>0x8a32b</load_address>
         <run_address>0x8a32b</run_address>
         <size>0x1c</size>
         <input_file_ref idref="fl-16"/>
      </object_component>
      <object_component id="oc-335">
         <name>.text:_ti_sysbios_family_c28_Hwi_switchAndDispatch__I</name>
         <load_address>0x8a347</load_address>
         <run_address>0x8a347</run_address>
         <size>0x1b</size>
         <input_file_ref idref="fl-17"/>
      </object_component>
      <object_component id="oc-240">
         <name>.text:_ti_sysbios_hal_Hwi_initStack</name>
         <load_address>0x8a362</load_address>
         <run_address>0x8a362</run_address>
         <size>0x1b</size>
         <input_file_ref idref="fl-16"/>
      </object_component>
      <object_component id="oc-32d">
         <name>.text:_ti_sysbios_knl_Task_processVitalTaskFlag__I</name>
         <load_address>0x8a37d</load_address>
         <run_address>0x8a37d</run_address>
         <size>0x1b</size>
         <input_file_ref idref="fl-16"/>
      </object_component>
      <object_component id="oc-2e3">
         <name>.text:_xdc_runtime_SysMin_output__I</name>
         <load_address>0x8a398</load_address>
         <run_address>0x8a398</run_address>
         <size>0x1b</size>
         <input_file_ref idref="fl-a"/>
      </object_component>
      <object_component id="oc-284">
         <name>.text:_ti_sysbios_knl_Clock_addI__E</name>
         <load_address>0x8a3b3</load_address>
         <run_address>0x8a3b3</run_address>
         <size>0x1a</size>
         <input_file_ref idref="fl-16"/>
      </object_component>
      <object_component id="oc-28f">
         <name>.text:_ti_sysbios_knl_Semaphore_construct</name>
         <load_address>0x8a3cd</load_address>
         <run_address>0x8a3cd</run_address>
         <size>0x1a</size>
         <input_file_ref idref="fl-a"/>
      </object_component>
      <object_component id="oc-20d">
         <name>.text:_xdc_runtime_Core_assignLabel__I</name>
         <load_address>0x8a3e7</load_address>
         <run_address>0x8a3e7</run_address>
         <size>0x1a</size>
         <input_file_ref idref="fl-1e"/>
      </object_component>
      <object_component id="oc-30e">
         <name>.text:_xdc_runtime_System_avprintf__E</name>
         <load_address>0x8a401</load_address>
         <run_address>0x8a401</run_address>
         <size>0x1a</size>
         <input_file_ref idref="fl-24"/>
      </object_component>
      <object_component id="oc-283">
         <name>.text:_ti_sysbios_knl_Semaphore_pendTimeout__I</name>
         <load_address>0x8a41b</load_address>
         <run_address>0x8a41b</run_address>
         <size>0x19</size>
         <input_file_ref idref="fl-16"/>
      </object_component>
      <object_component id="oc-22e">
         <name>.text:_ti_sysbios_knl_Swi_restore__E</name>
         <load_address>0x8a434</load_address>
         <run_address>0x8a434</run_address>
         <size>0x19</size>
         <input_file_ref idref="fl-16"/>
      </object_component>
      <object_component id="oc-334">
         <name>.text:_xdc_runtime_System_putchar__I</name>
         <load_address>0x8a44d</load_address>
         <run_address>0x8a44d</run_address>
         <size>0x19</size>
         <input_file_ref idref="fl-24"/>
      </object_component>
      <object_component id="oc-30f">
         <name>.text:_xdc_runtime_System_vprintf__E</name>
         <load_address>0x8a466</load_address>
         <run_address>0x8a466</run_address>
         <size>0x19</size>
         <input_file_ref idref="fl-24"/>
      </object_component>
      <object_component id="oc-1b7">
         <name>.text</name>
         <load_address>0x8a47f</load_address>
         <run_address>0x8a47f</run_address>
         <size>0x19</size>
         <input_file_ref idref="fl-33"/>
      </object_component>
      <object_component id="oc-25e">
         <name>.text:_ti_sysbios_family_xxx_Hwi_switchAndRunFunc</name>
         <load_address>0x8a498</load_address>
         <run_address>0x8a498</run_address>
         <size>0x18</size>
         <input_file_ref idref="fl-17"/>
      </object_component>
      <object_component id="oc-2da">
         <name>.text:_ti_sysbios_knl_Queue_construct</name>
         <load_address>0x8a4b0</load_address>
         <run_address>0x8a4b0</run_address>
         <size>0x18</size>
         <input_file_ref idref="fl-a"/>
      </object_component>
      <object_component id="oc-325">
         <name>.text:_xdc_runtime_Text_printVisFxn__I</name>
         <load_address>0x8a4c8</load_address>
         <run_address>0x8a4c8</run_address>
         <size>0x18</size>
         <input_file_ref idref="fl-26"/>
      </object_component>
      <object_component id="oc-163">
         <name>.text</name>
         <load_address>0x8a4e0</load_address>
         <run_address>0x8a4e0</run_address>
         <size>0x18</size>
         <input_file_ref idref="fl-2b"/>
      </object_component>
      <object_component id="oc-1e7">
         <name>.text:_ti_sysbios_BIOS_atExitFunc__I</name>
         <load_address>0x8a4f8</load_address>
         <run_address>0x8a4f8</run_address>
         <size>0x17</size>
         <input_file_ref idref="fl-a"/>
      </object_component>
      <object_component id="oc-1ea">
         <name>.text:_ti_sysbios_family_c28_Timer_startup__E</name>
         <load_address>0x8a50f</load_address>
         <run_address>0x8a50f</run_address>
         <size>0x17</size>
         <input_file_ref idref="fl-16"/>
      </object_component>
      <object_component id="oc-1be">
         <name>.text:_ti_sysbios_knl_Clock_doTick__I</name>
         <load_address>0x8a526</load_address>
         <run_address>0x8a526</run_address>
         <size>0x17</size>
         <input_file_ref idref="fl-a"/>
      </object_component>
      <object_component id="oc-25f">
         <name>.text:_ti_sysbios_knl_Task_restore__E</name>
         <load_address>0x8a53d</load_address>
         <run_address>0x8a53d</run_address>
         <size>0x17</size>
         <input_file_ref idref="fl-16"/>
      </object_component>
      <object_component id="oc-2a5">
         <name>.text:_xdc_runtime_Memory_valloc__E</name>
         <load_address>0x8a554</load_address>
         <run_address>0x8a554</run_address>
         <size>0x17</size>
         <input_file_ref idref="fl-22"/>
      </object_component>
      <object_component id="oc-2f0">
         <name>.text:_ti_sysbios_family_c28_Timer_Module_startup__E</name>
         <load_address>0x8a56b</load_address>
         <run_address>0x8a56b</run_address>
         <size>0x16</size>
         <input_file_ref idref="fl-16"/>
      </object_component>
      <object_component id="oc-2df">
         <name>.text:_xdc_runtime_SysMin_abort__E</name>
         <load_address>0x8a581</load_address>
         <run_address>0x8a581</run_address>
         <size>0x16</size>
         <input_file_ref idref="fl-25"/>
      </object_component>
      <object_component id="oc-1c0">
         <name>.text:_ti_sysbios_BIOS_startFunc__I</name>
         <load_address>0x8a597</load_address>
         <run_address>0x8a597</run_address>
         <size>0x15</size>
         <input_file_ref idref="fl-a"/>
      </object_component>
      <object_component id="oc-2f2">
         <name>.text:_ti_sysbios_knl_Swi_Module_startup__E</name>
         <load_address>0x8a5ac</load_address>
         <run_address>0x8a5ac</run_address>
         <size>0x15</size>
         <input_file_ref idref="fl-16"/>
      </object_component>
      <object_component id="oc-201">
         <name>.text:_ti_sysbios_knl_Idle_run__E</name>
         <load_address>0x8a5c1</load_address>
         <run_address>0x8a5c1</run_address>
         <size>0x14</size>
         <input_file_ref idref="fl-16"/>
      </object_component>
      <object_component id="oc-2c7">
         <name>.text:_ti_sysbios_BIOS_errorRaiseHook__I</name>
         <load_address>0x8a5d5</load_address>
         <run_address>0x8a5d5</run_address>
         <size>0x13</size>
         <input_file_ref idref="fl-a"/>
      </object_component>
      <object_component id="oc-2fe">
         <name>.text:_ti_sysbios_family_c28_Hwi_Object__get__S</name>
         <load_address>0x8a5e8</load_address>
         <run_address>0x8a5e8</run_address>
         <size>0x13</size>
         <input_file_ref idref="fl-a"/>
      </object_component>
      <object_component id="oc-1ff">
         <name>.text:_ti_sysbios_gates_GateMutex_Object__delete__S</name>
         <load_address>0x8a5fb</load_address>
         <run_address>0x8a5fb</run_address>
         <size>0x13</size>
         <input_file_ref idref="fl-a"/>
      </object_component>
      <object_component id="oc-1c7">
         <name>.text:_xdc_runtime_Error_raiseX__E</name>
         <load_address>0x8a60e</load_address>
         <run_address>0x8a60e</run_address>
         <size>0x13</size>
         <input_file_ref idref="fl-20"/>
      </object_component>
      <object_component id="oc-337">
         <name>.text:_ti_sysbios_family_c28_Hwi_disableIER__E</name>
         <load_address>0x8a621</load_address>
         <run_address>0x8a621</run_address>
         <size>0x12</size>
         <input_file_ref idref="fl-a"/>
      </object_component>
      <object_component id="oc-1d4">
         <name>.text:_ti_sysbios_gates_GateHwi_Object__delete__S</name>
         <load_address>0x8a633</load_address>
         <run_address>0x8a633</run_address>
         <size>0x12</size>
         <input_file_ref idref="fl-a"/>
      </object_component>
      <object_component id="oc-1dc">
         <name>.text:_ti_sysbios_heaps_HeapMem_Object__delete__S</name>
         <load_address>0x8a645</load_address>
         <run_address>0x8a645</run_address>
         <size>0x12</size>
         <input_file_ref idref="fl-a"/>
      </object_component>
      <object_component id="oc-2f1">
         <name>.text:_ti_sysbios_knl_Clock_Module_startup__E</name>
         <load_address>0x8a657</load_address>
         <run_address>0x8a657</run_address>
         <size>0x12</size>
         <input_file_ref idref="fl-16"/>
      </object_component>
      <object_component id="oc-1d5">
         <name>.text:_ti_sysbios_gates_GateHwi_Handle__label__S</name>
         <load_address>0x8a669</load_address>
         <run_address>0x8a669</run_address>
         <size>0x11</size>
         <input_file_ref idref="fl-a"/>
      </object_component>
      <object_component id="oc-200">
         <name>.text:_ti_sysbios_gates_GateMutex_Handle__label__S</name>
         <load_address>0x8a67a</load_address>
         <run_address>0x8a67a</run_address>
         <size>0x11</size>
         <input_file_ref idref="fl-a"/>
      </object_component>
      <object_component id="oc-1dd">
         <name>.text:_ti_sysbios_heaps_HeapMem_Handle__label__S</name>
         <load_address>0x8a68b</load_address>
         <run_address>0x8a68b</run_address>
         <size>0x11</size>
         <input_file_ref idref="fl-a"/>
      </object_component>
      <object_component id="oc-29f">
         <name>.text:_ti_sysbios_heaps_HeapMem_Object__get__S</name>
         <load_address>0x8a69c</load_address>
         <run_address>0x8a69c</run_address>
         <size>0x11</size>
         <input_file_ref idref="fl-a"/>
      </object_component>
      <object_component id="oc-303">
         <name>.text:_ti_sysbios_knl_Swi_Object__get__S</name>
         <load_address>0x8a6ad</load_address>
         <run_address>0x8a6ad</run_address>
         <size>0x11</size>
         <input_file_ref idref="fl-a"/>
      </object_component>
      <object_component id="oc-306">
         <name>.text:_ti_sysbios_knl_Task_Object__get__S</name>
         <load_address>0x8a6be</load_address>
         <run_address>0x8a6be</run_address>
         <size>0x11</size>
         <input_file_ref idref="fl-a"/>
      </object_component>
      <object_component id="oc-336">
         <name>.text:_ti_sysbios_knl_Task_restoreHwi__E</name>
         <load_address>0x8a6cf</load_address>
         <run_address>0x8a6cf</run_address>
         <size>0x11</size>
         <input_file_ref idref="fl-16"/>
      </object_component>
      <object_component id="oc-24f">
         <name>.text:_xdc_runtime_Text_cordText__E</name>
         <load_address>0x8a6e0</load_address>
         <run_address>0x8a6e0</run_address>
         <size>0x11</size>
         <input_file_ref idref="fl-26"/>
      </object_component>
      <object_component id="oc-229">
         <name>.text:_ti_sysbios_BIOS_rtsLock__I</name>
         <load_address>0x8a6f1</load_address>
         <run_address>0x8a6f1</run_address>
         <size>0x10</size>
         <input_file_ref idref="fl-a"/>
      </object_component>
      <object_component id="oc-2b1">
         <name>.text:_ti_sysbios_family_c28_Hwi_enableIER__E</name>
         <load_address>0x8a701</load_address>
         <run_address>0x8a701</run_address>
         <size>0x10</size>
         <input_file_ref idref="fl-a"/>
      </object_component>
      <object_component id="oc-313">
         <name>.text:_ti_sysbios_family_c28_Timer_stop__E</name>
         <load_address>0x8a711</load_address>
         <run_address>0x8a711</run_address>
         <size>0x10</size>
         <input_file_ref idref="fl-16"/>
      </object_component>
      <object_component id="oc-2ee">
         <name>.text:_xdc_runtime_SysMin_Module_startup__E</name>
         <load_address>0x8a721</load_address>
         <run_address>0x8a721</run_address>
         <size>0x10</size>
         <input_file_ref idref="fl-25"/>
      </object_component>
      <object_component id="oc-23b">
         <name>.text:_ti_sysbios_gates_GateMutex_Instance_init__E</name>
         <load_address>0x8a731</load_address>
         <run_address>0x8a731</run_address>
         <size>0xf</size>
         <input_file_ref idref="fl-16"/>
      </object_component>
      <object_component id="oc-290">
         <name>.text:_ti_sysbios_knl_Semaphore_destruct</name>
         <load_address>0x8a740</load_address>
         <run_address>0x8a740</run_address>
         <size>0xf</size>
         <input_file_ref idref="fl-a"/>
      </object_component>
      <object_component id="oc-323">
         <name>.text:_xdc_runtime_Registry_findById__E</name>
         <load_address>0x8a74f</load_address>
         <run_address>0x8a74f</run_address>
         <size>0xf</size>
         <input_file_ref idref="fl-28"/>
      </object_component>
      <object_component id="oc-330">
         <name>.text:_xdc_runtime_Text_visitRope__I</name>
         <load_address>0x8a75e</load_address>
         <run_address>0x8a75e</run_address>
         <size>0xf</size>
         <input_file_ref idref="fl-a"/>
      </object_component>
      <object_component id="oc-31d">
         <name>.text:_ti_sysbios_knl_Queue_Object__get__S</name>
         <load_address>0x8a76d</load_address>
         <run_address>0x8a76d</run_address>
         <size>0xe</size>
         <input_file_ref idref="fl-a"/>
      </object_component>
      <object_component id="oc-2db">
         <name>.text:_ti_sysbios_knl_Queue_destruct</name>
         <load_address>0x8a77b</load_address>
         <run_address>0x8a77b</run_address>
         <size>0xe</size>
         <input_file_ref idref="fl-a"/>
      </object_component>
      <object_component id="oc-2f6">
         <name>.text:_xdc_runtime_IHeap_alloc</name>
         <load_address>0x8a789</load_address>
         <run_address>0x8a789</run_address>
         <size>0xe</size>
         <input_file_ref idref="fl-a"/>
      </object_component>
      <object_component id="oc-1e9">
         <name>.text:_ti_sysbios_BIOS_registerRTSLock__I</name>
         <load_address>0x8a797</load_address>
         <run_address>0x8a797</run_address>
         <size>0xd</size>
         <input_file_ref idref="fl-a"/>
      </object_component>
      <object_component id="oc-1ee">
         <name>.text:_ti_sysbios_BIOS_removeRTSLock__I</name>
         <load_address>0x8a7a4</load_address>
         <run_address>0x8a7a4</run_address>
         <size>0xd</size>
         <input_file_ref idref="fl-a"/>
      </object_component>
      <object_component id="oc-329">
         <name>.text:_ti_sysbios_family_c28_Hwi_dispatchC__I</name>
         <load_address>0x8a7b1</load_address>
         <run_address>0x8a7b1</run_address>
         <size>0xd</size>
         <input_file_ref idref="fl-16"/>
      </object_component>
      <object_component id="oc-2b5">
         <name>.text:_ti_sysbios_family_c28_Hwi_restoreIER__E</name>
         <load_address>0x8a7be</load_address>
         <run_address>0x8a7be</run_address>
         <size>0xd</size>
         <input_file_ref idref="fl-a"/>
      </object_component>
      <object_component id="oc-31c">
         <name>.text:_ti_sysbios_knl_Task_SupportProxy_start__E</name>
         <load_address>0x8a7cb</load_address>
         <run_address>0x8a7cb</run_address>
         <size>0xd</size>
         <input_file_ref idref="fl-a"/>
      </object_component>
      <object_component id="oc-31b">
         <name>.text:_ti_sysbios_knl_Task_enter__I</name>
         <load_address>0x8a7d8</load_address>
         <run_address>0x8a7d8</run_address>
         <size>0xd</size>
         <input_file_ref idref="fl-16"/>
      </object_component>
      <object_component id="oc-2e4">
         <name>.text:_xdc_runtime_Error_check__E</name>
         <load_address>0x8a7e5</load_address>
         <run_address>0x8a7e5</run_address>
         <size>0xd</size>
         <input_file_ref idref="fl-20"/>
      </object_component>
      <object_component id="oc-2e6">
         <name>.text:_xdc_runtime_Memory_HeapProxy_alloc__E</name>
         <load_address>0x8a7f2</load_address>
         <run_address>0x8a7f2</run_address>
         <size>0xd</size>
         <input_file_ref idref="fl-a"/>
      </object_component>
      <object_component id="oc-29d">
         <name>.text:_xdc_runtime_System_abort__E</name>
         <load_address>0x8a7ff</load_address>
         <run_address>0x8a7ff</run_address>
         <size>0xd</size>
         <input_file_ref idref="fl-24"/>
      </object_component>
      <object_component id="oc-1c1">
         <name>.text:_ti_sysbios_BIOS_exitFunc__I</name>
         <load_address>0x8a80c</load_address>
         <run_address>0x8a80c</run_address>
         <size>0xc</size>
         <input_file_ref idref="fl-a"/>
      </object_component>
      <object_component id="oc-1fd">
         <name>.text:_ti_sysbios_gates_GateMutex_leave__E</name>
         <load_address>0x8a818</load_address>
         <run_address>0x8a818</run_address>
         <size>0xc</size>
         <input_file_ref idref="fl-16"/>
      </object_component>
      <object_component id="oc-2bd">
         <name>.text:_ti_sysbios_knl_Queue_put__E</name>
         <load_address>0x8a824</load_address>
         <run_address>0x8a824</run_address>
         <size>0xc</size>
         <input_file_ref idref="fl-16"/>
      </object_component>
      <object_component id="oc-288">
         <name>.text:_ti_sysbios_knl_Task_enabled__E</name>
         <load_address>0x8a830</load_address>
         <run_address>0x8a830</run_address>
         <size>0xc</size>
         <input_file_ref idref="fl-16"/>
      </object_component>
      <object_component id="oc-2fa">
         <name>.text:_xdc_runtime_System_aprintf__E</name>
         <load_address>0x8a83c</load_address>
         <run_address>0x8a83c</run_address>
         <size>0xc</size>
         <input_file_ref idref="fl-a"/>
      </object_component>
      <object_component id="oc-2fb">
         <name>.text:_xdc_runtime_System_printf__E</name>
         <load_address>0x8a848</load_address>
         <run_address>0x8a848</run_address>
         <size>0xc</size>
         <input_file_ref idref="fl-a"/>
      </object_component>
      <object_component id="oc-2d1">
         <name>.text</name>
         <load_address>0x8a854</load_address>
         <run_address>0x8a854</run_address>
         <size>0xc</size>
         <input_file_ref idref="fl-34"/>
      </object_component>
      <object_component id="oc-32f">
         <name>.text:_ti_sysbios_family_c28_Hwi_Module__startupDone__F</name>
         <load_address>0x8a860</load_address>
         <run_address>0x8a860</run_address>
         <size>0xb</size>
         <input_file_ref idref="fl-a"/>
      </object_component>
      <object_component id="oc-32b">
         <name>.text:_ti_sysbios_family_c28_Timer_Module__startupDone__F</name>
         <load_address>0x8a86b</load_address>
         <run_address>0x8a86b</run_address>
         <size>0xb</size>
         <input_file_ref idref="fl-a"/>
      </object_component>
      <object_component id="oc-31e">
         <name>.text:_ti_sysbios_knl_Task_unblock__E</name>
         <load_address>0x8a876</load_address>
         <run_address>0x8a876</run_address>
         <size>0xb</size>
         <input_file_ref idref="fl-16"/>
      </object_component>
      <object_component id="oc-204">
         <name>.text:_xdc_runtime_Startup_exec__I</name>
         <load_address>0x8a881</load_address>
         <run_address>0x8a881</run_address>
         <size>0xb</size>
         <input_file_ref idref="fl-a"/>
      </object_component>
      <object_component id="oc-244">
         <name>.text:_xdc_runtime_SysMin_exit__E</name>
         <load_address>0x8a88c</load_address>
         <run_address>0x8a88c</run_address>
         <size>0xb</size>
         <input_file_ref idref="fl-25"/>
      </object_component>
      <object_component id="oc-1b8">
         <name>.text:_xdc_runtime_System_exit__E</name>
         <load_address>0x8a897</load_address>
         <run_address>0x8a897</run_address>
         <size>0xb</size>
         <input_file_ref idref="fl-24"/>
      </object_component>
      <object_component id="oc-2c6">
         <name>.text:_xdc_runtime_Error_init__E</name>
         <load_address>0x8a8a2</load_address>
         <run_address>0x8a8a2</run_address>
         <size>0xa</size>
         <input_file_ref idref="fl-20"/>
      </object_component>
      <object_component id="oc-2d2">
         <name>.text:_xdc_runtime_IHeap_free</name>
         <load_address>0x8a8ac</load_address>
         <run_address>0x8a8ac</run_address>
         <size>0xa</size>
         <input_file_ref idref="fl-a"/>
      </object_component>
      <object_component id="oc-24e">
         <name>.text:_xdc_runtime_Memory_free__E</name>
         <load_address>0x8a8b6</load_address>
         <run_address>0x8a8b6</run_address>
         <size>0xa</size>
         <input_file_ref idref="fl-22"/>
      </object_component>
      <object_component id="oc-326">
         <name>.text:_xdc_runtime_System_vsnprintf__E</name>
         <load_address>0x8a8c0</load_address>
         <run_address>0x8a8c0</run_address>
         <size>0xa</size>
         <input_file_ref idref="fl-24"/>
      </object_component>
      <object_component id="oc-279">
         <name>.text:_xdc_runtime_Text_ropeText__E</name>
         <load_address>0x8a8ca</load_address>
         <run_address>0x8a8ca</run_address>
         <size>0xa</size>
         <input_file_ref idref="fl-26"/>
      </object_component>
      <object_component id="oc-2d7">
         <name>.text:_ti_sysbios_family_c28_TaskSupport_checkStack__E</name>
         <load_address>0x8a8d4</load_address>
         <run_address>0x8a8d4</run_address>
         <size>0x9</size>
         <input_file_ref idref="fl-16"/>
      </object_component>
      <object_component id="oc-33f">
         <name>.text:_ti_sysbios_family_c28_TaskSupport_glue</name>
         <load_address>0x8a8dd</load_address>
         <run_address>0x8a8dd</run_address>
         <size>0x9</size>
         <input_file_ref idref="fl-1a"/>
      </object_component>
      <object_component id="oc-2f4">
         <name>.text:_ti_sysbios_hal_Hwi_Module_startup__E</name>
         <load_address>0x8a8e6</load_address>
         <run_address>0x8a8e6</run_address>
         <size>0x9</size>
         <input_file_ref idref="fl-16"/>
      </object_component>
      <object_component id="oc-224">
         <name>.text</name>
         <load_address>0x8a8ef</load_address>
         <run_address>0x8a8ef</run_address>
         <size>0x9</size>
         <input_file_ref idref="fl-32"/>
      </object_component>
      <object_component id="oc-75">
         <name>.text</name>
         <load_address>0x8a8f8</load_address>
         <run_address>0x8a8f8</run_address>
         <size>0x8</size>
         <input_file_ref idref="fl-2"/>
      </object_component>
      <object_component id="oc-1ef">
         <name>.text:_ti_sysbios_BIOS_setThreadType__E</name>
         <load_address>0x8a900</load_address>
         <run_address>0x8a900</run_address>
         <size>0x8</size>
         <input_file_ref idref="fl-16"/>
      </object_component>
      <object_component id="oc-23c">
         <name>.text:_ti_sysbios_gates_GateMutex_Instance_finalize__E</name>
         <load_address>0x8a908</load_address>
         <run_address>0x8a908</run_address>
         <size>0x8</size>
         <input_file_ref idref="fl-16"/>
      </object_component>
      <object_component id="oc-1df">
         <name>.text:_ti_sysbios_knl_Clock_Module_State_clockQ</name>
         <load_address>0x8a910</load_address>
         <run_address>0x8a910</run_address>
         <size>0x8</size>
         <input_file_ref idref="fl-a"/>
      </object_component>
      <object_component id="oc-2c4">
         <name>.text:_ti_sysbios_knl_Semaphore_Instance_finalize__E</name>
         <load_address>0x8a918</load_address>
         <run_address>0x8a918</run_address>
         <size>0x8</size>
         <input_file_ref idref="fl-16"/>
      </object_component>
      <object_component id="oc-2a7">
         <name>.text:_xdc_runtime_Memory_HeapProxy_free__E</name>
         <load_address>0x8a920</load_address>
         <run_address>0x8a920</run_address>
         <size>0x8</size>
         <input_file_ref idref="fl-a"/>
      </object_component>
      <object_component id="oc-24d">
         <name>.text:_xdc_runtime_Memory_calloc__E</name>
         <load_address>0x8a928</load_address>
         <run_address>0x8a928</run_address>
         <size>0x8</size>
         <input_file_ref idref="fl-22"/>
      </object_component>
      <object_component id="oc-331">
         <name>.text:_xdc_runtime_SysMin_ready__E</name>
         <load_address>0x8a930</load_address>
         <run_address>0x8a930</run_address>
         <size>0x8</size>
         <input_file_ref idref="fl-25"/>
      </object_component>
      <object_component id="oc-30d">
         <name>.text</name>
         <load_address>0x8a938</load_address>
         <run_address>0x8a938</run_address>
         <size>0x8</size>
         <input_file_ref idref="fl-36"/>
      </object_component>
      <object_component id="oc-268">
         <name>.text:_ti_sysbios_BIOS_RtsGateProxy_leave__E</name>
         <load_address>0x8a940</load_address>
         <run_address>0x8a940</run_address>
         <size>0x7</size>
         <input_file_ref idref="fl-a"/>
      </object_component>
      <object_component id="oc-2a0">
         <name>.text:_ti_sysbios_hal_Hwi_HwiProxy_getStackInfo__E</name>
         <load_address>0x8a947</load_address>
         <run_address>0x8a947</run_address>
         <size>0x7</size>
         <input_file_ref idref="fl-a"/>
      </object_component>
      <object_component id="oc-211">
         <name>.text:_ti_sysbios_heaps_HeapMem_Module_GateProxy_leave__E</name>
         <load_address>0x8a94e</load_address>
         <run_address>0x8a94e</run_address>
         <size>0x7</size>
         <input_file_ref idref="fl-a"/>
      </object_component>
      <object_component id="oc-1e0">
         <name>.text:_ti_sysbios_knl_Queue_empty__E</name>
         <load_address>0x8a955</load_address>
         <run_address>0x8a955</run_address>
         <size>0x7</size>
         <input_file_ref idref="fl-16"/>
      </object_component>
      <object_component id="oc-2b8">
         <name>.text:_ti_sysbios_knl_Task_SupportProxy_checkStack__E</name>
         <load_address>0x8a95c</load_address>
         <run_address>0x8a95c</run_address>
         <size>0x7</size>
         <input_file_ref idref="fl-a"/>
      </object_component>
      <object_component id="oc-277">
         <name>.text:_ti_sysbios_knl_Task_SupportProxy_swap__E</name>
         <load_address>0x8a963</load_address>
         <run_address>0x8a963</run_address>
         <size>0x7</size>
         <input_file_ref idref="fl-a"/>
      </object_component>
      <object_component id="oc-262">
         <name>.text:_xdc_runtime_System_Module_GateProxy_leave__E</name>
         <load_address>0x8a96a</load_address>
         <run_address>0x8a96a</run_address>
         <size>0x7</size>
         <input_file_ref idref="fl-a"/>
      </object_component>
      <object_component id="oc-263">
         <name>.text:_ti_sysbios_BIOS_RtsGateProxy_enter__E</name>
         <load_address>0x8a971</load_address>
         <run_address>0x8a971</run_address>
         <size>0x6</size>
         <input_file_ref idref="fl-a"/>
      </object_component>
      <object_component id="oc-1e4">
         <name>.text:_ti_sysbios_BIOS_start__E</name>
         <load_address>0x8a977</load_address>
         <run_address>0x8a977</run_address>
         <size>0x6</size>
         <input_file_ref idref="fl-16"/>
      </object_component>
      <object_component id="oc-25c">
         <name>.text:_ti_sysbios_family_c28_IntrinsicsSupport_maxbit__E</name>
         <load_address>0x8a97d</load_address>
         <run_address>0x8a97d</run_address>
         <size>0x6</size>
         <input_file_ref idref="fl-19"/>
      </object_component>
      <object_component id="oc-20f">
         <name>.text:_ti_sysbios_heaps_HeapMem_Module_GateProxy_enter__E</name>
         <load_address>0x8a983</load_address>
         <run_address>0x8a983</run_address>
         <size>0x6</size>
         <input_file_ref idref="fl-a"/>
      </object_component>
      <object_component id="oc-215">
         <name>.text:_ti_sysbios_heaps_HeapMem_Module_GateProxy_query__E</name>
         <load_address>0x8a989</load_address>
         <run_address>0x8a989</run_address>
         <size>0x6</size>
         <input_file_ref idref="fl-a"/>
      </object_component>
      <object_component id="oc-301">
         <name>.text:_ti_sysbios_knl_Clock_TimerProxy_getMaxTicks__E</name>
         <load_address>0x8a98f</load_address>
         <run_address>0x8a98f</run_address>
         <size>0x6</size>
         <input_file_ref idref="fl-a"/>
      </object_component>
      <object_component id="oc-222">
         <name>.text:_ti_sysbios_knl_Swi_disable__E</name>
         <load_address>0x8a995</load_address>
         <run_address>0x8a995</run_address>
         <size>0x6</size>
         <input_file_ref idref="fl-16"/>
      </object_component>
      <object_component id="oc-223">
         <name>.text:_ti_sysbios_knl_Task_disable__E</name>
         <load_address>0x8a99b</load_address>
         <run_address>0x8a99b</run_address>
         <size>0x6</size>
         <input_file_ref idref="fl-16"/>
      </object_component>
      <object_component id="oc-205">
         <name>.text:_xdc_runtime_Gate_enterSystem__E</name>
         <load_address>0x8a9a1</load_address>
         <run_address>0x8a9a1</run_address>
         <size>0x6</size>
         <input_file_ref idref="fl-21"/>
      </object_component>
      <object_component id="oc-228">
         <name>.text:_xdc_runtime_Gate_leaveSystem__E</name>
         <load_address>0x8a9a7</load_address>
         <run_address>0x8a9a7</run_address>
         <size>0x6</size>
         <input_file_ref idref="fl-21"/>
      </object_component>
      <object_component id="oc-243">
         <name>.text:_xdc_runtime_System_Module_GateProxy_enter__E</name>
         <load_address>0x8a9ad</load_address>
         <run_address>0x8a9ad</run_address>
         <size>0x6</size>
         <input_file_ref idref="fl-a"/>
      </object_component>
      <object_component id="oc-2c8">
         <name>.text:_xdc_runtime_System_SupportProxy_abort__E</name>
         <load_address>0x8a9b3</load_address>
         <run_address>0x8a9b3</run_address>
         <size>0x6</size>
         <input_file_ref idref="fl-a"/>
      </object_component>
      <object_component id="oc-206">
         <name>.text:_xdc_runtime_System_SupportProxy_exit__E</name>
         <load_address>0x8a9b9</load_address>
         <run_address>0x8a9b9</run_address>
         <size>0x6</size>
         <input_file_ref idref="fl-a"/>
      </object_component>
      <object_component id="oc-33d">
         <name>.text:_xdc_runtime_System_SupportProxy_putch__E</name>
         <load_address>0x8a9bf</load_address>
         <run_address>0x8a9bf</run_address>
         <size>0x6</size>
         <input_file_ref idref="fl-a"/>
      </object_component>
      <object_component id="oc-2bb">
         <name>.text:_ti_sysbios_family_c28_Hwi_switchFromBootStack__E</name>
         <load_address>0x8a9c5</load_address>
         <run_address>0x8a9c5</run_address>
         <size>0x5</size>
         <input_file_ref idref="fl-16"/>
      </object_component>
      <object_component id="oc-1d1">
         <name>.text:_ti_sysbios_gates_GateHwi_enter__E</name>
         <load_address>0x8a9ca</load_address>
         <run_address>0x8a9ca</run_address>
         <size>0x5</size>
         <input_file_ref idref="fl-16"/>
      </object_component>
      <object_component id="oc-341">
         <name>.text:_xdc_iargToPtr</name>
         <load_address>0x8a9cf</load_address>
         <run_address>0x8a9cf</run_address>
         <size>0x5</size>
         <input_file_ref idref="fl-a"/>
      </object_component>
      <object_component id="oc-26b">
         <name>.text:_ti_sysbios_family_c28_Hwi_startup__E</name>
         <load_address>0x8a9d4</load_address>
         <run_address>0x8a9d4</run_address>
         <size>0x4</size>
         <input_file_ref idref="fl-a"/>
      </object_component>
      <object_component id="oc-1d9">
         <name>.text:_ti_sysbios_heaps_HeapMem_isBlocking__E</name>
         <load_address>0x8a9d8</load_address>
         <run_address>0x8a9d8</run_address>
         <size>0x4</size>
         <input_file_ref idref="fl-16"/>
      </object_component>
      <object_component id="oc-1ec">
         <name>.text:_ti_sysbios_knl_Swi_startup__E</name>
         <load_address>0x8a9dc</load_address>
         <run_address>0x8a9dc</run_address>
         <size>0x4</size>
         <input_file_ref idref="fl-16"/>
      </object_component>
      <object_component id="oc-2e5">
         <name>.text:_xdc_runtime_Memory_getMaxDefaultTypeAlign__E</name>
         <load_address>0x8a9e0</load_address>
         <run_address>0x8a9e0</run_address>
         <size>0x4</size>
         <input_file_ref idref="fl-22"/>
      </object_component>
      <object_component id="oc-1e5">
         <name>.text:_xdc_runtime_Startup_rtsDone__E</name>
         <load_address>0x8a9e4</load_address>
         <run_address>0x8a9e4</run_address>
         <size>0x4</size>
         <input_file_ref idref="fl-23"/>
      </object_component>
      <object_component id="oc-1b9">
         <name>.text:___xdc__init</name>
         <load_address>0x8a9e8</load_address>
         <run_address>0x8a9e8</run_address>
         <size>0x3</size>
         <input_file_ref idref="fl-27"/>
      </object_component>
      <object_component id="oc-320">
         <name>.text:_ti_sysbios_family_c28_Hwi_Module__startupDone__S</name>
         <load_address>0x8a9eb</load_address>
         <run_address>0x8a9eb</run_address>
         <size>0x3</size>
         <input_file_ref idref="fl-a"/>
      </object_component>
      <object_component id="oc-315">
         <name>.text:_ti_sysbios_family_c28_Timer_Module__startupDone__S</name>
         <load_address>0x8a9ee</load_address>
         <run_address>0x8a9ee</run_address>
         <size>0x3</size>
         <input_file_ref idref="fl-a"/>
      </object_component>
      <object_component id="oc-1d2">
         <name>.text:_ti_sysbios_gates_GateHwi_leave__E</name>
         <load_address>0x8a9f1</load_address>
         <run_address>0x8a9f1</run_address>
         <size>0x3</size>
         <input_file_ref idref="fl-16"/>
      </object_component>
      <object_component id="oc-309">
         <name>.text:_ti_sysbios_hal_Hwi_HwiProxy_Module__startupDone__S</name>
         <load_address>0x8a9f4</load_address>
         <run_address>0x8a9f4</run_address>
         <size>0x3</size>
         <input_file_ref idref="fl-a"/>
      </object_component>
      <object_component id="oc-22d">
         <name>.text:_ti_sysbios_hal_Hwi_HwiProxy_startup__E</name>
         <load_address>0x8a9f7</load_address>
         <run_address>0x8a9f7</run_address>
         <size>0x3</size>
         <input_file_ref idref="fl-a"/>
      </object_component>
      <object_component id="oc-276">
         <name>.text:_ti_sysbios_hal_Hwi_HwiProxy_switchFromBootStack__E</name>
         <load_address>0x8a9fa</load_address>
         <run_address>0x8a9fa</run_address>
         <size>0x3</size>
         <input_file_ref idref="fl-a"/>
      </object_component>
      <object_component id="oc-1eb">
         <name>.text:_ti_sysbios_hal_Hwi_startup__E</name>
         <load_address>0x8a9fd</load_address>
         <run_address>0x8a9fd</run_address>
         <size>0x3</size>
         <input_file_ref idref="fl-16"/>
      </object_component>
      <object_component id="oc-300">
         <name>.text:_ti_sysbios_knl_Clock_TimerProxy_Module__startupDone__S</name>
         <load_address>0x8aa00</load_address>
         <run_address>0x8aa00</run_address>
         <size>0x3</size>
         <input_file_ref idref="fl-a"/>
      </object_component>
      <object_component id="oc-1c4">
         <name>.text:_ti_sysbios_knl_Idle_loop__E</name>
         <load_address>0x8aa03</load_address>
         <run_address>0x8aa03</run_address>
         <size>0x3</size>
         <input_file_ref idref="fl-16"/>
      </object_component>
      <object_component id="oc-2ea">
         <name>.text:_ti_sysbios_knl_Queue_Instance_init__E</name>
         <load_address>0x8aa06</load_address>
         <run_address>0x8aa06</run_address>
         <size>0x3</size>
         <input_file_ref idref="fl-16"/>
      </object_component>
      <object_component id="oc-304">
         <name>.text:_ti_sysbios_knl_Task_SupportProxy_Module__startupDone__S</name>
         <load_address>0x8aa09</load_address>
         <run_address>0x8aa09</run_address>
         <size>0x3</size>
         <input_file_ref idref="fl-a"/>
      </object_component>
      <object_component id="oc-1ed">
         <name>.text:_ti_sysbios_knl_Task_startup__E</name>
         <load_address>0x8aa0c</load_address>
         <run_address>0x8aa0c</run_address>
         <size>0x3</size>
         <input_file_ref idref="fl-16"/>
      </object_component>
      <object_component id="oc-1b3">
         <name>.text:_xdc_runtime_Startup_reset__I</name>
         <load_address>0x8aa0f</load_address>
         <run_address>0x8aa0f</run_address>
         <size>0x3</size>
         <input_file_ref idref="fl-a"/>
      </object_component>
      <object_component id="oc-2ed">
         <name>.text:_xdc_runtime_System_Module_startup__E</name>
         <load_address>0x8aa12</load_address>
         <run_address>0x8aa12</run_address>
         <size>0x3</size>
         <input_file_ref idref="fl-24"/>
      </object_component>
      <object_component id="oc-327">
         <name>.text:_xdc_runtime_System_SupportProxy_ready__E</name>
         <load_address>0x8aa15</load_address>
         <run_address>0x8aa15</run_address>
         <size>0x3</size>
         <input_file_ref idref="fl-a"/>
      </object_component>
      <object_component id="oc-2e0">
         <name>.text:_xdc_runtime_System_abortStd__E</name>
         <load_address>0x8aa18</load_address>
         <run_address>0x8aa18</run_address>
         <size>0x3</size>
         <input_file_ref idref="fl-24"/>
      </object_component>
      <object_component id="oc-207">
         <name>.text:_xdc_runtime_System_exitStd__E</name>
         <load_address>0x8aa1b</load_address>
         <run_address>0x8aa1b</run_address>
         <size>0x3</size>
         <input_file_ref idref="fl-24"/>
      </object_component>
      <object_component id="oc-318">
         <name>.text:_ti_sysbios_family_c28_TaskSupport_Module__startupDone__S</name>
         <load_address>0x8aa1e</load_address>
         <run_address>0x8aa1e</run_address>
         <size>0x2</size>
         <input_file_ref idref="fl-a"/>
      </object_component>
      <object_component id="oc-316">
         <name>.text:_ti_sysbios_family_c28_Timer_getMaxTicks__E</name>
         <load_address>0x8aa20</load_address>
         <run_address>0x8aa20</run_address>
         <size>0x2</size>
         <input_file_ref idref="fl-16"/>
      </object_component>
      <object_component id="oc-1d0">
         <name>.text:_ti_sysbios_gates_GateHwi_query__E</name>
         <load_address>0x8aa22</load_address>
         <run_address>0x8aa22</run_address>
         <size>0x2</size>
         <input_file_ref idref="fl-16"/>
      </object_component>
      <object_component id="oc-1fb">
         <name>.text:_ti_sysbios_gates_GateMutex_query__E</name>
         <load_address>0x8aa24</load_address>
         <run_address>0x8aa24</run_address>
         <size>0x2</size>
         <input_file_ref idref="fl-16"/>
      </object_component>
      <object_component id="oc-2f8">
         <name>.text:_xdc_runtime_Error_getSite__E</name>
         <load_address>0x8aa26</load_address>
         <run_address>0x8aa26</run_address>
         <size>0x2</size>
         <input_file_ref idref="fl-20"/>
      </object_component>
      <object_component id="oc-1b2">
         <name>.text</name>
         <load_address>0x8aa28</load_address>
         <run_address>0x8aa28</run_address>
         <size>0x2</size>
         <input_file_ref idref="fl-2f"/>
      </object_component>
      <object_component id="oc-1c8">
         <name>.text:.bootCodeSection:_ti_catalog_c2800_initF2837x_Boot_init</name>
         <load_address>0x8aa2a</load_address>
         <run_address>0x8aa2a</run_address>
         <size>0x1</size>
         <input_file_ref idref="fl-a"/>
      </object_component>
      <object_component id="oc-1e6">
         <name>.text:_ti_sysbios_BIOS_linkedWithIncorrectBootLibrary__E</name>
         <load_address>0x8aa2b</load_address>
         <run_address>0x8aa2b</run_address>
         <size>0x1</size>
         <input_file_ref idref="fl-16"/>
      </object_component>
      <object_component id="oc-230">
         <name>.text:_ti_sysbios_BIOS_nullFunc__I</name>
         <load_address>0x8aa2c</load_address>
         <run_address>0x8aa2c</run_address>
         <size>0x1</size>
         <input_file_ref idref="fl-a"/>
      </object_component>
      <object_component id="oc-2b2">
         <name>.text:_ti_sysbios_family_c28_Hwi_interruptReturn__I</name>
         <load_address>0x8aa2d</load_address>
         <run_address>0x8aa2d</run_address>
         <size>0x1</size>
         <input_file_ref idref="fl-17"/>
      </object_component>
      <object_component id="oc-20b">
         <name>.text:_ti_sysbios_gates_GateHwi_Instance_init__E</name>
         <load_address>0x8aa2e</load_address>
         <run_address>0x8aa2e</run_address>
         <size>0x1</size>
         <input_file_ref idref="fl-16"/>
      </object_component>
      <object_component id="oc-1b6">
         <name>.text</name>
         <load_address>0x8aa2f</load_address>
         <run_address>0x8aa2f</run_address>
         <size>0x1</size>
         <input_file_ref idref="fl-30"/>
      </object_component>
      <object_component id="oc-76">
         <name>codestart</name>
         <load_address>0x80000</load_address>
         <run_address>0x80000</run_address>
         <size>0x2</size>
         <input_file_ref idref="fl-2"/>
      </object_component>
      <object_component id="oc-1e3">
         <name>ramfuncs</name>
         <load_address>0x80002</load_address>
         <run_address>0xa940</run_address>
         <size>0x25</size>
         <input_file_ref idref="fl-6"/>
      </object_component>
      <object_component id="oc-e1">
         <name>ramfuncs</name>
         <load_address>0x80027</load_address>
         <run_address>0xa965</run_address>
         <size>0x4</size>
         <input_file_ref idref="fl-7"/>
      </object_component>
      <object_component id="oc-159">
         <name>.stack</name>
         <uninitialized>true</uninitialized>
         <run_address>0x9940</run_address>
         <size>0x0</size>
         <input_file_ref idref="fl-29"/>
      </object_component>
      <object_component id="oc-3c6">
[...]
         <value>0x8a50f</value>
         <object_component_ref idref="oc-1ea"/>
      </symbol>
      <symbol id="sm-879">
         <name>_ti_sysbios_gates_GateMutex_Instance_init__E</name>
         <value>0x8a731</value>
         <object_component_ref idref="oc-23b"/>
      </symbol>
      <symbol id="sm-87a">
         <name>_ti_sysbios_knl_Task_unblock__E</name>
         <value>0x8a876</value>
         <object_component_ref idref="oc-31e"/>
      </symbol>
      <symbol id="sm-87b">
         <name>_ti_sysbios_knl_Task_enabled__E</name>
         <value>0x8a830</value>
         <object_component_ref idref="oc-288"/>
      </symbol>
      <symbol id="sm-87c">
         <name>_ti_sysbios_gates_GateMutex_leave__E</name>
         <value>0x8a818</value>
         <object_component_ref idref="oc-1fd"/>
      </symbol>
      <symbol id="sm-87d">
         <name>_ti_sysbios_family_c28_Hwi_unPluggedInterrupt__I</name>
         <value>0x89ca9</value>
         <object_component_ref idref="oc-f9"/>
      </symbol>
      <symbol id="sm-87e">
         <name>_ti_sysbios_gates_GateHwi_Instance_init__E</name>
         <value>0x8aa2e</value>
         <object_component_ref idref="oc-20b"/>
      </symbol>
      <symbol id="sm-87f">
         <name>_ti_sysbios_knl_Clock_workFunc__E</name>
         <value>0x88e1c</value>
         <object_component_ref idref="oc-1c2"/>
      </symbol>
      <symbol id="sm-880">
         <name>_ti_sysbios_family_c28_TaskSupport_checkStack__E</name>
         <value>0x8a8d4</value>
         <object_component_ref idref="oc-2d7"/>
      </symbol>
      <symbol id="sm-881">
         <name>_ti_sysbios_family_c28_Timer_getMaxTicks__E</name>
         <value>0x8aa20</value>
         <object_component_ref idref="oc-316"/>
      </symbol>
      <symbol id="sm-882">
         <name>_ti_sysbios_knl_Swi_restore__E</name>
         <value>0x8a434</value>
         <object_component_ref idref="oc-22e"/>
      </symbol>
      <symbol id="sm-883">
         <name>_ti_sysbios_family_c28_TaskSupport_start__E</name>
         <value>0x89de1</value>
         <object_component_ref idref="oc-32e"/>
      </symbol>
      <symbol id="sm-884">
         <name>_ti_sysbios_knl_Task_exit__E</name>
         <value>0x89a02</value>
         <object_component_ref idref="oc-31a"/>
      </symbol>
      <symbol id="sm-885">
         <name>_ti_sysbios_family_c28_Hwi_dispatchC__I</name>
         <value>0x8a7b1</value>
         <object_component_ref idref="oc-329"/>
      </symbol>
      <symbol id="sm-886">
         <name>_ti_sysbios_knl_Clock_logTick__E</name>
         <value>0x89e53</value>
         <object_component_ref idref="oc-1de"/>
      </symbol>
      <symbol id="sm-887">
         <name>_ti_sysbios_knl_Idle_loop__E</name>
         <value>0x8aa03</value>
         <object_component_ref idref="oc-1c4"/>
      </symbol>
      <symbol id="sm-888">
         <name>_ti_sysbios_BIOS_start__E</name>
         <value>0x8a977</value>
         <object_component_ref idref="oc-1e4"/>
      </symbol>
      <symbol id="sm-889">
         <name>_ti_sysbios_heaps_HeapMem_allocUnprotected__E</name>
         <value>0x887fb</value>
         <object_component_ref idref="oc-210"/>
      </symbol>
      <symbol id="sm-88a">
         <name>_ti_sysbios_knl_Task_restoreHwi__E</name>
         <value>0x8a6cf</value>
         <object_component_ref idref="oc-336"/>
      </symbol>
      <symbol id="sm-936">
         <name>_ti_sysbios_family_c28_Hwi_switchAndDispatch__I</name>
         <value>0x8a347</value>
         <object_component_ref idref="oc-335"/>
      </symbol>
      <symbol id="sm-937">
         <name>_ti_sysbios_family_c28_Hwi_interruptReturn__I</name>
         <value>0x8aa2d</value>
         <object_component_ref idref="oc-2b2"/>
      </symbol>
      <symbol id="sm-938">
         <name>_ti_sysbios_family_xxx_Hwi_switchAndRunFunc</name>
         <value>0x8a498</value>
         <object_component_ref idref="oc-25e"/>
      </symbol>
      <symbol id="sm-9dd">
         <name>_ti_sysbios_family_c28_Hwi_dispatchTable</name>
         <value>0x89187</value>
         <object_component_ref idref="oc-310"/>
      </symbol>
      <symbol id="sm-9de">
         <name>_ti_sysbios_family_c28_Hwi_dispatchPie</name>
         <value>0x891e4</value>
         <object_component_ref idref="oc-310"/>
      </symbol>
      <symbol id="sm-9ea">
         <name>_ti_sysbios_family_c28_IntrinsicsSupport_maxbit__E</name>
         <value>0x8a97d</value>
         <object_component_ref idref="oc-25c"/>
      </symbol>
      <symbol id="sm-9fa">
         <name>_ti_sysbios_family_c28_TaskSupport_buildTaskStack</name>
         <value>0x8a18a</value>
         <object_component_ref idref="oc-33a"/>
      </symbol>
      <symbol id="sm-9fb">
         <name>_ti_sysbios_family_c28_TaskSupport_swap__E</name>
         <value>0x8a30e</value>
         <object_component_ref idref="oc-2bc"/>
      </symbol>
      <symbol id="sm-9fc">
         <name>_ti_sysbios_family_c28_TaskSupport_glue</name>
         <value>0x8a8dd</value>
         <object_component_ref idref="oc-33f"/>
      </symbol>
      <symbol id="sm-a10">
         <name>_xdc_runtime_Assert_raise__I</name>
         <value>0x89ef0</value>
         <object_component_ref idref="oc-236"/>
      </symbol>
      <symbol id="sm-a2f">
         <name>_xdc_runtime_Core_deleteObject__I</name>
         <value>0x89c20</value>
         <object_component_ref idref="oc-20c"/>
      </symbol>
      <symbol id="sm-a30">
         <name>_xdc_runtime_Core_createObject__I</name>
         <value>0x8903f</value>
         <object_component_ref idref="oc-20a"/>
      </symbol>
      <symbol id="sm-a48">
         <name>_xdc_runtime_Core_constructObject__I</name>
         <value>0x89222</value>
         <object_component_ref idref="oc-2c2"/>
      </symbol>
      <symbol id="sm-a57">
         <name>_xdc_runtime_Core_assignLabel__I</name>
         <value>0x8a3e7</value>
         <object_component_ref idref="oc-20d"/>
      </symbol>
      <symbol id="sm-a65">
         <name>_xdc_runtime_Core_assignParams__I</name>
         <value>0x89d68</value>
         <object_component_ref idref="oc-24c"/>
      </symbol>
      <symbol id="sm-a91">
         <name>_xdc_runtime_Error_getSite__E</name>
         <value>0x8aa26</value>
         <object_component_ref idref="oc-2f8"/>
      </symbol>
      <symbol id="sm-a92">
         <name>_xdc_runtime_Error_print__E</name>
         <value>0x89f54</value>
         <object_component_ref idref="oc-2eb"/>
      </symbol>
      <symbol id="sm-a93">
         <name>_xdc_runtime_Error_policyDefault__E</name>
         <value>0x890eb</value>
         <object_component_ref idref="oc-23e"/>
      </symbol>
      <symbol id="sm-a94">
         <name>_xdc_runtime_Error_init__E</name>
         <value>0x8a8a2</value>
         <object_component_ref idref="oc-2c6"/>
      </symbol>
      <symbol id="sm-a95">
         <name>_xdc_runtime_Error_raiseX__E</name>
         <value>0x8a60e</value>
         <object_component_ref idref="oc-1c7"/>
      </symbol>
      <symbol id="sm-a96">
         <name>_xdc_runtime_Error_check__E</name>
         <value>0x8a7e5</value>
         <object_component_ref idref="oc-2e4"/>
      </symbol>
      <symbol id="sm-a97">
         <name>_xdc_runtime_Error_setX__E</name>
         <value>0x89f84</value>
         <object_component_ref idref="oc-292"/>
      </symbol>
      <symbol id="sm-aa5">
         <name>_xdc_runtime_Gate_leaveSystem__E</name>
         <value>0x8a9a7</value>
         <object_component_ref idref="oc-228"/>
      </symbol>
      <symbol id="sm-aa6">
         <name>_xdc_runtime_Gate_enterSystem__E</name>
         <value>0x8a9a1</value>
         <object_component_ref idref="oc-205"/>
      </symbol>
      <symbol id="sm-ac1">
         <name>_xdc_runtime_Memory_calloc__E</name>
         <value>0x8a928</value>
         <object_component_ref idref="oc-24d"/>
      </symbol>
      <symbol id="sm-ac2">
         <name>_xdc_runtime_Memory_free__E</name>
         <value>0x8a8b6</value>
         <object_component_ref idref="oc-24e"/>
      </symbol>
      <symbol id="sm-ac3">
         <name>_xdc_runtime_Memory_valloc__E</name>
         <value>0x8a554</value>
         <object_component_ref idref="oc-2a5"/>
      </symbol>
      <symbol id="sm-ac4">
         <name>_xdc_runtime_Memory_alloc__E</name>
         <value>0x89aac</value>
         <object_component_ref idref="oc-2d0"/>
      </symbol>
      <symbol id="sm-ac5">
         <name>_xdc_runtime_Memory_getMaxDefaultTypeAlign__E</name>
         <value>0x8a9e0</value>
         <object_component_ref idref="oc-2e5"/>
      </symbol>
      <symbol id="sm-ae7">
         <name>_xdc_runtime_Startup_startMods__I</name>
         <value>0x8955e</value>
         <object_component_ref idref="oc-2a1"/>
      </symbol>
      <symbol id="sm-ae8">
         <name>_xdc_runtime_Startup_rtsDone__E</name>
         <value>0x8a9e4</value>
         <object_component_ref idref="oc-1e5"/>
      </symbol>
      <symbol id="sm-ae9">
         <name>_xdc_runtime_Startup_exec__E</name>
         <value>0x89fb4</value>
         <object_component_ref idref="oc-1b5"/>
      </symbol>
      <symbol id="sm-b6b">
         <name>_xdc_runtime_System_formatNum__I</name>
         <value>0x89da5</value>
         <object_component_ref idref="oc-333"/>
      </symbol>
      <symbol id="sm-b6c">
         <name>_xdc_runtime_System_exit__E</name>
         <value>0x8a897</value>
         <object_component_ref idref="oc-1b8"/>
      </symbol>
      <symbol id="sm-b6d">
         <name>_xdc_runtime_System_exitStd__E</name>
         <value>0x8aa1b</value>
         <object_component_ref idref="oc-207"/>
      </symbol>
      <symbol id="sm-b6e">
         <name>_xdc_runtime_System_printf_va__F</name>
         <value>0x8a466</value>
         <object_component_ref idref="oc-30f"/>
      </symbol>
      <symbol id="sm-b6f">
         <name>_xdc_runtime_System_atexit__E</name>
         <value>0x8a237</value>
         <object_component_ref idref="oc-1e8"/>
      </symbol>
      <symbol id="sm-b70">
         <name>_xdc_runtime_System_abortStd__E</name>
         <value>0x8aa18</value>
         <object_component_ref idref="oc-2e0"/>
      </symbol>
      <symbol id="sm-b71">
         <name>_xdc_runtime_System_putchar__I</name>
         <value>0x8a44d</value>
         <object_component_ref idref="oc-334"/>
      </symbol>
      <symbol id="sm-b72">
         <name>_xdc_runtime_System_snprintf_va__F</name>
         <value>0x8a8c0</value>
         <object_component_ref idref="oc-326"/>
      </symbol>
      <symbol id="sm-b73">
         <name>_xdc_runtime_System_Module_startup__E</name>
         <value>0x8aa12</value>
         <object_component_ref idref="oc-2ed"/>
      </symbol>
      <symbol id="sm-b74">
         <name>_xdc_runtime_System_avprintf__E</name>
         <value>0x8a401</value>
         <object_component_ref idref="oc-30e"/>
      </symbol>
      <symbol id="sm-b75">
         <name>_xdc_runtime_System_vprintf__E</name>
         <value>0x8a466</value>
         <object_component_ref idref="oc-30f"/>
      </symbol>
      <symbol id="sm-b76">
         <name>_xdc_runtime_System_aprintf_va__F</name>
         <value>0x8a401</value>
         <object_component_ref idref="oc-30e"/>
      </symbol>
      <symbol id="sm-b77">
         <name>_xdc_runtime_System_doPrint__I</name>
         <value>0x8824c</value>
         <object_component_ref idref="oc-328"/>
      </symbol>
      <symbol id="sm-b78">
         <name>_xdc_runtime_System_processAtExit__E</name>
         <value>0x8a1d3</value>
         <object_component_ref idref="oc-1cd"/>
      </symbol>
      <symbol id="sm-b79">
         <name>_xdc_runtime_System_vsnprintf__E</name>
         <value>0x8a8c0</value>
         <object_component_ref idref="oc-326"/>
      </symbol>
      <symbol id="sm-b7a">
         <name>_xdc_runtime_System_abort__E</name>
         <value>0x8a7ff</value>
         <object_component_ref idref="oc-29d"/>
      </symbol>
      <symbol id="sm-b99">
         <name>_xdc_runtime_SysMin_abort__E</name>
         <value>0x8a581</value>
         <object_component_ref idref="oc-2df"/>
      </symbol>
      <symbol id="sm-b9a">
         <name>_xdc_runtime_SysMin_ready__E</name>
         <value>0x8a930</value>
         <object_component_ref idref="oc-331"/>
      </symbol>
      <symbol id="sm-b9b">
         <name>_xdc_runtime_SysMin_flush__E</name>
         <value>0x8a164</value>
         <object_component_ref idref="oc-2a4"/>
      </symbol>
      <symbol id="sm-b9c">
         <name>_xdc_runtime_SysMin_Module_startup__E</name>
         <value>0x8a721</value>
         <object_component_ref idref="oc-2ee"/>
      </symbol>
      <symbol id="sm-b9d">
         <name>_xdc_runtime_SysMin_putch__E</name>
         <value>0x8a2b4</value>
         <object_component_ref idref="oc-2ec"/>
      </symbol>
      <symbol id="sm-b9e">
         <name>_xdc_runtime_SysMin_exit__E</name>
         <value>0x8a88c</value>
         <object_component_ref idref="oc-244"/>
      </symbol>
      <symbol id="sm-be3">
         <name>_xdc_runtime_Text_putLab__E</name>
         <value>0x89afb</value>
         <object_component_ref idref="oc-342"/>
      </symbol>
      <symbol id="sm-be4">
         <name>_xdc_runtime_Text_printVisFxn__I</name>
         <value>0x8a4c8</value>
         <object_component_ref idref="oc-325"/>
      </symbol>
      <symbol id="sm-be5">
         <name>_xdc_runtime_Text_putMod__E</name>
         <value>0x89ceb</value>
         <object_component_ref idref="oc-30b"/>
      </symbol>
      <symbol id="sm-be6">
         <name>_xdc_runtime_Text_cordText__E</name>
         <value>0x8a6e0</value>
         <object_component_ref idref="oc-24f"/>
      </symbol>
      <symbol id="sm-be7">
         <name>_xdc_runtime_Text_xprintf__I</name>
         <value>0x8a0ee</value>
         <object_component_ref idref="oc-30c"/>
      </symbol>
      <symbol id="sm-be8">
         <name>_xdc_runtime_Text_visitRope2__I</name>
         <value>0x89f22</value>
         <object_component_ref idref="oc-33b"/>
      </symbol>
      <symbol id="sm-be9">
         <name>_xdc_runtime_Text_ropeText__E</name>
         <value>0x8a8ca</value>
         <object_component_ref idref="oc-279"/>
      </symbol>
      <symbol id="sm-bea">
         <name>_xdc_runtime_Text_putSite__E</name>
         <value>0x8979c</value>
         <object_component_ref idref="oc-2f9"/>
      </symbol>
      <symbol id="sm-bf6">
         <name>___xdc__init</name>
         <value>0x8a9e8</value>
         <object_component_ref idref="oc-1b9"/>
      </symbol>
      <symbol id="sm-c05">
         <name>_xdc_runtime_Registry_findById__E</name>
         <value>0x8a74f</value>
         <object_component_ref idref="oc-323"/>
      </symbol>
      <symbol id="sm-c20">
         <name>_c_int00</name>
         <value>0x89871</value>
         <object_component_ref idref="oc-74"/>
      </symbol>
      <symbol id="sm-c21">
         <name>__stack</name>
         <value>0x9940</value>
         <object_component_ref idref="oc-159"/>
      </symbol>
      <symbol id="sm-c36">
         <name>LL$$AND</name>
         <value>0x8a4e0</value>
         <object_component_ref idref="oc-163"/>
      </symbol>
      <symbol id="sm-c37">
         <name>LL$$OR</name>
         <value>0x8a4e8</value>
         <object_component_ref idref="oc-163"/>
      </symbol>
      <symbol id="sm-c38">
         <name>LL$$XOR</name>
         <value>0x8a4f0</value>
         <object_component_ref idref="oc-163"/>
      </symbol>
      <symbol id="sm-c64">
         <name>ULL$$MOD</name>
         <value>0x88b2b</value>
         <object_component_ref idref="oc-168"/>
      </symbol>
      <symbol id="sm-c65">
         <name>ULL$$DIV</name>
         <value>0x88afc</value>
         <object_component_ref idref="oc-168"/>
      </symbol>
      <symbol id="sm-c66">
         <name>LL$$MOD</name>
         <value>0x88ac2</value>
         <object_component_ref idref="oc-168"/>
      </symbol>
      <symbol id="sm-c67">
         <name>LL$$DIV</name>
         <value>0x88a86</value>
         <object_component_ref idref="oc-168"/>
      </symbol>
      <symbol id="sm-c76">
         <name>_copy_in</name>
         <value>0x8a1af</value>
         <object_component_ref idref="oc-1b4"/>
      </symbol>
      <symbol id="sm-c87">
         <name>_memcpy</name>
         <value>0x8a2f0</value>
         <object_component_ref idref="oc-1c9"/>
      </symbol>
      <symbol id="sm-c93">
         <name>__system_pre_init</name>
         <value>0x8aa28</value>
         <object_component_ref idref="oc-1b2"/>
      </symbol>
      <symbol id="sm-ca0">
         <name>__system_post_cinit</name>
         <value>0x8aa2f</value>
         <object_component_ref idref="oc-1b6"/>
      </symbol>
      <symbol id="sm-cb4">
         <name>C$$EXIT</name>
         <value>0x8a0c5</value>
         <object_component_ref idref="oc-245"/>
      </symbol>
      <symbol id="sm-cb5">
         <name>_exit</name>
         <value>0x8a0c7</value>
         <object_component_ref idref="oc-245"/>
      </symbol>
      <symbol id="sm-cb6">
         <name>___TI_cleanup_ptr</name>
         <value>0x910e</value>
         <object_component_ref idref="oc-183"/>
      </symbol>
      <symbol id="sm-cb7">
         <name>___TI_enable_exit_profile_output</name>
         <value>0x910c</value>
         <object_component_ref idref="oc-183"/>
      </symbol>
      <symbol id="sm-cb8">
         <name>_abort</name>
         <value>0x8a0c5</value>
         <object_component_ref idref="oc-245"/>
      </symbol>
      <symbol id="sm-cb9">
         <name>___TI_dtors_ptr</name>
         <value>0x9110</value>
         <object_component_ref idref="oc-183"/>
      </symbol>
      <symbol id="sm-ccd">
         <name>__unlock</name>
         <value>0x9114</value>
         <object_component_ref idref="oc-260"/>
      </symbol>
      <symbol id="sm-cce">
         <name>__lock</name>
         <value>0x9112</value>
         <object_component_ref idref="oc-261"/>
      </symbol>
      <symbol id="sm-ccf">
         <name>__register_lock</name>
         <value>0x8a8f3</value>
         <object_component_ref idref="oc-224"/>
      </symbol>
      <symbol id="sm-cd0">
         <name>__nop</name>
         <value>0x8a8f7</value>
         <object_component_ref idref="oc-224"/>
      </symbol>
      <symbol id="sm-cd1">
         <name>__register_unlock</name>
         <value>0x8a8ef</value>
         <object_component_ref idref="oc-224"/>
      </symbol>
      <symbol id="sm-ce0">
         <name>__args_main</name>
         <value>0x8a47f</value>
         <object_component_ref idref="oc-1b7"/>
      </symbol>
      <symbol id="sm-cee">
         <name>_memset</name>
         <value>0x8a854</value>
         <object_component_ref idref="oc-2d1"/>
      </symbol>
      <symbol id="sm-d04">
         <name>_strlen</name>
         <value>0x8a938</value>
         <object_component_ref idref="oc-30d"/>
      </symbol>
      <symbol id="sm-d11">
         <name>_HOSTwrite</name>
         <value>0x89e1b</value>
         <object_component_ref idref="oc-2f5"/>
      </symbol>
      <symbol id="sm-d2a">
         <name>___TI_readmsg</name>
         <value>0x89314</value>
         <object_component_ref idref="oc-30a"/>
      </symbol>
      <symbol id="sm-d2b">
         <name>C$$IO$$</name>
         <value>0x8930f</value>
         <object_component_ref idref="oc-30a"/>
      </symbol>
      <symbol id="sm-d2c">
         <name>__CIOBUF_</name>
         <value>0xa980</value>
         <object_component_ref idref="oc-1a7"/>
      </symbol>
      <symbol id="sm-d2d">
         <name>___TI_writemsg</name>
         <value>0x892bc</value>
         <object_component_ref idref="oc-30a"/>
      </symbol>
      <symbol id="sm-d39">
         <name>_parmbuf</name>
         <value>0x9103</value>
         <object_component_ref idref="oc-1ad"/>
      </symbol>
   </symbol_table>
   <title>Link successful</title>
</link_info>
