<?xml version="1.0" encoding="ISO-8859-1" ?>
<link_info>
   <banner>TMS320C2000 Linker PC v18.1.1.LTS</banner>
   <copyright>Copyright (c) 1996-2017 Texas Instruments Incorporated</copyright>
   <link_time>0x5cb4c65c</link_time>
   <link_errors>0x0</link_errors>
   <output_file>blink_cpu02.out</output_file>
   <entry_point>
      <name>_c_int00</name>
      <address>0x89b03</address>
   </entry_point>
   <input_file_list>
      <input_file id="fl-2">
         <path>.\</path>
         <kind>object</kind>
         <file>F2837xD_CodeStartBranch.obj</file>
         <name>F2837xD_CodeStartBranch.obj</name>
      </input_file>
      <input_file id="fl-3">
         <path>.\</path>
         <kind>object</kind>
         <file>F2837xD_GlobalVariableDefs.obj</file>
         <name>F2837xD_GlobalVariableDefs.obj</name>
      </input_file>
      <input_file id="fl-4">
         <path>.\</path>
         <kind>object</kind>
         <file>F2837xD_Gpio_forBIOS.obj</file>
         <name>F2837xD_Gpio_forBIOS.obj</name>
      </input_file>
      <input_file id="fl-5">
         <path>.\</path>
         <kind>object</kind>
         <file>F2837xD_Ipc.obj</file>
         <name>F2837xD_Ipc.obj</name>
      </input_file>
      <input_file id="fl-6">
         <path>.\</path>
         <kind>object</kind>
         <file>F2837xD_SysCtrl.obj</file>
         <name>F2837xD_SysCtrl.obj</name>
      </input_file>
      <input_file id="fl-7">
         <path>.\</path>
         <kind>object</kind>
         <file>F2837xD_usDelay.obj</file>
         <name>F2837xD_usDelay.obj</name>
      </input_file>
      <input_file id="fl-8">
         <path>.\</path>
         <kind>object</kind>
         <file>blink_cpu02.obj</file>
         <name>blink_cpu02.obj</name>
      </input_file>
      <input_file id="fl-9">
         <path>.\</path>
         <kind>object</kind>
         <file>f28377sCoecsl.obj</file>
         <name>f28377sCoecsl.obj</name>
      </input_file>
      <input_file id="fl-a">
         <path>.\</path>
         <kind>object</kind>
         <file>f28377sSerial.obj</file>
         <name>f28377sSerial.obj</name>
      </input_file>
      <input_file id="fl-c">
         <path>C:\ayush2\F28379D_Guide\F2837xD\Labs\blink\cpu02\ccs\CPU2_FLASH\configPkg\package\cfg\</path>
         <kind>object</kind>
         <file>blink_cpu02_p28FP.o28FP</file>
         <name>blink_cpu02_p28FP.o28FP</name>
      </input_file>
      <input_file id="fl-17">
         <kind>object</kind>
         <file>&lt;internal&gt;</file>
         <name>&lt;internal&gt;</name>
      </input_file>
      <input_file id="fl-18">
         <path>C:\ayush2\F28379D_Guide\F2837xD\Labs\blink\cpu02\ccs\src\sysbios\</path>
         <kind>archive</kind>
         <file>sysbios.a28FP</file>
         <name>BIOS.obj</name>
      </input_file>
      <input_file id="fl-19">
         <path>C:\ayush2\F28379D_Guide\F2837xD\Labs\blink\cpu02\ccs\src\sysbios\</path>
         <kind>archive</kind>
         <file>sysbios.a28FP</file>
         <name>c28_Hwi_asm.obj</name>
      </input_file>
      <input_file id="fl-1a">
         <path>C:\ayush2\F28379D_Guide\F2837xD\Labs\blink\cpu02\ccs\src\sysbios\</path>
         <kind>archive</kind>
         <file>sysbios.a28FP</file>
         <name>c28_Hwi_disp_asm.obj</name>
      </input_file>
      <input_file id="fl-1b">
         <path>C:\ayush2\F28379D_Guide\F2837xD\Labs\blink\cpu02\ccs\src\sysbios\</path>
         <kind>archive</kind>
         <file>sysbios.a28FP</file>
         <name>c28_IntrinsicsSupport_asm.obj</name>
      </input_file>
      <input_file id="fl-1c">
         <path>C:\ayush2\F28379D_Guide\F2837xD\Labs\blink\cpu02\ccs\src\sysbios\</path>
         <kind>archive</kind>
         <file>sysbios.a28FP</file>
         <name>c28_TaskSupport_asm.obj</name>
      </input_file>
      <input_file id="fl-1d">
         <path>C:\CCStudio_v8\bios_6_70_01_03\packages\ti\targets\rts2800\lib\</path>
         <kind>archive</kind>
         <file>ti.targets.rts2800.a28FP</file>
         <name>Assert.o28FP</name>
      </input_file>
      <input_file id="fl-1e">
         <path>C:\CCStudio_v8\bios_6_70_01_03\packages\ti\targets\rts2800\lib\</path>
         <kind>archive</kind>
         <file>ti.targets.rts2800.a28FP</file>
         <name>Core-mem.o28FP</name>
      </input_file>
      <input_file id="fl-1f">
         <path>C:\CCStudio_v8\bios_6_70_01_03\packages\ti\targets\rts2800\lib\</path>
         <kind>archive</kind>
         <file>ti.targets.rts2800.a28FP</file>
         <name>Core-smem.o28FP</name>
      </input_file>
      <input_file id="fl-20">
         <path>C:\CCStudio_v8\bios_6_70_01_03\packages\ti\targets\rts2800\lib\</path>
         <kind>archive</kind>
         <file>ti.targets.rts2800.a28FP</file>
         <name>Core-label.o28FP</name>
      </input_file>
      <input_file id="fl-21">
         <path>C:\CCStudio_v8\bios_6_70_01_03\packages\ti\targets\rts2800\lib\</path>
         <kind>archive</kind>
         <file>ti.targets.rts2800.a28FP</file>
         <name>Core-params.o28FP</name>
      </input_file>
      <input_file id="fl-22">
         <path>C:\CCStudio_v8\bios_6_70_01_03\packages\ti\targets\rts2800\lib\</path>
         <kind>archive</kind>
         <file>ti.targets.rts2800.a28FP</file>
         <name>Error.o28FP</name>
      </input_file>
      <input_file id="fl-23">
         <path>C:\CCStudio_v8\bios_6_70_01_03\packages\ti\targets\rts2800\lib\</path>
         <kind>archive</kind>
         <file>ti.targets.rts2800.a28FP</file>
         <name>Gate.o28FP</name>
      </input_file>
      <input_file id="fl-24">
         <path>C:\CCStudio_v8\bios_6_70_01_03\packages\ti\targets\rts2800\lib\</path>
         <kind>archive</kind>
         <file>ti.targets.rts2800.a28FP</file>
         <name>Memory.o28FP</name>
      </input_file>
      <input_file id="fl-25">
         <path>C:\CCStudio_v8\bios_6_70_01_03\packages\ti\targets\rts2800\lib\</path>
         <kind>archive</kind>
         <file>ti.targets.rts2800.a28FP</file>
         <name>Startup.o28FP</name>
      </input_file>
      <input_file id="fl-26">
         <path>C:\CCStudio_v8\bios_6_70_01_03\packages\ti\targets\rts2800\lib\</path>
         <kind>archive</kind>
         <file>ti.targets.rts2800.a28FP</file>
         <name>System.o28FP</name>
      </input_file>
      <input_file id="fl-27">
         <path>C:\CCStudio_v8\bios_6_70_01_03\packages\ti\targets\rts2800\lib\</path>
         <kind>archive</kind>
         <file>ti.targets.rts2800.a28FP</file>
         <name>SysMin.o28FP</name>
      </input_file>
      <input_file id="fl-28">
         <path>C:\CCStudio_v8\bios_6_70_01_03\packages\ti\targets\rts2800\lib\</path>
         <kind>archive</kind>
         <file>ti.targets.rts2800.a28FP</file>
         <name>Text.o28FP</name>
      </input_file>
      <input_file id="fl-29">
         <path>C:\CCStudio_v8\bios_6_70_01_03\packages\ti\targets\rts2800\lib\</path>
         <kind>archive</kind>
         <file>ti.targets.rts2800.a28FP</file>
         <name>xdc_noinit.o28FP</name>
      </input_file>
      <input_file id="fl-2a">
         <path>C:\CCStudio_v8\bios_6_70_01_03\packages\ti\targets\rts2800\lib\</path>
         <kind>archive</kind>
         <file>ti.targets.rts2800.a28FP</file>
         <name>Registry.o28FP</name>
      </input_file>
      <input_file id="fl-2b">
         <path>C:\CCStudio_v8\bios_6_70_01_03\packages\ti\targets\rts2800\lib\</path>
         <kind>archive</kind>
         <file>boot.a28FP</file>
         <name>boot_cg.o28FP</name>
      </input_file>
      <input_file id="fl-2c">
         <path>C:\CCStudio_v8\bios_6_70_01_03\packages\ti\catalog\c2800\initF2837x\lib\</path>
         <kind>archive</kind>
         <file>Boot.a28FP</file>
         <name>Boot.o28FP</name>
      </input_file>
      <input_file id="fl-2d">
         <path>C:\CCStudio_v8\ccsv8\tools\compiler\ti-cgt-c2000_18.1.1.LTS\lib\</path>
         <kind>archive</kind>
         <file>rts2800_fpu32.lib</file>
         <name>ll_aox28.asm.obj</name>
      </input_file>
      <input_file id="fl-2e">
         <path>C:\CCStudio_v8\ccsv8\tools\compiler\ti-cgt-c2000_18.1.1.LTS\lib\</path>
         <kind>archive</kind>
         <file>rts2800_fpu32.lib</file>
         <name>ll_div28.asm.obj</name>
      </input_file>
      <input_file id="fl-2f">
         <path>C:\CCStudio_v8\ccsv8\tools\compiler\ti-cgt-c2000_18.1.1.LTS\lib\</path>
         <kind>archive</kind>
         <file>rts2800_fpu32.lib</file>
         <name>u_div28.asm.obj</name>
      </input_file>
      <input_file id="fl-30">
         <path>C:\CCStudio_v8\ccsv8\tools\compiler\ti-cgt-c2000_18.1.1.LTS\lib\</path>
         <kind>archive</kind>
         <file>rts2800_fpu32.lib</file>
         <name>cpy_tbl.c.obj</name>
      </input_file>
      <input_file id="fl-31">
         <path>C:\CCStudio_v8\ccsv8\tools\compiler\ti-cgt-c2000_18.1.1.LTS\lib\</path>
         <kind>archive</kind>
         <file>rts2800_fpu32.lib</file>
         <name>memcpy.c.obj</name>
      </input_file>
      <input_file id="fl-32">
         <path>C:\CCStudio_v8\ccsv8\tools\compiler\ti-cgt-c2000_18.1.1.LTS\lib\</path>
         <kind>archive</kind>
         <file>rts2800_fpu32.lib</file>
         <name>pre_init.c.obj</name>
      </input_file>
      <input_file id="fl-33">
         <path>C:\CCStudio_v8\ccsv8\tools\compiler\ti-cgt-c2000_18.1.1.LTS\lib\</path>
         <kind>archive</kind>
         <file>rts2800_fpu32.lib</file>
         <name>startup.c.obj</name>
      </input_file>
      <input_file id="fl-34">
         <path>C:\CCStudio_v8\ccsv8\tools\compiler\ti-cgt-c2000_18.1.1.LTS\lib\</path>
         <kind>archive</kind>
         <file>rts2800_fpu32.lib</file>
         <name>exit.c.obj</name>
      </input_file>
      <input_file id="fl-35">
         <path>C:\CCStudio_v8\ccsv8\tools\compiler\ti-cgt-c2000_18.1.1.LTS\lib\</path>
         <kind>archive</kind>
         <file>rts2800_fpu32.lib</file>
         <name>_lock.c.obj</name>
      </input_file>
      <input_file id="fl-36">
         <path>C:\CCStudio_v8\ccsv8\tools\compiler\ti-cgt-c2000_18.1.1.LTS\lib\</path>
         <kind>archive</kind>
         <file>rts2800_fpu32.lib</file>
         <name>args_main.c.obj</name>
      </input_file>
      <input_file id="fl-37">
         <path>C:\CCStudio_v8\ccsv8\tools\compiler\ti-cgt-c2000_18.1.1.LTS\lib\</path>
         <kind>archive</kind>
         <file>rts2800_fpu32.lib</file>
         <name>memset.c.obj</name>
      </input_file>
      <input_file id="fl-38">
         <path>C:\CCStudio_v8\ccsv8\tools\compiler\ti-cgt-c2000_18.1.1.LTS\lib\</path>
         <kind>archive</kind>
         <file>rts2800_fpu32.lib</file>
         <name>strcmp.c.obj</name>
      </input_file>
      <input_file id="fl-39">
         <path>C:\CCStudio_v8\ccsv8\tools\compiler\ti-cgt-c2000_18.1.1.LTS\lib\</path>
         <kind>archive</kind>
         <file>rts2800_fpu32.lib</file>
         <name>strlen.c.obj</name>
      </input_file>
      <input_file id="fl-3a">
         <path>C:\CCStudio_v8\ccsv8\tools\compiler\ti-cgt-c2000_18.1.1.LTS\lib\</path>
         <kind>archive</kind>
         <file>rts2800_fpu32.lib</file>
         <name>hostwrite.c.obj</name>
      </input_file>
      <input_file id="fl-3b">
         <path>C:\CCStudio_v8\ccsv8\tools\compiler\ti-cgt-c2000_18.1.1.LTS\lib\</path>
         <kind>archive</kind>
         <file>rts2800_fpu32.lib</file>
         <name>trgmsg.c.obj</name>
      </input_file>
      <input_file id="fl-3c">
         <path>C:\CCStudio_v8\ccsv8\tools\compiler\ti-cgt-c2000_18.1.1.LTS\lib\</path>
         <kind>archive</kind>
         <file>rts2800_fpu32.lib</file>
         <name>vsprintf.c.obj</name>
      </input_file>
      <input_file id="fl-3d">
         <path>C:\CCStudio_v8\ccsv8\tools\compiler\ti-cgt-c2000_18.1.1.LTS\lib\</path>
         <kind>archive</kind>
         <file>rts2800_fpu32.lib</file>
         <name>_printfi.c.obj</name>
      </input_file>
      <input_file id="fl-3e">
         <path>C:\CCStudio_v8\ccsv8\tools\compiler\ti-cgt-c2000_18.1.1.LTS\lib\</path>
         <kind>archive</kind>
         <file>rts2800_fpu32.lib</file>
         <name>atoi.c.obj</name>
      </input_file>
      <input_file id="fl-3f">
         <path>C:\CCStudio_v8\ccsv8\tools\compiler\ti-cgt-c2000_18.1.1.LTS\lib\</path>
         <kind>archive</kind>
         <file>rts2800_fpu32.lib</file>
         <name>ctype.c.obj</name>
      </input_file>
      <input_file id="fl-40">
         <path>C:\CCStudio_v8\ccsv8\tools\compiler\ti-cgt-c2000_18.1.1.LTS\lib\</path>
         <kind>archive</kind>
         <file>rts2800_fpu32.lib</file>
         <name>ltoa.c.obj</name>
      </input_file>
      <input_file id="fl-41">
         <path>C:\CCStudio_v8\ccsv8\tools\compiler\ti-cgt-c2000_18.1.1.LTS\lib\</path>
         <kind>archive</kind>
         <file>rts2800_fpu32.lib</file>
         <name>memccpy.c.obj</name>
      </input_file>
      <input_file id="fl-42">
         <path>C:\CCStudio_v8\ccsv8\tools\compiler\ti-cgt-c2000_18.1.1.LTS\lib\</path>
         <kind>archive</kind>
         <file>rts2800_fpu32.lib</file>
         <name>strchr.c.obj</name>
      </input_file>
      <input_file id="fl-43">
         <path>C:\CCStudio_v8\ccsv8\tools\compiler\ti-cgt-c2000_18.1.1.LTS\lib\</path>
         <kind>archive</kind>
         <file>rts2800_fpu32.lib</file>
         <name>strcpy.c.obj</name>
      </input_file>
      <input_file id="fl-44">
         <path>C:\CCStudio_v8\ccsv8\tools\compiler\ti-cgt-c2000_18.1.1.LTS\lib\</path>
         <kind>archive</kind>
         <file>rts2800_fpu32.lib</file>
         <name>hostopen.c.obj</name>
      </input_file>
      <input_file id="fl-45">
         <path>C:\CCStudio_v8\ccsv8\tools\compiler\ti-cgt-c2000_18.1.1.LTS\lib\</path>
         <kind>archive</kind>
         <file>rts2800_fpu32.lib</file>
         <name>s_frexp.c.obj</name>
      </input_file>
      <input_file id="fl-46">
         <path>C:\CCStudio_v8\ccsv8\tools\compiler\ti-cgt-c2000_18.1.1.LTS\lib\</path>
         <kind>archive</kind>
         <file>rts2800_fpu32.lib</file>
         <name>s_scalbn.c.obj</name>
      </input_file>
      <input_file id="fl-47">
         <path>C:\CCStudio_v8\ccsv8\tools\compiler\ti-cgt-c2000_18.1.1.LTS\lib\</path>
         <kind>archive</kind>
         <file>rts2800_fpu32.lib</file>
         <name>s_copysign.c.obj</name>
      </input_file>
      <input_file id="fl-48">
         <path>C:\CCStudio_v8\ccsv8\tools\compiler\ti-cgt-c2000_18.1.1.LTS\lib\</path>
         <kind>archive</kind>
         <file>rts2800_fpu32.lib</file>
         <name>fd_add28.asm.obj</name>
      </input_file>
      <input_file id="fl-49">
         <path>C:\CCStudio_v8\ccsv8\tools\compiler\ti-cgt-c2000_18.1.1.LTS\lib\</path>
         <kind>archive</kind>
         <file>rts2800_fpu32.lib</file>
         <name>fd_cmp28.asm.obj</name>
      </input_file>
      <input_file id="fl-4a">
         <path>C:\CCStudio_v8\ccsv8\tools\compiler\ti-cgt-c2000_18.1.1.LTS\lib\</path>
         <kind>archive</kind>
         <file>rts2800_fpu32.lib</file>
         <name>fd_div28.asm.obj</name>
      </input_file>
      <input_file id="fl-4b">
         <path>C:\CCStudio_v8\ccsv8\tools\compiler\ti-cgt-c2000_18.1.1.LTS\lib\</path>
         <kind>archive</kind>
         <file>rts2800_fpu32.lib</file>
         <name>fd_mpy28.asm.obj</name>
      </input_file>
      <input_file id="fl-4c">
         <path>C:\CCStudio_v8\ccsv8\tools\compiler\ti-cgt-c2000_18.1.1.LTS\lib\</path>
         <kind>archive</kind>
         <file>rts2800_fpu32.lib</file>
         <name>fd_neg28.asm.obj</name>
      </input_file>
      <input_file id="fl-4d">
         <path>C:\CCStudio_v8\ccsv8\tools\compiler\ti-cgt-c2000_18.1.1.LTS\lib\</path>
         <kind>archive</kind>
         <file>rts2800_fpu32.lib</file>
         <name>fd_sub28.asm.obj</name>
      </input_file>
      <input_file id="fl-4e">
         <path>C:\CCStudio_v8\ccsv8\tools\compiler\ti-cgt-c2000_18.1.1.LTS\lib\</path>
         <kind>archive</kind>
         <file>rts2800_fpu32.lib</file>
         <name>fd_toi28.asm.obj</name>
      </input_file>
      <input_file id="fl-4f">
         <path>C:\CCStudio_v8\ccsv8\tools\compiler\ti-cgt-c2000_18.1.1.LTS\lib\</path>
         <kind>archive</kind>
         <file>rts2800_fpu32.lib</file>
         <name>fd_tol28.asm.obj</name>
      </input_file>
      <input_file id="fl-50">
         <path>C:\CCStudio_v8\ccsv8\tools\compiler\ti-cgt-c2000_18.1.1.LTS\lib\</path>
         <kind>archive</kind>
         <file>rts2800_fpu32.lib</file>
         <name>ll_cmp28.asm.obj</name>
      </input_file>
      <input_file id="fl-51">
         <path>C:\CCStudio_v8\ccsv8\tools\compiler\ti-cgt-c2000_18.1.1.LTS\lib\</path>
         <kind>archive</kind>
         <file>rts2800_fpu32.lib</file>
         <name>i_tofd28.asm.obj</name>
      </input_file>
      <input_file id="fl-52">
         <path>C:\CCStudio_v8\ccsv8\tools\compiler\ti-cgt-c2000_18.1.1.LTS\lib\</path>
         <kind>archive</kind>
         <file>rts2800_fpu32.lib</file>
         <name>l_tofd28.asm.obj</name>
      </input_file>
      <input_file id="fl-53">
         <path>C:\CCStudio_v8\ccsv8\tools\compiler\ti-cgt-c2000_18.1.1.LTS\lib\</path>
         <kind>archive</kind>
         <file>rts2800_fpu32.lib</file>
         <name>l_div28.asm.obj</name>
      </input_file>
      <input_file id="fl-54">
         <path>C:\CCStudio_v8\ccsv8\tools\compiler\ti-cgt-c2000_18.1.1.LTS\lib\</path>
         <kind>archive</kind>
         <file>rts2800_fpu32.lib</file>
         <name>fs_tofdfpu32.asm.obj</name>
      </input_file>
      <input_file id="fl-55">
         <path>C:\CCStudio_v8\ccsv8\tools\compiler\ti-cgt-c2000_18.1.1.LTS\lib\</path>
         <kind>archive</kind>
         <file>rts2800_fpu32.lib</file>
         <name>errno.c.obj</name>
      </input_file>
      <input_file id="fl-56">
         <path>C:\CCStudio_v8\ccsv8\tools\compiler\ti-cgt-c2000_18.1.1.LTS\lib\</path>
         <kind>archive</kind>
         <file>rts2800_fpu32.lib</file>
         <name>wcslen.c.obj</name>
      </input_file>
   </input_file_list>
   <object_component_list>
      <object_component id="oc-fc">
         <name>xdc.meta</name>
         <load_address>0x0</load_address>
         <run_address>0x0</run_address>
         <size>0xfa</size>
         <input_file_ref idref="fl-c"/>
      </object_component>
      <object_component id="oc-f9">
         <name>.cinit</name>
         <load_address>0x82000</load_address>
         <run_address>0x82000</run_address>
         <size>0x425</size>
         <input_file_ref idref="fl-c"/>
      </object_component>
      <object_component id="oc-e9">
         <name>.cinit</name>
         <load_address>0x82425</load_address>
         <run_address>0x82425</run_address>
         <size>0x2c</size>
         <input_file_ref idref="fl-8"/>
      </object_component>
      <object_component id="oc-192">
         <name>.cinit</name>
         <load_address>0x82451</load_address>
         <run_address>0x82451</run_address>
         <size>0xe</size>
         <input_file_ref idref="fl-34"/>
      </object_component>
      <object_component id="oc-2b9">
         <name>.cinit:__lock</name>
         <load_address>0x8245f</load_address>
         <run_address>0x8245f</run_address>
         <size>0x5</size>
         <input_file_ref idref="fl-35"/>
      </object_component>
      <object_component id="oc-2b8">
         <name>.cinit:__unlock</name>
         <load_address>0x82464</load_address>
         <run_address>0x82464</run_address>
         <size>0x5</size>
         <input_file_ref idref="fl-35"/>
      </object_component>
      <object_component id="oc-23c">
         <name>.cinit</name>
         <load_address>0x82469</load_address>
         <run_address>0x82469</run_address>
         <size>0x4</size>
         <input_file_ref idref="fl-55"/>
      </object_component>
      <object_component id="oc-3dc">
         <name>.binit</name>
         <load_address>0x80004</load_address>
         <run_address>0x80004</run_address>
         <size>0x0</size>
      </object_component>
      <object_component id="oc-274">
         <name>.text</name>
         <load_address>0x88000</load_address>
         <run_address>0x88000</run_address>
         <size>0x24c</size>
         <input_file_ref idref="fl-6"/>
      </object_component>
      <object_component id="oc-3ba">
         <name>.text:_xdc_runtime_System_doPrint__I</name>
         <load_address>0x8824c</load_address>
         <run_address>0x8824c</run_address>
         <size>0x232</size>
         <input_file_ref idref="fl-26"/>
      </object_component>
      <object_component id="oc-2cb">
         <name>.text:_ti_sysbios_knl_Semaphore_pend__E</name>
         <load_address>0x8847e</load_address>
         <run_address>0x8847e</run_address>
         <size>0x1dc</size>
         <input_file_ref idref="fl-18"/>
      </object_component>
      <object_component id="oc-2a7">
         <name>.text:_ti_sysbios_heaps_HeapMem_freeUnprotected__E</name>
         <load_address>0x8865a</load_address>
         <run_address>0x8865a</run_address>
         <size>0x1a1</size>
         <input_file_ref idref="fl-18"/>
      </object_component>
      <object_component id="oc-2a3">
         <name>.text:_ti_sysbios_heaps_HeapMem_allocUnprotected__E</name>
         <load_address>0x887fb</load_address>
         <run_address>0x887fb</run_address>
         <size>0x181</size>
         <input_file_ref idref="fl-18"/>
      </object_component>
      <object_component id="oc-3ce">
         <name>.text:_xdc_runtime_System_printfExtend__I</name>
         <load_address>0x8897c</load_address>
         <run_address>0x8897c</run_address>
         <size>0x10a</size>
         <input_file_ref idref="fl-c"/>
      </object_component>
      <object_component id="oc-173">
         <name>.text</name>
         <load_address>0x88a86</load_address>
         <run_address>0x88a86</run_address>
         <size>0x107</size>
         <input_file_ref idref="fl-2e"/>
      </object_component>
      <object_component id="oc-2aa">
         <name>.text:_ti_sysbios_heaps_HeapMem_Instance_init__E</name>
         <load_address>0x88b8d</load_address>
         <run_address>0x88b8d</run_address>
         <size>0xed</size>
         <input_file_ref idref="fl-18"/>
      </object_component>
      <object_component id="oc-251">
         <name>.text</name>
         <load_address>0x88c7a</load_address>
         <run_address>0x88c7a</run_address>
         <size>0xe7</size>
         <input_file_ref idref="fl-8"/>
      </object_component>
      <object_component id="oc-2fc">
         <name>.text:_ti_sysbios_family_c28_Hwi_clearInterrupt__E</name>
         <load_address>0x88d61</load_address>
         <run_address>0x88d61</run_address>
         <size>0xe0</size>
         <input_file_ref idref="fl-18"/>
      </object_component>
      <object_component id="oc-3d0">
         <name>.text:_ti_sysbios_family_c28_Hwi_dispatchCore__I</name>
         <load_address>0x88e41</load_address>
         <run_address>0x88e41</run_address>
         <size>0xc2</size>
         <input_file_ref idref="fl-18"/>
      </object_component>
      <object_component id="oc-254">
         <name>.text:_ti_sysbios_knl_Clock_workFunc__E</name>
         <load_address>0x88f03</load_address>
         <run_address>0x88f03</run_address>
         <size>0xba</size>
         <input_file_ref idref="fl-18"/>
      </object_component>
      <object_component id="oc-2cc">
         <name>.text:_ti_sysbios_knl_Semaphore_post__E</name>
         <load_address>0x88fbd</load_address>
         <run_address>0x88fbd</run_address>
         <size>0xb8</size>
         <input_file_ref idref="fl-18"/>
      </object_component>
      <object_component id="oc-33d">
         <name>.text:_ti_sysbios_knl_Swi_run__I</name>
         <load_address>0x89075</load_address>
         <run_address>0x89075</run_address>
         <size>0xb1</size>
         <input_file_ref idref="fl-18"/>
      </object_component>
      <object_component id="oc-29d">
         <name>.text:_xdc_runtime_Core_createObject__I</name>
         <load_address>0x89126</load_address>
         <run_address>0x89126</run_address>
         <size>0xac</size>
         <input_file_ref idref="fl-1e"/>
      </object_component>
      <object_component id="oc-2d1">
         <name>.text:_xdc_runtime_Error_policyDefault__E</name>
         <load_address>0x891d2</load_address>
         <run_address>0x891d2</run_address>
         <size>0x9c</size>
         <input_file_ref idref="fl-22"/>
      </object_component>
      <object_component id="oc-1fa">
         <name>.text</name>
         <load_address>0x8926e</load_address>
         <run_address>0x8926e</run_address>
         <size>0x9c</size>
         <input_file_ref idref="fl-48"/>
      </object_component>
      <object_component id="oc-3a2">
         <name>.text:_ti_sysbios_family_c28_Hwi_dispatch</name>
         <load_address>0x8930a</load_address>
         <run_address>0x8930a</run_address>
         <size>0x9b</size>
         <input_file_ref idref="fl-1a"/>
      </object_component>
      <object_component id="oc-355">
         <name>.text:_xdc_runtime_Core_constructObject__I</name>
         <load_address>0x893a5</load_address>
         <run_address>0x893a5</run_address>
         <size>0x9a</size>
         <input_file_ref idref="fl-1f"/>
      </object_component>
      <object_component id="oc-25a">
         <name>.text:.bootCodeSection:_ti_catalog_c2800_initF2837x_Boot_init</name>
         <load_address>0x8943f</load_address>
         <run_address>0x8943f</run_address>
         <size>0x1</size>
         <input_file_ref idref="fl-c"/>
      </object_component>
      <object_component id="oc-39d">
         <name>.text</name>
         <load_address>0x89440</load_address>
         <run_address>0x89440</run_address>
         <size>0x94</size>
         <input_file_ref idref="fl-3b"/>
      </object_component>
      <object_component id="oc-2fd">
         <name>.text:_ti_sysbios_family_c28_Hwi_enableInterrupt__E</name>
         <load_address>0x894d4</load_address>
         <run_address>0x894d4</run_address>
         <size>0x8e</size>
         <input_file_ref idref="fl-18"/>
      </object_component>
      <object_component id="oc-204">
         <name>.text</name>
         <load_address>0x89562</load_address>
         <run_address>0x89562</run_address>
         <size>0x8b</size>
         <input_file_ref idref="fl-4a"/>
      </object_component>
      <object_component id="oc-209">
         <name>.text</name>
         <load_address>0x895ed</load_address>
         <run_address>0x895ed</run_address>
         <size>0x83</size>
         <input_file_ref idref="fl-4b"/>
      </object_component>
      <object_component id="oc-3bc">
         <name>.text:_ti_sysbios_family_c28_Hwi_disableInterrupt__E</name>
         <load_address>0x89670</load_address>
         <run_address>0x89670</run_address>
         <size>0x81</size>
         <input_file_ref idref="fl-18"/>
      </object_component>
      <object_component id="oc-347">
         <name>.text:_ti_sysbios_family_c28_Hwi_disablePIEIER__E</name>
         <load_address>0x896f1</load_address>
         <run_address>0x896f1</run_address>
         <size>0x80</size>
         <input_file_ref idref="fl-18"/>
      </object_component>
      <object_component id="oc-346">
         <name>.text:_ti_sysbios_family_c28_Hwi_enablePIEIER__E</name>
         <load_address>0x89771</load_address>
         <run_address>0x89771</run_address>
         <size>0x7f</size>
         <input_file_ref idref="fl-18"/>
      </object_component>
      <object_component id="oc-334">
         <name>.text:_xdc_runtime_Startup_startMods__I</name>
         <load_address>0x897f0</load_address>
         <run_address>0x897f0</run_address>
         <size>0x79</size>
         <input_file_ref idref="fl-25"/>
      </object_component>
      <object_component id="oc-300">
         <name>.text:_ti_sysbios_knl_Task_checkStacks__E</name>
         <load_address>0x89869</load_address>
         <run_address>0x89869</run_address>
         <size>0x73</size>
         <input_file_ref idref="fl-18"/>
      </object_component>
      <object_component id="oc-2c2">
         <name>.text:_ti_sysbios_knl_Task_startCore__E</name>
         <load_address>0x898dc</load_address>
         <run_address>0x898dc</run_address>
         <size>0x72</size>
         <input_file_ref idref="fl-18"/>
      </object_component>
      <object_component id="oc-28f">
         <name>.text:_ti_sysbios_gates_GateMutex_enter__E</name>
         <load_address>0x8994e</load_address>
         <run_address>0x8994e</run_address>
         <size>0x71</size>
         <input_file_ref idref="fl-18"/>
      </object_component>
      <object_component id="oc-33e">
         <name>.text:_ti_sysbios_knl_Task_schedule__I</name>
         <load_address>0x899bf</load_address>
         <run_address>0x899bf</run_address>
         <size>0x6f</size>
         <input_file_ref idref="fl-18"/>
      </object_component>
      <object_component id="oc-38c">
         <name>.text:_xdc_runtime_Text_putSite__E</name>
         <load_address>0x89a2e</load_address>
         <run_address>0x89a2e</run_address>
         <size>0x6b</size>
         <input_file_ref idref="fl-28"/>
      </object_component>
      <object_component id="oc-356">
         <name>.text:_ti_sysbios_knl_Semaphore_Instance_init__E</name>
         <load_address>0x89a99</load_address>
         <run_address>0x89a99</run_address>
         <size>0x6a</size>
         <input_file_ref idref="fl-18"/>
      </object_component>
      <object_component id="oc-77">
         <name>.text</name>
         <load_address>0x89b03</load_address>
         <run_address>0x89b03</run_address>
         <size>0x69</size>
         <input_file_ref idref="fl-2b"/>
      </object_component>
      <object_component id="oc-3a4">
         <name>.text:_ti_sysbios_family_c28_Timer_stopAndClear__I</name>
         <load_address>0x89b6c</load_address>
         <run_address>0x89b6c</run_address>
         <size>0x66</size>
         <input_file_ref idref="fl-18"/>
      </object_component>
      <object_component id="oc-273">
         <name>.text:_ti_sysbios_knl_Swi_post__E</name>
         <load_address>0x89bd2</load_address>
         <run_address>0x89bd2</run_address>
         <size>0x61</size>
         <input_file_ref idref="fl-18"/>
      </object_component>
      <object_component id="oc-31c">
         <name>.text:_ti_sysbios_knl_Task_blockI__E</name>
         <load_address>0x89c33</load_address>
         <run_address>0x89c33</run_address>
         <size>0x61</size>
         <input_file_ref idref="fl-18"/>
      </object_component>
      <object_component id="oc-3ac">
         <name>.text:_ti_sysbios_knl_Task_exit__E</name>
         <load_address>0x89c94</load_address>
         <run_address>0x89c94</run_address>
         <size>0x58</size>
         <input_file_ref idref="fl-18"/>
      </object_component>
      <object_component id="oc-31f">
         <name>.text:_ti_sysbios_knl_Task_unblockI__E</name>
         <load_address>0x89cec</load_address>
         <run_address>0x89cec</run_address>
         <size>0x52</size>
         <input_file_ref idref="fl-18"/>
      </object_component>
      <object_component id="oc-363">
         <name>.text:_xdc_runtime_Memory_alloc__E</name>
         <load_address>0x89d3e</load_address>
         <run_address>0x89d3e</run_address>
         <size>0x4f</size>
         <input_file_ref idref="fl-24"/>
      </object_component>
      <object_component id="oc-3d4">
         <name>.text:_xdc_runtime_Text_putLab__E</name>
         <load_address>0x89d8d</load_address>
         <run_address>0x89d8d</run_address>
         <size>0x4b</size>
         <input_file_ref idref="fl-28"/>
      </object_component>
      <object_component id="oc-269">
         <name>.text:_ti_sysbios_heaps_HeapMem_alloc__E</name>
         <load_address>0x89dd8</load_address>
         <run_address>0x89dd8</run_address>
         <size>0x4a</size>
         <input_file_ref idref="fl-18"/>
      </object_component>
      <object_component id="oc-39a">
         <name>.text:_ti_sysbios_knl_Task_postInit__I</name>
         <load_address>0x89e22</load_address>
         <run_address>0x89e22</run_address>
         <size>0x49</size>
         <input_file_ref idref="fl-18"/>
      </object_component>
      <object_component id="oc-382">
         <name>.text:_ti_sysbios_family_c28_Hwi_Module_startup__E</name>
         <load_address>0x89e6b</load_address>
         <run_address>0x89e6b</run_address>
         <size>0x47</size>
         <input_file_ref idref="fl-18"/>
      </object_component>
      <object_component id="oc-29f">
         <name>.text:_xdc_runtime_Core_deleteObject__I</name>
         <load_address>0x89eb2</load_address>
         <run_address>0x89eb2</run_address>
         <size>0x46</size>
         <input_file_ref idref="fl-1e"/>
      </object_component>
      <object_component id="oc-392">
         <name>.text:_ti_sysbios_family_c28_Timer_postInit__I</name>
         <load_address>0x89ef8</load_address>
         <run_address>0x89ef8</run_address>
         <size>0x43</size>
         <input_file_ref idref="fl-18"/>
      </object_component>
      <object_component id="oc-104">
         <name>.text:_ti_sysbios_family_c28_Hwi_unPluggedInterrupt__I</name>
         <load_address>0x89f3b</load_address>
         <run_address>0x89f3b</run_address>
         <size>0x42</size>
         <input_file_ref idref="fl-18"/>
      </object_component>
      <object_component id="oc-39e">
         <name>.text:_xdc_runtime_Text_putMod__E</name>
         <load_address>0x89f7d</load_address>
         <run_address>0x89f7d</run_address>
         <size>0x3f</size>
         <input_file_ref idref="fl-28"/>
      </object_component>
      <object_component id="oc-3db">
         <name>.text:_ti_sysbios_knl_Swi_restoreHwi__E</name>
         <load_address>0x89fbc</load_address>
         <run_address>0x89fbc</run_address>
         <size>0x3e</size>
         <input_file_ref idref="fl-18"/>
      </object_component>
      <object_component id="oc-2df">
         <name>.text:_xdc_runtime_Core_assignParams__I</name>
         <load_address>0x89ffa</load_address>
         <run_address>0x89ffa</run_address>
         <size>0x3d</size>
         <input_file_ref idref="fl-21"/>
      </object_component>
      <object_component id="oc-3c5">
         <name>.text:_xdc_runtime_System_formatNum__I</name>
         <load_address>0x8a037</load_address>
         <run_address>0x8a037</run_address>
         <size>0x3c</size>
         <input_file_ref idref="fl-26"/>
      </object_component>
      <object_component id="oc-3c0">
         <name>.text:_ti_sysbios_family_c28_TaskSupport_start__E</name>
         <load_address>0x8a073</load_address>
         <run_address>0x8a073</run_address>
         <size>0x3a</size>
         <input_file_ref idref="fl-18"/>
      </object_component>
      <object_component id="oc-388">
         <name>.text</name>
         <load_address>0x8a0ad</load_address>
         <run_address>0x8a0ad</run_address>
         <size>0x38</size>
         <input_file_ref idref="fl-3a"/>
      </object_component>
      <object_component id="oc-270">
         <name>.text:_ti_sysbios_knl_Clock_logTick__E</name>
         <load_address>0x8a0e5</load_address>
         <run_address>0x8a0e5</run_address>
         <size>0x37</size>
         <input_file_ref idref="fl-18"/>
      </object_component>
      <object_component id="oc-2bd">
         <name>.text:_ti_sysbios_BIOS_rtsUnlock__I</name>
         <load_address>0x8a11c</load_address>
         <run_address>0x8a11c</run_address>
         <size>0x34</size>
         <input_file_ref idref="fl-c"/>
      </object_component>
      <object_component id="oc-386">
         <name>.text:_ti_sysbios_knl_Task_Module_startup__E</name>
         <load_address>0x8a150</load_address>
         <run_address>0x8a150</run_address>
         <size>0x32</size>
         <input_file_ref idref="fl-18"/>
      </object_component>
      <object_component id="oc-2c9">
         <name>.text:_xdc_runtime_Assert_raise__I</name>
         <load_address>0x8a182</load_address>
         <run_address>0x8a182</run_address>
         <size>0x32</size>
         <input_file_ref idref="fl-1d"/>
      </object_component>
      <object_component id="oc-3cd">
         <name>.text:_xdc_runtime_Text_visitRope2__I</name>
         <load_address>0x8a1b4</load_address>
         <run_address>0x8a1b4</run_address>
         <size>0x32</size>
         <input_file_ref idref="fl-28"/>
      </object_component>
      <object_component id="oc-37e">
         <name>.text:_xdc_runtime_Error_print__E</name>
         <load_address>0x8a1e6</load_address>
         <run_address>0x8a1e6</run_address>
         <size>0x30</size>
         <input_file_ref idref="fl-22"/>
      </object_component>
      <object_component id="oc-325">
         <name>.text:_xdc_runtime_Error_setX__E</name>
         <load_address>0x8a216</load_address>
         <run_address>0x8a216</run_address>
         <size>0x30</size>
         <input_file_ref idref="fl-22"/>
      </object_component>
      <object_component id="oc-247">
         <name>.text:_xdc_runtime_Startup_exec__E</name>
         <load_address>0x8a246</load_address>
         <run_address>0x8a246</run_address>
         <size>0x2f</size>
         <input_file_ref idref="fl-25"/>
      </object_component>
      <object_component id="oc-2f0">
         <name>.text:_ti_sysbios_knl_Swi_runLoop__I</name>
         <load_address>0x8a275</load_address>
         <run_address>0x8a275</run_address>
         <size>0x2e</size>
         <input_file_ref idref="fl-18"/>
      </object_component>
      <object_component id="oc-2b4">
         <name>.text:_ti_sysbios_knl_Swi_schedule__I</name>
         <load_address>0x8a2a3</load_address>
         <run_address>0x8a2a3</run_address>
         <size>0x2e</size>
         <input_file_ref idref="fl-18"/>
      </object_component>
      <object_component id="oc-35e">
         <name>.text:_ti_sysbios_family_c28_Hwi_getStackInfo__E</name>
         <load_address>0x8a2d1</load_address>
         <run_address>0x8a2d1</run_address>
         <size>0x2d</size>
         <input_file_ref idref="fl-18"/>
      </object_component>
      <object_component id="oc-26c">
         <name>.text:_ti_sysbios_heaps_HeapMem_getStats__E</name>
         <load_address>0x8a2fe</load_address>
         <run_address>0x8a2fe</run_address>
         <size>0x2d</size>
         <input_file_ref idref="fl-18"/>
      </object_component>
      <object_component id="oc-2bf">
         <name>.text:_ti_sysbios_family_c28_Timer_start__E</name>
         <load_address>0x8a32b</load_address>
         <run_address>0x8a32b</run_address>
         <size>0x2c</size>
         <input_file_ref idref="fl-18"/>
      </object_component>
      <object_component id="oc-1ff">
         <name>.text</name>
         <load_address>0x8a357</load_address>
         <run_address>0x8a357</run_address>
         <size>0x2a</size>
         <input_file_ref idref="fl-49"/>
      </object_component>
      <object_component id="oc-231">
         <name>.text</name>
         <load_address>0x8a381</load_address>
         <run_address>0x8a381</run_address>
         <size>0x2a</size>
         <input_file_ref idref="fl-53"/>
      </object_component>
      <object_component id="oc-2d8">
         <name>.text</name>
         <load_address>0x8a3ab</load_address>
         <run_address>0x8a3ab</run_address>
         <size>0x29</size>
         <input_file_ref idref="fl-34"/>
      </object_component>
      <object_component id="oc-39f">
         <name>.text:_xdc_runtime_Text_xprintf__I</name>
         <load_address>0x8a3d4</load_address>
         <run_address>0x8a3d4</run_address>
         <size>0x28</size>
         <input_file_ref idref="fl-28"/>
      </object_component>
      <object_component id="oc-26a">
         <name>.text:_ti_sysbios_heaps_HeapMem_free__E</name>
         <load_address>0x8a3fc</load_address>
         <run_address>0x8a3fc</run_address>
         <size>0x27</size>
         <input_file_ref idref="fl-18"/>
      </object_component>
      <object_component id="oc-2d2">
         <name>.text:_ti_sysbios_heaps_HeapMem_init__I</name>
         <load_address>0x8a423</load_address>
         <run_address>0x8a423</run_address>
         <size>0x27</size>
         <input_file_ref idref="fl-18"/>
      </object_component>
      <object_component id="oc-337">
         <name>.text:_xdc_runtime_SysMin_flush__E</name>
         <load_address>0x8a44a</load_address>
         <run_address>0x8a44a</run_address>
         <size>0x26</size>
         <input_file_ref idref="fl-27"/>
      </object_component>
      <object_component id="oc-3cc">
         <name>.text:_ti_sysbios_family_c28_TaskSupport_buildTaskStack</name>
         <load_address>0x8a470</load_address>
         <run_address>0x8a470</run_address>
         <size>0x25</size>
         <input_file_ref idref="fl-1c"/>
      </object_component>
      <object_component id="oc-246">
         <name>.text</name>
         <load_address>0x8a495</load_address>
         <run_address>0x8a495</run_address>
         <size>0x24</size>
         <input_file_ref idref="fl-30"/>
      </object_component>
      <object_component id="oc-25f">
         <name>.text:_xdc_runtime_System_processAtExit__E</name>
         <load_address>0x8a4b9</load_address>
         <run_address>0x8a4b9</run_address>
         <size>0x23</size>
         <input_file_ref idref="fl-26"/>
      </object_component>
      <object_component id="oc-2ff">
         <name>.text:_ti_sysbios_knl_Task_allBlockedFunction__I</name>
         <load_address>0x8a4dc</load_address>
         <run_address>0x8a4dc</run_address>
         <size>0x21</size>
         <input_file_ref idref="fl-18"/>
      </object_component>
      <object_component id="oc-218">
         <name>.text</name>
         <load_address>0x8a4fd</load_address>
         <run_address>0x8a4fd</run_address>
         <size>0x21</size>
         <input_file_ref idref="fl-4e"/>
      </object_component>
      <object_component id="oc-3a6">
         <name>.text:_ti_sysbios_family_c28_Timer_setPrescale__E</name>
         <load_address>0x8a51e</load_address>
         <run_address>0x8a51e</run_address>
         <size>0x20</size>
         <input_file_ref idref="fl-18"/>
      </object_component>
      <object_component id="oc-27b">
         <name>.text:_xdc_runtime_System_atexit__E</name>
         <load_address>0x8a53e</load_address>
         <run_address>0x8a53e</run_address>
         <size>0x20</size>
         <input_file_ref idref="fl-26"/>
      </object_component>
      <object_component id="oc-265">
         <name>.text:_ti_sysbios_gates_GateHwi_Object__create__S</name>
         <load_address>0x8a55e</load_address>
         <run_address>0x8a55e</run_address>
         <size>0x1f</size>
         <input_file_ref idref="fl-c"/>
      </object_component>
      <object_component id="oc-291">
         <name>.text:_ti_sysbios_gates_GateMutex_Object__create__S</name>
         <load_address>0x8a57d</load_address>
         <run_address>0x8a57d</run_address>
         <size>0x1f</size>
         <input_file_ref idref="fl-c"/>
      </object_component>
      <object_component id="oc-26d">
         <name>.text:_ti_sysbios_heaps_HeapMem_Object__create__S</name>
         <load_address>0x8a59c</load_address>
         <run_address>0x8a59c</run_address>
         <size>0x1f</size>
         <input_file_ref idref="fl-c"/>
      </object_component>
      <object_component id="oc-21d">
         <name>.text</name>
         <load_address>0x8a5bb</load_address>
         <run_address>0x8a5bb</run_address>
         <size>0x1f</size>
         <input_file_ref idref="fl-4f"/>
      </object_component>
      <object_component id="oc-37f">
         <name>.text:_xdc_runtime_SysMin_putch__E</name>
         <load_address>0x8a5da</load_address>
         <run_address>0x8a5da</run_address>
         <size>0x1e</size>
         <input_file_ref idref="fl-27"/>
      </object_component>
      <object_component id="oc-222">
         <name>.text</name>
         <load_address>0x8a5f8</load_address>
         <run_address>0x8a5f8</run_address>
         <size>0x1e</size>
         <input_file_ref idref="fl-50"/>
      </object_component>
      <object_component id="oc-25b">
         <name>.text</name>
         <load_address>0x8a616</load_address>
         <run_address>0x8a616</run_address>
         <size>0x1e</size>
         <input_file_ref idref="fl-31"/>
      </object_component>
      <object_component id="oc-34f">
         <name>.text:_ti_sysbios_family_c28_TaskSupport_swap__E</name>
         <load_address>0x8a634</load_address>
         <run_address>0x8a634</run_address>
         <size>0x1d</size>
         <input_file_ref idref="fl-1c"/>
      </object_component>
      <object_component id="oc-227">
         <name>.text</name>
         <load_address>0x8a651</load_address>
         <run_address>0x8a651</run_address>
         <size>0x1d</size>
         <input_file_ref idref="fl-51"/>
      </object_component>
      <object_component id="oc-358">
         <name>.text:_ti_sysbios_hal_Hwi_checkStack</name>
         <load_address>0x8a66e</load_address>
         <run_address>0x8a66e</run_address>
         <size>0x1c</size>
         <input_file_ref idref="fl-18"/>
      </object_component>
      <object_component id="oc-236">
         <name>.text</name>
         <load_address>0x8a68a</load_address>
         <run_address>0x8a68a</run_address>
         <size>0x1c</size>
         <input_file_ref idref="fl-54"/>
      </object_component>
      <object_component id="oc-22c">
         <name>.text</name>
         <load_address>0x8a6a6</load_address>
         <run_address>0x8a6a6</run_address>
         <size>0x1c</size>
         <input_file_ref idref="fl-52"/>
      </object_component>
      <object_component id="oc-3c7">
         <name>.text:_ti_sysbios_family_c28_Hwi_switchAndDispatch__I</name>
         <load_address>0x8a6c2</load_address>
         <run_address>0x8a6c2</run_address>
         <size>0x1b</size>
         <input_file_ref idref="fl-19"/>
      </object_component>
      <object_component id="oc-2d3">
         <name>.text:_ti_sysbios_hal_Hwi_initStack</name>
         <load_address>0x8a6dd</load_address>
         <run_address>0x8a6dd</run_address>
         <size>0x1b</size>
         <input_file_ref idref="fl-18"/>
      </object_component>
      <object_component id="oc-3bf">
         <name>.text:_ti_sysbios_knl_Task_processVitalTaskFlag__I</name>
         <load_address>0x8a6f8</load_address>
         <run_address>0x8a6f8</run_address>
         <size>0x1b</size>
         <input_file_ref idref="fl-18"/>
      </object_component>
      <object_component id="oc-376">
         <name>.text:_xdc_runtime_SysMin_output__I</name>
         <load_address>0x8a713</load_address>
         <run_address>0x8a713</run_address>
         <size>0x1b</size>
         <input_file_ref idref="fl-c"/>
      </object_component>
      <object_component id="oc-317">
         <name>.text:_ti_sysbios_knl_Clock_addI__E</name>
         <load_address>0x8a72e</load_address>
         <run_address>0x8a72e</run_address>
         <size>0x1a</size>
         <input_file_ref idref="fl-18"/>
      </object_component>
      <object_component id="oc-322">
         <name>.text:_ti_sysbios_knl_Semaphore_construct</name>
         <load_address>0x8a748</load_address>
         <run_address>0x8a748</run_address>
         <size>0x1a</size>
         <input_file_ref idref="fl-c"/>
      </object_component>
      <object_component id="oc-2a0">
         <name>.text:_xdc_runtime_Core_assignLabel__I</name>
         <load_address>0x8a762</load_address>
         <run_address>0x8a762</run_address>
         <size>0x1a</size>
         <input_file_ref idref="fl-20"/>
      </object_component>
      <object_component id="oc-3a0">
         <name>.text:_xdc_runtime_System_avprintf__E</name>
         <load_address>0x8a77c</load_address>
         <run_address>0x8a77c</run_address>
         <size>0x1a</size>
         <input_file_ref idref="fl-26"/>
      </object_component>
      <object_component id="oc-316">
         <name>.text:_ti_sysbios_knl_Semaphore_pendTimeout__I</name>
         <load_address>0x8a796</load_address>
         <run_address>0x8a796</run_address>
         <size>0x19</size>
         <input_file_ref idref="fl-18"/>
      </object_component>
      <object_component id="oc-2c1">
         <name>.text:_ti_sysbios_knl_Swi_restore__E</name>
         <load_address>0x8a7af</load_address>
         <run_address>0x8a7af</run_address>
         <size>0x19</size>
         <input_file_ref idref="fl-18"/>
      </object_component>
      <object_component id="oc-3c6">
         <name>.text:_xdc_runtime_System_putchar__I</name>
         <load_address>0x8a7c8</load_address>
         <run_address>0x8a7c8</run_address>
         <size>0x19</size>
         <input_file_ref idref="fl-26"/>
      </object_component>
      <object_component id="oc-3a1">
         <name>.text:_xdc_runtime_System_vprintf__E</name>
         <load_address>0x8a7e1</load_address>
         <run_address>0x8a7e1</run_address>
         <size>0x19</size>
         <input_file_ref idref="fl-26"/>
      </object_component>
      <object_component id="oc-249">
         <name>.text</name>
         <load_address>0x8a7fa</load_address>
         <run_address>0x8a7fa</run_address>
         <size>0x19</size>
         <input_file_ref idref="fl-36"/>
      </object_component>
      <object_component id="oc-2f1">
         <name>.text:_ti_sysbios_family_xxx_Hwi_switchAndRunFunc</name>
         <load_address>0x8a813</load_address>
         <run_address>0x8a813</run_address>
         <size>0x18</size>
         <input_file_ref idref="fl-19"/>
      </object_component>
      <object_component id="oc-36d">
         <name>.text:_ti_sysbios_knl_Queue_construct</name>
         <load_address>0x8a82b</load_address>
         <run_address>0x8a82b</run_address>
         <size>0x18</size>
         <input_file_ref idref="fl-c"/>
      </object_component>
      <object_component id="oc-3b7">
         <name>.text:_xdc_runtime_Text_printVisFxn__I</name>
         <load_address>0x8a843</load_address>
         <run_address>0x8a843</run_address>
         <size>0x18</size>
         <input_file_ref idref="fl-28"/>
      </object_component>
      <object_component id="oc-16e">
         <name>.text</name>
         <load_address>0x8a85b</load_address>
         <run_address>0x8a85b</run_address>
         <size>0x18</size>
         <input_file_ref idref="fl-2d"/>
      </object_component>
      <object_component id="oc-27a">
         <name>.text:_ti_sysbios_BIOS_atExitFunc__I</name>
         <load_address>0x8a873</load_address>
         <run_address>0x8a873</run_address>
         <size>0x17</size>
         <input_file_ref idref="fl-c"/>
      </object_component>
      <object_component id="oc-27d">
         <name>.text:_ti_sysbios_family_c28_Timer_startup__E</name>
         <load_address>0x8a88a</load_address>
         <run_address>0x8a88a</run_address>
         <size>0x17</size>
         <input_file_ref idref="fl-18"/>
      </object_component>
      <object_component id="oc-250">
         <name>.text:_ti_sysbios_knl_Clock_doTick__I</name>
         <load_address>0x8a8a1</load_address>
         <run_address>0x8a8a1</run_address>
         <size>0x17</size>
         <input_file_ref idref="fl-c"/>
      </object_component>
      <object_component id="oc-2f2">
         <name>.text:_ti_sysbios_knl_Task_restore__E</name>
         <load_address>0x8a8b8</load_address>
         <run_address>0x8a8b8</run_address>
         <size>0x17</size>
         <input_file_ref idref="fl-18"/>
      </object_component>
      <object_component id="oc-338">
         <name>.text:_xdc_runtime_Memory_valloc__E</name>
         <load_address>0x8a8cf</load_address>
         <run_address>0x8a8cf</run_address>
         <size>0x17</size>
         <input_file_ref idref="fl-24"/>
      </object_component>
      <object_component id="oc-383">
         <name>.text:_ti_sysbios_family_c28_Timer_Module_startup__E</name>
         <load_address>0x8a8e6</load_address>
         <run_address>0x8a8e6</run_address>
         <size>0x16</size>
         <input_file_ref idref="fl-18"/>
      </object_component>
      <object_component id="oc-372">
         <name>.text:_xdc_runtime_SysMin_abort__E</name>
         <load_address>0x8a8fc</load_address>
         <run_address>0x8a8fc</run_address>
         <size>0x16</size>
         <input_file_ref idref="fl-27"/>
      </object_component>
      <object_component id="oc-252">
         <name>.text:_ti_sysbios_BIOS_startFunc__I</name>
         <load_address>0x8a912</load_address>
         <run_address>0x8a912</run_address>
         <size>0x15</size>
         <input_file_ref idref="fl-c"/>
      </object_component>
      <object_component id="oc-385">
         <name>.text:_ti_sysbios_knl_Swi_Module_startup__E</name>
         <load_address>0x8a927</load_address>
         <run_address>0x8a927</run_address>
         <size>0x15</size>
         <input_file_ref idref="fl-18"/>
      </object_component>
      <object_component id="oc-294">
         <name>.text:_ti_sysbios_knl_Idle_run__E</name>
         <load_address>0x8a93c</load_address>
         <run_address>0x8a93c</run_address>
         <size>0x14</size>
         <input_file_ref idref="fl-18"/>
      </object_component>
      <object_component id="oc-35a">
         <name>.text:_ti_sysbios_BIOS_errorRaiseHook__I</name>
         <load_address>0x8a950</load_address>
         <run_address>0x8a950</run_address>
         <size>0x13</size>
         <input_file_ref idref="fl-c"/>
      </object_component>
      <object_component id="oc-391">
         <name>.text:_ti_sysbios_family_c28_Hwi_Object__get__S</name>
         <load_address>0x8a963</load_address>
         <run_address>0x8a963</run_address>
         <size>0x13</size>
         <input_file_ref idref="fl-c"/>
      </object_component>
      <object_component id="oc-292">
         <name>.text:_ti_sysbios_gates_GateMutex_Object__delete__S</name>
         <load_address>0x8a976</load_address>
         <run_address>0x8a976</run_address>
         <size>0x13</size>
         <input_file_ref idref="fl-c"/>
      </object_component>
      <object_component id="oc-259">
         <name>.text:_xdc_runtime_Error_raiseX__E</name>
         <load_address>0x8a989</load_address>
         <run_address>0x8a989</run_address>
         <size>0x13</size>
         <input_file_ref idref="fl-22"/>
      </object_component>
      <object_component id="oc-3c9">
         <name>.text:_ti_sysbios_family_c28_Hwi_disableIER__E</name>
         <load_address>0x8a99c</load_address>
         <run_address>0x8a99c</run_address>
         <size>0x12</size>
         <input_file_ref idref="fl-c"/>
      </object_component>
      <object_component id="oc-266">
         <name>.text:_ti_sysbios_gates_GateHwi_Object__delete__S</name>
         <load_address>0x8a9ae</load_address>
         <run_address>0x8a9ae</run_address>
         <size>0x12</size>
         <input_file_ref idref="fl-c"/>
      </object_component>
      <object_component id="oc-26e">
         <name>.text:_ti_sysbios_heaps_HeapMem_Object__delete__S</name>
         <load_address>0x8a9c0</load_address>
         <run_address>0x8a9c0</run_address>
         <size>0x12</size>
         <input_file_ref idref="fl-c"/>
      </object_component>
      <object_component id="oc-384">
         <name>.text:_ti_sysbios_knl_Clock_Module_startup__E</name>
         <load_address>0x8a9d2</load_address>
         <run_address>0x8a9d2</run_address>
         <size>0x12</size>
         <input_file_ref idref="fl-18"/>
      </object_component>
      <object_component id="oc-267">
         <name>.text:_ti_sysbios_gates_GateHwi_Handle__label__S</name>
         <load_address>0x8a9e4</load_address>
         <run_address>0x8a9e4</run_address>
         <size>0x11</size>
         <input_file_ref idref="fl-c"/>
      </object_component>
      <object_component id="oc-293">
         <name>.text:_ti_sysbios_gates_GateMutex_Handle__label__S</name>
         <load_address>0x8a9f5</load_address>
         <run_address>0x8a9f5</run_address>
         <size>0x11</size>
         <input_file_ref idref="fl-c"/>
      </object_component>
      <object_component id="oc-26f">
         <name>.text:_ti_sysbios_heaps_HeapMem_Handle__label__S</name>
         <load_address>0x8aa06</load_address>
         <run_address>0x8aa06</run_address>
         <size>0x11</size>
         <input_file_ref idref="fl-c"/>
      </object_component>
      <object_component id="oc-332">
         <name>.text:_ti_sysbios_heaps_HeapMem_Object__get__S</name>
         <load_address>0x8aa17</load_address>
         <run_address>0x8aa17</run_address>
         <size>0x11</size>
         <input_file_ref idref="fl-c"/>
      </object_component>
      <object_component id="oc-396">
         <name>.text:_ti_sysbios_knl_Swi_Object__get__S</name>
         <load_address>0x8aa28</load_address>
         <run_address>0x8aa28</run_address>
         <size>0x11</size>
         <input_file_ref idref="fl-c"/>
      </object_component>
      <object_component id="oc-399">
         <name>.text:_ti_sysbios_knl_Task_Object__get__S</name>
         <load_address>0x8aa39</load_address>
         <run_address>0x8aa39</run_address>
         <size>0x11</size>
         <input_file_ref idref="fl-c"/>
      </object_component>
      <object_component id="oc-3c8">
         <name>.text:_ti_sysbios_knl_Task_restoreHwi__E</name>
         <load_address>0x8aa4a</load_address>
         <run_address>0x8aa4a</run_address>
         <size>0x11</size>
         <input_file_ref idref="fl-18"/>
      </object_component>
      <object_component id="oc-2e2">
         <name>.text:_xdc_runtime_Text_cordText__E</name>
         <load_address>0x8aa5b</load_address>
         <run_address>0x8aa5b</run_address>
         <size>0x11</size>
         <input_file_ref idref="fl-28"/>
      </object_component>
      <object_component id="oc-2bc">
         <name>.text:_ti_sysbios_BIOS_rtsLock__I</name>
         <load_address>0x8aa6c</load_address>
         <run_address>0x8aa6c</run_address>
         <size>0x10</size>
         <input_file_ref idref="fl-c"/>
      </object_component>
      <object_component id="oc-344">
         <name>.text:_ti_sysbios_family_c28_Hwi_enableIER__E</name>
         <load_address>0x8aa7c</load_address>
         <run_address>0x8aa7c</run_address>
         <size>0x10</size>
         <input_file_ref idref="fl-c"/>
      </object_component>
      <object_component id="oc-3a5">
         <name>.text:_ti_sysbios_family_c28_Timer_stop__E</name>
         <load_address>0x8aa8c</load_address>
         <run_address>0x8aa8c</run_address>
         <size>0x10</size>
         <input_file_ref idref="fl-18"/>
      </object_component>
      <object_component id="oc-381">
         <name>.text:_xdc_runtime_SysMin_Module_startup__E</name>
         <load_address>0x8aa9c</load_address>
         <run_address>0x8aa9c</run_address>
         <size>0x10</size>
         <input_file_ref idref="fl-27"/>
      </object_component>
      <object_component id="oc-2ce">
         <name>.text:_ti_sysbios_gates_GateMutex_Instance_init__E</name>
         <load_address>0x8aaac</load_address>
         <run_address>0x8aaac</run_address>
         <size>0xf</size>
         <input_file_ref idref="fl-18"/>
      </object_component>
      <object_component id="oc-323">
         <name>.text:_ti_sysbios_knl_Semaphore_destruct</name>
         <load_address>0x8aabb</load_address>
         <run_address>0x8aabb</run_address>
         <size>0xf</size>
         <input_file_ref idref="fl-c"/>
      </object_component>
      <object_component id="oc-3b5">
         <name>.text:_xdc_runtime_Registry_findById__E</name>
         <load_address>0x8aaca</load_address>
         <run_address>0x8aaca</run_address>
         <size>0xf</size>
         <input_file_ref idref="fl-2a"/>
      </object_component>
      <object_component id="oc-3c2">
         <name>.text:_xdc_runtime_Text_visitRope__I</name>
         <load_address>0x8aad9</load_address>
         <run_address>0x8aad9</run_address>
         <size>0xf</size>
         <input_file_ref idref="fl-c"/>
      </object_component>
      <object_component id="oc-3af">
         <name>.text:_ti_sysbios_knl_Queue_Object__get__S</name>
         <load_address>0x8aae8</load_address>
         <run_address>0x8aae8</run_address>
         <size>0xe</size>
         <input_file_ref idref="fl-c"/>
      </object_component>
      <object_component id="oc-36e">
         <name>.text:_ti_sysbios_knl_Queue_destruct</name>
         <load_address>0x8aaf6</load_address>
         <run_address>0x8aaf6</run_address>
         <size>0xe</size>
         <input_file_ref idref="fl-c"/>
      </object_component>
      <object_component id="oc-389">
         <name>.text:_xdc_runtime_IHeap_alloc</name>
         <load_address>0x8ab04</load_address>
         <run_address>0x8ab04</run_address>
         <size>0xe</size>
         <input_file_ref idref="fl-c"/>
      </object_component>
      <object_component id="oc-213">
         <name>.text</name>
         <load_address>0x8ab12</load_address>
         <run_address>0x8ab12</run_address>
         <size>0xe</size>
         <input_file_ref idref="fl-4d"/>
      </object_component>
      <object_component id="oc-27c">
         <name>.text:_ti_sysbios_BIOS_registerRTSLock__I</name>
         <load_address>0x8ab20</load_address>
         <run_address>0x8ab20</run_address>
         <size>0xd</size>
         <input_file_ref idref="fl-c"/>
      </object_component>
      <object_component id="oc-281">
         <name>.text:_ti_sysbios_BIOS_removeRTSLock__I</name>
         <load_address>0x8ab2d</load_address>
         <run_address>0x8ab2d</run_address>
         <size>0xd</size>
         <input_file_ref idref="fl-c"/>
      </object_component>
      <object_component id="oc-3bb">
         <name>.text:_ti_sysbios_family_c28_Hwi_dispatchC__I</name>
         <load_address>0x8ab3a</load_address>
         <run_address>0x8ab3a</run_address>
         <size>0xd</size>
         <input_file_ref idref="fl-18"/>
      </object_component>
      <object_component id="oc-348">
         <name>.text:_ti_sysbios_family_c28_Hwi_restoreIER__E</name>
         <load_address>0x8ab47</load_address>
         <run_address>0x8ab47</run_address>
         <size>0xd</size>
         <input_file_ref idref="fl-c"/>
      </object_component>
      <object_component id="oc-3ae">
         <name>.text:_ti_sysbios_knl_Task_SupportProxy_start__E</name>
         <load_address>0x8ab54</load_address>
         <run_address>0x8ab54</run_address>
         <size>0xd</size>
         <input_file_ref idref="fl-c"/>
      </object_component>
      <object_component id="oc-3ad">
         <name>.text:_ti_sysbios_knl_Task_enter__I</name>
         <load_address>0x8ab61</load_address>
         <run_address>0x8ab61</run_address>
         <size>0xd</size>
         <input_file_ref idref="fl-18"/>
      </object_component>
      <object_component id="oc-377">
         <name>.text:_xdc_runtime_Error_check__E</name>
         <load_address>0x8ab6e</load_address>
         <run_address>0x8ab6e</run_address>
         <size>0xd</size>
         <input_file_ref idref="fl-22"/>
      </object_component>
      <object_component id="oc-379">
         <name>.text:_xdc_runtime_Memory_HeapProxy_alloc__E</name>
         <load_address>0x8ab7b</load_address>
         <run_address>0x8ab7b</run_address>
         <size>0xd</size>
         <input_file_ref idref="fl-c"/>
      </object_component>
      <object_component id="oc-330">
         <name>.text:_xdc_runtime_System_abort__E</name>
         <load_address>0x8ab88</load_address>
         <run_address>0x8ab88</run_address>
         <size>0xd</size>
         <input_file_ref idref="fl-26"/>
      </object_component>
      <object_component id="oc-253">
         <name>.text:_ti_sysbios_BIOS_exitFunc__I</name>
         <load_address>0x8ab95</load_address>
         <run_address>0x8ab95</run_address>
         <size>0xc</size>
         <input_file_ref idref="fl-c"/>
      </object_component>
      <object_component id="oc-290">
         <name>.text:_ti_sysbios_gates_GateMutex_leave__E</name>
         <load_address>0x8aba1</load_address>
         <run_address>0x8aba1</run_address>
         <size>0xc</size>
         <input_file_ref idref="fl-18"/>
      </object_component>
      <object_component id="oc-350">
         <name>.text:_ti_sysbios_knl_Queue_put__E</name>
         <load_address>0x8abad</load_address>
         <run_address>0x8abad</run_address>
         <size>0xc</size>
         <input_file_ref idref="fl-18"/>
      </object_component>
      <object_component id="oc-31b">
         <name>.text:_ti_sysbios_knl_Task_enabled__E</name>
         <load_address>0x8abb9</load_address>
         <run_address>0x8abb9</run_address>
         <size>0xc</size>
         <input_file_ref idref="fl-18"/>
      </object_component>
      <object_component id="oc-38d">
         <name>.text:_xdc_runtime_System_aprintf__E</name>
         <load_address>0x8abc5</load_address>
         <run_address>0x8abc5</run_address>
         <size>0xc</size>
         <input_file_ref idref="fl-c"/>
      </object_component>
      <object_component id="oc-38e">
         <name>.text:_xdc_runtime_System_printf__E</name>
         <load_address>0x8abd1</load_address>
         <run_address>0x8abd1</run_address>
         <size>0xc</size>
         <input_file_ref idref="fl-c"/>
      </object_component>
      <object_component id="oc-364">
         <name>.text</name>
         <load_address>0x8abdd</load_address>
         <run_address>0x8abdd</run_address>
         <size>0xc</size>
         <input_file_ref idref="fl-37"/>
      </object_component>
      <object_component id="oc-3c1">
         <name>.text:_ti_sysbios_family_c28_Hwi_Module__startupDone__F</name>
         <load_address>0x8abe9</load_address>
         <run_address>0x8abe9</run_address>
         <size>0xb</size>
         <input_file_ref idref="fl-c"/>
      </object_component>
      <object_component id="oc-3bd">
         <name>.text:_ti_sysbios_family_c28_Timer_Module__startupDone__F</name>
         <load_address>0x8abf4</load_address>
         <run_address>0x8abf4</run_address>
         <size>0xb</size>
         <input_file_ref idref="fl-c"/>
      </object_component>
      <object_component id="oc-3b0">
         <name>.text:_ti_sysbios_knl_Task_unblock__E</name>
         <load_address>0x8abff</load_address>
         <run_address>0x8abff</run_address>
         <size>0xb</size>
         <input_file_ref idref="fl-18"/>
      </object_component>
      <object_component id="oc-297">
         <name>.text:_xdc_runtime_Startup_exec__I</name>
         <load_address>0x8ac0a</load_address>
         <run_address>0x8ac0a</run_address>
         <size>0xb</size>
         <input_file_ref idref="fl-c"/>
      </object_component>
      <object_component id="oc-2d7">
         <name>.text:_xdc_runtime_SysMin_exit__E</name>
         <load_address>0x8ac15</load_address>
         <run_address>0x8ac15</run_address>
         <size>0xb</size>
         <input_file_ref idref="fl-27"/>
      </object_component>
      <object_component id="oc-24a">
         <name>.text:_xdc_runtime_System_exit__E</name>
         <load_address>0x8ac20</load_address>
         <run_address>0x8ac20</run_address>
         <size>0xb</size>
         <input_file_ref idref="fl-26"/>
      </object_component>
      <object_component id="oc-178">
         <name>.text</name>
         <load_address>0x8ac2b</load_address>
         <run_address>0x8ac2b</run_address>
         <size>0xb</size>
         <input_file_ref idref="fl-2f"/>
      </object_component>
      <object_component id="oc-359">
         <name>.text:_xdc_runtime_Error_init__E</name>
         <load_address>0x8ac36</load_address>
         <run_address>0x8ac36</run_address>
         <size>0xa</size>
         <input_file_ref idref="fl-22"/>
      </object_component>
      <object_component id="oc-365">
         <name>.text:_xdc_runtime_IHeap_free</name>
         <load_address>0x8ac40</load_address>
         <run_address>0x8ac40</run_address>
         <size>0xa</size>
         <input_file_ref idref="fl-c"/>
      </object_component>
      <object_component id="oc-2e1">
         <name>.text:_xdc_runtime_Memory_free__E</name>
         <load_address>0x8ac4a</load_address>
         <run_address>0x8ac4a</run_address>
         <size>0xa</size>
         <input_file_ref idref="fl-24"/>
      </object_component>
      <object_component id="oc-3b8">
         <name>.text:_xdc_runtime_System_vsnprintf__E</name>
         <load_address>0x8ac54</load_address>
         <run_address>0x8ac54</run_address>
         <size>0xa</size>
         <input_file_ref idref="fl-26"/>
      </object_component>
      <object_component id="oc-30c">
         <name>.text:_xdc_runtime_Text_ropeText__E</name>
         <load_address>0x8ac5e</load_address>
         <run_address>0x8ac5e</run_address>
         <size>0xa</size>
         <input_file_ref idref="fl-28"/>
      </object_component>
      <object_component id="oc-36a">
         <name>.text:_ti_sysbios_family_c28_TaskSupport_checkStack__E</name>
         <load_address>0x8ac68</load_address>
         <run_address>0x8ac68</run_address>
         <size>0x9</size>
         <input_file_ref idref="fl-18"/>
      </object_component>
      <object_component id="oc-3d1">
         <name>.text:_ti_sysbios_family_c28_TaskSupport_glue</name>
         <load_address>0x8ac71</load_address>
         <run_address>0x8ac71</run_address>
         <size>0x9</size>
         <input_file_ref idref="fl-1c"/>
      </object_component>
      <object_component id="oc-387">
         <name>.text:_ti_sysbios_hal_Hwi_Module_startup__E</name>
         <load_address>0x8ac7a</load_address>
         <run_address>0x8ac7a</run_address>
         <size>0x9</size>
         <input_file_ref idref="fl-18"/>
      </object_component>
      <object_component id="oc-2b7">
         <name>.text</name>
         <load_address>0x8ac83</load_address>
         <run_address>0x8ac83</run_address>
         <size>0x9</size>
         <input_file_ref idref="fl-35"/>
      </object_component>
      <object_component id="oc-20e">
         <name>.text</name>
         <load_address>0x8ac8c</load_address>
         <run_address>0x8ac8c</run_address>
         <size>0x9</size>
         <input_file_ref idref="fl-4c"/>
      </object_component>
      <object_component id="oc-78">
         <name>.text</name>
         <load_address>0x8ac95</load_address>
         <run_address>0x8ac95</run_address>
         <size>0x8</size>
         <input_file_ref idref="fl-2"/>
      </object_component>
      <object_component id="oc-282">
         <name>.text:_ti_sysbios_BIOS_setThreadType__E</name>
         <load_address>0x8ac9d</load_address>
         <run_address>0x8ac9d</run_address>
         <size>0x8</size>
         <input_file_ref idref="fl-18"/>
      </object_component>
      <object_component id="oc-2cf">
         <name>.text:_ti_sysbios_gates_GateMutex_Instance_finalize__E</name>
         <load_address>0x8aca5</load_address>
         <run_address>0x8aca5</run_address>
         <size>0x8</size>
         <input_file_ref idref="fl-18"/>
      </object_component>
      <object_component id="oc-271">
         <name>.text:_ti_sysbios_knl_Clock_Module_State_clockQ</name>
         <load_address>0x8acad</load_address>
         <run_address>0x8acad</run_address>
         <size>0x8</size>
         <input_file_ref idref="fl-c"/>
      </object_component>
      <object_component id="oc-357">
         <name>.text:_ti_sysbios_knl_Semaphore_Instance_finalize__E</name>
         <load_address>0x8acb5</load_address>
         <run_address>0x8acb5</run_address>
         <size>0x8</size>
         <input_file_ref idref="fl-18"/>
      </object_component>
      <object_component id="oc-33a">
         <name>.text:_xdc_runtime_Memory_HeapProxy_free__E</name>
         <load_address>0x8acbd</load_address>
         <run_address>0x8acbd</run_address>
         <size>0x8</size>
         <input_file_ref idref="fl-c"/>
      </object_component>
      <object_component id="oc-2e0">
         <name>.text:_xdc_runtime_Memory_calloc__E</name>
         <load_address>0x8acc5</load_address>
         <run_address>0x8acc5</run_address>
         <size>0x8</size>
         <input_file_ref idref="fl-24"/>
      </object_component>
      <object_component id="oc-3c3">
         <name>.text:_xdc_runtime_SysMin_ready__E</name>
         <load_address>0x8accd</load_address>
         <run_address>0x8accd</run_address>
         <size>0x8</size>
         <input_file_ref idref="fl-27"/>
      </object_component>
      <object_component id="oc-277">
         <name>.text</name>
         <load_address>0x8acd5</load_address>
         <run_address>0x8acd5</run_address>
         <size>0x8</size>
         <input_file_ref idref="fl-39"/>
      </object_component>
      <object_component id="oc-2fb">
         <name>.text:_ti_sysbios_BIOS_RtsGateProxy_leave__E</name>
         <load_address>0x8acdd</load_address>
         <run_address>0x8acdd</run_address>
         <size>0x7</size>
         <input_file_ref idref="fl-c"/>
      </object_component>
      <object_component id="oc-333">
         <name>.text:_ti_sysbios_hal_Hwi_HwiProxy_getStackInfo__E</name>
         <load_address>0x8ace4</load_address>
         <run_address>0x8ace4</run_address>
         <size>0x7</size>
         <input_file_ref idref="fl-c"/>
      </object_component>
      <object_component id="oc-2a4">
         <name>.text:_ti_sysbios_heaps_HeapMem_Module_GateProxy_leave__E</name>
         <load_address>0x8aceb</load_address>
         <run_address>0x8aceb</run_address>
         <size>0x7</size>
         <input_file_ref idref="fl-c"/>
      </object_component>
      <object_component id="oc-272">
         <name>.text:_ti_sysbios_knl_Queue_empty__E</name>
         <load_address>0x8acf2</load_address>
         <run_address>0x8acf2</run_address>
         <size>0x7</size>
         <input_file_ref idref="fl-18"/>
      </object_component>
      <object_component id="oc-34b">
         <name>.text:_ti_sysbios_knl_Task_SupportProxy_checkStack__E</name>
         <load_address>0x8acf9</load_address>
         <run_address>0x8acf9</run_address>
         <size>0x7</size>
         <input_file_ref idref="fl-c"/>
      </object_component>
      <object_component id="oc-30a">
         <name>.text:_ti_sysbios_knl_Task_SupportProxy_swap__E</name>
         <load_address>0x8ad00</load_address>
         <run_address>0x8ad00</run_address>
         <size>0x7</size>
         <input_file_ref idref="fl-c"/>
      </object_component>
      <object_component id="oc-2f5">
         <name>.text:_xdc_runtime_System_Module_GateProxy_leave__E</name>
         <load_address>0x8ad07</load_address>
         <run_address>0x8ad07</run_address>
         <size>0x7</size>
         <input_file_ref idref="fl-c"/>
      </object_component>
      <object_component id="oc-2f6">
         <name>.text:_ti_sysbios_BIOS_RtsGateProxy_enter__E</name>
         <load_address>0x8ad0e</load_address>
         <run_address>0x8ad0e</run_address>
         <size>0x6</size>
         <input_file_ref idref="fl-c"/>
      </object_component>
      <object_component id="oc-276">
         <name>.text:_ti_sysbios_BIOS_start__E</name>
         <load_address>0x8ad14</load_address>
         <run_address>0x8ad14</run_address>
         <size>0x6</size>
         <input_file_ref idref="fl-18"/>
      </object_component>
      <object_component id="oc-2ef">
         <name>.text:_ti_sysbios_family_c28_IntrinsicsSupport_maxbit__E</name>
         <load_address>0x8ad1a</load_address>
         <run_address>0x8ad1a</run_address>
         <size>0x6</size>
         <input_file_ref idref="fl-1b"/>
      </object_component>
      <object_component id="oc-2a2">
         <name>.text:_ti_sysbios_heaps_HeapMem_Module_GateProxy_enter__E</name>
         <load_address>0x8ad20</load_address>
         <run_address>0x8ad20</run_address>
         <size>0x6</size>
         <input_file_ref idref="fl-c"/>
      </object_component>
      <object_component id="oc-2a8">
         <name>.text:_ti_sysbios_heaps_HeapMem_Module_GateProxy_query__E</name>
         <load_address>0x8ad26</load_address>
         <run_address>0x8ad26</run_address>
         <size>0x6</size>
         <input_file_ref idref="fl-c"/>
      </object_component>
      <object_component id="oc-394">
         <name>.text:_ti_sysbios_knl_Clock_TimerProxy_getMaxTicks__E</name>
         <load_address>0x8ad2c</load_address>
         <run_address>0x8ad2c</run_address>
         <size>0x6</size>
         <input_file_ref idref="fl-c"/>
      </object_component>
      <object_component id="oc-2b5">
         <name>.text:_ti_sysbios_knl_Swi_disable__E</name>
         <load_address>0x8ad32</load_address>
         <run_address>0x8ad32</run_address>
         <size>0x6</size>
         <input_file_ref idref="fl-18"/>
      </object_component>
      <object_component id="oc-2b6">
         <name>.text:_ti_sysbios_knl_Task_disable__E</name>
         <load_address>0x8ad38</load_address>
         <run_address>0x8ad38</run_address>
         <size>0x6</size>
         <input_file_ref idref="fl-18"/>
      </object_component>
      <object_component id="oc-298">
         <name>.text:_xdc_runtime_Gate_enterSystem__E</name>
         <load_address>0x8ad3e</load_address>
         <run_address>0x8ad3e</run_address>
         <size>0x6</size>
         <input_file_ref idref="fl-23"/>
      </object_component>
      <object_component id="oc-2bb">
         <name>.text:_xdc_runtime_Gate_leaveSystem__E</name>
         <load_address>0x8ad44</load_address>
         <run_address>0x8ad44</run_address>
         <size>0x6</size>
         <input_file_ref idref="fl-23"/>
      </object_component>
      <object_component id="oc-2d6">
         <name>.text:_xdc_runtime_System_Module_GateProxy_enter__E</name>
         <load_address>0x8ad4a</load_address>
         <run_address>0x8ad4a</run_address>
         <size>0x6</size>
         <input_file_ref idref="fl-c"/>
      </object_component>
      <object_component id="oc-35b">
         <name>.text:_xdc_runtime_System_SupportProxy_abort__E</name>
         <load_address>0x8ad50</load_address>
         <run_address>0x8ad50</run_address>
         <size>0x6</size>
         <input_file_ref idref="fl-c"/>
      </object_component>
      <object_component id="oc-299">
         <name>.text:_xdc_runtime_System_SupportProxy_exit__E</name>
         <load_address>0x8ad56</load_address>
         <run_address>0x8ad56</run_address>
         <size>0x6</size>
         <input_file_ref idref="fl-c"/>
      </object_component>
      <object_component id="oc-3cf">
         <name>.text:_xdc_runtime_System_SupportProxy_putch__E</name>
         <load_address>0x8ad5c</load_address>
         <run_address>0x8ad5c</run_address>
         <size>0x6</size>
         <input_file_ref idref="fl-c"/>
      </object_component>
      <object_component id="oc-34e">
         <name>.text:_ti_sysbios_family_c28_Hwi_switchFromBootStack__E</name>
         <load_address>0x8ad62</load_address>
         <run_address>0x8ad62</run_address>
         <size>0x5</size>
         <input_file_ref idref="fl-18"/>
      </object_component>
      <object_component id="oc-263">
         <name>.text:_ti_sysbios_gates_GateHwi_enter__E</name>
         <load_address>0x8ad67</load_address>
         <run_address>0x8ad67</run_address>
         <size>0x5</size>
         <input_file_ref idref="fl-18"/>
      </object_component>
      <object_component id="oc-3d3">
         <name>.text:_xdc_iargToPtr</name>
         <load_address>0x8ad6c</load_address>
         <run_address>0x8ad6c</run_address>
         <size>0x5</size>
         <input_file_ref idref="fl-c"/>
      </object_component>
      <object_component id="oc-2fe">
[...]
         <value>0x887fb</value>
         <object_component_ref idref="oc-2a3"/>
      </symbol>
      <symbol id="sm-8be">
         <name>_ti_sysbios_knl_Task_restoreHwi__E</name>
         <value>0x8aa4a</value>
         <object_component_ref idref="oc-3c8"/>
      </symbol>
      <symbol id="sm-96a">
         <name>_ti_sysbios_family_c28_Hwi_switchAndDispatch__I</name>
         <value>0x8a6c2</value>
         <object_component_ref idref="oc-3c7"/>
      </symbol>
      <symbol id="sm-96b">
         <name>_ti_sysbios_family_c28_Hwi_interruptReturn__I</name>
         <value>0x8adc9</value>
         <object_component_ref idref="oc-345"/>
      </symbol>
      <symbol id="sm-96c">
         <name>_ti_sysbios_family_xxx_Hwi_switchAndRunFunc</name>
         <value>0x8a813</value>
         <object_component_ref idref="oc-2f1"/>
      </symbol>
      <symbol id="sm-a11">
         <name>_ti_sysbios_family_c28_Hwi_dispatchTable</name>
         <value>0x8930a</value>
         <object_component_ref idref="oc-3a2"/>
      </symbol>
      <symbol id="sm-a12">
         <name>_ti_sysbios_family_c28_Hwi_dispatchPie</name>
         <value>0x89367</value>
         <object_component_ref idref="oc-3a2"/>
      </symbol>
      <symbol id="sm-a1e">
         <name>_ti_sysbios_family_c28_IntrinsicsSupport_maxbit__E</name>
         <value>0x8ad1a</value>
         <object_component_ref idref="oc-2ef"/>
      </symbol>
      <symbol id="sm-a2e">
         <name>_ti_sysbios_family_c28_TaskSupport_buildTaskStack</name>
         <value>0x8a470</value>
         <object_component_ref idref="oc-3cc"/>
      </symbol>
      <symbol id="sm-a2f">
         <name>_ti_sysbios_family_c28_TaskSupport_swap__E</name>
         <value>0x8a634</value>
         <object_component_ref idref="oc-34f"/>
      </symbol>
      <symbol id="sm-a30">
         <name>_ti_sysbios_family_c28_TaskSupport_glue</name>
         <value>0x8ac71</value>
         <object_component_ref idref="oc-3d1"/>
      </symbol>
      <symbol id="sm-a44">
         <name>_xdc_runtime_Assert_raise__I</name>
         <value>0x8a182</value>
         <object_component_ref idref="oc-2c9"/>
      </symbol>
      <symbol id="sm-a63">
         <name>_xdc_runtime_Core_deleteObject__I</name>
         <value>0x89eb2</value>
         <object_component_ref idref="oc-29f"/>
      </symbol>
      <symbol id="sm-a64">
         <name>_xdc_runtime_Core_createObject__I</name>
         <value>0x89126</value>
         <object_component_ref idref="oc-29d"/>
      </symbol>
      <symbol id="sm-a7c">
         <name>_xdc_runtime_Core_constructObject__I</name>
         <value>0x893a5</value>
         <object_component_ref idref="oc-355"/>
      </symbol>
      <symbol id="sm-a8b">
         <name>_xdc_runtime_Core_assignLabel__I</name>
         <value>0x8a762</value>
         <object_component_ref idref="oc-2a0"/>
      </symbol>
      <symbol id="sm-a99">
         <name>_xdc_runtime_Core_assignParams__I</name>
         <value>0x89ffa</value>
         <object_component_ref idref="oc-2df"/>
      </symbol>
      <symbol id="sm-ac5">
         <name>_xdc_runtime_Error_getSite__E</name>
         <value>0x8adc3</value>
         <object_component_ref idref="oc-38b"/>
      </symbol>
      <symbol id="sm-ac6">
         <name>_xdc_runtime_Error_print__E</name>
         <value>0x8a1e6</value>
         <object_component_ref idref="oc-37e"/>
      </symbol>
      <symbol id="sm-ac7">
         <name>_xdc_runtime_Error_policyDefault__E</name>
         <value>0x891d2</value>
         <object_component_ref idref="oc-2d1"/>
      </symbol>
      <symbol id="sm-ac8">
         <name>_xdc_runtime_Error_init__E</name>
         <value>0x8ac36</value>
         <object_component_ref idref="oc-359"/>
      </symbol>
      <symbol id="sm-ac9">
         <name>_xdc_runtime_Error_raiseX__E</name>
         <value>0x8a989</value>
         <object_component_ref idref="oc-259"/>
      </symbol>
      <symbol id="sm-aca">
         <name>_xdc_runtime_Error_check__E</name>
         <value>0x8ab6e</value>
         <object_component_ref idref="oc-377"/>
      </symbol>
      <symbol id="sm-acb">
         <name>_xdc_runtime_Error_setX__E</name>
         <value>0x8a216</value>
         <object_component_ref idref="oc-325"/>
      </symbol>
      <symbol id="sm-ad9">
         <name>_xdc_runtime_Gate_leaveSystem__E</name>
         <value>0x8ad44</value>
         <object_component_ref idref="oc-2bb"/>
      </symbol>
      <symbol id="sm-ada">
         <name>_xdc_runtime_Gate_enterSystem__E</name>
         <value>0x8ad3e</value>
         <object_component_ref idref="oc-298"/>
      </symbol>
      <symbol id="sm-af5">
         <name>_xdc_runtime_Memory_calloc__E</name>
         <value>0x8acc5</value>
         <object_component_ref idref="oc-2e0"/>
      </symbol>
      <symbol id="sm-af6">
         <name>_xdc_runtime_Memory_free__E</name>
         <value>0x8ac4a</value>
         <object_component_ref idref="oc-2e1"/>
      </symbol>
      <symbol id="sm-af7">
         <name>_xdc_runtime_Memory_valloc__E</name>
         <value>0x8a8cf</value>
         <object_component_ref idref="oc-338"/>
      </symbol>
      <symbol id="sm-af8">
         <name>_xdc_runtime_Memory_alloc__E</name>
         <value>0x89d3e</value>
         <object_component_ref idref="oc-363"/>
      </symbol>
      <symbol id="sm-af9">
         <name>_xdc_runtime_Memory_getMaxDefaultTypeAlign__E</name>
         <value>0x8ad7d</value>
         <object_component_ref idref="oc-378"/>
      </symbol>
      <symbol id="sm-b1b">
         <name>_xdc_runtime_Startup_startMods__I</name>
         <value>0x897f0</value>
         <object_component_ref idref="oc-334"/>
      </symbol>
      <symbol id="sm-b1c">
         <name>_xdc_runtime_Startup_rtsDone__E</name>
         <value>0x8ad81</value>
         <object_component_ref idref="oc-278"/>
      </symbol>
      <symbol id="sm-b1d">
         <name>_xdc_runtime_Startup_exec__E</name>
         <value>0x8a246</value>
         <object_component_ref idref="oc-247"/>
      </symbol>
      <symbol id="sm-b9f">
         <name>_xdc_runtime_System_formatNum__I</name>
         <value>0x8a037</value>
         <object_component_ref idref="oc-3c5"/>
      </symbol>
      <symbol id="sm-ba0">
         <name>_xdc_runtime_System_exit__E</name>
         <value>0x8ac20</value>
         <object_component_ref idref="oc-24a"/>
      </symbol>
      <symbol id="sm-ba1">
         <name>_xdc_runtime_System_exitStd__E</name>
         <value>0x8adb8</value>
         <object_component_ref idref="oc-29a"/>
      </symbol>
      <symbol id="sm-ba2">
         <name>_xdc_runtime_System_printf_va__F</name>
         <value>0x8a7e1</value>
         <object_component_ref idref="oc-3a1"/>
      </symbol>
      <symbol id="sm-ba3">
         <name>_xdc_runtime_System_atexit__E</name>
         <value>0x8a53e</value>
         <object_component_ref idref="oc-27b"/>
      </symbol>
      <symbol id="sm-ba4">
         <name>_xdc_runtime_System_abortStd__E</name>
         <value>0x8adb5</value>
         <object_component_ref idref="oc-373"/>
      </symbol>
      <symbol id="sm-ba5">
         <name>_xdc_runtime_System_putchar__I</name>
         <value>0x8a7c8</value>
         <object_component_ref idref="oc-3c6"/>
      </symbol>
      <symbol id="sm-ba6">
         <name>_xdc_runtime_System_snprintf_va__F</name>
         <value>0x8ac54</value>
         <object_component_ref idref="oc-3b8"/>
      </symbol>
      <symbol id="sm-ba7">
         <name>_xdc_runtime_System_Module_startup__E</name>
         <value>0x8adaf</value>
         <object_component_ref idref="oc-380"/>
      </symbol>
      <symbol id="sm-ba8">
         <name>_xdc_runtime_System_avprintf__E</name>
         <value>0x8a77c</value>
         <object_component_ref idref="oc-3a0"/>
      </symbol>
      <symbol id="sm-ba9">
         <name>_xdc_runtime_System_vprintf__E</name>
         <value>0x8a7e1</value>
         <object_component_ref idref="oc-3a1"/>
      </symbol>
      <symbol id="sm-baa">
         <name>_xdc_runtime_System_aprintf_va__F</name>
         <value>0x8a77c</value>
         <object_component_ref idref="oc-3a0"/>
      </symbol>
      <symbol id="sm-bab">
         <name>_xdc_runtime_System_doPrint__I</name>
         <value>0x8824c</value>
         <object_component_ref idref="oc-3ba"/>
      </symbol>
      <symbol id="sm-bac">
         <name>_xdc_runtime_System_processAtExit__E</name>
         <value>0x8a4b9</value>
         <object_component_ref idref="oc-25f"/>
      </symbol>
      <symbol id="sm-bad">
         <name>_xdc_runtime_System_vsnprintf__E</name>
         <value>0x8ac54</value>
         <object_component_ref idref="oc-3b8"/>
      </symbol>
      <symbol id="sm-bae">
         <name>_xdc_runtime_System_abort__E</name>
         <value>0x8ab88</value>
         <object_component_ref idref="oc-330"/>
      </symbol>
      <symbol id="sm-bcd">
         <name>_xdc_runtime_SysMin_abort__E</name>
         <value>0x8a8fc</value>
         <object_component_ref idref="oc-372"/>
      </symbol>
      <symbol id="sm-bce">
         <name>_xdc_runtime_SysMin_ready__E</name>
         <value>0x8accd</value>
         <object_component_ref idref="oc-3c3"/>
      </symbol>
      <symbol id="sm-bcf">
         <name>_xdc_runtime_SysMin_flush__E</name>
         <value>0x8a44a</value>
         <object_component_ref idref="oc-337"/>
      </symbol>
      <symbol id="sm-bd0">
         <name>_xdc_runtime_SysMin_Module_startup__E</name>
         <value>0x8aa9c</value>
         <object_component_ref idref="oc-381"/>
      </symbol>
      <symbol id="sm-bd1">
         <name>_xdc_runtime_SysMin_putch__E</name>
         <value>0x8a5da</value>
         <object_component_ref idref="oc-37f"/>
      </symbol>
      <symbol id="sm-bd2">
         <name>_xdc_runtime_SysMin_exit__E</name>
         <value>0x8ac15</value>
         <object_component_ref idref="oc-2d7"/>
      </symbol>
      <symbol id="sm-c17">
         <name>_xdc_runtime_Text_putLab__E</name>
         <value>0x89d8d</value>
         <object_component_ref idref="oc-3d4"/>
      </symbol>
      <symbol id="sm-c18">
         <name>_xdc_runtime_Text_printVisFxn__I</name>
         <value>0x8a843</value>
         <object_component_ref idref="oc-3b7"/>
      </symbol>
      <symbol id="sm-c19">
         <name>_xdc_runtime_Text_putMod__E</name>
         <value>0x89f7d</value>
         <object_component_ref idref="oc-39e"/>
      </symbol>
      <symbol id="sm-c1a">
         <name>_xdc_runtime_Text_cordText__E</name>
         <value>0x8aa5b</value>
         <object_component_ref idref="oc-2e2"/>
      </symbol>
      <symbol id="sm-c1b">
         <name>_xdc_runtime_Text_xprintf__I</name>
         <value>0x8a3d4</value>
         <object_component_ref idref="oc-39f"/>
      </symbol>
      <symbol id="sm-c1c">
         <name>_xdc_runtime_Text_visitRope2__I</name>
         <value>0x8a1b4</value>
         <object_component_ref idref="oc-3cd"/>
      </symbol>
      <symbol id="sm-c1d">
         <name>_xdc_runtime_Text_ropeText__E</name>
         <value>0x8ac5e</value>
         <object_component_ref idref="oc-30c"/>
      </symbol>
      <symbol id="sm-c1e">
         <name>_xdc_runtime_Text_putSite__E</name>
         <value>0x89a2e</value>
         <object_component_ref idref="oc-38c"/>
      </symbol>
      <symbol id="sm-c2a">
         <name>___xdc__init</name>
         <value>0x8ad85</value>
         <object_component_ref idref="oc-24b"/>
      </symbol>
      <symbol id="sm-c39">
         <name>_xdc_runtime_Registry_findById__E</name>
         <value>0x8aaca</value>
         <object_component_ref idref="oc-3b5"/>
      </symbol>
      <symbol id="sm-c54">
         <name>_c_int00</name>
         <value>0x89b03</value>
         <object_component_ref idref="oc-77"/>
      </symbol>
      <symbol id="sm-c55">
         <name>__stack</name>
         <value>0x8000</value>
         <object_component_ref idref="oc-164"/>
      </symbol>
      <symbol id="sm-c6a">
         <name>LL$$AND</name>
         <value>0x8a85b</value>
         <object_component_ref idref="oc-16e"/>
      </symbol>
      <symbol id="sm-c6b">
         <name>LL$$OR</name>
         <value>0x8a863</value>
         <object_component_ref idref="oc-16e"/>
      </symbol>
      <symbol id="sm-c6c">
         <name>LL$$XOR</name>
         <value>0x8a86b</value>
         <object_component_ref idref="oc-16e"/>
      </symbol>
      <symbol id="sm-c98">
         <name>ULL$$MOD</name>
         <value>0x88b2b</value>
         <object_component_ref idref="oc-173"/>
      </symbol>
      <symbol id="sm-c99">
         <name>ULL$$DIV</name>
         <value>0x88afc</value>
         <object_component_ref idref="oc-173"/>
      </symbol>
      <symbol id="sm-c9a">
         <name>LL$$MOD</name>
         <value>0x88ac2</value>
         <object_component_ref idref="oc-173"/>
      </symbol>
      <symbol id="sm-c9b">
         <name>LL$$DIV</name>
         <value>0x88a86</value>
         <object_component_ref idref="oc-173"/>
      </symbol>
      <symbol id="sm-ca7">
         <name>U$$MOD</name>
         <value>0x8ac30</value>
         <object_component_ref idref="oc-178"/>
      </symbol>
      <symbol id="sm-ca8">
         <name>U$$DIV</name>
         <value>0x8ac2b</value>
         <object_component_ref idref="oc-178"/>
      </symbol>
      <symbol id="sm-cb7">
         <name>_copy_in</name>
         <value>0x8a495</value>
         <object_component_ref idref="oc-246"/>
      </symbol>
      <symbol id="sm-cc8">
         <name>_memcpy</name>
         <value>0x8a616</value>
         <object_component_ref idref="oc-25b"/>
      </symbol>
      <symbol id="sm-cd4">
         <name>__system_pre_init</name>
         <value>0x8adc5</value>
         <object_component_ref idref="oc-244"/>
      </symbol>
      <symbol id="sm-ce1">
         <name>__system_post_cinit</name>
         <value>0x8adcb</value>
         <object_component_ref idref="oc-248"/>
      </symbol>
      <symbol id="sm-cf5">
         <name>C$$EXIT</name>
         <value>0x8a3ab</value>
         <object_component_ref idref="oc-2d8"/>
      </symbol>
      <symbol id="sm-cf6">
         <name>_exit</name>
         <value>0x8a3ad</value>
         <object_component_ref idref="oc-2d8"/>
      </symbol>
      <symbol id="sm-cf7">
         <name>___TI_cleanup_ptr</name>
         <value>0xef3a</value>
         <object_component_ref idref="oc-193"/>
      </symbol>
      <symbol id="sm-cf8">
         <name>___TI_enable_exit_profile_output</name>
         <value>0xef38</value>
         <object_component_ref idref="oc-193"/>
      </symbol>
      <symbol id="sm-cf9">
         <name>_abort</name>
         <value>0x8a3ab</value>
         <object_component_ref idref="oc-2d8"/>
      </symbol>
      <symbol id="sm-cfa">
         <name>___TI_dtors_ptr</name>
         <value>0xef3c</value>
         <object_component_ref idref="oc-193"/>
      </symbol>
      <symbol id="sm-d0e">
         <name>__unlock</name>
         <value>0x11884</value>
         <object_component_ref idref="oc-2f3"/>
      </symbol>
      <symbol id="sm-d0f">
         <name>__lock</name>
         <value>0xef3e</value>
         <object_component_ref idref="oc-2f4"/>
      </symbol>
      <symbol id="sm-d10">
         <name>__register_lock</name>
         <value>0x8ac87</value>
         <object_component_ref idref="oc-2b7"/>
      </symbol>
      <symbol id="sm-d11">
         <name>__nop</name>
         <value>0x8ac8b</value>
         <object_component_ref idref="oc-2b7"/>
      </symbol>
      <symbol id="sm-d12">
         <name>__register_unlock</name>
         <value>0x8ac83</value>
         <object_component_ref idref="oc-2b7"/>
      </symbol>
      <symbol id="sm-d21">
         <name>__args_main</name>
         <value>0x8a7fa</value>
         <object_component_ref idref="oc-249"/>
      </symbol>
      <symbol id="sm-d2f">
         <name>_memset</name>
         <value>0x8abdd</value>
         <object_component_ref idref="oc-364"/>
      </symbol>
      <symbol id="sm-d45">
         <name>_strlen</name>
         <value>0x8acd5</value>
         <object_component_ref idref="oc-277"/>
      </symbol>
      <symbol id="sm-d52">
         <name>_HOSTwrite</name>
         <value>0x8a0ad</value>
         <object_component_ref idref="oc-388"/>
      </symbol>
      <symbol id="sm-d6b">
         <name>___TI_readmsg</name>
         <value>0x89498</value>
         <object_component_ref idref="oc-39d"/>
      </symbol>
      <symbol id="sm-d6c">
         <name>C$$IO$$</name>
         <value>0x89493</value>
         <object_component_ref idref="oc-39d"/>
      </symbol>
      <symbol id="sm-d6d">
         <name>__CIOBUF_</name>
         <value>0x9040</value>
         <object_component_ref idref="oc-1b7"/>
      </symbol>
      <symbol id="sm-d6e">
         <name>___TI_writemsg</name>
         <value>0x89440</value>
         <object_component_ref idref="oc-39d"/>
      </symbol>
      <symbol id="sm-dcc">
         <name>_parmbuf</name>
         <value>0xef30</value>
         <object_component_ref idref="oc-1e4"/>
      </symbol>
      <symbol id="sm-e0f">
         <name>FD$$ADD</name>
         <value>0x8926e</value>
         <object_component_ref idref="oc-1fa"/>
      </symbol>
      <symbol id="sm-e1f">
         <name>FD$$CMP</name>
         <value>0x8a357</value>
         <object_component_ref idref="oc-1ff"/>
      </symbol>
      <symbol id="sm-e36">
         <name>FD$$DIV</name>
         <value>0x89562</value>
         <object_component_ref idref="oc-204"/>
      </symbol>
      <symbol id="sm-e48">
         <name>FD$$MPY</name>
         <value>0x895ed</value>
         <object_component_ref idref="oc-209"/>
      </symbol>
      <symbol id="sm-e55">
         <name>FD$$NEG</name>
         <value>0x8ac8c</value>
         <object_component_ref idref="oc-20e"/>
      </symbol>
      <symbol id="sm-e61">
         <name>FD$$SUB</name>
         <value>0x8ab12</value>
         <object_component_ref idref="oc-213"/>
      </symbol>
      <symbol id="sm-e70">
         <name>FD$$TOI</name>
         <value>0x8a4fd</value>
         <object_component_ref idref="oc-218"/>
      </symbol>
      <symbol id="sm-e7f">
         <name>FD$$TOL</name>
         <value>0x8a5bb</value>
         <object_component_ref idref="oc-21d"/>
      </symbol>
      <symbol id="sm-e8d">
         <name>ULL$$CMP</name>
         <value>0x8a60a</value>
         <object_component_ref idref="oc-222"/>
      </symbol>
      <symbol id="sm-e8e">
         <name>LL$$CMP</name>
         <value>0x8a5f8</value>
         <object_component_ref idref="oc-222"/>
      </symbol>
      <symbol id="sm-e9e">
         <name>I$$TOFD</name>
         <value>0x8a651</value>
         <object_component_ref idref="oc-227"/>
      </symbol>
      <symbol id="sm-eae">
         <name>L$$TOFD</name>
         <value>0x8a6a6</value>
         <object_component_ref idref="oc-22c"/>
      </symbol>
      <symbol id="sm-eba">
         <name>UL$$MOD</name>
         <value>0x8a3a5</value>
         <object_component_ref idref="oc-231"/>
      </symbol>
      <symbol id="sm-ebb">
         <name>L$$MOD</name>
         <value>0x8a390</value>
         <object_component_ref idref="oc-231"/>
      </symbol>
      <symbol id="sm-ebc">
         <name>L$$DIV</name>
         <value>0x8a381</value>
         <object_component_ref idref="oc-231"/>
      </symbol>
      <symbol id="sm-ebd">
         <name>UL$$DIV</name>
         <value>0x8a39e</value>
         <object_component_ref idref="oc-231"/>
      </symbol>
      <symbol id="sm-ecd">
         <name>FS$$TOFD</name>
         <value>0x8a68a</value>
         <object_component_ref idref="oc-236"/>
      </symbol>
      <symbol id="sm-ed7">
         <name>_errno</name>
         <value>0x11883</value>
         <object_component_ref idref="oc-23d"/>
      </symbol>
   </symbol_table>
   <title>Link successful</title>
</link_info>
