******************************************************************************
             TMS320C2000 Linker PC v6.2.4                      
******************************************************************************
>> Linked Tue Mar 04 13:20:11 2014

OUTPUT FILE NAME:   <blink_cpu01.out>
ENTRY POINT SYMBOL: "_c_int00"  address: 00082d1d


MEMORY CONFIGURATION

         name            origin    length      used     unused   attr    fill
----------------------  --------  ---------  --------  --------  ----  --------
PAGE 0:
  RAMM0                 00000122   000002de  00000000  000002de  RWIX
  RAMLS0                00008000   00000800  00000029  000007d7  RWIX
  RAMLS1                00008800   00000800  00000000  00000800  RWIX
  RAMLS2                00009000   00000800  00000000  00000800  RWIX
  RAMLS3                00009800   00000800  00000000  00000800  RWIX
  RAMLS4                0000a000   00000800  00000000  00000800  RWIX
  RAMD0                 0000b000   00000800  00000000  00000800  RWIX
  RAMGS14               0001a000   00001000  00000000  00001000  RWIX
  RAMGS15               0001b000   00001000  00000000  00001000  RWIX
  BEGIN                 00080000   00000002  00000002  00000000  RWIX
  FLASHA                00080002   00001ffe  00000000  00001ffe  RWIX
  FLASHB                00082000   00002000  00000e39  000011c7  RWIX
  FLASHC                00084000   00002000  00000000  00002000  RWIX
  FLASHD                00086000   00002000  00000029  00001fd7  RWIX
  FLASHE                00088000   00008000  00000000  00008000  RWIX
  FLASHF                00090000   00008000  000001c0  00007e40  RWIX
  FLASHG                00098000   00008000  00000000  00008000  RWIX
  FLASHH                000a0000   00008000  00000000  00008000  RWIX
  FLASHI                000a8000   00008000  00000000  00008000  RWIX
  FLASHJ                000b0000   00008000  00000000  00008000  RWIX
  FLASHK                000b8000   00002000  00000000  00002000  RWIX
  FLASHL                000ba000   00002000  00000000  00002000  RWIX
  FLASHM                000bc000   00002000  00000000  00002000  RWIX
  FLASHN                000be000   00002000  00000000  00002000  RWIX
  RESET                 003fffc0   00000002  00000000  00000002  RWIX

PAGE 1:
  BOOT_RSVD             00000002   00000120  00000000  00000120  RWIX
  RAMM1                 00000400   00000400  00000400  00000000  RWIX
  ADCA_RESULT           00000b00   00000020  00000018  00000008  RWIX
  ADCB_RESULT           00000b20   00000020  00000018  00000008  RWIX
  ADCC_RESULT           00000b40   00000020  00000018  00000008  RWIX
  ADCD_RESULT           00000b60   00000020  00000018  00000008  RWIX
  CPU_TIMER0            00000c00   00000008  00000008  00000000  RWIX
  CPU_TIMER1            00000c08   00000008  00000008  00000000  RWIX
  CPU_TIMER2            00000c10   00000008  00000008  00000000  RWIX
  PIE_CTRL              00000ce0   00000020  0000001a  00000006  RWIX
  PIE_VECT              00000d00   00000200  000001c0  00000040  RWIX
  DMA                   00001000   00000200  000000e0  00000120  RWIX
  CLA1                  00001400   00000040  00000040  00000000  RWIX
  EPWM1                 00004000   00000100  00000100  00000000  RWIX
  EPWM2                 00004100   00000100  00000100  00000000  RWIX
  EPWM3                 00004200   00000100  00000100  00000000  RWIX
  EPWM4                 00004300   00000100  00000100  00000000  RWIX
  EPWM5                 00004400   00000100  00000100  00000000  RWIX
  EPWM6                 00004500   00000100  00000100  00000000  RWIX
  EPWM7                 00004600   00000100  00000100  00000000  RWIX
  EPWM8                 00004700   00000100  00000100  00000000  RWIX
  EPWM9                 00004800   00000100  00000100  00000000  RWIX
  EPWM10                00004900   00000100  00000100  00000000  RWIX
  EPWM11                00004a00   00000100  00000100  00000000  RWIX
  EPWM12                00004b00   00000100  00000100  00000000  RWIX
  ECAP1                 00005000   00000020  00000020  00000000  RWIX
  ECAP2                 00005020   00000020  00000020  00000000  RWIX
  ECAP3                 00005040   00000020  00000020  00000000  RWIX
  ECAP4                 00005060   00000020  00000020  00000000  RWIX
  ECAP5                 00005080   00000020  00000020  00000000  RWIX
  ECAP6                 000050a0   00000020  00000020  00000000  RWIX
  EQEP1                 00005100   00000040  00000022  0000001e  RWIX
  EQEP2                 00005140   00000040  00000022  0000001e  RWIX
  EQEP3                 00005180   00000040  00000022  0000001e  RWIX
  DACA                  00005c00   00000010  00000008  00000008  RWIX
  DACB                  00005c10   00000010  00000008  00000008  RWIX
  DACC                  00005c20   00000010  00000008  00000008  RWIX
  CMPSS1                00005c80   00000020  00000020  00000000  RWIX
  CMPSS2                00005ca0   00000020  00000020  00000000  RWIX
  CMPSS3                00005cc0   00000020  00000020  00000000  RWIX
  CMPSS4                00005ce0   00000020  00000020  00000000  RWIX
  CMPSS5                00005d00   00000020  00000020  00000000  RWIX
  CMPSS6                00005d20   00000020  00000020  00000000  RWIX
  CMPSS7                00005d40   00000020  00000020  00000000  RWIX
  CMPSS8                00005d60   00000020  00000020  00000000  RWIX
  SDFM1                 00005e00   00000080  00000080  00000000  RWIX
  SDFM2                 00005e80   00000080  00000080  00000000  RWIX
  MCBSPA                00006000   00000040  00000024  0000001c  RWIX
  MCBSPB                00006040   00000040  00000024  0000001c  RWIX
  SPIA                  00006100   00000010  00000010  00000000  RWIX
  SPIB                  00006110   00000010  00000010  00000000  RWIX
  SPIC                  00006120   00000010  00000010  00000000  RWIX
  SPID                  00006130   00000010  00000010  00000000  RWIX
  UPP                   00006200   00000100  00000048  000000b8  RWIX
  WD                    00007000   00000040  0000002b  00000015  RWIX
  NMIINTRUPT            00007060   00000010  00000007  00000009  RWIX
  XINT                  00007070   00000010  0000000b  00000005  RWIX
  SCIA                  00007200   00000010  00000010  00000000  RWIX
  SCIB                  00007210   00000010  00000010  00000000  RWIX
  SCIC                  00007220   00000010  00000010  00000000  RWIX
  SCID                  00007230   00000010  00000010  00000000  RWIX
  I2CA                  00007300   00000040  00000022  0000001e  RWIX
  I2CB                  00007340   00000040  00000022  0000001e  RWIX
  ADCA                  00007400   00000080  00000080  00000000  RWIX
  ADCB                  00007480   00000080  00000080  00000000  RWIX
  ADCC                  00007500   00000080  00000080  00000000  RWIX
  ADCD                  00007580   00000080  00000080  00000000  RWIX
  TRIG                  00007900   00000050  00000046  0000000a  RWIX
  DMACLASRCSEL          00007980   00000040  0000001a  00000026  RWIX
  EPWM_XBAR             00007a00   00000040  00000040  00000000  RWIX
  CLB_XBAR              00007a40   00000040  00000000  00000040  RWIX
  GPIO_OUT_XBAR         00007a80   00000040  00000040  00000000  RWIX
  GPIOCTRL              00007c00   00000180  00000180  00000000  RWIX
  GPIODAT               00007f00   00000030  00000030  00000000  RWIX
  RAMLS5                0000a800   00000800  00000009  000007f7  RWIX
  RAMD1                 0000b800   00000800  00000000  00000800  RWIX
  RAMGS0                0000c000   00001000  00000000  00001000  RWIX
  RAMGS1                0000d000   00001000  00000000  00001000  RWIX
  RAMGS2                0000e000   00001000  00000000  00001000  RWIX
  RAMGS3                0000f000   00001000  00000000  00001000  RWIX
  RAMGS4                00010000   00001000  00000000  00001000  RWIX
  RAMGS5                00011000   00001000  00000000  00001000  RWIX
  RAMGS6                00012000   00001000  00000000  00001000  RWIX
  RAMGS7                00013000   00001000  00000000  00001000  RWIX
  RAMGS8                00014000   00001000  00000000  00001000  RWIX
  RAMGS9                00015000   00001000  00000000  00001000  RWIX
  RAMGS10               00016000   00001000  00000000  00001000  RWIX
  RAMGS11               00017000   00001000  00000000  00001000  RWIX
  RAMGS12               00018000   00001000  00000000  00001000  RWIX
  RAMGS13               00019000   00001000  00000000  00001000  RWIX
  CPU2TOCPU1RAM         0003f800   00000400  00000000  00000400  RWIX
  CPU1TOCPU2RAM         0003fc00   00000400  00000000  00000400  RWIX
  EMIF1                 00047000   00000800  00000070  00000790  RWIX
  EMIF2                 00047800   00000800  00000070  00000790  RWIX
  DCANA                 00048000   00001000  00000200  00000e00  RWIX
  DCANB                 0004a000   00001000  00000200  00000e00  RWIX
  IPC                   00050000   00001000  00000026  00000fda  RWIX
  DEV_CFG               0005d000   00000180  0000012e  00000052  RWIX
  ANALOG_SUBSYS         0005d180   00000080  00000048  00000038  RWIX
  CLK_CFG               0005d200   00000100  00000032  000000ce  RWIX
  CPU_SYS               0005d300   00000100  00000082  0000007e  RWIX
  HWBIST                0005e000   00000100  000000a2  0000005e  RWIX
  PBIST                 0005e200   00000200  000001e6  0000001a  RWIX
  ROMPREFETCH           0005e608   00000002  00000002  00000000  RWIX
  DCSM_Z1               0005f000   00000030  00000024  0000000c  RWIX
  DCSM_Z2               0005f040   00000030  00000024  0000000c  RWIX
  DCSM_COMMON           0005f070   00000010  00000008  00000008  RWIX
  MEMCFG                0005f400   00000080  00000080  00000000  RWIX
  EMIF1CONFIG           0005f480   00000020  00000020  00000000  RWIX
  EMIF2CONFIG           0005f4a0   00000020  00000020  00000000  RWIX
  ACCESSPROTECTION      0005f4c0   00000040  00000040  00000000  RWIX
  MEMORYERROR           0005f500   00000040  00000040  00000000  RWIX
  ROMWAITSTATE          0005f540   00000002  00000002  00000000  RWIX
  FLASH_CTRL            0005f800   00000300  00000182  0000017e  RWIX
  FLASH_ECC             0005fb00   00000040  00000028  00000018  RWIX
  DCSM_OTP_Z1           00078800   00000020  0000001a  00000006  RWIX
  DCSM_OTP_Z2           00078900   00000020  0000001a  00000006  RWIX


SECTION ALLOCATION MAP

 output                                  attributes/
section   page    origin      length       input sections
--------  ----  ----------  ----------   ----------------
.pinit     0    00082000    00000000     UNINITIALIZED

Cla1SoftIntRegsFile 
*          1    00000ce0    00000004     DSECT
                  00000ce0    00000004     F2837xD_GlobalVariableDefs.obj (Cla1SoftIntRegsFile)

GETBUFFER 
*          0    0003f800    00000000     DSECT

GETWRITEIDX 
*          0    0003f800    00000000     DSECT

PUTREADIDX 
*          0    0003f800    00000000     DSECT

codestart 
*          0    00080000    00000002     
                  00080000    00000002     F2837xD_CodeStartBranch.obj (codestart)

.cinit     0    00082000    00000016     
                  00082000    0000000a     rts2800_fpu32.lib : _lock.obj (.cinit)
                  0008200a    0000000a                       : exit.obj (.cinit)
                  00082014    00000002     --HOLE-- [fill = 0]

.text      0    00082016    00000e23     
                  00082016    0000058f     F2837xD_DefaultISR.obj (.text:retain)
                  000825a5    00000250     F2837xD_SysCtrl.obj (.text)
                  000827f5    00000236     F2837xD_Gpio.obj (.text)
                  00082a2b    00000160     F2837xD_Ipc_Driver_Util.obj (.text)
                  00082b8b    000000c9     F2837xD_Ipc.obj (.text)
                  00082c54    00000080     F2837xD_Gpio.obj (.text:retain)
                  00082cd4    00000049     blink_cpu01.obj (.text)
                  00082d1d    00000046     rts2800_fpu32.lib : boot.obj (.text)
                  00082d63    00000028     F2837xD_PieCtrl.obj (.text)
                  00082d8b    00000025     F2837xD_PieVect.obj (.text)
                  00082db0    00000021     rts2800_fpu32.lib : memcpy_ff.obj (.text)
                  00082dd1    00000019                       : args_main.obj (.text)
                  00082dea    00000019                       : exit.obj (.text)
                  00082e03    00000018                       : ll_aox.obj (.text)
                  00082e1b    0000000d                       : memset.obj (.text)
                  00082e28    00000009                       : _lock.obj (.text)
                  00082e31    00000008     F2837xD_CodeStartBranch.obj (.text)

ramfuncs   0    00086000    00000029     RUN ADDR = 00008000
                  00086000    00000025     F2837xD_SysCtrl.obj (ramfuncs)
                  00086025    00000004     F2837xD_usDelay.obj (ramfuncs)

.econst    0    00090000    000001c0     
                  00090000    000001c0     F2837xD_PieVect.obj (.econst)

.reset     0    003fffc0    00000002     DSECT
                  003fffc0    00000002     rts2800_fpu32.lib : boot.obj (.reset)

.stack     1    00000400    00000400     UNINITIALIZED
                  00000400    00000400     --HOLE--

AdcaResultFile 
*          1    00000b00    00000018     UNINITIALIZED
                  00000b00    00000018     F2837xD_GlobalVariableDefs.obj (AdcaResultFile)

AdcbResultFile 
*          1    00000b20    00000018     UNINITIALIZED
                  00000b20    00000018     F2837xD_GlobalVariableDefs.obj (AdcbResultFile)

AdccResultFile 
*          1    00000b40    00000018     UNINITIALIZED
                  00000b40    00000018     F2837xD_GlobalVariableDefs.obj (AdccResultFile)

AdcdResultFile 
*          1    00000b60    00000018     UNINITIALIZED
                  00000b60    00000018     F2837xD_GlobalVariableDefs.obj (AdcdResultFile)

CpuTimer0RegsFile 
*          1    00000c00    00000008     UNINITIALIZED
                  00000c00    00000008     F2837xD_GlobalVariableDefs.obj (CpuTimer0RegsFile)

CpuTimer1RegsFile 
*          1    00000c08    00000008     UNINITIALIZED
                  00000c08    00000008     F2837xD_GlobalVariableDefs.obj (CpuTimer1RegsFile)

CpuTimer2RegsFile 
*          1    00000c10    00000008     UNINITIALIZED
                  00000c10    00000008     F2837xD_GlobalVariableDefs.obj (CpuTimer2RegsFile)

PieCtrlRegsFile 
*          1    00000ce0    0000001a     UNINITIALIZED
                  00000ce0    0000001a     F2837xD_GlobalVariableDefs.obj (PieCtrlRegsFile)

PieVectTableFile 
*          1    00000d00    000001c0     UNINITIALIZED
                  00000d00    000001c0     F2837xD_GlobalVariableDefs.obj (PieVectTableFile)

EmuKeyVar 
*          1    00000d00    00000001     UNINITIALIZED
                  00000d00    00000001     F2837xD_GlobalVariableDefs.obj (EmuKeyVar)

EmuBModeVar 
*          1    00000d01    00000001     UNINITIALIZED
                  00000d01    00000001     F2837xD_GlobalVariableDefs.obj (EmuBModeVar)

FlashCallbackVar 
*          1    00000d02    00000000     UNINITIALIZED

FlashScalingVar 
*          1    00000d02    00000000     UNINITIALIZED

DmaRegsFile 
*          1    00001000    000000e0     UNINITIALIZED
                  00001000    000000e0     F2837xD_GlobalVariableDefs.obj (DmaRegsFile)

Cla1RegsFile 
*          1    00001400    00000040     UNINITIALIZED
                  00001400    00000040     F2837xD_GlobalVariableDefs.obj (Cla1RegsFile)

EPwm1RegsFile 
*          1    00004000    00000100     UNINITIALIZED
                  00004000    00000100     F2837xD_GlobalVariableDefs.obj (EPwm1RegsFile)

EPwm2RegsFile 
*          1    00004100    00000100     UNINITIALIZED
                  00004100    00000100     F2837xD_GlobalVariableDefs.obj (EPwm2RegsFile)

EPwm3RegsFile 
*          1    00004200    00000100     UNINITIALIZED
                  00004200    00000100     F2837xD_GlobalVariableDefs.obj (EPwm3RegsFile)

EPwm4RegsFile 
*          1    00004300    00000100     UNINITIALIZED
                  00004300    00000100     F2837xD_GlobalVariableDefs.obj (EPwm4RegsFile)

EPwm5RegsFile 
*          1    00004400    00000100     UNINITIALIZED
                  00004400    00000100     F2837xD_GlobalVariableDefs.obj (EPwm5RegsFile)

EPwm6RegsFile 
*          1    00004500    00000100     UNINITIALIZED
                  00004500    00000100     F2837xD_GlobalVariableDefs.obj (EPwm6RegsFile)

EPwm7RegsFile 
*          1    00004600    00000100     UNINITIALIZED
                  00004600    00000100     F2837xD_GlobalVariableDefs.obj (EPwm7RegsFile)

EPwm8RegsFile 
*          1    00004700    00000100     UNINITIALIZED
                  00004700    00000100     F2837xD_GlobalVariableDefs.obj (EPwm8RegsFile)

EPwm9RegsFile 
*          1    00004800    00000100     UNINITIALIZED
                  00004800    00000100     F2837xD_GlobalVariableDefs.obj (EPwm9RegsFile)

EPwm10RegsFile 
*          1    00004900    00000100     UNINITIALIZED
                  00004900    00000100     F2837xD_GlobalVariableDefs.obj (EPwm10RegsFile)

EPwm11RegsFile 
*          1    00004a00    00000100     UNINITIALIZED
                  00004a00    00000100     F2837xD_GlobalVariableDefs.obj (EPwm11RegsFile)

EPwm12RegsFile 
*          1    00004b00    00000100     UNINITIALIZED
                  00004b00    00000100     F2837xD_GlobalVariableDefs.obj (EPwm12RegsFile)

ECap1RegsFile 
*          1    00005000    00000020     UNINITIALIZED
                  00005000    00000020     F2837xD_GlobalVariableDefs.obj (ECap1RegsFile)

ECap2RegsFile 
*          1    00005020    00000020     UNINITIALIZED
                  00005020    00000020     F2837xD_GlobalVariableDefs.obj (ECap2RegsFile)

ECap3RegsFile 
*          1    00005040    00000020     UNINITIALIZED
                  00005040    00000020     F2837xD_GlobalVariableDefs.obj (ECap3RegsFile)

ECap4RegsFile 
*          1    00005060    00000020     UNINITIALIZED
                  00005060    00000020     F2837xD_GlobalVariableDefs.obj (ECap4RegsFile)

ECap5RegsFile 
*          1    00005080    00000020     UNINITIALIZED
                  00005080    00000020     F2837xD_GlobalVariableDefs.obj (ECap5RegsFile)

ECap6RegsFile 
*          1    000050a0    00000020     UNINITIALIZED
                  000050a0    00000020     F2837xD_GlobalVariableDefs.obj (ECap6RegsFile)

EQep1RegsFile 
*          1    00005100    00000022     UNINITIALIZED
                  00005100    00000022     F2837xD_GlobalVariableDefs.obj (EQep1RegsFile)

EQep2RegsFile 
*          1    00005140    00000022     UNINITIALIZED
                  00005140    00000022     F2837xD_GlobalVariableDefs.obj (EQep2RegsFile)

EQep3RegsFile 
*          1    00005180    00000022     UNINITIALIZED
                  00005180    00000022     F2837xD_GlobalVariableDefs.obj (EQep3RegsFile)

DacaRegsFile 
*          1    00005c00    00000008     UNINITIALIZED
                  00005c00    00000008     F2837xD_GlobalVariableDefs.obj (DacaRegsFile)

DacbRegsFile 
*          1    00005c10    00000008     UNINITIALIZED
                  00005c10    00000008     F2837xD_GlobalVariableDefs.obj (DacbRegsFile)

DaccRegsFile 
*          1    00005c20    00000008     UNINITIALIZED
                  00005c20    00000008     F2837xD_GlobalVariableDefs.obj (DaccRegsFile)

Cmpss1RegsFile 
*          1    00005c80    00000020     UNINITIALIZED
                  00005c80    00000020     F2837xD_GlobalVariableDefs.obj (Cmpss1RegsFile)

Cmpss2RegsFile 
*          1    00005ca0    00000020     UNINITIALIZED
                  00005ca0    00000020     F2837xD_GlobalVariableDefs.obj (Cmpss2RegsFile)

Cmpss3RegsFile 
*          1    00005cc0    00000020     UNINITIALIZED
                  00005cc0    00000020     F2837xD_GlobalVariableDefs.obj (Cmpss3RegsFile)

Cmpss4RegsFile 
*          1    00005ce0    00000020     UNINITIALIZED
                  00005ce0    00000020     F2837xD_GlobalVariableDefs.obj (Cmpss4RegsFile)

Cmpss5RegsFile 
*          1    00005d00    00000020     UNINITIALIZED
                  00005d00    00000020     F2837xD_GlobalVariableDefs.obj (Cmpss5RegsFile)

Cmpss6RegsFile 
*          1    00005d20    00000020     UNINITIALIZED
                  00005d20    00000020     F2837xD_GlobalVariableDefs.obj (Cmpss6RegsFile)

Cmpss7RegsFile 
*          1    00005d40    00000020     UNINITIALIZED
                  00005d40    00000020     F2837xD_GlobalVariableDefs.obj (Cmpss7RegsFile)

Cmpss8RegsFile 
*          1    00005d60    00000020     UNINITIALIZED
                  00005d60    00000020     F2837xD_GlobalVariableDefs.obj (Cmpss8RegsFile)

Sdfm1RegsFile 
*          1    00005e00    00000080     UNINITIALIZED
                  00005e00    00000080     F2837xD_GlobalVariableDefs.obj (Sdfm1RegsFile)

Sdfm2RegsFile 
*          1    00005e80    00000080     UNINITIALIZED
                  00005e80    00000080     F2837xD_GlobalVariableDefs.obj (Sdfm2RegsFile)

McbspaRegsFile 
*          1    00006000    00000024     UNINITIALIZED
                  00006000    00000024     F2837xD_GlobalVariableDefs.obj (McbspaRegsFile)

McbspbRegsFile 
*          1    00006040    00000024     UNINITIALIZED
                  00006040    00000024     F2837xD_GlobalVariableDefs.obj (McbspbRegsFile)

SpiaRegsFile 
*          1    00006100    00000010     UNINITIALIZED
                  00006100    00000010     F2837xD_GlobalVariableDefs.obj (SpiaRegsFile)

SpibRegsFile 
*          1    00006110    00000010     UNINITIALIZED
                  00006110    00000010     F2837xD_GlobalVariableDefs.obj (SpibRegsFile)

SpicRegsFile 
*          1    00006120    00000010     UNINITIALIZED
                  00006120    00000010     F2837xD_GlobalVariableDefs.obj (SpicRegsFile)

SpidRegsFile 
*          1    00006130    00000010     UNINITIALIZED
                  00006130    00000010     F2837xD_GlobalVariableDefs.obj (SpidRegsFile)

UppRegsFile 
*          1    00006200    00000048     UNINITIALIZED
                  00006200    00000048     F2837xD_GlobalVariableDefs.obj (UppRegsFile)

WdRegsFile 
*          1    00007000    0000002b     UNINITIALIZED
                  00007000    0000002b     F2837xD_GlobalVariableDefs.obj (WdRegsFile)

NmiIntruptRegsFile 
*          1    00007060    00000007     UNINITIALIZED
                  00007060    00000007     F2837xD_GlobalVariableDefs.obj (NmiIntruptRegsFile)

XintRegsFile 
*          1    00007070    0000000b     UNINITIALIZED
                  00007070    0000000b     F2837xD_GlobalVariableDefs.obj (XintRegsFile)

SciaRegsFile 
*          1    00007200    00000010     UNINITIALIZED
                  00007200    00000010     F2837xD_GlobalVariableDefs.obj (SciaRegsFile)

ScibRegsFile 
*          1    00007210    00000010     UNINITIALIZED
                  00007210    00000010     F2837xD_GlobalVariableDefs.obj (ScibRegsFile)

ScicRegsFile 
*          1    00007220    00000010     UNINITIALIZED
                  00007220    00000010     F2837xD_GlobalVariableDefs.obj (ScicRegsFile)

ScidRegsFile 
*          1    00007230    00000010     UNINITIALIZED
                  00007230    00000010     F2837xD_GlobalVariableDefs.obj (ScidRegsFile)

I2caRegsFile 
*          1    00007300    00000022     UNINITIALIZED
                  00007300    00000022     F2837xD_GlobalVariableDefs.obj (I2caRegsFile)

I2cbRegsFile 
*          1    00007340    00000022     UNINITIALIZED
                  00007340    00000022     F2837xD_GlobalVariableDefs.obj (I2cbRegsFile)

AdcaRegsFile 
*          1    00007400    00000080     UNINITIALIZED
                  00007400    00000080     F2837xD_GlobalVariableDefs.obj (AdcaRegsFile)

AdcbRegsFile 
*          1    00007480    00000080     UNINITIALIZED
                  00007480    00000080     F2837xD_GlobalVariableDefs.obj (AdcbRegsFile)

AdccRegsFile 
*          1    00007500    00000080     UNINITIALIZED
                  00007500    00000080     F2837xD_GlobalVariableDefs.obj (AdccRegsFile)

AdcdRegsFile 
*          1    00007580    00000080     UNINITIALIZED
                  00007580    00000080     F2837xD_GlobalVariableDefs.obj (AdcdRegsFile)

TrigRegsFile 
*          1    00007900    00000046     UNINITIALIZED
                  00007900    00000046     F2837xD_GlobalVariableDefs.obj (TrigRegsFile)

DmaClaSrcSelRegsFile 
*          1    00007980    0000001a     UNINITIALIZED
                  00007980    0000001a     F2837xD_GlobalVariableDefs.obj (DmaClaSrcSelRegsFile)

EPwmXbarRegsFile 
*          1    00007a00    00000040     UNINITIALIZED
                  00007a00    00000040     F2837xD_GlobalVariableDefs.obj (EPwmXbarRegsFile)

GpioOutXbarRegsFile 
*          1    00007a80    00000040     UNINITIALIZED
                  00007a80    00000040     F2837xD_GlobalVariableDefs.obj (GpioOutXbarRegsFile)

GpioCtrlRegsFile 
*          1    00007c00    00000180     UNINITIALIZED
                  00007c00    00000180     F2837xD_GlobalVariableDefs.obj (GpioCtrlRegsFile)

GpioDataRegsFile 
*          1    00007f00    00000030     UNINITIALIZED
                  00007f00    00000030     F2837xD_GlobalVariableDefs.obj (GpioDataRegsFile)

.ebss      1    0000a800    00000009     UNINITIALIZED
                  0000a800    00000004     rts2800_fpu32.lib : _lock.obj (.ebss)
                  0000a804    00000004                       : exit.obj (.ebss)
                  0000a808    00000001     F2837xD_Gpio.obj (.ebss)

Emif1RegsFile 
*          1    00047000    00000070     UNINITIALIZED
                  00047000    00000070     F2837xD_GlobalVariableDefs.obj (Emif1RegsFile)

Emif2RegsFile 
*          1    00047800    00000070     UNINITIALIZED
                  00047800    00000070     F2837xD_GlobalVariableDefs.obj (Emif2RegsFile)

DcanaRegsFile 
*          1    00048000    00000200     UNINITIALIZED
                  00048000    00000200     F2837xD_GlobalVariableDefs.obj (DcanaRegsFile)

DcanbRegsFile 
*          1    0004a000    00000200     UNINITIALIZED
                  0004a000    00000200     F2837xD_GlobalVariableDefs.obj (DcanbRegsFile)

IpcRegsFile 
*          1    00050000    00000026     UNINITIALIZED
                  00050000    00000026     F2837xD_GlobalVariableDefs.obj (IpcRegsFile)

DevCfgRegsFile 
*          1    0005d000    0000012e     UNINITIALIZED
                  0005d000    0000012e     F2837xD_GlobalVariableDefs.obj (DevCfgRegsFile)

AnalogSubsysRegsFile 
*          1    0005d180    00000048     UNINITIALIZED
                  0005d180    00000048     F2837xD_GlobalVariableDefs.obj (AnalogSubsysRegsFile)

ClkCfgRegsFile 
*          1    0005d200    00000032     UNINITIALIZED
                  0005d200    00000032     F2837xD_GlobalVariableDefs.obj (ClkCfgRegsFile)

CpuSysRegsFile 
*          1    0005d300    00000082     UNINITIALIZED
                  0005d300    00000082     F2837xD_GlobalVariableDefs.obj (CpuSysRegsFile)

HwbistRegsFile 
*          1    0005e000    000000a2     UNINITIALIZED
                  0005e000    000000a2     F2837xD_GlobalVariableDefs.obj (HwbistRegsFile)

PbistRegsFile 
*          1    0005e200    000001e6     UNINITIALIZED
                  0005e200    000001e6     F2837xD_GlobalVariableDefs.obj (PbistRegsFile)

RomPrefetchRegsFile 
*          1    0005e608    00000002     UNINITIALIZED
                  0005e608    00000002     F2837xD_GlobalVariableDefs.obj (RomPrefetchRegsFile)

DcsmRegsZ1File 
*          1    0005f000    00000024     UNINITIALIZED
                  0005f000    00000024     F2837xD_GlobalVariableDefs.obj (DcsmRegsZ1File)

DcsmRegsZ2File 
*          1    0005f040    00000024     UNINITIALIZED
                  0005f040    00000024     F2837xD_GlobalVariableDefs.obj (DcsmRegsZ2File)

DcsmRegsCommonFile 
*          1    0005f070    00000008     UNINITIALIZED
                  0005f070    00000008     F2837xD_GlobalVariableDefs.obj (DcsmRegsCommonFile)

MemCfgRegsFile 
*          1    0005f400    00000080     UNINITIALIZED
                  0005f400    00000080     F2837xD_GlobalVariableDefs.obj (MemCfgRegsFile)

Emif1ConfigRegsFile 
*          1    0005f480    00000020     UNINITIALIZED
                  0005f480    00000020     F2837xD_GlobalVariableDefs.obj (Emif1ConfigRegsFile)

Emif2ConfigRegsFile 
*          1    0005f4a0    00000020     UNINITIALIZED
                  0005f4a0    00000020     F2837xD_GlobalVariableDefs.obj (Emif2ConfigRegsFile)

AccessProtectionRegsFile 
*          1    0005f4c0    00000040     UNINITIALIZED
                  0005f4c0    00000040     F2837xD_GlobalVariableDefs.obj (AccessProtectionRegsFile)

MemoryErrorRegsFile 
*          1    0005f500    00000040     UNINITIALIZED
                  0005f500    00000040     F2837xD_GlobalVariableDefs.obj (MemoryErrorRegsFile)

RomWaitStateRegsFile 
*          1    0005f540    00000002     UNINITIALIZED
                  0005f540    00000002     F2837xD_GlobalVariableDefs.obj (RomWaitStateRegsFile)

FlashCtrlRegsFile 
*          1    0005f800    00000182     UNINITIALIZED
                  0005f800    00000182     F2837xD_GlobalVariableDefs.obj (FlashCtrlRegsFile)

FlashEccRegsFile 
*          1    0005fb00    00000028     UNINITIALIZED
                  0005fb00    00000028     F2837xD_GlobalVariableDefs.obj (FlashEccRegsFile)

DcsmOtpZ1File 
*          1    00078800    0000001a     UNINITIALIZED
                  00078800    0000001a     F2837xD_GlobalVariableDefs.obj (DcsmOtpZ1File)

DcsmOtpZ2File 
*          1    00078900    0000001a     UNINITIALIZED
                  00078900    0000001a     F2837xD_GlobalVariableDefs.obj (DcsmOtpZ2File)


GLOBAL DATA SYMBOLS: SORTED BY DATA PAGE

address     data page           name
--------    ----------------    ----
00000400      10 (00000400)     __stack

00000b00      2c (00000b00)     _AdcaResultRegs
00000b20      2c (00000b00)     _AdcbResultRegs

00000b40      2d (00000b40)     _AdccResultRegs
00000b60      2d (00000b40)     _AdcdResultRegs

00000c00      30 (00000c00)     _CpuTimer0Regs
00000c08      30 (00000c00)     _CpuTimer1Regs
00000c10      30 (00000c00)     _CpuTimer2Regs

00000ce0      33 (00000cc0)     _Cla1SoftIntRegs
00000ce0      33 (00000cc0)     _PieCtrlRegs

00000d00      34 (00000d00)     _EmuKey
00000d00      34 (00000d00)     _PieVectTable
00000d01      34 (00000d00)     _EmuBMode

00001000      40 (00001000)     _DmaRegs

00001400      50 (00001400)     _Cla1Regs

00004000     100 (00004000)     _EPwm1Regs

00004100     104 (00004100)     _EPwm2Regs

00004200     108 (00004200)     _EPwm3Regs

00004300     10c (00004300)     _EPwm4Regs

00004400     110 (00004400)     _EPwm5Regs

00004500     114 (00004500)     _EPwm6Regs

00004600     118 (00004600)     _EPwm7Regs

00004700     11c (00004700)     _EPwm8Regs

00004800     120 (00004800)     _EPwm9Regs

00004900     124 (00004900)     _EPwm10Regs

00004a00     128 (00004a00)     _EPwm11Regs

00004b00     12c (00004b00)     _EPwm12Regs

00005000     140 (00005000)     _ECap1Regs
00005020     140 (00005000)     _ECap2Regs

00005040     141 (00005040)     _ECap3Regs
00005060     141 (00005040)     _ECap4Regs

00005080     142 (00005080)     _ECap5Regs
000050a0     142 (00005080)     _ECap6Regs

00005100     144 (00005100)     _EQep1Regs

00005140     145 (00005140)     _EQep2Regs

00005180     146 (00005180)     _EQep3Regs

00005c00     170 (00005c00)     _DacaRegs
00005c10     170 (00005c00)     _DacbRegs
00005c20     170 (00005c00)     _DaccRegs

00005c80     172 (00005c80)     _Cmpss1Regs
00005ca0     172 (00005c80)     _Cmpss2Regs

00005cc0     173 (00005cc0)     _Cmpss3Regs
00005ce0     173 (00005cc0)     _Cmpss4Regs

00005d00     174 (00005d00)     _Cmpss5Regs
00005d20     174 (00005d00)     _Cmpss6Regs

00005d40     175 (00005d40)     _Cmpss7Regs
00005d60     175 (00005d40)     _Cmpss8Regs

00005e00     178 (00005e00)     _Sdfm1Regs

00005e80     17a (00005e80)     _Sdfm2Regs

00006000     180 (00006000)     _McbspaRegs

00006040     181 (00006040)     _McbspbRegs

00006100     184 (00006100)     _SpiaRegs
00006110     184 (00006100)     _SpibRegs
00006120     184 (00006100)     _SpicRegs
00006130     184 (00006100)     _SpidRegs

00006200     188 (00006200)     _UppRegs

00007000     1c0 (00007000)     _WdRegs

00007060     1c1 (00007040)     _NmiIntruptRegs
00007070     1c1 (00007040)     _XintRegs

00007200     1c8 (00007200)     _SciaRegs
00007210     1c8 (00007200)     _ScibRegs
00007220     1c8 (00007200)     _ScicRegs
00007230     1c8 (00007200)     _ScidRegs

00007300     1cc (00007300)     _I2caRegs

00007340     1cd (00007340)     _I2cbRegs

00007400     1d0 (00007400)     _AdcaRegs

00007480     1d2 (00007480)     _AdcbRegs

00007500     1d4 (00007500)     _AdccRegs

00007580     1d6 (00007580)     _AdcdRegs

00007900     1e4 (00007900)     _TrigRegs

00007980     1e6 (00007980)     _DmaClaSrcSelRegs

00007a00     1e8 (00007a00)     _EPwmXbarRegs

00007a80     1ea (00007a80)     _OutputXbarRegs

00007c00     1f0 (00007c00)     _GpioCtrlRegs

00007f00     1fc (00007f00)     _GpioDataRegs

0000a800     2a0 (0000a800)     __unlock
0000a802     2a0 (0000a800)     __lock
0000a804     2a0 (0000a800)     ___TI_cleanup_ptr
0000a806     2a0 (0000a800)     ___TI_dtors_ptr

00047000    11c0 (00047000)     _Emif1Regs

00047800    11e0 (00047800)     _Emif2Regs

00048000    1200 (00048000)     _DcanaRegs

0004a000    1280 (0004a000)     _DcanbRegs

00050000    1400 (00050000)     _IpcRegs

0005d000    1740 (0005d000)     _DevCfgRegs

0005d180    1746 (0005d180)     _AnalogSubsysRegs

0005d200    1748 (0005d200)     _ClkCfgRegs

0005d300    174c (0005d300)     _CpuSysRegs

0005e000    1780 (0005e000)     _HwbistRegs

0005e200    1788 (0005e200)     _PbistRegs

0005e608    1798 (0005e600)     _RomPrefetchRegs

0005f000    17c0 (0005f000)     _DcsmZ1Regs

0005f040    17c1 (0005f040)     _DcsmZ2Regs
0005f070    17c1 (0005f040)     _DcsmCommonRegs

0005f400    17d0 (0005f400)     _MemCfgRegs

0005f480    17d2 (0005f480)     _Emif1ConfigRegs
0005f4a0    17d2 (0005f480)     _Emif2ConfigRegs

0005f4c0    17d3 (0005f4c0)     _AccessProtectionRegs

0005f500    17d4 (0005f500)     _MemoryErrorRegs

0005f540    17d5 (0005f540)     _RomWaitStateRegs

0005f800    17e0 (0005f800)     _FlashCtrlRegs

0005fb00    17ec (0005fb00)     _FlashEccRegs

00078800    1e20 (00078800)     _DcsmZ1Otp

00078900    1e24 (00078900)     _DcsmZ2Otp

00090000    2400 (00090000)     _PieVectTableInit


GLOBAL SYMBOLS: SORTED ALPHABETICALLY BY Name 

address    name
--------   ----
ffffffff   .text
00082dea   C$$EXIT
00082e03   LL$$AND
00082e0b   LL$$OR
00082e13   LL$$XOR
000820d4   _ADCA1_ISR
00082354   _ADCA2_ISR
0008235e   _ADCA3_ISR
00082368   _ADCA4_ISR
0008234a   _ADCA_EVT_ISR
000820de   _ADCB1_ISR
0008237c   _ADCB2_ISR
00082386   _ADCB3_ISR
00082390   _ADCB4_ISR
00082372   _ADCB_EVT_ISR
000820e8   _ADCC1_ISR
000824ee   _ADCC2_ISR
000824f8   _ADCC3_ISR
00082502   _ADCC4_ISR
000824e4   _ADCC_EVT_ISR
00082106   _ADCD1_ISR
00082516   _ADCD2_ISR
00082520   _ADCD3_ISR
0008252a   _ADCD4_ISR
0008250c   _ADCD_EVT_ISR
00082566   _AUX_PLL_SLIP_ISR
0005f4c0   _AccessProtectionRegs
00082bfc   _AckIpcFlag
00007400   _AdcaRegs
00000b00   _AdcaResultRegs
00007480   _AdcbRegs
00000b20   _AdcbResultRegs
00007500   _AdccRegs
00000b40   _AdccResultRegs
00007580   _AdcdRegs
00000b60   _AdcdResultRegs
0005d180   _AnalogSubsysRegs
000827b9   _AuxAuxClkSel
000827a3   _AuxIntOsc2Sel
000827ad   _AuxXtalOscSel
0008239a   _CLA1_1_ISR
000823a4   _CLA1_2_ISR
000823ae   _CLA1_3_ISR
000823b8   _CLA1_4_ISR
000823c2   _CLA1_5_ISR
000823cc   _CLA1_6_ISR
000823d6   _CLA1_7_ISR
000823e0   _CLA1_8_ISR
00082570   _CLA_OVERFLOW_ISR
0008257a   _CLA_UNDERFLOW_ISR
00082c06   _CancelIpcFlag
00001400   _Cla1Regs
00000ce0   _Cla1SoftIntRegs
0005d200   _ClkCfgRegs
00005c80   _Cmpss1Regs
00005ca0   _Cmpss2Regs
00005cc0   _Cmpss3Regs
00005ce0   _Cmpss4Regs
00005d00   _Cmpss5Regs
00005d20   _Cmpss6Regs
00005d40   _Cmpss7Regs
00005d60   _Cmpss8Regs
0005d300   _CpuSysRegs
00000c00   _CpuTimer0Regs
00000c08   _CpuTimer1Regs
00000c10   _CpuTimer2Regs
0008275a   _CsmUnlock
0008202a   _DATALOG_ISR
00082322   _DCANA_1_ISR
0008232c   _DCANA_2_ISR
00082336   _DCANB_1_ISR
00082340   _DCANB_2_ISR
0008226e   _DMA_CH1_ISR
00082278   _DMA_CH2_ISR
00082282   _DMA_CH3_ISR
0008228c   _DMA_CH4_ISR
00082296   _DMA_CH5_ISR
000822a0   _DMA_CH6_ISR
00005c00   _DacaRegs
00005c10   _DacbRegs
00005c20   _DaccRegs
00048000   _DcanaRegs
0004a000   _DcanbRegs
0005f070   _DcsmCommonRegs
00078800   _DcsmZ1Otp
0005f000   _DcsmZ1Regs
00078900   _DcsmZ2Otp
0005f040   _DcsmZ2Regs
0005d000   _DevCfgRegs
00082662   _DisableDog
00007980   _DmaClaSrcSelRegs
00001000   _DmaRegs
000821c4   _ECAP1_ISR
000821ce   _ECAP2_ISR
000821d8   _ECAP3_ISR
000821e2   _ECAP4_ISR
000821ec   _ECAP5_ISR
000821f6   _ECAP6_ISR
00005000   _ECap1Regs
00005020   _ECap2Regs
00005040   _ECap3Regs
00005060   _ECap4Regs
00005080   _ECap5Regs
000050a0   _ECap6Regs
00082534   _EMIF_ERROR_ISR
0008258e   _EMPTY_ISR
0008203e   _EMU_ISR
0008248a   _EPWM10_ISR
00082462   _EPWM10_TZ_ISR
00082494   _EPWM11_ISR
0008246c   _EPWM11_TZ_ISR
0008249e   _EPWM12_ISR
00082476   _EPWM12_TZ_ISR
00082174   _EPWM1_ISR
00082124   _EPWM1_TZ_ISR
0008217e   _EPWM2_ISR
0008212e   _EPWM2_TZ_ISR
00082188   _EPWM3_ISR
00082138   _EPWM3_TZ_ISR
00082192   _EPWM4_ISR
00082142   _EPWM4_TZ_ISR
0008219c   _EPWM5_ISR
0008214c   _EPWM5_TZ_ISR
000821a6   _EPWM6_ISR
00082156   _EPWM6_TZ_ISR
000821b0   _EPWM7_ISR
00082160   _EPWM7_TZ_ISR
000821ba   _EPWM8_ISR
0008216a   _EPWM8_TZ_ISR
00082480   _EPWM9_ISR
00082458   _EPWM9_TZ_ISR
00004900   _EPwm10Regs
00004a00   _EPwm11Regs
00004b00   _EPwm12Regs
00004000   _EPwm1Regs
00004100   _EPwm2Regs
00004200   _EPwm3Regs
00004300   _EPwm4Regs
00004400   _EPwm5Regs
00004500   _EPwm6Regs
00004600   _EPwm7Regs
00004700   _EPwm8Regs
00004800   _EPwm9Regs
00007a00   _EPwmXbarRegs
00082200   _EQEP1_ISR
0008220a   _EQEP2_ISR
00082214   _EQEP3_ISR
00005100   _EQep1Regs
00005140   _EQep2Regs
00005180   _EQep3Regs
0005f480   _Emif1ConfigRegs
00047000   _Emif1Regs
0005f4a0   _Emif2ConfigRegs
00047800   _Emif2Regs
00000d01   _EmuBMode
00000d00   _EmuKey
00082d82   _EnableInterrupts
00008025   _F28x_usDelay
00082548   _FLASH_CORRECTABLE_ERROR_ISR
0008241c   _FPU_OVERFLOW_ISR
00082426   _FPU_UNDERFLOW_ISR
00082bd5   _FillIpcSendData
0005f800   _FlashCtrlRegs
0005fb00   _FlashEccRegs
000829b3   _GPIO_ReadPin
000829e9   _GPIO_SelectIpcInt
00082959   _GPIO_SetupLock
00082832   _GPIO_SetupPinMux
000828c3   _GPIO_SetupPinOptions
00082981   _GPIO_SetupXINT1Gpio
0008298b   _GPIO_SetupXINT2Gpio
00082995   _GPIO_SetupXINT3Gpio
0008299f   _GPIO_SetupXINT4Gpio
000829a9   _GPIO_SetupXINT5Gpio
000829ca   _GPIO_WritePin
00007c00   _GpioCtrlRegs
00007f00   _GpioDataRegs
000827d7   _HALT
000827e7   _HIB
0005e000   _HwbistRegs
000822b4   _I2CA_FIFO_ISR
000822aa   _I2CA_ISR
000822c8   _I2CB_FIFO_ISR
000822be   _I2CB_ISR
00007300   _I2caRegs
00007340   _I2cbRegs
000827c3   _IDLE
00082052   _ILLEGAL_ISR
00082430   _IPC1_ISR
0008243a   _IPC2_ISR
00082444   _IPC3_ISR
0008244e   _IPC4_ISR
00082a68   _IPCBootCPU2
00082a64   _IPCGetBootStatus
00082a43   _IPCLtoRFlagBusy
00082a5b   _IPCLtoRFlagClear
00082a52   _IPCLtoRFlagSet
00082a2b   _IPCRtoLFlagAcknowledge
00082a34   _IPCRtoLFlagBusy
000826ed   _InitAuxPll
00008000   _InitFlash
000827f5   _InitGpio
00082b8b   _InitIpc
000825d0   _InitPeripheralClocks
00082d63   _InitPieCtrl
00082d8b   _InitPieVectTable
000825a5   _InitSysCtrl
00082670   _InitSysPll
00050000   _IpcRegs
00082c2c   _IpcSync
00082246   _MCBSPA_RX_ISR
00082250   _MCBSPA_TX_ISR
0008225a   _MCBSPB_RX_ISR
00082264   _MCBSPB_TX_ISR
00006000   _McbspaRegs
00006040   _McbspbRegs
0005f400   _MemCfgRegs
0005f500   _MemoryErrorRegs
00082048   _NMI_ISR
0008259b   _NOTUSED_ISR
00007060   _NmiIntruptRegs
00007a80   _OutputXbarRegs
00082408   _PBIST_ISR
00082584   _PIE_RESERVED_ISR
0005e200   _PbistRegs
00000ce0   _PieCtrlRegs
00000d00   _PieVectTable
00090000   _PieVectTableInit
00082552   _RAM_ACCESS_VIOLATION_ISR
0008253e   _RAM_CORRECTABLE_ERROR_ISR
00082034   _RTOS_ISR
00086029   _RamfuncsLoadEnd
00000029   _RamfuncsLoadSize
00086000   _RamfuncsLoadStart
00008029   _RamfuncsRunEnd
00000029   _RamfuncsRunSize
00008000   _RamfuncsRunStart
00082b99   _ReadIpcTimer
00082bc4   _RecvIpcData
00082c4a   _ReleaseFlashPump
0005e608   _RomPrefetchRegs
0005f540   _RomWaitStateRegs
000822fa   _SCIA_RX_ISR
00082304   _SCIA_TX_ISR
0008230e   _SCIB_RX_ISR
00082318   _SCIB_TX_ISR
000822d2   _SCIC_RX_ISR
000822dc   _SCIC_TX_ISR
000822e6   _SCID_RX_ISR
000822f0   _SCID_TX_ISR
000824a8   _SD1_ISR
000824b2   _SD2_ISR
0008221e   _SPIA_RX_ISR
00082228   _SPIA_TX_ISR
00082232   _SPIB_RX_ISR
0008223c   _SPIB_TX_ISR
000824bc   _SPIC_RX_ISR
000824c6   _SPIC_TX_ISR
000827cc   _STANDBY
0008255c   _SYS_PLL_SLIP_ISR
00007200   _SciaRegs
00007210   _ScibRegs
00007220   _ScicRegs
00007230   _ScidRegs
00005e00   _Sdfm1Regs
00005e80   _Sdfm2Regs
00082c3b   _SeizeFlashPump
00082be0   _SendIpcCommand
00082bad   _SendIpcData
00082bf2   _SendIpcFlag
00082654   _ServiceDog
00006100   _SpiaRegs
00006110   _SpibRegs
00006120   _SpicRegs
00006130   _SpidRegs
0008277b   _SysIntOsc1Sel
00082789   _SysIntOsc2Sel
00082795   _SysXtalOscSel
00082110   _TIMER0_ISR
00082016   _TIMER1_ISR
00082020   _TIMER2_ISR
00007900   _TrigRegs
000824d0   _UPPA_ISR
000824da   _USBA_ISR
000820b6   _USER10_ISR
000820c0   _USER11_ISR
000820ca   _USER12_ISR
0008205c   _USER1_ISR
00082066   _USER2_ISR
00082070   _USER3_ISR
0008207a   _USER4_ISR
00082084   _USER5_ISR
0008208e   _USER6_ISR
00082098   _USER7_ISR
000820a2   _USER8_ISR
000820ac   _USER9_ISR
00006200   _UppRegs
00082412   _VCU_ISR
0008211a   _WAKE_ISR
00082c1e   _WaitForIpcAck
00082c10   _WaitForIpcFlag
00007000   _WdRegs
000820f2   _XINT1_ISR
000820fc   _XINT2_ISR
000823ea   _XINT3_ISR
000823f4   _XINT4_ISR
000823fe   _XINT5_ISR
00007070   _XintRegs
00000800   __STACK_END
00000400   __STACK_SIZE
00000001   __TI_args_main
0000a804   ___TI_cleanup_ptr
0000a806   ___TI_dtors_ptr
ffffffff   ___binit__
ffffffff   ___c_args__
00082000   ___cinit__
ffffffff   ___etext__
00082db0   ___memcpy_ff
ffffffff   ___pinit__
ffffffff   ___text__
00082dd1   __args_main
0000a802   __lock
00082e30   __nop
00082e2c   __register_lock
00082e28   __register_unlock
00000400   __stack
0000a800   __unlock
00082dea   _abort
00082d1d   _c_int00
00082dec   _exit
00082cd4   _main
00082e1b   _memset
ffffffff   binit
00082000   cinit
00080000   code_start
ffffffff   etext
ffffffff   pinit


GLOBAL SYMBOLS: SORTED BY Symbol Address 

address    name
--------   ----
00000001   __TI_args_main
00000029   _RamfuncsLoadSize
00000029   _RamfuncsRunSize
00000400   __STACK_SIZE
00000400   __stack
00000800   __STACK_END
00000b00   _AdcaResultRegs
00000b20   _AdcbResultRegs
00000b40   _AdccResultRegs
00000b60   _AdcdResultRegs
00000c00   _CpuTimer0Regs
00000c08   _CpuTimer1Regs
00000c10   _CpuTimer2Regs
00000ce0   _Cla1SoftIntRegs
00000ce0   _PieCtrlRegs
00000d00   _EmuKey
00000d00   _PieVectTable
00000d01   _EmuBMode
00001000   _DmaRegs
00001400   _Cla1Regs
00004000   _EPwm1Regs
00004100   _EPwm2Regs
00004200   _EPwm3Regs
00004300   _EPwm4Regs
00004400   _EPwm5Regs
00004500   _EPwm6Regs
00004600   _EPwm7Regs
00004700   _EPwm8Regs
00004800   _EPwm9Regs
00004900   _EPwm10Regs
00004a00   _EPwm11Regs
00004b00   _EPwm12Regs
00005000   _ECap1Regs
00005020   _ECap2Regs
00005040   _ECap3Regs
00005060   _ECap4Regs
00005080   _ECap5Regs
000050a0   _ECap6Regs
00005100   _EQep1Regs
00005140   _EQep2Regs
00005180   _EQep3Regs
00005c00   _DacaRegs
00005c10   _DacbRegs
00005c20   _DaccRegs
00005c80   _Cmpss1Regs
00005ca0   _Cmpss2Regs
00005cc0   _Cmpss3Regs
00005ce0   _Cmpss4Regs
00005d00   _Cmpss5Regs
00005d20   _Cmpss6Regs
00005d40   _Cmpss7Regs
00005d60   _Cmpss8Regs
00005e00   _Sdfm1Regs
00005e80   _Sdfm2Regs
00006000   _McbspaRegs
00006040   _McbspbRegs
00006100   _SpiaRegs
00006110   _SpibRegs
00006120   _SpicRegs
00006130   _SpidRegs
00006200   _UppRegs
00007000   _WdRegs
00007060   _NmiIntruptRegs
00007070   _XintRegs
00007200   _SciaRegs
00007210   _ScibRegs
00007220   _ScicRegs
00007230   _ScidRegs
00007300   _I2caRegs
00007340   _I2cbRegs
00007400   _AdcaRegs
00007480   _AdcbRegs
00007500   _AdccRegs
00007580   _AdcdRegs
00007900   _TrigRegs
00007980   _DmaClaSrcSelRegs
00007a00   _EPwmXbarRegs
00007a80   _OutputXbarRegs
00007c00   _GpioCtrlRegs
00007f00   _GpioDataRegs
00008000   _InitFlash
00008000   _RamfuncsRunStart
00008025   _F28x_usDelay
00008029   _RamfuncsRunEnd
0000a800   __unlock
0000a802   __lock
0000a804   ___TI_cleanup_ptr
0000a806   ___TI_dtors_ptr
00047000   _Emif1Regs
00047800   _Emif2Regs
00048000   _DcanaRegs
0004a000   _DcanbRegs
00050000   _IpcRegs
0005d000   _DevCfgRegs
0005d180   _AnalogSubsysRegs
0005d200   _ClkCfgRegs
0005d300   _CpuSysRegs
0005e000   _HwbistRegs
0005e200   _PbistRegs
0005e608   _RomPrefetchRegs
0005f000   _DcsmZ1Regs
0005f040   _DcsmZ2Regs
0005f070   _DcsmCommonRegs
0005f400   _MemCfgRegs
0005f480   _Emif1ConfigRegs
0005f4a0   _Emif2ConfigRegs
0005f4c0   _AccessProtectionRegs
0005f500   _MemoryErrorRegs
0005f540   _RomWaitStateRegs
0005f800   _FlashCtrlRegs
0005fb00   _FlashEccRegs
00078800   _DcsmZ1Otp
00078900   _DcsmZ2Otp
00080000   code_start
00082000   ___cinit__
00082000   cinit
00082016   _TIMER1_ISR
00082020   _TIMER2_ISR
0008202a   _DATALOG_ISR
00082034   _RTOS_ISR
0008203e   _EMU_ISR
00082048   _NMI_ISR
00082052   _ILLEGAL_ISR
0008205c   _USER1_ISR
00082066   _USER2_ISR
00082070   _USER3_ISR
0008207a   _USER4_ISR
00082084   _USER5_ISR
0008208e   _USER6_ISR
00082098   _USER7_ISR
000820a2   _USER8_ISR
000820ac   _USER9_ISR
000820b6   _USER10_ISR
000820c0   _USER11_ISR
000820ca   _USER12_ISR
000820d4   _ADCA1_ISR
000820de   _ADCB1_ISR
000820e8   _ADCC1_ISR
000820f2   _XINT1_ISR
000820fc   _XINT2_ISR
00082106   _ADCD1_ISR
00082110   _TIMER0_ISR
0008211a   _WAKE_ISR
00082124   _EPWM1_TZ_ISR
0008212e   _EPWM2_TZ_ISR
00082138   _EPWM3_TZ_ISR
00082142   _EPWM4_TZ_ISR
0008214c   _EPWM5_TZ_ISR
00082156   _EPWM6_TZ_ISR
00082160   _EPWM7_TZ_ISR
0008216a   _EPWM8_TZ_ISR
00082174   _EPWM1_ISR
0008217e   _EPWM2_ISR
00082188   _EPWM3_ISR
00082192   _EPWM4_ISR
0008219c   _EPWM5_ISR
000821a6   _EPWM6_ISR
000821b0   _EPWM7_ISR
000821ba   _EPWM8_ISR
000821c4   _ECAP1_ISR
000821ce   _ECAP2_ISR
000821d8   _ECAP3_ISR
000821e2   _ECAP4_ISR
000821ec   _ECAP5_ISR
000821f6   _ECAP6_ISR
00082200   _EQEP1_ISR
0008220a   _EQEP2_ISR
00082214   _EQEP3_ISR
0008221e   _SPIA_RX_ISR
00082228   _SPIA_TX_ISR
00082232   _SPIB_RX_ISR
0008223c   _SPIB_TX_ISR
00082246   _MCBSPA_RX_ISR
00082250   _MCBSPA_TX_ISR
0008225a   _MCBSPB_RX_ISR
00082264   _MCBSPB_TX_ISR
0008226e   _DMA_CH1_ISR
00082278   _DMA_CH2_ISR
00082282   _DMA_CH3_ISR
0008228c   _DMA_CH4_ISR
00082296   _DMA_CH5_ISR
000822a0   _DMA_CH6_ISR
000822aa   _I2CA_ISR
000822b4   _I2CA_FIFO_ISR
000822be   _I2CB_ISR
000822c8   _I2CB_FIFO_ISR
000822d2   _SCIC_RX_ISR
000822dc   _SCIC_TX_ISR
000822e6   _SCID_RX_ISR
000822f0   _SCID_TX_ISR
000822fa   _SCIA_RX_ISR
00082304   _SCIA_TX_ISR
0008230e   _SCIB_RX_ISR
00082318   _SCIB_TX_ISR
00082322   _DCANA_1_ISR
0008232c   _DCANA_2_ISR
00082336   _DCANB_1_ISR
00082340   _DCANB_2_ISR
0008234a   _ADCA_EVT_ISR
00082354   _ADCA2_ISR
0008235e   _ADCA3_ISR
00082368   _ADCA4_ISR
00082372   _ADCB_EVT_ISR
0008237c   _ADCB2_ISR
00082386   _ADCB3_ISR
00082390   _ADCB4_ISR
0008239a   _CLA1_1_ISR
000823a4   _CLA1_2_ISR
000823ae   _CLA1_3_ISR
000823b8   _CLA1_4_ISR
000823c2   _CLA1_5_ISR
000823cc   _CLA1_6_ISR
000823d6   _CLA1_7_ISR
000823e0   _CLA1_8_ISR
000823ea   _XINT3_ISR
000823f4   _XINT4_ISR
000823fe   _XINT5_ISR
00082408   _PBIST_ISR
00082412   _VCU_ISR
0008241c   _FPU_OVERFLOW_ISR
00082426   _FPU_UNDERFLOW_ISR
00082430   _IPC1_ISR
0008243a   _IPC2_ISR
00082444   _IPC3_ISR
0008244e   _IPC4_ISR
00082458   _EPWM9_TZ_ISR
00082462   _EPWM10_TZ_ISR
0008246c   _EPWM11_TZ_ISR
00082476   _EPWM12_TZ_ISR
00082480   _EPWM9_ISR
0008248a   _EPWM10_ISR
00082494   _EPWM11_ISR
0008249e   _EPWM12_ISR
000824a8   _SD1_ISR
000824b2   _SD2_ISR
000824bc   _SPIC_RX_ISR
000824c6   _SPIC_TX_ISR
000824d0   _UPPA_ISR
000824da   _USBA_ISR
000824e4   _ADCC_EVT_ISR
000824ee   _ADCC2_ISR
000824f8   _ADCC3_ISR
00082502   _ADCC4_ISR
0008250c   _ADCD_EVT_ISR
00082516   _ADCD2_ISR
00082520   _ADCD3_ISR
0008252a   _ADCD4_ISR
00082534   _EMIF_ERROR_ISR
0008253e   _RAM_CORRECTABLE_ERROR_ISR
00082548   _FLASH_CORRECTABLE_ERROR_ISR
00082552   _RAM_ACCESS_VIOLATION_ISR
0008255c   _SYS_PLL_SLIP_ISR
00082566   _AUX_PLL_SLIP_ISR
00082570   _CLA_OVERFLOW_ISR
0008257a   _CLA_UNDERFLOW_ISR
00082584   _PIE_RESERVED_ISR
0008258e   _EMPTY_ISR
0008259b   _NOTUSED_ISR
000825a5   _InitSysCtrl
000825d0   _InitPeripheralClocks
00082654   _ServiceDog
00082662   _DisableDog
00082670   _InitSysPll
000826ed   _InitAuxPll
0008275a   _CsmUnlock
0008277b   _SysIntOsc1Sel
00082789   _SysIntOsc2Sel
00082795   _SysXtalOscSel
000827a3   _AuxIntOsc2Sel
000827ad   _AuxXtalOscSel
000827b9   _AuxAuxClkSel
000827c3   _IDLE
000827cc   _STANDBY
000827d7   _HALT
000827e7   _HIB
000827f5   _InitGpio
00082832   _GPIO_SetupPinMux
000828c3   _GPIO_SetupPinOptions
00082959   _GPIO_SetupLock
00082981   _GPIO_SetupXINT1Gpio
0008298b   _GPIO_SetupXINT2Gpio
00082995   _GPIO_SetupXINT3Gpio
0008299f   _GPIO_SetupXINT4Gpio
000829a9   _GPIO_SetupXINT5Gpio
000829b3   _GPIO_ReadPin
000829ca   _GPIO_WritePin
000829e9   _GPIO_SelectIpcInt
00082a2b   _IPCRtoLFlagAcknowledge
00082a34   _IPCRtoLFlagBusy
00082a43   _IPCLtoRFlagBusy
00082a52   _IPCLtoRFlagSet
00082a5b   _IPCLtoRFlagClear
00082a64   _IPCGetBootStatus
00082a68   _IPCBootCPU2
00082b8b   _InitIpc
00082b99   _ReadIpcTimer
00082bad   _SendIpcData
00082bc4   _RecvIpcData
00082bd5   _FillIpcSendData
00082be0   _SendIpcCommand
00082bf2   _SendIpcFlag
00082bfc   _AckIpcFlag
00082c06   _CancelIpcFlag
00082c10   _WaitForIpcFlag
00082c1e   _WaitForIpcAck
00082c2c   _IpcSync
00082c3b   _SeizeFlashPump
00082c4a   _ReleaseFlashPump
00082cd4   _main
00082d1d   _c_int00
00082d63   _InitPieCtrl
00082d82   _EnableInterrupts
00082d8b   _InitPieVectTable
00082db0   ___memcpy_ff
00082dd1   __args_main
00082dea   C$$EXIT
00082dea   _abort
00082dec   _exit
00082e03   LL$$AND
00082e0b   LL$$OR
00082e13   LL$$XOR
00082e1b   _memset
00082e28   __register_unlock
00082e2c   __register_lock
00082e30   __nop
00086000   _RamfuncsLoadStart
00086029   _RamfuncsLoadEnd
00090000   _PieVectTableInit
ffffffff   .text
ffffffff   ___binit__
ffffffff   ___c_args__
ffffffff   ___etext__
ffffffff   ___pinit__
ffffffff   ___text__
ffffffff   binit
ffffffff   etext
ffffffff   pinit

[337 symbols]
